UV_CACHE_DIR=/Users/sc/PycharmProjects/partsignal/.cache/uv uv run --project backend python -m app.tools.contract_check contracts/openapi.yaml
FastAPI 运行时操作与 OpenAPI 完整契约一致。
npm --prefix frontend run api:check

> partsignal-frontend-v2@0.1.0 api:check
> node scripts/check-openapi.mjs

✨ openapi-typescript 7.13.0
🚀 ../contracts/openapi.yaml → /var/folders/m5/j06tv2sn1hn93d6f33j559jm0000gn/T/partsignal-v2-openapi-eLTZRq/schema.d.ts [119.9ms]
OpenAPI 类型与根合同一致。
UV_CACHE_DIR=/Users/sc/PycharmProjects/partsignal/.cache/uv uv run --project backend ruff check backend
All checks passed!
npm --prefix frontend run lint

> partsignal-frontend-v2@0.1.0 lint
> eslint . --max-warnings 0

UV_CACHE_DIR=/Users/sc/PycharmProjects/partsignal/.cache/uv uv run --project backend mypy --config-file backend/pyproject.toml backend/app
Success: no issues found in 80 source files
npm --prefix frontend run typecheck

> partsignal-frontend-v2@0.1.0 typecheck
> tsc -b --pretty false

UV_CACHE_DIR=/Users/sc/PycharmProjects/partsignal/.cache/uv uv run --project backend pytest backend/tests/unit
........................................................................ [  9%]
........................................................................ [ 19%]
........................................................................ [ 28%]
........................................................................ [ 38%]
........................................................................ [ 48%]
........................................................................ [ 57%]
........................................................................ [ 67%]
........................................................................ [ 76%]
........................................................................ [ 86%]
........................................................................ [ 96%]
.............................                                            [100%]
749 passed in 12.72s
npm --prefix frontend run test

> partsignal-frontend-v2@0.1.0 test
> vitest run


 RUN  v4.1.10 /Users/sc/PycharmProjects/partsignal/frontend


 Test Files  91 passed (91)
      Tests  861 passed (861)
   Start at  13:08:52
   Duration  18.23s (transform 8.15s, setup 6.23s, import 26.05s, tests 89.76s, environment 32.67s)

docker compose --env-file .env -f deploy/compose.dev.yaml run --rm backend-test
unable to get image 'postgres:16-alpine': failed to connect to the docker API at unix:///var/run/docker.sock; check if the path is correct and if the daemon is running: dial unix /var/run/docker.sock: connect: no such file or directory
make: *** [test-integration] Error 1
