 Network partsignal-geo305-validation_default Creating 
 Network partsignal-geo305-validation_default Created 
 Volume partsignal-geo305-validation_geo305-postgres Creating 
 Volume partsignal-geo305-validation_geo305-postgres Created 
 Volume partsignal-geo305-validation_geo305-oss Creating 
 Volume partsignal-geo305-validation_geo305-oss Created 
 Container partsignal-geo305-validation-redis-1 Creating 
 Container partsignal-geo305-validation-fake-oss-1 Creating 
 Container partsignal-geo305-validation-postgres-1 Creating 
 Container partsignal-geo305-validation-fake-oss-1 Created 
 Container partsignal-geo305-validation-postgres-1 Created 
 Container partsignal-geo305-validation-redis-1 Created 
 Container partsignal-geo305-validation-postgres-1 Starting 
 Container partsignal-geo305-validation-redis-1 Starting 
 Container partsignal-geo305-validation-fake-oss-1 Starting 
 Container partsignal-geo305-validation-redis-1 Started 
 Container partsignal-geo305-validation-postgres-1 Started 
 Container partsignal-geo305-validation-fake-oss-1 Started 
 Container partsignal-geo305-validation-fake-oss-1 Waiting 
 Container partsignal-geo305-validation-postgres-1 Waiting 
 Container partsignal-geo305-validation-redis-1 Waiting 
 Container partsignal-geo305-validation-fake-oss-1 Healthy 
 Container partsignal-geo305-validation-redis-1 Healthy 
 Container partsignal-geo305-validation-postgres-1 Healthy 
