 Container partsignal-dev-redis-1 Running 
 Container partsignal-dev-postgres-1 Running 
 Container partsignal-dev-postgres-1 Waiting 
 Container partsignal-dev-redis-1 Waiting 
 Container partsignal-dev-redis-1 Healthy 
 Container partsignal-dev-postgres-1 Healthy 
 Container partsignal-dev-backend-test-run-a74e7e06bb34 Creating 
 Container partsignal-dev-backend-test-run-a74e7e06bb34 Created 
...........................................................              [100%]
=============================== warnings summary ===============================
tests/integration/test_geo_profile_test_migration.py::test_0052_forward_invalidates_only_current_api_qualification
  /app/tests/integration/test_geo_profile_test_migration.py:77: SAWarning: Cannot correctly sort tables; there are unresolvable cycles between tables "content_tasks, content_versions, generation_jobs, publication_verifications, publication_works, published_articles, published_content_issues", which is usually caused by mutually dependent foreign key constraints.  Foreign key constraints involving these tables will not be considered; this warning may raise an error in a future release.
    assert compare_metadata(context, Base.metadata) == []

tests/integration/test_geo_profile_test_migration.py::test_0052_forward_invalidates_only_current_api_qualification
  /app/tests/integration/test_geo_profile_test_migration.py:77: SAWarning: Can't validate argument 'dialect_options'; can't locate any SQLAlchemy dialect named 'dialect'
    assert compare_metadata(context, Base.metadata) == []

tests/integration/test_geo_surfaces_profiles.py::test_old_head_forward_preserves_rows_metadata_and_downgrade_stops
  /app/tests/integration/test_geo_surfaces_profiles.py:217: SAWarning: Cannot correctly sort tables; there are unresolvable cycles between tables "content_tasks, content_versions, generation_jobs, publication_verifications, publication_works, published_articles, published_content_issues", which is usually caused by mutually dependent foreign key constraints.  Foreign key constraints involving these tables will not be considered; this warning may raise an error in a future release.
    assert compare_metadata(context, Base.metadata) == []

tests/integration/test_geo_surfaces_profiles.py::test_old_head_forward_preserves_rows_metadata_and_downgrade_stops
  /app/tests/integration/test_geo_surfaces_profiles.py:217: SAWarning: Can't validate argument 'dialect_options'; can't locate any SQLAlchemy dialect named 'dialect'
    assert compare_metadata(context, Base.metadata) == []

-- Docs: https://docs.pytest.org/en/stable/how-to/capture-warnings.html
