 Network partsignal-geo103-validation Creating 
 Network partsignal-geo103-validation Created 
 Volume partsignal-geo103-validation_partsignal-fake-oss Creating 
 Volume partsignal-geo103-validation_partsignal-fake-oss Created 
 Volume partsignal-geo103-validation_partsignal-redis Creating 
 Volume partsignal-geo103-validation_partsignal-redis Created 
 Volume partsignal-geo103-validation_partsignal-postgres Creating 
 Volume partsignal-geo103-validation_partsignal-postgres Created 
 Container partsignal-geo103-validation-redis-1 Creating 
 Container partsignal-geo103-validation-fake-oss-1 Creating 
 Container partsignal-geo103-validation-postgres-1 Creating 
 Container partsignal-geo103-validation-fake-oss-1 Created 
 Container partsignal-geo103-validation-redis-1 Created 
 Container partsignal-geo103-validation-postgres-1 Created 
 Container partsignal-geo103-validation-redis-1 Starting 
 Container partsignal-geo103-validation-postgres-1 Starting 
 Container partsignal-geo103-validation-fake-oss-1 Starting 
 Container partsignal-geo103-validation-fake-oss-1 Started 
 Container partsignal-geo103-validation-postgres-1 Started 
 Container partsignal-geo103-validation-redis-1 Started 
 Container partsignal-geo103-validation-redis-1 Waiting 
 Container partsignal-geo103-validation-postgres-1 Waiting 
 Container partsignal-geo103-validation-fake-oss-1 Waiting 
 Container partsignal-geo103-validation-fake-oss-1 Healthy 
 Container partsignal-geo103-validation-postgres-1 Healthy 
 Container partsignal-geo103-validation-redis-1 Healthy 
