.............................................F.......................... [ 75%]
........................                                                 [100%]
=================================== FAILURES ===================================
_ test_invalid_hostname_fails_at_request_boundary[\xe9\xe9\xe9\xe9\xe9\xe9\xe9\xe9\xe9\xe9\xe9\xe9\xe9\xe9\xe9\xe9\xe9\xe9\xe9\xe9\xe9\xe9\xe9\xe9\xe9\xe9\xe9\xe9\xe9\xe9\xe9\xe9\xe9\xe9\xe9\xe9\xe9\xe9\xe9\xe9\xe9\xe9\xe9\xe9\xe9\xe9\xe9\xe9\xe9\xe9\xe9\xe9\xe9\xe9\xe9.\xe9\xe9\xe9\xe9\xe9\xe9\xe9\xe9\xe9\xe9\xe9\xe9\xe9\xe9\xe9\xe9\xe9\xe9\xe9\xe9\xe9\xe9\xe9\xe9\xe9\xe9\xe9\xe9\xe9\xe9\xe9\xe9\xe9\xe9\xe9\xe9\xe9\xe9\xe9\xe9\xe9\xe9\xe9\xe9\xe9\xe9\xe9\xe9\xe9\xe9\xe9\xe9\xe9\xe9\xe9.\xe9\xe9\xe9\xe9\xe9\xe9\xe9\xe9\xe9\xe9\xe9\xe9\xe9\xe9\xe9\xe9\xe9\xe9\xe9\xe9\xe9\xe9\xe9\xe9\xe9\xe9\xe9\xe9\xe9\xe9\xe9\xe9\xe9\xe9\xe9\xe9\xe9\xe9\xe9\xe9\xe9\xe9\xe9\xe9\xe9\xe9\xe9\xe9\xe9\xe9\xe9\xe9\xe9\xe9\xe9.\xe9\xe9\xe9\xe9\xe9\xe9\xe9\xe9\xe9\xe9\xe9\xe9\xe9\xe9\xe9\xe9\xe9\xe9\xe9\xe9\xe9\xe9\xe9\xe9\xe9\xe9\xe9\xe9\xe9\xe9\xe9\xe9\xe9\xe9\xe9\xe9\xe9\xe9\xe9\xe9\xe9\xe9\xe9\xe9\xe9\xe9\xe9\xe9\xe9\xe9\xe9\xe9\xe9\xe9\xe9] _

value = 'ééééééééééééééééééééééééééééééééééééééééééééééééééééééé.ééééééééééééééééééééééééééééééééééééééééééééééééééééééé.ééééééééééééééééééééééééééééééééééééééééééééééééééééééé.ééééééééééééééééééééééééééééééééééééééééééééééééééééééé'

    @pytest.mark.parametrize(
        "value",
        [
            "127.0.0.1",
            "１２７。０。０。１",
            "[::1]",
            "::1",
            "https://example.test",
            "a.test/path",
            "a.test?query",
            "a.test#hash",
            "a.test:443",
            "a@b.test",
            "*.test",
            "a\\b.test",
            " example.test",
            "example.test\n",
            "example.test.",
            "example。test。",
            "a..test",
            "-a.test",
            "a-.test",
            "a_b.test",
            "localhost",
            "xn--.test",
            "xn--a.test",
            "a" * 64 + ".test",
            ".test",
            "a.\u200dtest",
            "😀.test",
            "אa.test",
            ".".join(["é" * 55] * 4),
        ],
    )
    def test_invalid_hostname_fails_at_request_boundary(value: str) -> None:
>       with pytest.raises(ValidationError):
             ^^^^^^^^^^^^^^^^^^^^^^^^^^^^^^
E       Failed: DID NOT RAISE <class 'pydantic_core._pydantic_core.ValidationError'>

backend/tests/unit/test_geo_catalog_schema.py:185: Failed
=========================== short test summary info ============================
FAILED backend/tests/unit/test_geo_catalog_schema.py::test_invalid_hostname_fails_at_request_boundary[\xe9\xe9\xe9\xe9\xe9\xe9\xe9\xe9\xe9\xe9\xe9\xe9\xe9\xe9\xe9\xe9\xe9\xe9\xe9\xe9\xe9\xe9\xe9\xe9\xe9\xe9\xe9\xe9\xe9\xe9\xe9\xe9\xe9\xe9\xe9\xe9\xe9\xe9\xe9\xe9\xe9\xe9\xe9\xe9\xe9\xe9\xe9\xe9\xe9\xe9\xe9\xe9\xe9\xe9\xe9.\xe9\xe9\xe9\xe9\xe9\xe9\xe9\xe9\xe9\xe9\xe9\xe9\xe9\xe9\xe9\xe9\xe9\xe9\xe9\xe9\xe9\xe9\xe9\xe9\xe9\xe9\xe9\xe9\xe9\xe9\xe9\xe9\xe9\xe9\xe9\xe9\xe9\xe9\xe9\xe9\xe9\xe9\xe9\xe9\xe9\xe9\xe9\xe9\xe9\xe9\xe9\xe9\xe9\xe9\xe9.\xe9\xe9\xe9\xe9\xe9\xe9\xe9\xe9\xe9\xe9\xe9\xe9\xe9\xe9\xe9\xe9\xe9\xe9\xe9\xe9\xe9\xe9\xe9\xe9\xe9\xe9\xe9\xe9\xe9\xe9\xe9\xe9\xe9\xe9\xe9\xe9\xe9\xe9\xe9\xe9\xe9\xe9\xe9\xe9\xe9\xe9\xe9\xe9\xe9\xe9\xe9\xe9\xe9\xe9\xe9.\xe9\xe9\xe9\xe9\xe9\xe9\xe9\xe9\xe9\xe9\xe9\xe9\xe9\xe9\xe9\xe9\xe9\xe9\xe9\xe9\xe9\xe9\xe9\xe9\xe9\xe9\xe9\xe9\xe9\xe9\xe9\xe9\xe9\xe9\xe9\xe9\xe9\xe9\xe9\xe9\xe9\xe9\xe9\xe9\xe9\xe9\xe9\xe9\xe9\xe9\xe9\xe9\xe9\xe9\xe9]
1 failed, 95 passed in 0.82s
