canonical Frontend Nginx 安全头、Markdown、HTML 与 DOM sink 校验通过
Production network identity static: 3 networks / 7 services passed
Production migration binding: frozen migration image / repaired backend / fixed command passed
Engine existing-label reuse: api passed
Engine existing-label reuse: migrate passed
Engine existing-label reuse: postgres passed
Engine existing-label reuse: redis passed
Engine existing-label reuse: worker passed
Engine existing-label reuse: scheduler passed
Engine existing-label reuse: frontend passed
Engine old-label rejection: partsignal-staging-internal passed
Engine old-label rejection: partsignal-staging-egress passed
Engine old-label rejection: partsignal-staging-edge passed
Production Engine network compatibility: 7 positive / 3 negative; containers=0 networks=0
Production input readiness: 2 positive / 37 negative; substitution rejected before deployment; secrets not echoed
失败位置：deploy/scripts/test-deploy-production.sh:1626，状态=1
失败位置：deploy/scripts/test-deploy-production.sh:1656，状态=1
失败位置：deploy/scripts/test-deploy-production.sh:1738，状态=2
失败位置：deploy/scripts/test-deploy-production.sh:1738，状态=2
失败位置：deploy/scripts/test-deploy-production.sh:1765，状态=2
失败位置：deploy/scripts/test-deploy-production.sh:1806，状态=2
失败位置：deploy/scripts/test-deploy-production.sh:1827，状态=2
失败位置：deploy/scripts/test-deploy-production.sh:1849，状态=2
失败位置：deploy/scripts/test-deploy-production.sh:1873，状态=2
失败位置：deploy/scripts/test-deploy-production.sh:1896，状态=2
失败位置：deploy/scripts/test-deploy-production.sh:1919，状态=2
失败位置：deploy/scripts/test-deploy-production.sh:1943，状态=1
失败位置：deploy/scripts/test-deploy-production.sh:1946，状态=1
