docker build -f frontend/Dockerfile -t partsignal-frontend-v2:test frontend
#0 building with "colima" instance using docker driver

#1 [internal] load build definition from Dockerfile
#1 transferring dockerfile: 339B done
#1 DONE 0.0s

#2 [internal] load metadata for docker.io/library/node:22-alpine
#2 DONE 1.7s

#3 [internal] load metadata for docker.io/library/nginx:1.27-alpine
#3 DONE 1.8s

#4 [internal] load .dockerignore
#4 transferring context: 137B done
#4 DONE 0.0s

#5 [stage-2 1/3] FROM docker.io/library/nginx:1.27-alpine@sha256:65645c7bb6a0661892a8b03b89d0743208a18dd2f3f17a54ef4b76fb8e2f2a10
#5 resolve docker.io/library/nginx:1.27-alpine@sha256:65645c7bb6a0661892a8b03b89d0743208a18dd2f3f17a54ef4b76fb8e2f2a10 0.0s done
#5 DONE 0.0s

#6 [development 1/5] FROM docker.io/library/node:22-alpine@sha256:0a7108bf6c7bf5de370ffb1a3ed6be93d405b43ff159f681a8d18c0e2bc2e402
#6 resolve docker.io/library/node:22-alpine@sha256:0a7108bf6c7bf5de370ffb1a3ed6be93d405b43ff159f681a8d18c0e2bc2e402 0.0s done
#6 DONE 0.0s

#7 [internal] load build context
#7 transferring context: 944.76kB 0.0s done
#7 DONE 0.0s

#8 [development 3/5] COPY package.json package-lock.json ./
#8 CACHED

#9 [development 2/5] WORKDIR /app
#9 CACHED

#10 [development 4/5] RUN npm ci
#10 CACHED

#11 [development 5/5] COPY . .
#11 DONE 0.1s

#12 [build 1/1] RUN npm run build
#12 0.295 
#12 0.295 > partsignal-frontend-v2@0.1.0 build
#12 0.295 > tsc -b && vite build --config vite.config.ts
#12 0.295 
#12 16.46 vite v8.2.1 building client environment for production...
#12 16.47 [2Ktransforming...✓ 3007 modules transformed.
#12 17.28 rendering chunks...
#12 17.37 computing gzip size...
#12 17.38 dist/index.html                                                    0.57 kB │ gzip:   0.34 kB
#12 17.38 dist/assets/index-Btqa2CjT.css                                    83.46 kB │ gzip:  14.39 kB
#12 17.38 dist/assets/queryOptions-Dfvzj6n2.js                               0.03 kB │ gzip:   0.05 kB
#12 17.38 dist/assets/route-5zGdn2Pu.js                                      0.07 kB │ gzip:   0.08 kB
#12 17.38 dist/assets/route-AFUjE5vR.js                                      0.07 kB │ gzip:   0.08 kB
#12 17.38 dist/assets/route-Bdkyf40J.js                                      0.07 kB │ gzip:   0.08 kB
#12 17.38 dist/assets/route-BnOgN25L.js                                      0.07 kB │ gzip:   0.08 kB
#12 17.38 dist/assets/route-CACU0Ncw.js                                      0.07 kB │ gzip:   0.08 kB
#12 17.38 dist/assets/route-CAUin8c-.js                                      0.07 kB │ gzip:   0.08 kB
#12 17.38 dist/assets/route-CtPZVZSG.js                                      0.07 kB │ gzip:   0.08 kB
#12 17.38 dist/assets/route-DM9PFocW.js                                      0.07 kB │ gzip:   0.08 kB
#12 17.38 dist/assets/route-DZLPx2O5.js                                      0.07 kB │ gzip:   0.08 kB
#12 17.38 dist/assets/route-Dfp-b3_F.js                                      0.07 kB │ gzip:   0.08 kB
#12 17.38 dist/assets/route-DrhND8Ss.js                                      0.07 kB │ gzip:   0.08 kB
#12 17.38 dist/assets/route-DwBi_ZMu.js                                      0.07 kB │ gzip:   0.08 kB
#12 17.38 dist/assets/route-SgbaIUWS.js                                      0.07 kB │ gzip:   0.08 kB
#12 17.38 dist/assets/route-Tim3UNye.js                                      0.07 kB │ gzip:   0.08 kB
#12 17.38 dist/assets/coerce-DG8eqYFT.js                                     0.08 kB │ gzip:   0.10 kB
#12 17.38 dist/assets/isElementDisabled-KSuuBj8D.js                          0.11 kB │ gzip:   0.11 kB
#12 17.38 dist/assets/not-found-i5RsCZif.js                                  0.11 kB │ gzip:   0.11 kB
#12 17.38 dist/assets/chevron-right-D0lglbrf.js                              0.13 kB │ gzip:   0.14 kB
#12 17.38 dist/assets/canonical-uuid-Bbd3p0NL.js                             0.13 kB │ gzip:   0.13 kB
#12 17.38 dist/assets/matchContext-B0YTMpvO.js                               0.16 kB │ gzip:   0.14 kB
#12 17.38 dist/assets/settings.ai-CipVaq6G.js                                0.21 kB │ gzip:   0.20 kB
#12 17.38 dist/assets/geo-rules-BWrkKy45.js                                  0.21 kB │ gzip:   0.20 kB
#12 17.38 dist/assets/_taskId_.editor-_qjLAkbp.js                            0.22 kB │ gzip:   0.20 kB
#12 17.38 dist/assets/_taskId_.review-zeX8OAEE.js                            0.22 kB │ gzip:   0.20 kB
#12 17.38 dist/assets/route-DFljbmbX.js                                      0.22 kB │ gzip:   0.20 kB
#12 17.38 dist/assets/system.audit-qBeF2bb1.js                               0.22 kB │ gzip:   0.20 kB
#12 17.38 dist/assets/system.users-0TM8kiXu.js                               0.22 kB │ gzip:   0.20 kB
#12 17.38 dist/assets/settings.prompts-9jQdIs2s.js                           0.22 kB │ gzip:   0.20 kB
#12 17.38 dist/assets/print-BPNeqJ9o.js                                      0.22 kB │ gzip:   0.18 kB
#12 17.38 dist/assets/_taskId-Vsd3-0WC.js                                    0.22 kB │ gzip:   0.21 kB
#12 17.38 dist/assets/settings.platforms.types-C4NjYBws.js                   0.22 kB │ gzip:   0.21 kB
#12 17.38 dist/assets/versions_._versionId-BW6wP3pa.js                       0.22 kB │ gzip:   0.21 kB
#12 17.38 dist/assets/_platformId-BeKfjBVf.js                                0.22 kB │ gzip:   0.20 kB
#12 17.38 dist/assets/settings.ai_._channelId-Z_MUrH5D.js                    0.22 kB │ gzip:   0.20 kB
#12 17.38 dist/assets/_observationId-B3QjNhkV.js                             0.23 kB │ gzip:   0.21 kB
#12 17.38 dist/assets/useControlled-DMK4Pb-8.js                              0.24 kB │ gzip:   0.21 kB
#12 17.38 dist/assets/skeleton-Ged3Zc9T.js                                   0.24 kB │ gzip:   0.20 kB
#12 17.38 dist/assets/table-shell-BGuXgMNH.js                                0.33 kB │ gzip:   0.24 kB
#12 17.38 dist/assets/usePopupHandleStore-BirVG9ro.js                        0.35 kB │ gzip:   0.25 kB
#12 17.38 dist/assets/reports-N6GQGQii.js                                    0.42 kB │ gzip:   0.29 kB
#12 17.38 dist/assets/table-toolbar-JNNhOzlg.js                              0.42 kB │ gzip:   0.27 kB
#12 17.38 dist/assets/table-skeleton-G-FjuOli.js                             0.45 kB │ gzip:   0.35 kB
#12 17.38 dist/assets/route-error-Bl0menBv.js                                0.46 kB │ gzip:   0.31 kB
#12 17.38 dist/assets/_productId-Cu3oT6KN.js                                 0.49 kB │ gzip:   0.35 kB
#12 17.38 dist/assets/_productId_.facts-C-S7KVKf.js                          0.50 kB │ gzip:   0.36 kB
#12 17.38 dist/assets/_productId_.facts_.versions_._versionId-996oc21h.js    0.50 kB │ gzip:   0.36 kB
#12 17.38 dist/assets/_productId_.facts_.review-CtF33cCX.js                  0.50 kB │ gzip:   0.37 kB
#12 17.38 dist/assets/_observationId_.correct-DHgW3PaQ.js                    0.51 kB │ gzip:   0.37 kB
#12 17.38 dist/assets/useCompositeItem-BGClVRCY.js                           0.54 kB │ gzip:   0.37 kB
#12 17.38 dist/assets/empty-table-DARB4g0g.js                                0.55 kB │ gzip:   0.33 kB
#12 17.38 dist/assets/_observationId_.correct-DPYXe3ae.js                    0.58 kB │ gzip:   0.31 kB
#12 17.38 dist/assets/content-version.model-BVKgM5xI.js                      0.61 kB │ gzip:   0.43 kB
#12 17.38 dist/assets/detail-section-Dm8gVxQG.js                             0.63 kB │ gzip:   0.34 kB
#12 17.38 dist/assets/return-to-BzbJXkRi.js                                  0.63 kB │ gzip:   0.39 kB
#12 17.38 dist/assets/workbench.api-BODcO5uB.js                              0.71 kB │ gzip:   0.46 kB
#12 17.38 dist/assets/route-Do6Dxmmm.js                                      0.72 kB │ gzip:   0.50 kB
#12 17.38 dist/assets/geo-rules-KOkE9rPu.js                                  0.83 kB │ gzip:   0.56 kB
#12 17.38 dist/assets/textarea-CPcbKIlY.js                                   0.83 kB │ gzip:   0.43 kB
#12 17.38 dist/assets/timeline-BSjJ8olh.js                                   0.94 kB │ gzip:   0.49 kB
#12 17.38 dist/assets/form-field-B911B1W8.js                                 0.98 kB │ gzip:   0.54 kB
#12 17.38 dist/assets/rowSortingFeature-B3LZ1I-Z.js                          1.02 kB │ gzip:   0.49 kB
#12 17.38 dist/assets/geo-observation-actions-C2i_qn8N.js                    1.09 kB │ gzip:   0.67 kB
#12 17.38 dist/assets/print-iKdXl_0H.js                                      1.20 kB │ gzip:   0.67 kB
#12 17.38 dist/assets/product-deletion-dialog-ygLTamB6.js                    1.20 kB │ gzip:   0.76 kB
#12 17.38 dist/assets/security-B92LnImw.js                                   1.22 kB │ gzip:   0.65 kB
#12 17.38 dist/assets/filter-bar-C8UBuGt4.js                                 1.23 kB │ gzip:   0.72 kB
#12 17.38 dist/assets/new-B2clatlx.js                                        1.26 kB │ gzip:   0.73 kB
#12 17.38 dist/assets/form-layout-B0Bgsdpq.js                                1.29 kB │ gzip:   0.69 kB
#12 17.38 dist/assets/print-G4-Ka9gw.js                                      1.31 kB │ gzip:   0.75 kB
#12 17.38 dist/assets/login-BNr0QR2R.js                                      1.31 kB │ gzip:   0.71 kB
#12 17.38 dist/assets/reports.api-BA01Po_M.js                                1.39 kB │ gzip:   0.85 kB
#12 17.38 dist/assets/file-transfer-CkO3-a8I.js                              1.41 kB │ gzip:   0.83 kB
#12 17.38 dist/assets/useBaseUiId-C9V7pCeo.js                                1.42 kB │ gzip:   0.80 kB
#12 17.38 dist/assets/table-pagination-CiwRafec.js                           1.48 kB │ gzip:   0.80 kB
#12 17.38 dist/assets/auth-page-frame-DoVKxoBO.js                            1.49 kB │ gzip:   0.74 kB
#12 17.38 dist/assets/badge-DofVsWMx.js                                      1.57 kB │ gzip:   0.70 kB
#12 17.38 dist/assets/audit.api-CLfySoh6.js                                  1.62 kB │ gzip:   0.76 kB
#12 17.38 dist/assets/sticky-action-bar-CMMChuNS.js                          1.62 kB │ gzip:   0.86 kB
#12 17.38 dist/assets/versions_._versionId-h5tVZe6n.js                       1.72 kB │ gzip:   0.89 kB
#12 17.38 dist/assets/_productId_.facts_.versions_._versionId-DTIHdaA_.js    1.77 kB │ gzip:   0.89 kB
#12 17.38 dist/assets/workspace-shell-edMJDPpQ.js                            1.77 kB │ gzip:   0.83 kB
#12 17.38 dist/assets/reports-CZZ9CZHf.js                                    1.77 kB │ gzip:   0.97 kB
#12 17.38 dist/assets/insights-Bci9dAL4.js                                   1.82 kB │ gzip:   0.98 kB
#12 17.38 dist/assets/articles-MOP2WWPa.js                                   1.83 kB │ gzip:   0.97 kB
#12 17.38 dist/assets/_articleId-BZz4zUYk.js                                 1.96 kB │ gzip:   1.09 kB
#12 17.38 dist/assets/_productId_.facts_.versions-BGazAP85.js                1.97 kB │ gzip:   1.06 kB
#12 17.38 dist/assets/new-BjvLIi29.js                                        1.97 kB │ gzip:   1.08 kB
#12 17.38 dist/assets/catalog-controls-LMEeHluL.js                           1.98 kB │ gzip:   0.89 kB
#12 17.38 dist/assets/overview-BL80etpH.js                                   1.99 kB │ gzip:   1.08 kB
#12 17.38 dist/assets/_taskId-CjVT3EuQ.js                                    2.00 kB │ gzip:   1.06 kB
#12 17.38 dist/assets/issues-CnhSBmpH.js                                     2.00 kB │ gzip:   1.05 kB
#12 17.38 dist/assets/answers-BJgNkFOg.js                                    2.02 kB │ gzip:   1.09 kB
#12 17.38 dist/assets/settings.platforms.types-CV712Ef9.js                   2.05 kB │ gzip:   1.03 kB
#12 17.38 dist/assets/_observationId-DPGBON_T.js                             2.09 kB │ gzip:   1.08 kB
#12 17.38 dist/assets/work-B0cixpkd.js                                       2.11 kB │ gzip:   1.10 kB
#12 17.38 dist/assets/new-C-jSxTYb.js                                        2.12 kB │ gzip:   1.19 kB
#12 17.38 dist/assets/useStore-G3HF39DP.js                                   2.17 kB │ gzip:   0.93 kB
#12 17.38 dist/assets/_productId-Bon9lWNp.js                                 2.18 kB │ gzip:   1.12 kB
#12 17.38 dist/assets/platforms-CdPLeUyp.js                                  2.19 kB │ gzip:   1.14 kB
#12 17.38 dist/assets/_taskId_.review-uya_IlNG.js                            2.20 kB │ gzip:   1.14 kB
#12 17.38 dist/assets/_productId_.facts_.review-BU7liqQV.js                  2.21 kB │ gzip:   1.13 kB
#12 17.38 dist/assets/useRegisterFieldControl-BcstcGLC.js                    2.25 kB │ gzip:   1.07 kB
#12 17.38 dist/assets/tasks-BEhGxgdo.js                                      2.25 kB │ gzip:   1.17 kB
#12 17.38 dist/assets/_productId_.facts-DuhCuw6k.js                          2.25 kB │ gzip:   1.17 kB
#12 17.38 dist/assets/_issueId-DDBAQsUI.js                                   2.26 kB │ gzip:   1.25 kB
#12 17.38 dist/assets/observations-DkYNGMyC.js                               2.28 kB │ gzip:   1.17 kB
#12 17.38 dist/assets/_taskId_.editor-XbdRJWyn.js                            2.29 kB │ gzip:   1.19 kB
#12 17.38 dist/assets/dialog-C7t7Fpqk.js                                     2.33 kB │ gzip:   0.92 kB
#12 17.38 dist/assets/plans-6Afp37l9.js                                      2.34 kB │ gzip:   1.25 kB
#12 17.38 dist/assets/system.audit-IBOYNncP.js                               2.35 kB │ gzip:   1.18 kB
#12 17.38 dist/assets/topics-DqBWaweM.js                                     2.38 kB │ gzip:   1.23 kB
#12 17.38 dist/assets/input-BctqO2IH.js                                      2.47 kB │ gzip:   1.25 kB
#12 17.38 dist/assets/dirty-guard-DZ74_otT.js                                2.58 kB │ gzip:   1.23 kB
#12 17.38 dist/assets/settings.ai-CavUAX2W.js                                2.64 kB │ gzip:   1.34 kB
#12 17.38 dist/assets/prompt.api-ClmNqhO5.js                                 2.65 kB │ gzip:   1.01 kB
#12 17.38 dist/assets/products-DvUzubm8.js                                   2.74 kB │ gzip:   1.41 kB
#12 17.38 dist/assets/useCompositeListItem-u8lPl9Q5.js                       3.11 kB │ gzip:   1.41 kB
#12 17.38 dist/assets/security-D2Q1UCH3.js                                   3.12 kB │ gzip:   1.52 kB
#12 17.38 dist/assets/settings.ai_._channelId-C_8en59F.js                    3.13 kB │ gzip:   1.56 kB
#12 17.38 dist/assets/login-Bbfi1_Pd.js                                      3.14 kB │ gzip:   1.52 kB
#12 17.38 dist/assets/zod-C1u0HXxU.js                                        3.31 kB │ gzip:   1.24 kB
#12 17.38 dist/assets/sheet-oMFDpfhE.js                                      3.73 kB │ gzip:   1.45 kB
#12 17.38 dist/assets/audit-detail-content-ByKsQz2D.js                       3.90 kB │ gzip:   1.61 kB
#12 17.38 dist/assets/print-BEcZxpWu.js                                      4.13 kB │ gzip:   1.66 kB
#12 17.38 dist/assets/Match-CkwEZkRF.js                                      4.38 kB │ gzip:   1.72 kB
#12 17.38 dist/assets/product.model-DdBEEyoA.js                              4.40 kB │ gzip:   2.01 kB
#12 17.38 dist/assets/new-Cr9QCbDU.js                                        4.49 kB │ gzip:   1.96 kB
#12 17.38 dist/assets/overview-BtVRCTC6.js                                   4.75 kB │ gzip:   1.93 kB
#12 17.38 dist/assets/_workId-CE8mEjoM.js                                    4.75 kB │ gzip:   2.43 kB
#12 17.38 dist/assets/insights.model-ByUT4z2l.js                             4.77 kB │ gzip:   2.52 kB
#12 17.38 dist/assets/insight-filters-B0pFpjQ-.js                            4.84 kB │ gzip:   2.41 kB
#12 17.38 dist/assets/lazyRouteComponent-CesDJbB0.js                         4.88 kB │ gzip:   1.74 kB
#12 17.38 dist/assets/settings.prompts-Dty6PXUU.js                           4.92 kB │ gzip:   2.43 kB
#12 17.38 dist/assets/issues-HTitQJn3.js                                     5.10 kB │ gzip:   2.13 kB
#12 17.38 dist/assets/_productId_.facts_.versions-DrvFXKZE.js                5.26 kB │ gzip:   2.36 kB
#12 17.38 dist/assets/composite-CLyNHUpN.js                                  5.88 kB │ gzip:   2.29 kB
#12 17.38 dist/assets/articles-D3c25RzT.js                                   5.96 kB │ gzip:   2.41 kB
#12 17.38 dist/assets/geo-evidence-upload-DHToMkjY.js                        6.15 kB │ gzip:   2.67 kB
#12 17.38 dist/assets/client-_ADlmVAQ.js                                     6.60 kB │ gzip:   2.57 kB
#12 17.38 dist/assets/principal-epoch-1sT-YUbO.js                            6.87 kB │ gzip:   2.33 kB
#12 17.38 dist/assets/globalFilteringFeature-BwAQfm4D.js                     6.95 kB │ gzip:   1.98 kB
#12 17.38 dist/assets/plans.api-BR6SxYKk.js                                  7.47 kB │ gzip:   3.16 kB
#12 17.38 dist/assets/_app-Ds4aqZfw.js                                       7.72 kB │ gzip:   2.58 kB
#12 17.38 dist/assets/_platformId-bdDHTbnc.js                                7.74 kB │ gzip:   3.48 kB
#12 17.38 dist/assets/insights.api-BHS72poH.js                               7.79 kB │ gzip:   2.67 kB
#12 17.38 dist/assets/QueryClientProvider-Bi8hvFQP.js                        7.81 kB │ gzip:   3.04 kB
#12 17.38 dist/assets/product.api-cx0DPpav.js                                7.94 kB │ gzip:   2.60 kB
#12 17.38 dist/assets/_productId_.facts_.versions_._versionId-Du3QlXaa.js    8.18 kB │ gzip:   2.62 kB
#12 17.38 dist/assets/geo-rules-CRPSdzFu.js                                  8.38 kB │ gzip:   3.62 kB
#12 17.38 dist/assets/jsx-runtime-B-hcVAMW.js                                8.55 kB │ gzip:   3.26 kB
#12 17.38 dist/assets/x-CD6ERKFE.js                                          8.72 kB │ gzip:   3.14 kB
#12 17.38 dist/assets/questions-D990NzPF.js                                  8.80 kB │ gzip:   3.89 kB
#12 17.38 dist/assets/new-B4PyHk-a.js                                        8.99 kB │ gzip:   3.80 kB
#12 17.38 dist/assets/geo-entities-CTN9onaI.js                               9.09 kB │ gzip:   3.63 kB
#12 17.38 dist/assets/products-DwEuA2ih.js                                   9.24 kB │ gzip:   3.70 kB
#12 17.38 dist/assets/tasks-oyGL8pyN.js                                      9.26 kB │ gzip:   3.56 kB
#12 17.38 dist/assets/platform.api-DH3XYQpu.js                               9.71 kB │ gzip:   3.25 kB
#12 17.38 dist/assets/geo-insights-report-DJ8eiR5l.js                       10.34 kB │ gzip:   2.88 kB
#12 17.38 dist/assets/opportunities-2EjncV4B.js                             10.66 kB │ gzip:   4.34 kB
#12 17.38 dist/assets/versions_._versionId-Dudlm3ZW.js                      12.02 kB │ gzip:   3.81 kB
#12 17.38 dist/assets/tabs-Dd9FbEvk.js                                      12.50 kB │ gzip:   4.72 kB
#12 17.38 dist/assets/system.audit-D_3wzS5J.js                              12.54 kB │ gzip:   4.38 kB
#12 17.38 dist/assets/observations-CTHSEgMg.js                              12.54 kB │ gzip:   4.87 kB
#12 17.38 dist/assets/content-task-lifecycle-D5AJOOpI.js                    12.58 kB │ gzip:   4.70 kB
#12 17.38 dist/assets/system.users-BBuazTF-.js                              12.93 kB │ gzip:   5.51 kB
#12 17.38 dist/assets/insights-BhvVgog1.js                                  13.42 kB │ gzip:   4.92 kB
#12 17.38 dist/assets/runs-BodEIrt1.js                                      13.62 kB │ gzip:   5.10 kB
#12 17.38 dist/assets/route-BCzRV9iS.js                                     14.07 kB │ gzip:   5.29 kB
#12 17.38 dist/assets/report-page-v_hCkT6a.js                               14.11 kB │ gzip:   4.41 kB
#12 17.38 dist/assets/geo-rules-BkizQImD.js                                 14.20 kB │ gzip:   5.36 kB
#12 17.38 dist/assets/_taskId-BZRg1emV.js                                   14.87 kB │ gzip:   4.62 kB
#12 17.38 dist/assets/content.api-Fk28y9TE.js                               14.90 kB │ gzip:   4.32 kB
#12 17.38 dist/assets/_productId_.facts_.review-CMSgJROO.js                 15.87 kB │ gzip:   5.65 kB
#12 17.38 dist/assets/work-CbmPu7IM.js                                      15.92 kB │ gzip:   5.20 kB
#12 17.38 dist/assets/publication.api-D-_6fouU.js                           16.20 kB │ gzip:   4.80 kB
#12 17.38 dist/assets/_articleId-DAWhBEdy.js                                16.27 kB │ gzip:   5.43 kB
#12 17.38 dist/assets/useQuery-C44PsoTH.js                                  16.32 kB │ gzip:   5.47 kB
#12 17.38 dist/assets/insight-page-frame-BCNLaP-I.js                        16.34 kB │ gzip:   5.28 kB
#12 17.38 dist/assets/settings.platforms.types-BZsMiAE7.js                  16.45 kB │ gzip:   5.94 kB
#12 17.38 dist/assets/new-BDvwc2FG.js                                       16.97 kB │ gzip:   6.06 kB
#12 17.38 dist/assets/platforms-r4qPVNRQ.js                                 17.07 kB │ gzip:   6.18 kB
#12 17.38 dist/assets/auth-provider-SBREhcyJ.js                             17.09 kB │ gzip:   6.21 kB
#12 17.38 dist/assets/_productId_.facts-BILdjbme.js                         17.36 kB │ gzip:   5.84 kB
#12 17.38 dist/assets/_taskId_.review-Bs2fuTjP.js                           17.51 kB │ gzip:   6.08 kB
#12 17.38 dist/assets/settings.ai-Ckjs_X_m.js                               17.54 kB │ gzip:   6.33 kB
#12 17.38 dist/assets/_productId-BVjq8FBz.js                                17.59 kB │ gzip:   5.90 kB
#12 17.38 dist/assets/row-actions-Bp9XxZ-z.js                               17.90 kB │ gzip:   6.60 kB
#12 17.38 dist/assets/_observationId-C-Mn94Jd.js                            18.05 kB │ gzip:   5.76 kB
#12 17.38 dist/assets/geo.api-DjsvxrqR.js                                   18.53 kB │ gzip:   5.93 kB
#12 17.38 dist/assets/geo-surfaces-Co_RHw0Q.js                              18.88 kB │ gzip:   6.99 kB
#12 17.38 dist/assets/link-DLaf_gyG.js                                      19.54 kB │ gzip:   7.58 kB
#12 17.38 dist/assets/_issueId-CsjwEomN.js                                  19.62 kB │ gzip:   6.52 kB
#12 17.38 dist/assets/topics-Dxmzrz2W.js                                    20.02 kB │ gzip:   7.06 kB
#12 17.38 dist/assets/audit.model-Pi6CVP76.js                               20.43 kB │ gzip:   6.44 kB
#12 17.38 dist/assets/ai-channel-workspace.model-BG6u6dmr.js                20.72 kB │ gzip:   6.32 kB
#12 17.38 dist/assets/_observationId_.correct-CftAKGHa.js                   24.46 kB │ gzip:   8.25 kB
#12 17.38 dist/assets/answers-Bxl1pJ7F.js                                   28.41 kB │ gzip:   7.96 kB
#12 17.38 dist/assets/_workId-D3GWtXob.js                                   28.55 kB │ gzip:   8.91 kB
#12 17.38 dist/assets/questions-BXWccW2v.js                                 28.85 kB │ gzip:   9.24 kB
#12 17.38 dist/assets/select-ChQP84hs.js                                    30.10 kB │ gzip:  10.91 kB
#12 17.38 dist/assets/settings.prompts-0YiksU-G.js                          30.84 kB │ gzip:   9.99 kB
#12 17.38 dist/assets/system.users-B7XnF30h.js                              31.04 kB │ gzip:   9.77 kB
#12 17.38 dist/assets/geo-entities-Cyv2HH_d.js                              35.34 kB │ gzip:  10.94 kB
#12 17.38 dist/assets/icon-button-CJZ8VWDQ.js                               36.26 kB │ gzip:  12.08 kB
#12 17.38 dist/assets/providers-Co8dAj2O.js                                 36.34 kB │ gzip:  10.82 kB
#12 17.38 dist/assets/column-header-Dbn4hNTC.js                             36.45 kB │ gzip:  11.43 kB
#12 17.38 dist/assets/ToolbarRootContext-CzZkRSQB.js                        36.62 kB │ gzip:  14.02 kB
#12 17.38 dist/assets/index.esm-CDk9jdcJ.js                                 37.59 kB │ gzip:  13.14 kB
#12 17.38 dist/assets/_taskId_.editor-Bq6mIZSn.js                           37.93 kB │ gzip:  11.55 kB
#12 17.38 dist/assets/_platformId-MMV4WKOB.js                               38.94 kB │ gzip:  11.60 kB
#12 17.38 dist/assets/createLucideIcon-CjKjNtsN.js                          39.80 kB │ gzip:  14.03 kB
#12 17.38 dist/assets/button-BZhX1_Og.js                                    40.12 kB │ gzip:  13.54 kB
#12 17.38 dist/assets/route-BwpIjIIT.js                                     43.48 kB │ gzip:  15.62 kB
#12 17.38 dist/assets/settings.ai_._channelId-Cc1MICwv.js                   49.69 kB │ gzip:  13.69 kB
#12 17.38 dist/assets/plans-CpzWZZ62.js                                     50.94 kB │ gzip:  15.79 kB
#12 17.38 dist/assets/geo-surfaces-DqzOeeo-.js                              52.99 kB │ gzip:  15.97 kB
#12 17.38 dist/assets/opportunities-cNZxlDG0.js                             61.09 kB │ gzip:  16.46 kB
#12 17.38 dist/assets/schemas-BK4Vs-SK.js                                   69.76 kB │ gzip:  18.61 kB
#12 17.38 dist/assets/runs-BNIwJg51.js                                      95.05 kB │ gzip:  27.28 kB
#12 17.38 dist/assets/index-C_B164KP.js                                    189.11 kB │ gzip:  60.51 kB
#12 17.38 dist/assets/markdown-editor-CmweRcPN.js                          729.88 kB │ gzip: 245.01 kB
#12 17.38 
#12 17.38 ✓ built in 923ms
#12 17.38 [plugin builtin:vite-reporter] 
#12 17.38 (!) Some chunks are larger than 500 kB after minification. Consider:
#12 17.38 - Using dynamic import() to code-split the application
#12 17.38 - Use build.rolldownOptions.output.codeSplitting to improve chunking: https://rolldown.rs/reference/OutputOptions.codeSplitting
#12 17.38 - Adjust chunk size limit for this warning via build.chunkSizeWarningLimit.
#12 17.41 npm notice
#12 17.41 npm notice New major version of npm available! 10.9.9 -> 12.2.0
#12 17.41 npm notice Changelog: https://github.com/npm/cli/releases/tag/v12.2.0
#12 17.41 npm notice To update run: npm install -g npm@12.2.0
#12 17.41 npm notice
#12 DONE 17.4s

#5 [stage-2 1/3] FROM docker.io/library/nginx:1.27-alpine@sha256:65645c7bb6a0661892a8b03b89d0743208a18dd2f3f17a54ef4b76fb8e2f2a10
#5 CACHED

#13 [stage-2 2/3] COPY --from=build /app/dist /usr/share/nginx/html
#13 DONE 0.0s

#14 [stage-2 3/3] COPY nginx.conf /etc/nginx/conf.d/default.conf
#14 DONE 0.0s

#15 exporting to image
#15 exporting layers 0.1s done
#15 exporting manifest sha256:81de82b0eb672f7c9c9fb9b43f8baaafa095d31afce961f84c8b0e814891e335 done
#15 exporting config sha256:0108cd2695f9f1aecce9391609255f2a99c79ef7fa800aa50f916d9296ad8338 done
#15 exporting attestation manifest sha256:9c36bc25103d11e124c8a47135d8370d984794b3cb10fc5aa01c1593dee88377
#15 exporting attestation manifest sha256:9c36bc25103d11e124c8a47135d8370d984794b3cb10fc5aa01c1593dee88377 done
#15 exporting manifest list sha256:0c46882856a38d8fd8f55005b88e7f1aa38275d9a826d3e48432b622137cf58b done
#15 naming to docker.io/library/partsignal-frontend-v2:test done
#15 unpacking to docker.io/library/partsignal-frontend-v2:test 0.0s done
#15 DONE 0.1s
deploy/scripts/test-frontend-container.sh
canonical Frontend 容器 fallback、缓存和 source map 自检通过
UV_CACHE_DIR=/Users/sc/PycharmProjects/partsignal/.cache/uv uv run --project backend python deploy/scripts/test-geo-browser.py
Compose dev/staging/prod：默认无Browser；profile/资源/网络/凭据隔离通过
UV_CACHE_DIR=/Users/sc/PycharmProjects/partsignal/.cache/uv uv run --project backend python deploy/scripts/test-geo-collector-contract.py
........................................................................ [ 37%]
........................................................................ [ 74%]
..................................................                       [100%]
194 passed in 10.35s
GEO_CONTRACT_RESULT tests=0 secret_scan=0 external_network=blocked
UV_CACHE_DIR=/Users/sc/PycharmProjects/partsignal/.cache/uv uv run --project backend python deploy/scripts/check-geo-fixtures.py
GEO fixture v1 校验通过：{'products': 2, 'questions': 4, 'answers': 13, 'citations': 4}；金标=13；外部调用=0
GEO-502 提及金标 v1 校验通过：场景=28；外部调用=0
GEO-503 推荐金标 v1 校验通过：场景=63；外部调用=0
GEO-505 声明金标 v1 校验通过：场景=47；外部调用=0
UV_CACHE_DIR=/Users/sc/PycharmProjects/partsignal/.cache/uv uv run --project backend python deploy/scripts/test-geo-configuration.py
Traceback (most recent call last):
  File "/Users/sc/PycharmProjects/partsignal/deploy/scripts/test-geo-configuration.py", line 134, in <module>
    main()
  File "/Users/sc/PycharmProjects/partsignal/deploy/scripts/test-geo-configuration.py", line 128, in main
    raise AssertionError(f"入口启动或 no-egress 检查失败：{environment}/{scenario}")
AssertionError: 入口启动或 no-egress 检查失败：dev/omitted
make: *** [test-deploy-scripts] Error 1
