.................F.....                                                  [100%]
=================================== FAILURES ===================================
____ test_new_manual_answer_does_not_inherit_days_waiting_for_manual_entry _____

ops_engine = Engine(postgresql+psycopg://partsignal:***@127.0.0.1:55432/partsignal_geo206_ef337ce029)
answer_database = AnswerDatabase(runs=RunDatabase(plan=PlanDatabase(url='postgresql://partsignal:partsignal_dev@127.0.0.1:55432/partsign...ind': 'LEGACY_MODEL_RESULT', 'web_search_enabled': True},)]]), legacy_run=UUID('86cf48ea-1910-45db-b4eb-6e0c75a37ece'))

    def test_new_manual_answer_does_not_inherit_days_waiting_for_manual_entry(
        ops_engine: Engine, answer_database: AnswerDatabase,
    ) -> None:
        before = read(ops_engine)
        now = datetime.now(UTC)
        with psycopg.connect(answer_database.url) as conn:
            identity, _ = root(conn, answer_database, "MANUAL", created=now-timedelta(days=3))
>           snapshot(conn, answer_database, identity, collected_at=now)

backend/tests/integration/test_geo_ops_queries.py:243: 
_ _ _ _ _ _ _ _ _ _ _ _ _ _ _ _ _ _ _ _ _ _ _ _ _ _ _ _ _ _ _ _ _ _ _ _ _ _ _ _ 
backend/tests/integration/geo_answers_support.py:71: in snapshot
    insert_row(conn, "geo_answer_snapshots", value)
backend/tests/integration/test_geo_catalog.py:32: in insert_row
    connection.execute(
_ _ _ _ _ _ _ _ _ _ _ _ _ _ _ _ _ _ _ _ _ _ _ _ _ _ _ _ _ _ _ _ _ _ _ _ _ _ _ _ 

self = <psycopg.Connection [BAD] at 0x10e569430>
query = Composed([SQL('INSERT INTO '), Identifier('geo_answer_snapshots'), SQL(' ('), Composed([Identifier('id'), SQL(', '), I...), SQL(', '), Placeholder(), SQL(', '), Placeholder(), SQL(', '), Placeholder(), SQL(', '), Placeholder()]), SQL(')')])
params = (UUID('7c707a00-b2f8-4be2-b527-510262bc365e'), UUID('aa5e3c67-e5cc-4684-8c5b-4ee06b643f87'), '虚构变体问题', '  原始回答\r\nA-1\n', 'TEXT', 0, ...)

    def execute(
        self,
        query: Query,
        params: Params | None = None,
        *,
        prepare: bool | None = None,
        binary: bool = False,
    ) -> Cursor[Row]:
        """Execute a query and return a cursor to read its results."""
        try:
            cur = self.cursor()
            if binary:
                cur.format = BINARY
    
            if isinstance(query, Template):
                if params is not None:
                    raise TypeError(
                        "'execute()' with string template query doesn't support parameters"
                    )
                return cur.execute(query, prepare=prepare)
            else:
                return cur.execute(query, params, prepare=prepare)
        except e._NO_TRACEBACK as ex:
>           raise ex.with_traceback(None)
E           psycopg.errors.CheckViolation: 原始回答必须属于当前可提交的运行和冻结问题
E           CONTEXT:  PL/pgSQL function geo_guard_answer_snapshot() line 14 at RAISE

backend/.venv/lib/python3.12/site-packages/psycopg/connection.py:300: CheckViolation
=========================== short test summary info ============================
FAILED backend/tests/integration/test_geo_ops_queries.py::test_new_manual_answer_does_not_inherit_days_waiting_for_manual_entry
1 failed, 22 passed in 4.57s
