 Image partsignal-geo208-backend-test Building 
#1 [internal] load local bake definitions
#1 reading from stdin 1.12kB done
#1 DONE 0.0s

#2 [internal] load build definition from Dockerfile
#2 transferring dockerfile: 594B done
#2 DONE 0.0s

#3 [internal] load metadata for docker.io/library/python:3.12-slim
#3 ...

#4 [auth] astral-sh/uv:pull token for ghcr.io
#4 DONE 0.0s

#5 [internal] load metadata for ghcr.io/astral-sh/uv:0.7.13
#5 ...

#3 [internal] load metadata for docker.io/library/python:3.12-slim
#3 DONE 1.7s

#5 [internal] load metadata for ghcr.io/astral-sh/uv:0.7.13
#5 DONE 2.0s

#6 [internal] load .dockerignore
#6 transferring context: 152B done
#6 DONE 0.0s

#7 FROM ghcr.io/astral-sh/uv:0.7.13@sha256:6c1e19020ec221986a210027040044a5df8de762eb36d5240e382bc41d7a9043
#7 resolve ghcr.io/astral-sh/uv:0.7.13@sha256:6c1e19020ec221986a210027040044a5df8de762eb36d5240e382bc41d7a9043 done
#7 DONE 0.0s

#8 [runtime 1/7] FROM docker.io/library/python:3.12-slim@sha256:dddfd7e07f9d15aeeca61529320492139d21cac7f0070c00609243e51e4e0016
#8 resolve docker.io/library/python:3.12-slim@sha256:dddfd7e07f9d15aeeca61529320492139d21cac7f0070c00609243e51e4e0016 done
#8 DONE 0.0s

#9 [internal] load build context
#9 transferring context: 315.67kB 0.0s done
#9 DONE 0.0s

#10 [runtime 2/7] WORKDIR /app
#10 CACHED

#11 [runtime 4/7] COPY pyproject.toml uv.lock* ./
#11 CACHED

#12 [runtime 3/7] COPY --from=ghcr.io/astral-sh/uv:0.7.13 /uv /uvx /bin/
#12 CACHED

#13 [runtime 5/7] RUN uv sync --no-dev --no-install-project
#13 CACHED

#14 [runtime 6/7] COPY . .
#14 DONE 0.1s

#15 [runtime 7/7] RUN uv sync --no-dev
#15 0.145 Resolved 88 packages in 1ms
#15 0.149    Building partsignal-backend @ file:///app
#15 3.212       Built partsignal-backend @ file:///app
#15 3.213 Prepared 1 package in 3.06s
#15 3.214 Installed 1 package in 1ms
#15 3.326 Bytecode compiled 2466 files in 111ms
#15 3.326  + partsignal-backend==0.1.0 (from file:///app)
#15 DONE 3.3s

#16 [test 1/1] RUN uv sync --all-extras
#16 0.072 Resolved 88 packages in 0.36ms
#16 1.169 Downloading pygments (1.2MiB)
#16 1.258 Downloading ruff (10.5MiB)
#16 1.340 Downloading mypy (13.1MiB)
#16 1.636  Downloading pygments
#16 2.625  Downloading ruff
#16 2.842  Downloading mypy
#16 2.843 Prepared 20 packages in 2.76s
#16 2.893 Installed 20 packages in 50ms
#16 3.227 Bytecode compiled 3437 files in 333ms
#16 3.227  + attrs==26.1.0
#16 3.227  + coverage==7.15.0
#16 3.227  + httpcore2==2.9.1
#16 3.227  + httpx2==2.9.1
#16 3.227  + iniconfig==2.3.0
#16 3.227  + jsonschema==4.26.0
#16 3.227  + jsonschema-specifications==2025.9.1
#16 3.227  + librt==0.13.0
#16 3.227  + mypy==1.20.2
#16 3.227  + mypy-extensions==1.1.0
#16 3.227  + pathspec==1.1.1
#16 3.227  + pluggy==1.6.0
#16 3.227  + pygments==2.20.0
#16 3.227  + pytest==8.4.2
#16 3.227  + pytest-cov==6.3.0
#16 3.227  + referencing==0.37.0
#16 3.227  + rpds-py==2026.6.3
#16 3.227  + ruff==0.15.21
#16 3.227  + truststore==0.10.4
#16 3.227  + types-pyyaml==6.0.12.20260518
#16 DONE 3.3s

#17 exporting to image
#17 exporting layers
#17 exporting layers 3.0s done
#17 exporting manifest sha256:71ed5aeae8dd4b17fd9f1e336795d00923ffe111d4b98b4ac836bf48caf72c2f
#17 exporting manifest sha256:71ed5aeae8dd4b17fd9f1e336795d00923ffe111d4b98b4ac836bf48caf72c2f done
#17 exporting config sha256:4b8c977b29e2e5b4703ce351d8f0e254ea8a49a1dc98153939da49bf7696f078 done
#17 exporting attestation manifest sha256:452e206078b324b227300d83f8fbfce94d0c8541f7b280b88a99ecebdb984afe done
#17 exporting manifest list sha256:46814eb718804f2c34b54e17d618b422a63f98b79b53df1bd6537539b5981a92 done
#17 naming to docker.io/library/partsignal-geo208-backend-test:latest done
#17 unpacking to docker.io/library/partsignal-geo208-backend-test:latest
#17 unpacking to docker.io/library/partsignal-geo208-backend-test:latest 0.7s done
#17 DONE 3.7s

#18 resolving provenance for metadata file
#18 DONE 0.0s
 Image partsignal-geo208-backend-test Built 
