docker build -f frontend/Dockerfile -t partsignal-frontend-v2:test frontend
#0 building with "colima" instance using docker driver

#1 [internal] load build definition from Dockerfile
#1 transferring dockerfile: 339B done
#1 DONE 0.0s

#2 [internal] load metadata for docker.io/library/node:22-alpine
#2 DONE 1.6s

#3 [internal] load metadata for docker.io/library/nginx:1.27-alpine
#3 DONE 1.7s

#4 [internal] load .dockerignore
#4 transferring context: 137B done
#4 DONE 0.0s

#5 [stage-2 1/3] FROM docker.io/library/nginx:1.27-alpine@sha256:65645c7bb6a0661892a8b03b89d0743208a18dd2f3f17a54ef4b76fb8e2f2a10
#5 resolve docker.io/library/nginx:1.27-alpine@sha256:65645c7bb6a0661892a8b03b89d0743208a18dd2f3f17a54ef4b76fb8e2f2a10 0.0s done
#5 DONE 0.0s

#6 [development 1/5] FROM docker.io/library/node:22-alpine@sha256:0a7108bf6c7bf5de370ffb1a3ed6be93d405b43ff159f681a8d18c0e2bc2e402
#6 resolve docker.io/library/node:22-alpine@sha256:0a7108bf6c7bf5de370ffb1a3ed6be93d405b43ff159f681a8d18c0e2bc2e402 0.0s done
#6 DONE 0.0s

#7 [internal] load build context
#7 transferring context: 973.42kB 0.0s done
#7 DONE 0.0s

#8 [development 2/5] WORKDIR /app
#8 CACHED

#9 [development 3/5] COPY package.json package-lock.json ./
#9 CACHED

#10 [development 4/5] RUN npm ci
#10 CACHED

#11 [development 5/5] COPY . .
#11 DONE 0.0s

#12 [build 1/1] RUN npm run build
#12 0.340 
#12 0.340 > partsignal-frontend-v2@0.1.0 build
#12 0.340 > tsc -b && vite build --config vite.config.ts
#12 0.340 
#12 13.97 vite v8.2.1 building client environment for production...
#12 13.97 [2Ktransforming...✓ 2923 modules transformed.
#12 14.76 rendering chunks...
#12 14.86 computing gzip size...
#12 14.87 dist/index.html                                                    0.57 kB │ gzip:   0.34 kB
#12 14.87 dist/assets/index-Fs_8BXJr.css                                    79.69 kB │ gzip:  13.83 kB
#12 14.87 dist/assets/queryOptions-Dfvzj6n2.js                               0.03 kB │ gzip:   0.05 kB
#12 14.87 dist/assets/route-3YAM3tuL.js                                      0.07 kB │ gzip:   0.08 kB
#12 14.87 dist/assets/route-B2aZ3QBi.js                                      0.07 kB │ gzip:   0.08 kB
#12 14.87 dist/assets/route-B41ZhOLB.js                                      0.07 kB │ gzip:   0.08 kB
#12 14.87 dist/assets/route-BQmWoCus.js                                      0.07 kB │ gzip:   0.08 kB
#12 14.87 dist/assets/route-C5cBrTK3.js                                      0.07 kB │ gzip:   0.08 kB
#12 14.87 dist/assets/route-COvhN9v6.js                                      0.07 kB │ gzip:   0.08 kB
#12 14.87 dist/assets/route-CW62_yWg.js                                      0.07 kB │ gzip:   0.08 kB
#12 14.87 dist/assets/route-DEzmN659.js                                      0.07 kB │ gzip:   0.08 kB
#12 14.87 dist/assets/route-DQwB-ZOv.js                                      0.07 kB │ gzip:   0.08 kB
#12 14.87 dist/assets/route-DYSd7FA3.js                                      0.07 kB │ gzip:   0.08 kB
#12 14.87 dist/assets/route-DYSd7FA32.js                                     0.07 kB │ gzip:   0.08 kB
#12 14.87 dist/assets/route-DrPtIM3S.js                                      0.07 kB │ gzip:   0.08 kB
#12 14.87 dist/assets/route-DsXtGSAg.js                                      0.07 kB │ gzip:   0.08 kB
#12 14.87 dist/assets/route-TEQwWL7Y.js                                      0.07 kB │ gzip:   0.08 kB
#12 14.87 dist/assets/coerce-DY8lxc7e.js                                     0.08 kB │ gzip:   0.10 kB
#12 14.87 dist/assets/isElementDisabled-KSuuBj8D.js                          0.11 kB │ gzip:   0.11 kB
#12 14.87 dist/assets/chevron-right-ToMmKYJa.js                              0.13 kB │ gzip:   0.14 kB
#12 14.87 dist/assets/canonical-uuid-DG2e6Ion.js                             0.13 kB │ gzip:   0.13 kB
#12 14.87 dist/assets/settings.ai-CipVaq6G.js                                0.21 kB │ gzip:   0.20 kB
#12 14.87 dist/assets/_taskId_.editor-_qjLAkbp.js                            0.22 kB │ gzip:   0.20 kB
#12 14.87 dist/assets/_taskId_.review-zeX8OAEE.js                            0.22 kB │ gzip:   0.20 kB
#12 14.87 dist/assets/route-DFljbmbX.js                                      0.22 kB │ gzip:   0.20 kB
#12 14.87 dist/assets/system.audit-qBeF2bb1.js                               0.22 kB │ gzip:   0.20 kB
#12 14.87 dist/assets/system.users-0TM8kiXu.js                               0.22 kB │ gzip:   0.20 kB
#12 14.87 dist/assets/settings.prompts-9jQdIs2s.js                           0.22 kB │ gzip:   0.20 kB
#12 14.87 dist/assets/_taskId-Vsd3-0WC.js                                    0.22 kB │ gzip:   0.21 kB
#12 14.87 dist/assets/settings.platforms.types-C4NjYBws.js                   0.22 kB │ gzip:   0.21 kB
#12 14.87 dist/assets/versions_._versionId-BW6wP3pa.js                       0.22 kB │ gzip:   0.21 kB
#12 14.87 dist/assets/_platformId-BeKfjBVf.js                                0.22 kB │ gzip:   0.20 kB
#12 14.87 dist/assets/settings.ai_._channelId-Z_MUrH5D.js                    0.22 kB │ gzip:   0.20 kB
#12 14.87 dist/assets/_observationId-B3QjNhkV.js                             0.23 kB │ gzip:   0.21 kB
#12 14.87 dist/assets/useControlled-DMK4Pb-8.js                              0.24 kB │ gzip:   0.21 kB
#12 14.87 dist/assets/skeleton-Ged3Zc9T.js                                   0.24 kB │ gzip:   0.20 kB
#12 14.87 dist/assets/table-shell-BGuXgMNH.js                                0.33 kB │ gzip:   0.24 kB
#12 14.87 dist/assets/usePopupHandleStore-D9Ys5NRI.js                        0.35 kB │ gzip:   0.25 kB
#12 14.87 dist/assets/table-toolbar-JNNhOzlg.js                              0.42 kB │ gzip:   0.27 kB
#12 14.87 dist/assets/route-error-Bl0menBv.js                                0.46 kB │ gzip:   0.31 kB
#12 14.87 dist/assets/_productId-Cu3oT6KN.js                                 0.49 kB │ gzip:   0.35 kB
#12 14.87 dist/assets/_productId_.facts-C-S7KVKf.js                          0.50 kB │ gzip:   0.36 kB
#12 14.87 dist/assets/_productId_.facts_.versions_._versionId-996oc21h.js    0.50 kB │ gzip:   0.36 kB
#12 14.87 dist/assets/_productId_.facts_.review-CtF33cCX.js                  0.50 kB │ gzip:   0.37 kB
#12 14.87 dist/assets/_observationId_.correct-aux6fZCi.js                    0.51 kB │ gzip:   0.37 kB
#12 14.87 dist/assets/useCompositeItem-BGClVRCY.js                           0.54 kB │ gzip:   0.37 kB
#12 14.87 dist/assets/_observationId_.correct-B5BVKv_F.js                    0.58 kB │ gzip:   0.31 kB
#12 14.87 dist/assets/content-version.model-BVKgM5xI.js                      0.61 kB │ gzip:   0.43 kB
#12 14.87 dist/assets/detail-section-Dm8gVxQG.js                             0.63 kB │ gzip:   0.34 kB
#12 14.87 dist/assets/return-to-BzbJXkRi.js                                  0.63 kB │ gzip:   0.39 kB
#12 14.87 dist/assets/workbench.api-BODcO5uB.js                              0.71 kB │ gzip:   0.46 kB
#12 14.87 dist/assets/route-Do6Dxmmm.js                                      0.72 kB │ gzip:   0.50 kB
#12 14.87 dist/assets/textarea-CPcbKIlY.js                                   0.83 kB │ gzip:   0.43 kB
#12 14.87 dist/assets/table-skeleton-DhD_SVns.js                             0.94 kB │ gzip:   0.54 kB
#12 14.87 dist/assets/timeline-BSjJ8olh.js                                   0.94 kB │ gzip:   0.49 kB
#12 14.87 dist/assets/form-field-Dwoq3h4m.js                                 0.97 kB │ gzip:   0.54 kB
#12 14.87 dist/assets/rowSortingFeature-DY1PRWn5.js                          1.02 kB │ gzip:   0.49 kB
#12 14.87 dist/assets/security-Beg8MD5A.js                                   1.08 kB │ gzip:   0.58 kB
#12 14.87 dist/assets/geo-observation-actions-C2i_qn8N.js                    1.09 kB │ gzip:   0.67 kB
#12 14.87 dist/assets/login-DZsw60ME.js                                      1.17 kB │ gzip:   0.64 kB
#12 14.87 dist/assets/print-D6wgHmN_.js                                      1.20 kB │ gzip:   0.67 kB
#12 14.87 dist/assets/product-deletion-dialog-CDVHy89Z.js                    1.20 kB │ gzip:   0.75 kB
#12 14.87 dist/assets/filter-bar-UPPoNNpx.js                                 1.23 kB │ gzip:   0.72 kB
#12 14.87 dist/assets/new-CMGdtPA1.js                                        1.23 kB │ gzip:   0.72 kB
#12 14.87 dist/assets/form-layout-B0Bgsdpq.js                                1.29 kB │ gzip:   0.69 kB
#12 14.87 dist/assets/file-transfer-CkO3-a8I.js                              1.41 kB │ gzip:   0.83 kB
#12 14.87 dist/assets/useBaseUiId-C9V7pCeo.js                                1.42 kB │ gzip:   0.80 kB
#12 14.87 dist/assets/table-pagination-aKNgagu0.js                           1.48 kB │ gzip:   0.81 kB
#12 14.87 dist/assets/badge-DofVsWMx.js                                      1.57 kB │ gzip:   0.70 kB
#12 14.87 dist/assets/audit.api-CAMCO4xo.js                                  1.62 kB │ gzip:   0.76 kB
#12 14.87 dist/assets/sticky-action-bar-F7nxIpnW.js                          1.62 kB │ gzip:   0.86 kB
#12 14.87 dist/assets/versions_._versionId-sKemkwyO.js                       1.72 kB │ gzip:   0.89 kB
#12 14.87 dist/assets/_productId_.facts_.versions_._versionId-BqEvp785.js    1.77 kB │ gzip:   0.89 kB
#12 14.87 dist/assets/workspace-shell-ZJWsOShS.js                            1.77 kB │ gzip:   0.83 kB
#12 14.87 dist/assets/insights-BEfkC7-Z.js                                   1.78 kB │ gzip:   0.96 kB
#12 14.87 dist/assets/articles-zL69YQ64.js                                   1.79 kB │ gzip:   0.95 kB
#12 14.87 dist/assets/_productId_.facts_.versions-DlN_sQBN.js                1.92 kB │ gzip:   1.04 kB
#12 14.87 dist/assets/new-CJKkztos.js                                        1.94 kB │ gzip:   1.06 kB
#12 14.87 dist/assets/_articleId-DXQ5Jmtb.js                                 1.96 kB │ gzip:   1.09 kB
#12 14.87 dist/assets/issues-CqsZVac_.js                                     1.96 kB │ gzip:   1.03 kB
#12 14.87 dist/assets/catalog-controls-6wEVL42G.js                           1.97 kB │ gzip:   0.88 kB
#12 14.87 dist/assets/settings.platforms.types-DJOp-MCe.js                   1.98 kB │ gzip:   1.00 kB
#12 14.87 dist/assets/_taskId-BGxX-fDe.js                                    2.00 kB │ gzip:   1.06 kB
#12 14.87 dist/assets/work-D0eWlxak.js                                       2.07 kB │ gzip:   1.08 kB
#12 14.87 dist/assets/new-C0yOEidE.js                                        2.08 kB │ gzip:   1.18 kB
#12 14.87 dist/assets/_observationId-x7wYI4Sa.js                             2.09 kB │ gzip:   1.09 kB
#12 14.87 dist/assets/_productId-DuPGBA-U.js                                 2.14 kB │ gzip:   1.11 kB
#12 14.87 dist/assets/platforms-BF6ApUXC.js                                  2.15 kB │ gzip:   1.12 kB
#12 14.87 dist/assets/_taskId_.review-BxiZSODo.js                            2.16 kB │ gzip:   1.13 kB
#12 14.87 dist/assets/_productId_.facts_.review-C0M2TQzA.js                  2.17 kB │ gzip:   1.12 kB
#12 14.87 dist/assets/_productId_.facts-D1nurlzq.js                          2.22 kB │ gzip:   1.15 kB
#12 14.87 dist/assets/tasks-G60wMGA5.js                                      2.23 kB │ gzip:   1.15 kB
#12 14.87 dist/assets/observations-BybnRSim.js                               2.24 kB │ gzip:   1.16 kB
#12 14.87 dist/assets/useRegisterFieldControl-BcstcGLC.js                    2.25 kB │ gzip:   1.07 kB
#12 14.87 dist/assets/_issueId-BDtfKBDf.js                                   2.27 kB │ gzip:   1.25 kB
#12 14.87 dist/assets/useStore-VZN0-5bO.js                                   2.27 kB │ gzip:   0.97 kB
#12 14.87 dist/assets/_taskId_.editor-BY-JQjhk.js                            2.27 kB │ gzip:   1.17 kB
#12 14.87 dist/assets/topics-DIWpSgXN.js                                     2.30 kB │ gzip:   1.20 kB
#12 14.87 dist/assets/system.audit-COgU068d.js                               2.31 kB │ gzip:   1.16 kB
#12 14.87 dist/assets/dialog-BiiUPWNn.js                                     2.33 kB │ gzip:   0.91 kB
#12 14.87 dist/assets/input-BctqO2IH.js                                      2.47 kB │ gzip:   1.25 kB
#12 14.87 dist/assets/settings.ai-AXu7uqUa.js                                2.57 kB │ gzip:   1.31 kB
#12 14.87 dist/assets/dirty-guard-BnPV6x4y.js                                2.58 kB │ gzip:   1.23 kB
#12 14.87 dist/assets/prompt.api-ClmNqhO5.js                                 2.65 kB │ gzip:   1.01 kB
#12 14.87 dist/assets/products-BBcDdU-b.js                                   2.69 kB │ gzip:   1.39 kB
#12 14.87 dist/assets/security-Bu7z_2o7.js                                   3.03 kB │ gzip:   1.48 kB
#12 14.87 dist/assets/login-BYPHgWUU.js                                      3.04 kB │ gzip:   1.49 kB
#12 14.87 dist/assets/useCompositeListItem-u8lPl9Q5.js                       3.11 kB │ gzip:   1.41 kB
#12 14.87 dist/assets/settings.ai_._channelId-BUaghRtd.js                    3.11 kB │ gzip:   1.55 kB
#12 14.87 dist/assets/sheet-BT_VRQX1.js                                      3.73 kB │ gzip:   1.45 kB
#12 14.87 dist/assets/audit-detail-content-Bg1k2sqf.js                       3.90 kB │ gzip:   1.61 kB
#12 14.87 dist/assets/print-CypyX0GP.js                                      4.13 kB │ gzip:   1.66 kB
#12 14.87 dist/assets/product.model-BMjRpSnl.js                              4.40 kB │ gzip:   2.01 kB
#12 14.87 dist/assets/Match-CvdDQUn7.js                                      4.41 kB │ gzip:   1.72 kB
#12 14.87 dist/assets/new-DoQJA87r.js                                        4.45 kB │ gzip:   1.94 kB
#12 14.87 dist/assets/_workId-DiNC8S2e.js                                    4.72 kB │ gzip:   2.42 kB
#12 14.87 dist/assets/settings.prompts-B6hG-oXm.js                           4.89 kB │ gzip:   2.40 kB
#12 14.87 dist/assets/issues-PUlsE73H.js                                     5.06 kB │ gzip:   2.12 kB
#12 14.87 dist/assets/_productId_.facts_.versions-9P8UFta6.js                5.23 kB │ gzip:   2.34 kB
#12 14.87 dist/assets/composite-CZCHcW9z.js                                  5.88 kB │ gzip:   2.28 kB
#12 14.87 dist/assets/articles-D06rlhvj.js                                   5.92 kB │ gzip:   2.40 kB
#12 14.87 dist/assets/geo-evidence-upload-BJz_PpLx.js                        6.15 kB │ gzip:   2.66 kB
#12 14.87 dist/assets/client-_ADlmVAQ.js                                     6.60 kB │ gzip:   2.57 kB
#12 14.87 dist/assets/principal-epoch-C10oPH-p.js                            6.87 kB │ gzip:   2.33 kB
#12 14.87 dist/assets/globalFilteringFeature-CNWRcprX.js                     6.95 kB │ gzip:   1.98 kB
#12 14.87 dist/assets/_platformId-DmliYi2L.js                                7.70 kB │ gzip:   3.45 kB
#12 14.87 dist/assets/_app--fc4GM5f.js                                       7.72 kB │ gzip:   2.58 kB
#12 14.87 dist/assets/QueryClientProvider-CWfwOWtR.js                        7.80 kB │ gzip:   3.04 kB
#12 14.87 dist/assets/product.api-rOeIkTRz.js                                7.94 kB │ gzip:   2.59 kB
#12 14.87 dist/assets/_productId_.facts_.versions_._versionId-CTc5A7jE.js    8.18 kB │ gzip:   2.62 kB
#12 14.87 dist/assets/jsx-runtime-B-hcVAMW.js                                8.55 kB │ gzip:   3.26 kB
#12 14.87 dist/assets/x-C0MFvm12.js                                          8.72 kB │ gzip:   3.14 kB
#12 14.87 dist/assets/questions-BgdbweWX.js                                  8.73 kB │ gzip:   3.86 kB
#12 14.87 dist/assets/new--qqu0pfJ.js                                        8.95 kB │ gzip:   3.78 kB
#12 14.87 dist/assets/geo-entities-z286pUhW.js                               9.04 kB │ gzip:   3.60 kB
#12 14.87 dist/assets/products-BoSyKMZZ.js                                   9.21 kB │ gzip:   3.69 kB
#12 14.87 dist/assets/tasks-DwXqv7Ir.js                                      9.23 kB │ gzip:   3.55 kB
#12 14.87 dist/assets/platform.api-BzcK6qme.js                               9.71 kB │ gzip:   3.25 kB
#12 14.87 dist/assets/geo-insights-report-D_OtVL1-.js                       10.34 kB │ gzip:   2.88 kB
#12 14.87 dist/assets/versions_._versionId-BAqebH73.js                      12.02 kB │ gzip:   3.81 kB
#12 14.87 dist/assets/tabs-QVu_524Q.js                                      12.50 kB │ gzip:   4.72 kB
#12 14.87 dist/assets/system.audit-D-bbn6zs.js                              12.50 kB │ gzip:   4.37 kB
#12 14.87 dist/assets/content-task-lifecycle-BWIDyDEh.js                    12.51 kB │ gzip:   4.65 kB
#12 14.87 dist/assets/observations-TAUWzt5O.js                              12.51 kB │ gzip:   4.85 kB
#12 14.87 dist/assets/system.users-Cp7UXi5y.js                              12.83 kB │ gzip:   5.46 kB
#12 14.87 dist/assets/insights-DGdRV4mQ.js                                  13.39 kB │ gzip:   4.90 kB
#12 14.87 dist/assets/route-WXJNos-R2.js                                    13.42 kB │ gzip:   5.09 kB
#12 14.87 dist/assets/_taskId-C743OcSD.js                                   14.87 kB │ gzip:   4.62 kB
#12 14.87 dist/assets/content.api-Cx0D_SdK.js                               14.90 kB │ gzip:   4.32 kB
#12 14.87 dist/assets/_productId_.facts_.review-L9TbvTn0.js                 15.83 kB │ gzip:   5.63 kB
#12 14.87 dist/assets/work-DieyzU6A.js                                      15.88 kB │ gzip:   5.18 kB
#12 14.87 dist/assets/publication.api-CuK-c5mF.js                           16.20 kB │ gzip:   4.80 kB
#12 14.87 dist/assets/_articleId-ClXGmZZH.js                                16.27 kB │ gzip:   5.43 kB
#12 14.87 dist/assets/useQuery-fTBak1Kd.js                                  16.32 kB │ gzip:   5.46 kB
#12 14.87 dist/assets/settings.platforms.types-C0qXIWly.js                  16.38 kB │ gzip:   5.90 kB
#12 14.87 dist/assets/new-30xXzjtC.js                                       16.94 kB │ gzip:   6.04 kB
#12 14.87 dist/assets/platforms-BAQ1TXCS.js                                 17.03 kB │ gzip:   6.16 kB
#12 14.87 dist/assets/_productId_.facts-C2ReTXe-.js                         17.33 kB │ gzip:   5.82 kB
#12 14.87 dist/assets/settings.ai-DrrTnYAe.js                               17.46 kB │ gzip:   6.30 kB
#12 14.87 dist/assets/_taskId_.review-CmNG5-r8.js                           17.48 kB │ gzip:   6.06 kB
#12 14.87 dist/assets/_productId-CJOHnjBy.js                                17.55 kB │ gzip:   5.89 kB
#12 14.87 dist/assets/audit.model-C2laA6Pl.js                               17.75 kB │ gzip:   5.57 kB
#12 14.87 dist/assets/row-actions-DgsHeDSt.js                               17.90 kB │ gzip:   6.59 kB
#12 14.87 dist/assets/geo-surfaces-DzUDwzLQ.js                              17.94 kB │ gzip:   6.72 kB
#12 14.87 dist/assets/_observationId-DM4V5_uT.js                            18.05 kB │ gzip:   5.76 kB
#12 14.87 dist/assets/auth-provider-CzFQ_iMw.js                             18.50 kB │ gzip:   6.78 kB
#12 14.87 dist/assets/geo.api-CqtwmjX_.js                                   18.53 kB │ gzip:   5.93 kB
#12 14.87 dist/assets/_issueId-BgtfJ_UG.js                                  19.62 kB │ gzip:   6.52 kB
#12 14.87 dist/assets/topics-CVJVf1FK.js                                    19.94 kB │ gzip:   7.02 kB
#12 14.87 dist/assets/ai-channel-workspace.model-qhRVhVTw.js                20.72 kB │ gzip:   6.32 kB
#12 14.87 dist/assets/lazyRouteComponent-BKOQmVc6.js                        24.20 kB │ gzip:   8.98 kB
#12 14.87 dist/assets/_observationId_.correct-CIlbUBcB.js                   24.42 kB │ gzip:   8.23 kB
#12 14.87 dist/assets/_workId-CX-2rKMZ.js                                   28.51 kB │ gzip:   8.89 kB
#12 14.87 dist/assets/questions-PemsPL4g.js                                 28.78 kB │ gzip:   9.20 kB
#12 14.87 dist/assets/select-C3IFBdrm.js                                    30.10 kB │ gzip:  10.91 kB
#12 14.87 dist/assets/settings.prompts-B8cvyFiS.js                          30.81 kB │ gzip:   9.96 kB
#12 14.87 dist/assets/system.users-Bt4NlqaO.js                              30.96 kB │ gzip:   9.73 kB
#12 14.87 dist/assets/providers-zKJonJAQ.js                                 34.94 kB │ gzip:  10.42 kB
#12 14.87 dist/assets/geo-entities-D82SFhv3.js                              35.28 kB │ gzip:  10.92 kB
#12 14.87 dist/assets/geo-surfaces-BSUGjrjI.js                              35.71 kB │ gzip:  11.03 kB
#12 14.87 dist/assets/icon-button-DYXc97mY.js                               36.26 kB │ gzip:  12.08 kB
#12 14.87 dist/assets/column-header-28CT0p7M.js                             36.45 kB │ gzip:  11.43 kB
#12 14.87 dist/assets/ToolbarRootContext-BWAkZVgS.js                        36.62 kB │ gzip:  14.02 kB
#12 14.87 dist/assets/_taskId_.editor-CFNYid5z.js                           37.91 kB │ gzip:  11.54 kB
#12 14.87 dist/assets/_platformId-DZF4ixr-.js                               38.91 kB │ gzip:  11.58 kB
#12 14.87 dist/assets/createLucideIcon-DxfT0SI6.js                          39.80 kB │ gzip:  14.03 kB
#12 14.87 dist/assets/button-BZhX1_Og.js                                    40.12 kB │ gzip:  13.54 kB
#12 14.87 dist/assets/zod-CS-qYe1E.js                                       40.85 kB │ gzip:  14.09 kB
#12 14.87 dist/assets/route-PbsTgfGD.js                                     43.50 kB │ gzip:  15.67 kB
#12 14.87 dist/assets/settings.ai_._channelId-DZHzw-fW.js                   49.67 kB │ gzip:  13.69 kB
#12 14.87 dist/assets/schemas-By-Fyqi2.js                                   69.76 kB │ gzip:  18.62 kB
#12 14.87 dist/assets/index-eO1Uko_5.js                                    188.52 kB │ gzip:  60.24 kB
#12 14.87 dist/assets/markdown-editor-BF2D3Obs.js                          729.88 kB │ gzip: 245.01 kB
#12 14.87 
#12 14.87 ✓ built in 902ms
#12 14.87 [plugin builtin:vite-reporter] 
#12 14.87 (!) Some chunks are larger than 500 kB after minification. Consider:
#12 14.87 - Using dynamic import() to code-split the application
#12 14.87 - Use build.rolldownOptions.output.codeSplitting to improve chunking: https://rolldown.rs/reference/OutputOptions.codeSplitting
#12 14.87 - Adjust chunk size limit for this warning via build.chunkSizeWarningLimit.
#12 14.89 npm notice
#12 14.89 npm notice New major version of npm available! 10.9.9 -> 12.2.0
#12 14.89 npm notice Changelog: https://github.com/npm/cli/releases/tag/v12.2.0
#12 14.89 npm notice To update run: npm install -g npm@12.2.0
#12 14.89 npm notice
#12 DONE 14.9s

#5 [stage-2 1/3] FROM docker.io/library/nginx:1.27-alpine@sha256:65645c7bb6a0661892a8b03b89d0743208a18dd2f3f17a54ef4b76fb8e2f2a10
#5 CACHED

#13 [stage-2 2/3] COPY --from=build /app/dist /usr/share/nginx/html
#13 DONE 0.0s

#14 [stage-2 3/3] COPY nginx.conf /etc/nginx/conf.d/default.conf
#14 DONE 0.0s

#15 exporting to image
#15 exporting layers 0.1s done
#15 exporting manifest sha256:2d5ffecae65cf018dd878856b6a6983a0ae976ba1b2775e234d662f11f3f009b done
#15 exporting config sha256:1689c7407dfbf645e30d013a62a0cb26778cada304f9c35de7f22583784c2145
#15 exporting config sha256:1689c7407dfbf645e30d013a62a0cb26778cada304f9c35de7f22583784c2145 done
#15 exporting attestation manifest sha256:d1040cbff2e1aa2292f3f2871cef3a4726103bedff6129b08e3f5ca026533517 done
#15 exporting manifest list sha256:aa8c45147ba04a2fae9db27a1836326ebcb93a36a0c131fa068e17bc860dad18 done
#15 naming to docker.io/library/partsignal-frontend-v2:test done
#15 unpacking to docker.io/library/partsignal-frontend-v2:test 0.0s done
#15 DONE 0.1s
docker build -f backend/Dockerfile -t partsignal-backend:test backend
#0 building with "colima" instance using docker driver

#1 [internal] load build definition from Dockerfile
#1 transferring dockerfile: 594B done
#1 DONE 0.0s

#2 [auth] astral-sh/uv:pull token for ghcr.io
#2 DONE 0.0s

#3 [internal] load metadata for docker.io/library/python:3.12-slim
#3 DONE 1.5s

#4 [internal] load metadata for ghcr.io/astral-sh/uv:0.7.13
#4 DONE 1.7s

#5 [internal] load .dockerignore
#5 transferring context: 152B done
#5 DONE 0.0s

#6 FROM ghcr.io/astral-sh/uv:0.7.13@sha256:6c1e19020ec221986a210027040044a5df8de762eb36d5240e382bc41d7a9043
#6 resolve ghcr.io/astral-sh/uv:0.7.13@sha256:6c1e19020ec221986a210027040044a5df8de762eb36d5240e382bc41d7a9043 done
#6 DONE 0.0s

#7 [runtime 1/7] FROM docker.io/library/python:3.12-slim@sha256:dddfd7e07f9d15aeeca61529320492139d21cac7f0070c00609243e51e4e0016
#7 resolve docker.io/library/python:3.12-slim@sha256:dddfd7e07f9d15aeeca61529320492139d21cac7f0070c00609243e51e4e0016 done
#7 DONE 0.0s

#8 [internal] load build context
#8 transferring context: 680.87kB 0.0s done
#8 DONE 0.0s

#9 [runtime 4/7] COPY pyproject.toml uv.lock* ./
#9 CACHED

#10 [runtime 3/7] COPY --from=ghcr.io/astral-sh/uv:0.7.13 /uv /uvx /bin/
#10 CACHED

#11 [runtime 2/7] WORKDIR /app
#11 CACHED

#12 [runtime 5/7] RUN uv sync --no-dev --no-install-project
#12 CACHED

#13 [runtime 6/7] COPY . .
#13 DONE 0.0s

#14 [runtime 7/7] RUN uv sync --no-dev
#14 0.147 Resolved 88 packages in 0.68ms
#14 0.148    Building partsignal-backend @ file:///app
#14 3.292       Built partsignal-backend @ file:///app
#14 3.293 Prepared 1 package in 3.14s
#14 3.294 Installed 1 package in 1ms
#14 3.411 Bytecode compiled 2466 files in 116ms
#14 3.411  + partsignal-backend==0.1.0 (from file:///app)
#14 DONE 3.4s

#15 exporting to image
#15 exporting layers
#15 exporting layers 0.2s done
#15 exporting manifest sha256:07cfeffab29cdf3520af6512672e3a8998bb637d156441cc6f44ae3085d73c1d done
#15 exporting config sha256:f29db9c832bdd93aca673cbe94b8bd34a336a44fb3beb5587d587966ec79aee4 done
#15 exporting attestation manifest sha256:34a01ff098414c2f43b4a65e281e3098e01cef8c8c3c8ec02801e4640bf1d7e3 done
#15 exporting manifest list sha256:a11277e42cf8f087766e04ef899f579ee2f93976e15815aade510bc18d763f37 done
#15 naming to docker.io/library/partsignal-backend:test done
#15 unpacking to docker.io/library/partsignal-backend:test 0.1s done
#15 DONE 0.3s
