UV_CACHE_DIR=/Users/sc/PycharmProjects/partsignal/.cache/uv uv run --project backend pytest backend/tests/unit
........................................................................ [  9%]
........................................................................ [ 18%]
........................................................................ [ 27%]
........................................................................ [ 36%]
........................................................................ [ 45%]
........................................................................ [ 54%]
........................................................................ [ 63%]
........................................................................ [ 72%]
........................................................................ [ 81%]
........................................................................ [ 90%]
........................................................................ [ 99%]
..                                                                       [100%]
794 passed in 15.81s
npm --prefix frontend run test

> partsignal-frontend-v2@0.1.0 test
> vitest run


 RUN  v4.1.10 /Users/sc/PycharmProjects/partsignal/frontend


 Test Files  91 passed (91)
      Tests  861 passed (861)
   Start at  14:11:32
   Duration  18.32s (transform 7.93s, setup 6.58s, import 25.50s, tests 89.77s, environment 33.13s)

