PHASE4_GATE candidate=51bf9c08b31fd6363ee3cb5a2539f03c4f076198
PHASE4_GATE started_at=2026-08-12 15:58:31 +0800
PHASE4_GATE command=make verify
UV_CACHE_DIR=/Users/sc/PycharmProjects/partsignal/.cache/uv uv run --project backend python -m app.tools.contract_check contracts/openapi.yaml
FastAPI 运行时操作与 OpenAPI 0.1.1 递归 Schema 语义一致。
npm --prefix frontend run api:check

> partsignal-frontend@0.1.0 api:check
> node scripts/check-openapi.mjs

✨ openapi-typescript 7.13.0
🚀 ../contracts/openapi.yaml → /var/folders/m5/j06tv2sn1hn93d6f33j559jm0000gn/T/partsignal-openapi-SXvbUN/schema.d.ts [101.5ms]
OpenAPI 类型与冻结契约一致。
npm --prefix frontend-v2 run api:check

> partsignal-frontend-v2@0.1.0 api:check
> node scripts/check-openapi.mjs

✨ openapi-typescript 7.13.0
🚀 ../contracts/openapi.yaml → /var/folders/m5/j06tv2sn1hn93d6f33j559jm0000gn/T/partsignal-v2-openapi-K16Cer/schema.d.ts [101.8ms]
OpenAPI 类型与根合同一致。
UV_CACHE_DIR=/Users/sc/PycharmProjects/partsignal/.cache/uv uv run --project backend ruff check backend
All checks passed!
npm --prefix frontend run lint

> partsignal-frontend@0.1.0 lint
> eslint . --max-warnings 0 && node scripts/check-theme-colors.mjs

npm --prefix frontend-v2 run lint

> partsignal-frontend-v2@0.1.0 lint
> eslint . --max-warnings 0

UV_CACHE_DIR=/Users/sc/PycharmProjects/partsignal/.cache/uv uv run --project backend mypy --config-file backend/pyproject.toml backend/app
Success: no issues found in 77 source files
npm --prefix frontend run typecheck

> partsignal-frontend@0.1.0 typecheck
> tsc -b --pretty false

npm --prefix frontend-v2 run typecheck

> partsignal-frontend-v2@0.1.0 typecheck
> tsc -b --pretty false

UV_CACHE_DIR=/Users/sc/PycharmProjects/partsignal/.cache/uv uv run --project backend pytest backend/tests/unit
........................................................................ [ 39%]
........................................................................ [ 79%]
.............F.......................                                    [100%]
=================================== FAILURES ===================================
______________ test_production_rejects_development_session_secret ______________

    def test_production_rejects_development_session_secret() -> None:
        with pytest.raises(ValidationError, match="独立 SESSION_SECRET"):
>           Settings(
                _env_file=None,
                APP_ENV="production",
                SESSION_SECRET=DEVELOPMENT_SESSION_SECRET,
                SESSION_COOKIE_SECURE=True,
                OBJECT_STORAGE_BACKEND="aliyun_oss",
                OSS_ENDPOINT="https://oss.example.invalid",
                OSS_BUCKET="test",
                OSS_ACCESS_KEY_ID="test-key",
                OSS_ACCESS_KEY_SECRET="test-secret",
            )

backend/tests/unit/test_security_and_publication.py:153: 
_ _ _ _ _ _ _ _ _ _ _ _ _ _ _ _ _ _ _ _ _ _ _ _ _ _ _ _ _ _ _ _ _ _ _ _ _ _ _ _ 

__pydantic_self__ = Settings(environment='production', database_url='postgresql+psycopg://partsignal:partsignal_dev@127.0.0.1:55432/partsi...'deterministic', ai_credential_encryption_key='AAAAAAAAAAAAAAAAAAAAAAAAAAAAAAAAAAAAAAAAAAA=', ai_allow_local_http=True)
_case_sensitive = None, _nested_model_default_partial_update = None
_env_prefix = None, _env_prefix_target = None, _env_file = None
_env_file_encoding = None, _env_ignore_empty = None
_env_nested_delimiter = None, _env_nested_max_split = None
_env_parse_none_str = None, _env_parse_enums = None, _cli_prog_name = None
_cli_parse_args = None, _cli_settings_source = None, _cli_parse_none_str = None
_cli_hide_none_type = None, _cli_avoid_json = None, _cli_enforce_required = None
_cli_use_class_docs_for_groups = None, _cli_exit_on_error = None
_cli_prefix = None, _cli_flag_prefix_char = None, _cli_implicit_flags = None
_cli_ignore_unknown_args = None, _cli_kebab_case = None, _cli_shortcuts = None
_secrets_dir = None, _build_sources = None
values = {'APP_ENV': 'production', 'OBJECT_STORAGE_BACKEND': 'aliyun_oss', 'OSS_ACCESS_KEY_ID': 'test-key', 'OSS_ACCESS_KEY_SECRET': 'test-secret', ...}
sources = (InitSettingsSource(init_kwargs={'APP_ENV': 'production', 'SESSION_SECRET': 'development-only-change-me-32-bytes', 'SE...efix_len=0), SecretsSettingsSource(secrets_dir=None), DefaultSettingsSource(nested_model_default_partial_update=False))
init_kwargs = {'APP_ENV': 'production', 'OBJECT_STORAGE_BACKEND': 'aliyun_oss', 'OSS_ACCESS_KEY_ID': 'test-key', 'OSS_ACCESS_KEY_SECRET': 'test-secret', ...}

    def __init__(
        __pydantic_self__,
        _case_sensitive: bool | None = None,
        _nested_model_default_partial_update: bool | None = None,
        _env_prefix: str | None = None,
        _env_prefix_target: EnvPrefixTarget | None = None,
        _env_file: DotenvType | None = ENV_FILE_SENTINEL,
        _env_file_encoding: str | None = None,
        _env_ignore_empty: bool | None = None,
        _env_nested_delimiter: str | None = None,
        _env_nested_max_split: int | None = None,
        _env_parse_none_str: str | None = None,
        _env_parse_enums: bool | None = None,
        _cli_prog_name: str | None = None,
        _cli_parse_args: bool | list[str] | tuple[str, ...] | None = None,
        _cli_settings_source: CliSettingsSource[Any] | None = None,
        _cli_parse_none_str: str | None = None,
        _cli_hide_none_type: bool | None = None,
        _cli_avoid_json: bool | None = None,
        _cli_enforce_required: bool | None = None,
        _cli_use_class_docs_for_groups: bool | None = None,
        _cli_exit_on_error: bool | None = None,
        _cli_prefix: str | None = None,
        _cli_flag_prefix_char: str | None = None,
        _cli_implicit_flags: bool | Literal['dual', 'toggle'] | None = None,
        _cli_ignore_unknown_args: bool | None = None,
        _cli_kebab_case: bool | Literal['all', 'no_enums'] | None = None,
        _cli_shortcuts: Mapping[str, str | list[str]] | None = None,
        _secrets_dir: PathType | None = None,
        _build_sources: tuple[tuple[PydanticBaseSettingsSource, ...], dict[str, Any]] | None = None,
        **values: Any,
    ) -> None:
        sources, init_kwargs = (
            _build_sources
            if _build_sources is not None
            else __pydantic_self__.__class__._settings_init_sources(
                _case_sensitive=_case_sensitive,
                _nested_model_default_partial_update=_nested_model_default_partial_update,
                _env_prefix=_env_prefix,
                _env_prefix_target=_env_prefix_target,
                _env_file=_env_file,
                _env_file_encoding=_env_file_encoding,
                _env_ignore_empty=_env_ignore_empty,
                _env_nested_delimiter=_env_nested_delimiter,
                _env_nested_max_split=_env_nested_max_split,
                _env_parse_none_str=_env_parse_none_str,
                _env_parse_enums=_env_parse_enums,
                _cli_prog_name=_cli_prog_name,
                _cli_parse_args=_cli_parse_args,
                _cli_settings_source=_cli_settings_source,
                _cli_parse_none_str=_cli_parse_none_str,
                _cli_hide_none_type=_cli_hide_none_type,
                _cli_avoid_json=_cli_avoid_json,
                _cli_enforce_required=_cli_enforce_required,
                _cli_use_class_docs_for_groups=_cli_use_class_docs_for_groups,
                _cli_exit_on_error=_cli_exit_on_error,
                _cli_prefix=_cli_prefix,
                _cli_flag_prefix_char=_cli_flag_prefix_char,
                _cli_implicit_flags=_cli_implicit_flags,
                _cli_ignore_unknown_args=_cli_ignore_unknown_args,
                _cli_kebab_case=_cli_kebab_case,
                _cli_shortcuts=_cli_shortcuts,
                _secrets_dir=_secrets_dir,
                _init_kwargs=values,
            )
        )
    
>       super().__init__(**__pydantic_self__.__class__._settings_build_values(sources, init_kwargs))
E       pydantic_core._pydantic_core.ValidationError: 1 validation error for Settings
E         Value error, AI_ALLOW_LOCAL_HTTP 仅允许在 development 或 test 环境启用 [type=value_error, input_value={'DATABASE_URL': 'postgre..._SECRET': 'test-secret'}, input_type=dict]
E           For further information visit https://errors.pydantic.dev/2.13/v/value_error

backend/.venv/lib/python3.12/site-packages/pydantic_settings/main.py:247: ValidationError

During handling of the above exception, another exception occurred:

    def test_production_rejects_development_session_secret() -> None:
>       with pytest.raises(ValidationError, match="独立 SESSION_SECRET"):
             ^^^^^^^^^^^^^^^^^^^^^^^^^^^^^^^^^^^^^^^^^^^^^^^^^^^^^^^^^
E       AssertionError: Regex pattern did not match.
E        Regex: '独立 SESSION_SECRET'
E        Input: "1 validation error for Settings\n  Value error, AI_ALLOW_LOCAL_HTTP 仅允许在 development 或 test 环境启用 [type=value_error, input_value={'DATABASE_URL': 'postgre..._SECRET': 'test-secret'}, input_type=dict]\n    For further information visit https://errors.pydantic.dev/2.13/v/value_error"

backend/tests/unit/test_security_and_publication.py:152: AssertionError
=========================== short test summary info ============================
FAILED backend/tests/unit/test_security_and_publication.py::test_production_rejects_development_session_secret
1 failed, 180 passed in 3.27s
make: *** [test-unit] Error 1
PHASE4_GATE finished_at=2026-08-12 15:58:49 +0800
PHASE4_GATE exit_code=2
