UV_CACHE_DIR=.cache/uv uv run --project backend python deploy/scripts/test-geo-collector-contract.py
................F....................................................... [ 37%]
........................................................................ [ 75%]
..............................................                           [100%]
=================================== FAILURES ===================================
___ test_call_counter_observes_duplicates_concurrency_and_instance_isolation ___

    def test_call_counter_observes_duplicates_concurrency_and_instance_isolation():
        attempt = uuid4()
        body = b'{"messages":[{"role":"user","content":"fixture"}]}'
        with running_geo_fake() as first, running_geo_fake() as second:
            with ThreadPoolExecutor(max_workers=6) as pool:
                futures = [pool.submit(send, first, attempt, body) for _ in range(12)]
>               assert all(f.result(timeout=5).status_code == 200 for f in futures)
                       ^^^^^^^^^^^^^^^^^^^^^^^^^^^^^^^^^^^^^^^^^^^^^^^^^^^^^^^^^^^^

backend/tests/unit/test_geo_fake_provider.py:138: 
_ _ _ _ _ _ _ _ _ _ _ _ _ _ _ _ _ _ _ _ _ _ _ _ _ _ _ _ _ _ _ _ _ _ _ _ _ _ _ _ 
backend/tests/unit/test_geo_fake_provider.py:138: in <genexpr>
    assert all(f.result(timeout=5).status_code == 200 for f in futures)
               ^^^^^^^^^^^^^^^^^^^
../../.local/share/uv/python/cpython-3.12.13-macos-aarch64-none/lib/python3.12/concurrent/futures/_base.py:449: in result
    return self.__get_result()
           ^^^^^^^^^^^^^^^^^^^
../../.local/share/uv/python/cpython-3.12.13-macos-aarch64-none/lib/python3.12/concurrent/futures/_base.py:401: in __get_result
    raise self._exception
../../.local/share/uv/python/cpython-3.12.13-macos-aarch64-none/lib/python3.12/concurrent/futures/thread.py:59: in run
    result = self.fn(*self.args, **self.kwargs)
             ^^^^^^^^^^^^^^^^^^^^^^^^^^^^^^^^^^
backend/tests/unit/test_geo_fake_provider.py:20: in send
    return PinnedHTTPTransport(allow_local_http=True, max_response_bytes=4096).request(
_ _ _ _ _ _ _ _ _ _ _ _ _ _ _ _ _ _ _ _ _ _ _ _ _ _ _ _ _ _ _ _ _ _ _ _ _ _ _ _ 

self = <app.services.pinned_http.PinnedHTTPTransport object at 0x10d2fc320>

    def request(
        self,
        *,
        method: str,
        base_url: str,
        suffix: str,
        headers: dict[str, str],
        timeout_seconds: int,
        body: bytes | None,
        before_send: Callable[[], None] | None = None,
        max_response_bytes: int | None = None,
    ) -> PinnedResponse:
        """最多发送一次 HTTP 请求；开始发送后任何失败都不会换地址重试。"""
        limit = self._max_response_bytes
        if max_response_bytes is not None:
            if max_response_bytes <= 0:
                raise ValueError("响应上限必须大于零")
            limit = min(limit, max_response_bytes)
        try:
            endpoint = resolve_endpoint(
                base_url,
                allow_local_http=self._allow_local_http,
                resolver=self._resolver,
            )
        except AppError as error:
            raise PinnedTransportError(
                error.code,
                error.message,
                error.status_code,
                stage="CONFIGURATION",
                request_started=False,
            ) from None
        try:
            connection = self._connect(endpoint, timeout_seconds)
        except AppError as error:
>           raise PinnedTransportError(
                error.code,
                error.message,
                error.status_code,
                stage="CONNECT",
                request_started=False,
            ) from None
E           app.services.pinned_http.PinnedTransportError: AI 渠道网络请求失败

backend/app/services/pinned_http.py:248: PinnedTransportError
=========================== short test summary info ============================
FAILED backend/tests/unit/test_geo_fake_provider.py::test_call_counter_observes_duplicates_concurrency_and_instance_isolation
1 failed, 189 passed in 10.17s
GEO_CONTRACT_RESULT tests=1 secret_scan=0 external_network=blocked
make: *** [test-geo-collector-contract] Error 1
