UV_CACHE_DIR=/Users/sc/PycharmProjects/partsignal/.cache/uv uv run --project backend python deploy/scripts/test-geo-browser-contract.py --container
✔ 本地参考Adapter：streaming完整结果 (614.887167ms)
✔ 本地参考Adapter：paused-stream完整结果 (728.415334ms)
✔ 本地参考Adapter：early-complete完整结果 (436.16275ms)
✔ 本地参考Adapter：no-citations完整结果 (379.084667ms)
✔ 本地参考Adapter：unknown-metadata完整结果 (417.728459ms)
✔ 本地参考Adapter：sensitive-ui完整结果 (421.662333ms)
✔ 本地参考Adapter：已登录context (419.82125ms)
✔ 本地参考Adapter：匿名context不继承登录资料 (69.3455ms)
✔ 本地参考Adapter：expired-login稳定失败 (52.609125ms)
✔ 本地参考Adapter：selector-changed稳定失败 (48.663334ms)
✔ 本地参考Adapter：challenge稳定失败 (47.380834ms)
✔ 本地参考Adapter：answer-selector-changed稳定失败 (199.806209ms)
✔ 本地参考Adapter：duplicate-answer稳定失败 (183.704166ms)
✔ 本地参考Adapter：challenge-after-send稳定失败 (138.5345ms)
✔ 本地参考Adapter：login-after-send稳定失败 (185.087834ms)
✔ 本地参考Adapter：timeout稳定失败 (1246.910334ms)
✔ 本地参考Adapter：empty-answer稳定失败 (416.909708ms)
✔ 本地参考Adapter：发送授权拒绝 (117.658084ms)
✔ 本地参考Adapter：回答大小上限 (424.963792ms)
✔ 套件拒绝完成信号出现时立即返回的部分答案 (760.375708ms)
✔ 套件拒绝丢失晚到引用或把重复URL静默合并 (434.861583ms)
✔ 套件以真实POST记录拒绝发送后自动重复调用 (830.71325ms)
✔ 套件拒绝吞掉selector失败并伪装成功 (74.927042ms)
✔ 套件拒绝异常摘要及编码形式敏感值泄漏 (409.1535ms)
✔ 敏感UI确实存在且登录/临时storage不跨context，未存截图或trace (140.931708ms)
✔ 非fixture HTTP导航和WebSocket都在发包前被拒绝 (74.598292ms)
✔ 模拟站多实例、attempt隔离；重复POST不去重且观测不保留正文 (77.482375ms)
ℹ tests 27
ℹ suites 0
ℹ pass 27
ℹ fail 0
ℹ cancelled 0
ℹ skipped 0
ℹ todo 0
ℹ duration_ms 9534.585796
BROWSER_CONTRACT_RESULT tests=0 typed_results=18 secret_scan=0 external_network=blocked
