UV_CACHE_DIR=/Users/sc/PycharmProjects/partsignal/.cache/uv uv run --project backend python deploy/scripts/test-geo-browser-contract.py --container
Unable to find image 'mcr.microsoft.com/playwright:v1.61.1-noble' locally
v1.61.1-noble: Pulling from playwright
Digest: sha256:5b8f294aff9041b7191c34a4bab3ac270157a28774d4b0660e9743297b697e48
Status: Downloaded newer image for mcr.microsoft.com/playwright:v1.61.1-noble
✔ 本地参考Adapter：streaming完整结果 (673.565334ms)
✔ 本地参考Adapter：paused-stream完整结果 (736.228584ms)
✔ 本地参考Adapter：early-complete完整结果 (448.374501ms)
✔ 本地参考Adapter：no-citations完整结果 (362.947125ms)
✔ 本地参考Adapter：unknown-metadata完整结果 (439.186ms)
✔ 本地参考Adapter：sensitive-ui完整结果 (430.902ms)
✔ 本地参考Adapter：已登录context (434.840792ms)
✔ 本地参考Adapter：匿名context不继承登录资料 (69.380666ms)
✔ 本地参考Adapter：expired-login稳定失败 (66.610125ms)
✔ 本地参考Adapter：selector-changed稳定失败 (43.296667ms)
✔ 本地参考Adapter：challenge稳定失败 (37.184834ms)
✔ 本地参考Adapter：answer-selector-changed稳定失败 (168.945625ms)
✔ 本地参考Adapter：duplicate-answer稳定失败 (180.918625ms)
✔ 本地参考Adapter：challenge-after-send稳定失败 (148.606125ms)
✔ 本地参考Adapter：login-after-send稳定失败 (151.427166ms)
✔ 本地参考Adapter：timeout稳定失败 (1227.142626ms)
✔ 本地参考Adapter：empty-answer稳定失败 (438.038958ms)
✔ 本地参考Adapter：发送授权拒绝 (103.129ms)
✔ 本地参考Adapter：回答大小上限 (414.011917ms)
✔ 套件拒绝完成信号出现时立即返回的部分答案 (744.791667ms)
✔ 套件拒绝丢失晚到引用或把重复URL静默合并 (435.080167ms)
✔ 套件以真实POST记录拒绝发送后自动重复调用 (867.644083ms)
✔ 套件拒绝吞掉selector失败并伪装成功 (71.861583ms)
✔ 套件拒绝异常摘要及编码形式敏感值泄漏 (409.036167ms)
✔ 敏感UI确实存在且登录/临时storage不跨context，未存截图或trace (99.685625ms)
✔ 非fixture HTTP导航和WebSocket都在发包前被拒绝 (68.528833ms)
✔ 模拟站多实例、attempt隔离；重复POST不去重且观测不保留正文 (62.805042ms)
ℹ tests 27
ℹ suites 0
ℹ pass 27
ℹ fail 0
ℹ cancelled 0
ℹ skipped 0
ℹ todo 0
ℹ duration_ms 9546.656421
BROWSER_CONTRACT_RESULT tests=0 typed_results=18 secret_scan=0 external_network=blocked
