UV_CACHE_DIR=/Users/sc/PycharmProjects/partsignal/.cache/uv uv run --project backend python deploy/scripts/test-geo-browser-contract.py 
✔ 本地参考Adapter：streaming完整结果 (552.100584ms)
✔ 本地参考Adapter：paused-stream完整结果 (705.6315ms)
✔ 本地参考Adapter：early-complete完整结果 (400.423291ms)
✔ 本地参考Adapter：no-citations完整结果 (349.461208ms)
✔ 本地参考Adapter：unknown-metadata完整结果 (399.718417ms)
✔ 本地参考Adapter：sensitive-ui完整结果 (400.519875ms)
✔ 本地参考Adapter：已登录context (399.407792ms)
✔ 本地参考Adapter：匿名context不继承登录资料 (51.701625ms)
✔ 本地参考Adapter：expired-login稳定失败 (53.994083ms)
✔ 本地参考Adapter：selector-changed稳定失败 (52.767792ms)
✔ 本地参考Adapter：challenge稳定失败 (60.364958ms)
✔ 本地参考Adapter：answer-selector-changed稳定失败 (197.147875ms)
✔ 本地参考Adapter：duplicate-answer稳定失败 (200.72925ms)
✔ 本地参考Adapter：challenge-after-send稳定失败 (149.966833ms)
✔ 本地参考Adapter：login-after-send稳定失败 (149.736167ms)
✔ 本地参考Adapter：timeout稳定失败 (1218.886583ms)
✔ 本地参考Adapter：empty-answer稳定失败 (397.059708ms)
✔ 本地参考Adapter：发送授权拒绝 (86.485625ms)
✔ 本地参考Adapter：回答大小上限 (397.156208ms)
✔ 套件拒绝完成信号出现时立即返回的部分答案 (700.791167ms)
✔ 套件拒绝丢失晚到引用或把重复URL静默合并 (399.020917ms)
✔ 套件以真实POST记录拒绝发送后自动重复调用 (802.485042ms)
✔ 套件拒绝吞掉selector失败并伪装成功 (66.458333ms)
✔ 套件拒绝异常摘要及编码形式敏感值泄漏 (418.338875ms)
✔ 敏感UI确实存在且登录/临时storage不跨context，未存截图或trace (117.659542ms)
✔ 非fixture HTTP导航和WebSocket都在发包前被拒绝 (121.547375ms)
✔ 模拟站多实例、attempt隔离；重复POST不去重且观测不保留正文 (114.665541ms)
ℹ tests 27
ℹ suites 0
ℹ pass 27
ℹ fail 0
ℹ cancelled 0
ℹ skipped 0
ℹ todo 0
ℹ duration_ms 9196.799125
BROWSER_CONTRACT_RESULT tests=0 typed_results=18 secret_scan=0 external_network=blocked
