 Container partsignal-geo501-validation-postgres-1 Running 
 Container partsignal-geo501-validation-redis-1 Running 
 Container partsignal-geo501-validation-fake-oss-1 Running 
 Container partsignal-geo501-validation-postgres-1 Waiting 
 Container partsignal-geo501-validation-postgres-1 Healthy 
 Container partsignal-geo501-validation-backend-test-run-cf67796febdd Creating 
 Container partsignal-geo501-validation-backend-test-run-cf67796febdd Created 
...........................................                              [100%]
=============================== warnings summary ===============================
tests/integration/test_geo_answer_migration.py::test_forward_keeps_nonempty_history_and_matches_models
  /app/tests/integration/test_geo_answer_migration.py:54: SAWarning: Cannot correctly sort tables; there are unresolvable cycles between tables "content_tasks, content_versions, generation_jobs, publication_verifications, publication_works, published_articles, published_content_issues", which is usually caused by mutually dependent foreign key constraints.  Foreign key constraints involving these tables will not be considered; this warning may raise an error in a future release.
    assert compare_metadata(context, Base.metadata) == []

tests/integration/test_geo_answer_migration.py::test_forward_keeps_nonempty_history_and_matches_models
  /app/tests/integration/test_geo_answer_migration.py:54: SAWarning: Can't validate argument 'dialect_options'; can't locate any SQLAlchemy dialect named 'dialect'
    assert compare_metadata(context, Base.metadata) == []

tests/integration/test_geo_run_migration.py::test_forward_preserves_nonempty_old_geo_and_matches_metadata
  /app/tests/integration/test_geo_run_migration.py:67: SAWarning: Cannot correctly sort tables; there are unresolvable cycles between tables "content_tasks, content_versions, generation_jobs, publication_verifications, publication_works, published_articles, published_content_issues", which is usually caused by mutually dependent foreign key constraints.  Foreign key constraints involving these tables will not be considered; this warning may raise an error in a future release.
    assert compare_metadata(context, Base.metadata) == []

tests/integration/test_geo_run_migration.py::test_forward_preserves_nonempty_old_geo_and_matches_metadata
  /app/tests/integration/test_geo_run_migration.py:67: SAWarning: Can't validate argument 'dialect_options'; can't locate any SQLAlchemy dialect named 'dialect'
    assert compare_metadata(context, Base.metadata) == []

-- Docs: https://docs.pytest.org/en/stable/how-to/capture-warnings.html
43 passed, 4 warnings in 9.15s
