 Image partsignal-geo501-backend-test Building 
#1 [internal] load local bake definitions
#1 reading from stdin 607B done
#1 DONE 0.0s

#2 [internal] load build definition from Dockerfile
#2 transferring dockerfile: 594B done
#2 DONE 0.0s

#3 [internal] load metadata for docker.io/library/python:3.12-slim
#3 ...

#4 [auth] astral-sh/uv:pull token for ghcr.io
#4 DONE 0.0s

#5 [internal] load metadata for ghcr.io/astral-sh/uv:0.7.13
#5 ...

#3 [internal] load metadata for docker.io/library/python:3.12-slim
#3 DONE 1.7s

#5 [internal] load metadata for ghcr.io/astral-sh/uv:0.7.13
#5 DONE 1.8s

#6 [internal] load .dockerignore
#6 transferring context: 152B done
#6 DONE 0.0s

#7 FROM ghcr.io/astral-sh/uv:0.7.13@sha256:6c1e19020ec221986a210027040044a5df8de762eb36d5240e382bc41d7a9043
#7 resolve ghcr.io/astral-sh/uv:0.7.13@sha256:6c1e19020ec221986a210027040044a5df8de762eb36d5240e382bc41d7a9043 done
#7 DONE 0.0s

#8 [runtime 1/7] FROM docker.io/library/python:3.12-slim@sha256:dddfd7e07f9d15aeeca61529320492139d21cac7f0070c00609243e51e4e0016
#8 resolve docker.io/library/python:3.12-slim@sha256:dddfd7e07f9d15aeeca61529320492139d21cac7f0070c00609243e51e4e0016 done
#8 DONE 0.0s

#9 [internal] load build context
#9 transferring context: 59.19kB 0.0s done
#9 DONE 0.0s

#10 [runtime 2/7] WORKDIR /app
#10 CACHED

#11 [runtime 3/7] COPY --from=ghcr.io/astral-sh/uv:0.7.13 /uv /uvx /bin/
#11 CACHED

#12 [runtime 5/7] RUN uv sync --no-dev --no-install-project
#12 CACHED

#13 [runtime 4/7] COPY pyproject.toml uv.lock* ./
#13 CACHED

#14 [runtime 6/7] COPY . .
#14 CACHED

#15 [runtime 7/7] RUN uv sync --no-dev
#15 CACHED

#16 [test 1/1] RUN uv sync --all-extras
#16 0.070 Resolved 88 packages in 0.60ms
#16 1.041 Downloading ruff (10.5MiB)
#16 1.134 Downloading pygments (1.2MiB)
#16 1.135 Downloading mypy (13.1MiB)
#16 1.673  Downloading pygments
#16 2.553  Downloading ruff
#16 2.824  Downloading mypy
#16 2.824 Prepared 20 packages in 2.75s
#16 2.884 Installed 20 packages in 59ms
#16 3.436 Bytecode compiled 3437 files in 552ms
#16 3.436  + attrs==26.1.0
#16 3.436  + coverage==7.15.0
#16 3.436  + httpcore2==2.9.1
#16 3.436  + httpx2==2.9.1
#16 3.436  + iniconfig==2.3.0
#16 3.436  + jsonschema==4.26.0
#16 3.436  + jsonschema-specifications==2025.9.1
#16 3.436  + librt==0.13.0
#16 3.436  + mypy==1.20.2
#16 3.436  + mypy-extensions==1.1.0
#16 3.436  + pathspec==1.1.1
#16 3.436  + pluggy==1.6.0
#16 3.436  + pygments==2.20.0
#16 3.436  + pytest==8.4.2
#16 3.436  + pytest-cov==6.3.0
#16 3.436  + referencing==0.37.0
#16 3.436  + rpds-py==2026.6.3
#16 3.436  + ruff==0.15.21
#16 3.436  + truststore==0.10.4
#16 3.436  + types-pyyaml==6.0.12.20260518
#16 DONE 3.7s

#17 exporting to image
#17 exporting layers
#17 exporting layers 2.9s done
#17 exporting manifest sha256:737e457bd55bcc65643f3cbca25cc49b40dbe697d2b57944a159e1d55c870d49
#17 exporting manifest sha256:737e457bd55bcc65643f3cbca25cc49b40dbe697d2b57944a159e1d55c870d49 done
#17 exporting config sha256:28cad607a1c306bed1ca0acb4cc8215517f89d6549be4d599d3d34186edccad7 done
#17 exporting attestation manifest sha256:2ee13214d9b5cd5e0981cd11b60e591d214f23d5cc09cee524cffed821c75c17 done
#17 exporting manifest list sha256:5263c684c49e1e8e5e6f0a5e562e47bcb8d9802104558a78fd1d678f58b96bd5 done
#17 naming to docker.io/library/partsignal-geo501-backend-test:latest done
#17 unpacking to docker.io/library/partsignal-geo501-backend-test:latest
#17 unpacking to docker.io/library/partsignal-geo501-backend-test:latest 0.7s done
#17 DONE 3.6s

#18 resolving provenance for metadata file
#18 DONE 0.0s
 Image partsignal-geo501-backend-test Built 
 Network partsignal-geo501-validation_default Creating 
 Network partsignal-geo501-validation_default Created 
 Volume partsignal-geo501-validation_geo501-postgres Creating 
 Volume partsignal-geo501-validation_geo501-postgres Created 
 Volume partsignal-geo501-validation_geo501-oss Creating 
 Volume partsignal-geo501-validation_geo501-oss Created 
 Container partsignal-geo501-validation-redis-1 Creating 
 Container partsignal-geo501-validation-fake-oss-1 Creating 
 Container partsignal-geo501-validation-postgres-1 Creating 
 Container partsignal-geo501-validation-fake-oss-1 Created 
 Container partsignal-geo501-validation-postgres-1 Created 
 Container partsignal-geo501-validation-redis-1 Created 
 Container partsignal-geo501-validation-fake-oss-1 Starting 
 Container partsignal-geo501-validation-postgres-1 Starting 
 Container partsignal-geo501-validation-redis-1 Starting 
 Container partsignal-geo501-validation-postgres-1 Started 
 Container partsignal-geo501-validation-fake-oss-1 Started 
 Container partsignal-geo501-validation-redis-1 Started 
