 Network partsignal-geo602-validation_default Creating 
 Network partsignal-geo602-validation_default Created 
 Volume partsignal-geo602-validation_geo602-postgres Creating 
 Volume partsignal-geo602-validation_geo602-postgres Created 
 Volume partsignal-geo602-validation_geo602-oss Creating 
 Volume partsignal-geo602-validation_geo602-oss Created 
 Container partsignal-geo602-validation-redis-1 Creating 
 Container partsignal-geo602-validation-fake-oss-1 Creating 
 Container partsignal-geo602-validation-postgres-1 Creating 
 Container partsignal-geo602-validation-fake-oss-1 Created 
 Container partsignal-geo602-validation-redis-1 Created 
 Container partsignal-geo602-validation-postgres-1 Created 
 Container partsignal-geo602-validation-redis-1 Starting 
 Container partsignal-geo602-validation-fake-oss-1 Starting 
 Container partsignal-geo602-validation-postgres-1 Starting 
 Container partsignal-geo602-validation-redis-1 Started 
 Container partsignal-geo602-validation-postgres-1 Started 
 Container partsignal-geo602-validation-fake-oss-1 Started 
 Container partsignal-geo602-validation-postgres-1 Waiting 
 Container partsignal-geo602-validation-postgres-1 Healthy 
 Container partsignal-geo602-validation-backend-test-run-48e9927aa05d Creating 
 Container partsignal-geo602-validation-backend-test-run-48e9927aa05d Created 
.......                                                                  [100%]
7 passed in 5.12s
