 Container partsignal-geo602-validation-fake-oss-1 Running 
 Container partsignal-geo602-validation-postgres-1 Running 
 Container partsignal-geo602-validation-redis-1 Running 
 Container partsignal-geo602-validation-postgres-1 Waiting 
 Container partsignal-geo602-validation-postgres-1 Healthy 
 Container partsignal-geo602-validation-backend-test-run-5e75ccd7f12e Creating 
 Container partsignal-geo602-validation-backend-test-run-5e75ccd7f12e Created 
FFFFFF                                                                   [100%]
=================================== FAILURES ===================================
________ test_empty_overview_auth_validation_and_closed_public_payload _________

review_api = ReviewAPI(harness=AnalysisHarness(database=AnswerDatabase(runs=RunDatabase(plan=PlanDatabase(url='postgresql://partsig...s=<starlette.testclient.TestClient object at 0xfa3934330260>, engineer_id=UUID('adaa3192-f7b4-4098-8bdc-0944e97af1fd'))

    def test_empty_overview_auth_validation_and_closed_public_payload(review_api):
        api = review_api
>       value = overview(api, subject_ids=str(uuid4()))
                ^^^^^^^^^^^^^^^^^^^^^^^^^^^^^^^^^^^^^^^

tests/integration/test_geo_overview.py:67: 
_ _ _ _ _ _ _ _ _ _ _ _ _ _ _ _ _ _ _ _ _ _ _ _ _ _ _ _ _ _ _ _ _ _ _ _ _ _ _ _ 
tests/integration/test_geo_overview.py:44: in overview
    response = api.engineer.get(PATH, params=params(api, case, **patch))
               ^^^^^^^^^^^^^^^^^^^^^^^^^^^^^^^^^^^^^^^^^^^^^^^^^^^^^^^^^
/opt/venv/lib/python3.12/site-packages/starlette/testclient.py:482: in get
    return super().get(
/opt/venv/lib/python3.12/site-packages/httpx2/_client.py:1118: in get
    return self.request(
/opt/venv/lib/python3.12/site-packages/starlette/testclient.py:454: in request
    return super().request(
/opt/venv/lib/python3.12/site-packages/httpx2/_client.py:803: in request
    return self.send(request, auth=auth, follow_redirects=follow_redirects)
           ^^^^^^^^^^^^^^^^^^^^^^^^^^^^^^^^^^^^^^^^^^^^^^^^^^^^^^^^^^^^^^^^
/opt/venv/lib/python3.12/site-packages/httpx2/_client.py:985: in send
    response = self._send_handling_auth(
/opt/venv/lib/python3.12/site-packages/httpx2/_client.py:1013: in _send_handling_auth
    response = self._send_handling_redirects(
/opt/venv/lib/python3.12/site-packages/httpx2/_client.py:1048: in _send_handling_redirects
    response = self._send_single_request(request)
               ^^^^^^^^^^^^^^^^^^^^^^^^^^^^^^^^^^
/opt/venv/lib/python3.12/site-packages/httpx2/_client.py:1081: in _send_single_request
    response = transport.handle_request(request)
               ^^^^^^^^^^^^^^^^^^^^^^^^^^^^^^^^^
/opt/venv/lib/python3.12/site-packages/starlette/testclient.py:356: in handle_request
    raise exc
/opt/venv/lib/python3.12/site-packages/starlette/testclient.py:353: in handle_request
    portal.call(self.app, scope, receive, send)
/opt/venv/lib/python3.12/site-packages/anyio/from_thread.py:338: in call
    return cast(T_Retval, self.start_task_soon(func, *args).result())
                          ^^^^^^^^^^^^^^^^^^^^^^^^^^^^^^^^^^^^^^^^^^
/usr/local/lib/python3.12/concurrent/futures/_base.py:456: in result
    return self.__get_result()
           ^^^^^^^^^^^^^^^^^^^
/usr/local/lib/python3.12/concurrent/futures/_base.py:401: in __get_result
    raise self._exception
/opt/venv/lib/python3.12/site-packages/anyio/from_thread.py:263: in _call_func
    retval = await retval_or_awaitable
             ^^^^^^^^^^^^^^^^^^^^^^^^^
/opt/venv/lib/python3.12/site-packages/fastapi/applications.py:1163: in __call__
    await super().__call__(scope, receive, send)
/opt/venv/lib/python3.12/site-packages/starlette/applications.py:90: in __call__
    await self.middleware_stack(scope, receive, send)
/opt/venv/lib/python3.12/site-packages/starlette/middleware/errors.py:186: in __call__
    raise exc
/opt/venv/lib/python3.12/site-packages/starlette/middleware/errors.py:164: in __call__
    await self.app(scope, receive, _send)
/opt/venv/lib/python3.12/site-packages/starlette/middleware/base.py:193: in __call__
    response = await self.dispatch_func(request, call_next)
               ^^^^^^^^^^^^^^^^^^^^^^^^^^^^^^^^^^^^^^^^^^^^
app/main.py:290: in request_context
    response = await call_next(request)
               ^^^^^^^^^^^^^^^^^^^^^^^^
/opt/venv/lib/python3.12/site-packages/starlette/middleware/base.py:168: in call_next
    raise app_exc from app_exc.__cause__ or app_exc.__context__
/opt/venv/lib/python3.12/site-packages/starlette/middleware/base.py:144: in coro
    await self.app(scope, receive_or_disconnect, send_no_error)
/opt/venv/lib/python3.12/site-packages/starlette/middleware/cors.py:88: in __call__
    await self.app(scope, receive, send)
/opt/venv/lib/python3.12/site-packages/starlette/middleware/exceptions.py:63: in __call__
    await wrap_app_handling_exceptions(self.app, conn)(scope, receive, send)
/opt/venv/lib/python3.12/site-packages/starlette/_exception_handler.py:53: in wrapped_app
    raise exc
/opt/venv/lib/python3.12/site-packages/starlette/_exception_handler.py:42: in wrapped_app
    await app(scope, receive, sender)
/opt/venv/lib/python3.12/site-packages/fastapi/middleware/asyncexitstack.py:18: in __call__
    await self.app(scope, receive, send)
/opt/venv/lib/python3.12/site-packages/starlette/routing.py:660: in __call__
    await self.middleware_stack(scope, receive, send)
/opt/venv/lib/python3.12/site-packages/fastapi/routing.py:2683: in app
    await route.handle(scope, receive, send)
/opt/venv/lib/python3.12/site-packages/fastapi/routing.py:1753: in handle
    await self.original_router.handle(scope, receive, send)
/opt/venv/lib/python3.12/site-packages/fastapi/routing.py:2738: in handle
    await included_router._handle_selected(scope, receive, send)
/opt/venv/lib/python3.12/site-packages/fastapi/routing.py:1773: in _handle_selected
    await original_route.handle(scope, receive, send)
/opt/venv/lib/python3.12/site-packages/fastapi/routing.py:1264: in handle
    await app(scope, receive, send)
/opt/venv/lib/python3.12/site-packages/fastapi/routing.py:150: in app
    await wrap_app_handling_exceptions(app, request)(scope, receive, send)
/opt/venv/lib/python3.12/site-packages/starlette/_exception_handler.py:53: in wrapped_app
    raise exc
/opt/venv/lib/python3.12/site-packages/starlette/_exception_handler.py:42: in wrapped_app
    await app(scope, receive, sender)
/opt/venv/lib/python3.12/site-packages/fastapi/routing.py:136: in app
    response = await f(request)
               ^^^^^^^^^^^^^^^^
/opt/venv/lib/python3.12/site-packages/fastapi/routing.py:690: in app
    raw_response = await run_endpoint_function(
/opt/venv/lib/python3.12/site-packages/fastapi/routing.py:346: in run_endpoint_function
    return await run_in_threadpool(dependant.call, **values)
           ^^^^^^^^^^^^^^^^^^^^^^^^^^^^^^^^^^^^^^^^^^^^^^^^^
/opt/venv/lib/python3.12/site-packages/starlette/concurrency.py:34: in run_in_threadpool
    return await anyio.to_thread.run_sync(func)
           ^^^^^^^^^^^^^^^^^^^^^^^^^^^^^^^^^^^^
/opt/venv/lib/python3.12/site-packages/anyio/to_thread.py:63: in run_sync
    return await get_async_backend().run_sync_in_worker_thread(
/opt/venv/lib/python3.12/site-packages/anyio/_backends/_asyncio.py:2596: in run_sync_in_worker_thread
    return await future
           ^^^^^^^^^^^^
/opt/venv/lib/python3.12/site-packages/anyio/_backends/_asyncio.py:1029: in run
    result = context.run(func, *args)
             ^^^^^^^^^^^^^^^^^^^^^^^^
app/routers/geo_overview.py:36: in overview
    return service.get_overview(db, filters)
           ^^^^^^^^^^^^^^^^^^^^^^^^^^^^^^^^^
app/services/geo_overview.py:235: in get_overview
    as_of, inputs = load_inputs(db, filters)
                    ^^^^^^^^^^^^^^^^^^^^^^^^
_ _ _ _ _ _ _ _ _ _ _ _ _ _ _ _ _ _ _ _ _ _ _ _ _ _ _ _ _ _ _ _ _ _ _ _ _ _ _ _ 

db = <sqlalchemy.orm.session.Session object at 0xfa3934333d70>
filters = GeoOverviewFilters(date_from=datetime.datetime(2020, 1, 1, 0, 0, tzinfo=TzInfo(0)), date_to=datetime.datetime(2100, 1,...[], language_codes=[], region_codes=[], login_states=[], intent_types=[], mention_mode=None, review_policy='EFFECTIVE')

    def load_inputs(db: Session, filters: GeoOverviewFilters) -> tuple[datetime, list[OverviewInput]]:
        if db.autoflush or db.connection().get_isolation_level() not in {
            "REPEATABLE READ",
            "SERIALIZABLE",
        }:
            raise ValueError("Overview必须在禁止autoflush的一致快照读取")
        as_of = db.scalar(select(func.now()))
        assert as_of is not None
        rows = db.execute(candidate_query(filters)).mappings().all()
        snapshots = {
            row["id"]: GeoRunInputSnapshot.model_validate(row["input_snapshot"]) for row in rows
        }
        # 对象和产品必须命中同一个冻结binding，不通过当前Catalog或答案推断关联。
        rows = [row for row in rows if selected_subjects(snapshots[row["id"]], filters)]
        ids = [row["id"] for row in rows]
        answers = {
            item.run_id: GeoAnswerSnapshotOut.model_validate(item)
            for item in db.scalars(select(GeoAnswerSnapshot).where(GeoAnswerSnapshot.run_id.in_(ids)))
        }
        citations: dict[UUID, list[GeoAnswerCitationOut]] = {identity: [] for identity in ids}
        answer_runs = {answer.id: identity for identity, answer in answers.items()}
        for item in db.scalars(
            select(GeoAnswerCitation).where(GeoAnswerCitation.answer_snapshot_id.in_(answer_runs))
        ):
            citations[answer_runs[item.answer_snapshot_id]].append(
                GeoAnswerCitationOut.model_validate(item)
            )
        current_ids = [
            row["current_analysis_revision_id"] for row in rows if row["current_analysis_revision_id"]
        ]
        analyses = {
            item.id: GeoAnalysisResult(
                analysis=GeoAnalysisRevisionOut.model_validate(item),
                mentions=[],
                recommendations=[],
                claims=[],
                citations=[],
                citation_classification_complete=False,
            )
            for item in db.scalars(
                select(GeoAnalysisRevision).where(GeoAnalysisRevision.id.in_(current_ids))
            )
        }
        _load_results(db, analyses)
        reviews = {
            item.analysis_revision_id: GeoRunReviewOut.model_validate(item)
            for item in db.scalars(
                select(GeoRunReview)
                .where(GeoRunReview.analysis_revision_id.in_(current_ids))
                .distinct(GeoRunReview.analysis_revision_id)
                .order_by(
                    GeoRunReview.analysis_revision_id,
                    GeoRunReview.created_at.desc(),
                    GeoRunReview.id.desc(),
                )
            )
        }
        file_ids = {
            identity
            for answer in answers.values()
            for identity in (answer.screenshot_file_id, answer.raw_payload_file_id)
            if identity is not None
        }
>       files = dict(
            db.execute(
                select(FileRecord.id, FileRecord.status).where(FileRecord.id.in_(file_ids))
            ).tuples()
        )
E       TypeError: 'ChunkedIteratorResult' object is not subscriptable

app/services/geo_overview_queries.py:171: TypeError
---------------------------- Captured stderr setup -----------------------------
INFO  [alembic.runtime.migration] Context impl PostgresqlImpl.
INFO  [alembic.runtime.migration] Will assume transactional DDL.
INFO  [alembic.runtime.migration] Running upgrade  -> 0001_identity_audit, 创建身份、会话和审计表。
INFO  [alembic.runtime.migration] Running upgrade 0001_identity_audit -> 0002_product_facts, 创建规范化产品事实和不可变事实版本。
INFO  [alembic.runtime.migration] Running upgrade 0002_product_facts -> 0003_content_planning, 创建目标问题、平台规则版本和内容任务。
INFO  [alembic.runtime.migration] Running upgrade 0003_content_planning -> 0004_content_production, 创建 PostgreSQL 权威生成作业和不可变 Markdown 内容版本。
INFO  [alembic.runtime.migration] Running upgrade 0004_content_production -> 0005_content_review, 创建追加式内容审核记录。
INFO  [alembic.runtime.migration] Running upgrade 0005_content_review -> 0006_publication, 创建平台账号、人工发布记录和状态事件。
INFO  [alembic.runtime.migration] Running upgrade 0006_publication -> 0007_geo_observation, 创建追加式 GEO 观测及引用关联。
INFO  [alembic.runtime.migration] Running upgrade 0007_geo_observation -> 0008_files, 创建文件生命周期、附件关联并补加证据文件外键。
INFO  [alembic.runtime.migration] Running upgrade 0008_files -> 0009_config_center, 迁移账号类型、配置中心与真实 AI 生成字段。
INFO  [alembic.runtime.migration] Running upgrade 0009_config_center -> 0010_user_cleanup, 清理旧版职责账号并强制既有内容工程师改密。
INFO  [alembic.runtime.migration] Running upgrade 0010_user_cleanup -> 0011_generation_reliability, 增加生成作业补投递诊断字段与到期扫描索引。
INFO  [alembic.runtime.migration] Running upgrade 0011_generation_reliability -> 0012_ai_data_classification, 为生成输入增加显式数据分级与责任人记录。
INFO  [alembic.runtime.migration] Running upgrade 0012_ai_data_classification -> 0013_publication_closure, 增加发布异常待办、修复任务来源和发布平台一致性门禁。
INFO  [alembic.runtime.migration] Running upgrade 0013_publication_closure -> 0014_platform_prompt_ownership, 将当前 Prompt 所有权从平台类型迁移到具体平台。
INFO  [alembic.runtime.migration] Running upgrade 0014_platform_prompt_ownership -> 0015_platform_rule_draft_editing, 允许按修订号编辑平台规则草稿，并继续冻结已激活或退役正文。
INFO  [alembic.runtime.migration] Running upgrade 0015_platform_rule_draft_editing -> 0016_fact_review_cleanup, 允许受约束删除事实版本时清理其从属审核记录。
INFO  [alembic.runtime.migration] Running upgrade 0016_fact_review_cleanup -> 0017_content_humanization, 增加全局自然化 Prompt，并让现有 AI 作业承载自然化修订。
INFO  [alembic.runtime.migration] Running upgrade 0017_content_humanization -> 0018_manual_geo_observation, 增加产品级人工 GEO 观测，并保留旧模型观测历史。
INFO  [alembic.runtime.migration] Running upgrade 0018_manual_geo_observation -> 0019_product_driven_tasks, 允许新内容任务直接围绕产品创建，同时保留历史目标问题关联。
INFO  [alembic.runtime.migration] Running upgrade 0019_product_driven_tasks -> 0020_platform_branding_task_list, 为具体平台增加官网与单一来源 Logo。
INFO  [alembic.runtime.migration] Running upgrade 0020_platform_branding_task_list -> 0021_ai_channel_model_management, 补齐 AI 渠道身份字段与使用统计索引。
INFO  [alembic.runtime.migration] Running upgrade 0021_ai_channel_model_management -> 0022_geo_observation_insights, 补充人工 GEO 逐篇阶段事实与问题主题约束。
INFO  [alembic.runtime.migration] Running upgrade 0022_geo_observation_insights -> 0023_platform_management, 增加具体平台启停状态与管理聚合索引。
INFO  [alembic.runtime.migration] Running upgrade 0023_platform_management -> 0024_audit_outcome, 补齐审计模块、命令结果和安全结果说明。
INFO  [alembic.runtime.migration] Running upgrade 0024_audit_outcome -> 0025_markdown_facts, 将结构化产品事实收敛为 Markdown，并让内容任务直接绑定平台。
INFO  [alembic.runtime.migration] Running upgrade 0025_markdown_facts -> 0026_publication_account_dedup, 补齐发布账号修订约束，并阻止同平台规范化账号标识重复。
INFO  [alembic.runtime.migration] Running upgrade 0026_publication_account_dedup -> 0027_audit_user_delete_guard, 只允许受约束用户删除把匹配审计操作者置空。
INFO  [alembic.runtime.migration] Running upgrade 0027_audit_user_delete_guard -> 0028_platform_logo_lifecycle, 增加平台 Logo 的未引用保留、幂等删除状态与数据库门禁。
INFO  [alembic.runtime.migration] Running upgrade 0028_platform_logo_lifecycle -> 0029_geo_evidence_management, 收敛人工 GEO 独立事实，并为完整更正链删除增加事务门禁。
INFO  [alembic.runtime.migration] Running upgrade 0029_geo_evidence_management -> 0030_publication_record_delete, 为从未公开的发布聚合增加事务级受控删除门禁。
INFO  [alembic.runtime.migration] Running upgrade 0030_publication_record_delete -> 0031_reusable_platform_prompts, 把平台私有 Prompt 收敛为可复用模板和平台当前绑定。
INFO  [alembic.runtime.migration] Running upgrade 0031_reusable_platform_prompts -> 0032_content_task_idempotency, 为普通内容任务创建增加持久化请求键幂等约束。
INFO  [alembic.runtime.migration] Running upgrade 0032_content_task_idempotency -> 0033_task_owned_history_delete, 允许受控删除已取消任务自有的未批准生产历史。
INFO  [alembic.runtime.migration] Running upgrade 0033_task_owned_history_delete -> 0034_publication_redesign, 以发布工作、首次核验成果和发布后内容问题替换旧发布记录。
INFO  [alembic.runtime.migration] Running upgrade 0034_publication_redesign -> 0035_business_workflow, 建立事实提交、内容单主线、发布版本快照与 GEO 来源合同。
INFO  [alembic.runtime.migration] Running upgrade 0035_business_workflow -> 0036_remove_section_url, 删除没有稳定业务含义的发布栏目地址。
INFO  [alembic.runtime.migration] Running upgrade 0036_remove_section_url -> 0037_simplify_deletion_lifecycle, 收缩任务、配置与审计的删除生命周期。
INFO  [alembic.runtime.migration] Running upgrade 0037_simplify_deletion_lifecycle -> 0038_published_article_delete, 允许受控删除无 GEO 引用的发布成果聚合。
INFO  [alembic.runtime.migration] Running upgrade 0038_published_article_delete -> 0039_article_delete_platform, 允许归档任务在删除失效平台的发布成果后转为已取消。
INFO  [alembic.runtime.migration] Running upgrade 0039_article_delete_platform -> 0040_content_draft_management, 允许当前人工未审核草稿受控保存和彻底删除。
INFO  [alembic.runtime.migration] Running upgrade 0040_content_draft_management -> 0041_content_task_list, 补齐内容任务列表的稳定更新时间与排序索引。
INFO  [alembic.runtime.migration] Running upgrade 0041_content_task_list -> 0042_content_version_detail, 记录内容版本自身的真实更新时间。
INFO  [alembic.runtime.migration] Running upgrade 0042_content_version_detail -> 0043_geo_platform_identity, 冻结发布工作的平台 UUID，避免配置删除后 GEO 历史失去身份。
INFO  [alembic.runtime.migration] Running upgrade 0043_geo_platform_identity -> 0044_geo_catalog, 新增 GEO Catalog 三表；冻结本 revision，不读取运行时 ORM。
INFO  [alembic.runtime.migration] Running upgrade 0044_geo_catalog -> 0045_geo_prompt_variants, 仅新增问题变体，冻结规范化及历史锁存，不回填旧问题数组。
INFO  [alembic.runtime.migration] Running upgrade 0045_geo_prompt_variants -> 0046_geo_surfaces_profiles, 新增观测配置与闭合JSON合同；不回填旧GEO或实现运行资格。
INFO  [alembic.runtime.migration] Context impl PostgresqlImpl.
INFO  [alembic.runtime.migration] Will assume transactional DDL.
INFO  [alembic.runtime.migration] Running upgrade 0046_geo_surfaces_profiles -> 0047_geo_monitoring_plans, 仅增加计划配置聚合；不创建批次、运行或改写历史观测。
INFO  [alembic.runtime.migration] Context impl PostgresqlImpl.
INFO  [alembic.runtime.migration] Will assume transactional DDL.
INFO  [alembic.runtime.migration] Running upgrade 0047_geo_monitoring_plans -> 0048_geo_batches_runs, 新增独立回答级 Batch/Run，冻结 DDL 与快照/写入守卫，不迁移旧 GEO。
INFO  [alembic.runtime.migration] Context impl PostgresqlImpl.
INFO  [alembic.runtime.migration] Will assume transactional DDL.
INFO  [alembic.runtime.migration] Running upgrade 0048_geo_batches_runs -> 0049_geo_batch_creation, 创建幂等与批次主体引用；不修改已冻结的 Batch/Run 输入。
INFO  [alembic.runtime.migration] Context impl PostgresqlImpl.
INFO  [alembic.runtime.migration] Will assume transactional DDL.
INFO  [alembic.runtime.migration] Running upgrade 0049_geo_batch_creation -> 0050_geo_answer_evidence, 新增不可变原始回答、引用和受控文件关系；不实现采集命令。
INFO  [alembic.runtime.migration] Running upgrade 0050_geo_answer_evidence -> 0051_geo_manual_collection, 人工草稿和不可变提交身份；不回填或修改已提交证据。
INFO  [alembic.runtime.migration] Running upgrade 0051_geo_manual_collection -> 0052_geo_profile_tests, API Profile 当前诊断资格与依赖失效；不修改业务历史。
INFO  [alembic.runtime.migration] Running upgrade 0052_geo_profile_tests -> 0053_geo_collection_admission, 加法保存预算预留与发送限速事实，历史 Run 和原始证据保持不变。
INFO  [alembic.runtime.migration] Running upgrade 0053_geo_collection_admission -> 0054_geo_analysis_contract, 分析输入/结果、追加复核与限定 current pointer；不回填历史证据。
INFO  [alembic.runtime.migration] Running upgrade 0054_geo_analysis_contract -> 0055_geo_analysis_worker, 分析执行租约与引用结果；不回填或重写已有 revision。
INFO  [alembic.runtime.migration] Running upgrade 0055_geo_analysis_worker -> 0056_geo_run_review, 受控人工复核发布；历史机器结果与Review不回填、不改写。
____ test_current_review_and_all_cards_reproduce_from_same_filtered_samples ____

review_api = ReviewAPI(harness=AnalysisHarness(database=AnswerDatabase(runs=RunDatabase(plan=PlanDatabase(url='postgresql://partsig...s=<starlette.testclient.TestClient object at 0xfa3934331250>, engineer_id=UUID('f4bb493b-618e-4a39-a0c1-17bd25a93d46'))

    def test_current_review_and_all_cards_reproduce_from_same_filtered_samples(review_api):
        api = review_api
        case = api.create()
>       before = overview(api, case)
                 ^^^^^^^^^^^^^^^^^^^

tests/integration/test_geo_overview.py:102: 
_ _ _ _ _ _ _ _ _ _ _ _ _ _ _ _ _ _ _ _ _ _ _ _ _ _ _ _ _ _ _ _ _ _ _ _ _ _ _ _ 
tests/integration/test_geo_overview.py:44: in overview
    response = api.engineer.get(PATH, params=params(api, case, **patch))
               ^^^^^^^^^^^^^^^^^^^^^^^^^^^^^^^^^^^^^^^^^^^^^^^^^^^^^^^^^
/opt/venv/lib/python3.12/site-packages/starlette/testclient.py:482: in get
    return super().get(
/opt/venv/lib/python3.12/site-packages/httpx2/_client.py:1118: in get
    return self.request(
/opt/venv/lib/python3.12/site-packages/starlette/testclient.py:454: in request
    return super().request(
/opt/venv/lib/python3.12/site-packages/httpx2/_client.py:803: in request
    return self.send(request, auth=auth, follow_redirects=follow_redirects)
           ^^^^^^^^^^^^^^^^^^^^^^^^^^^^^^^^^^^^^^^^^^^^^^^^^^^^^^^^^^^^^^^^
/opt/venv/lib/python3.12/site-packages/httpx2/_client.py:985: in send
    response = self._send_handling_auth(
/opt/venv/lib/python3.12/site-packages/httpx2/_client.py:1013: in _send_handling_auth
    response = self._send_handling_redirects(
/opt/venv/lib/python3.12/site-packages/httpx2/_client.py:1048: in _send_handling_redirects
    response = self._send_single_request(request)
               ^^^^^^^^^^^^^^^^^^^^^^^^^^^^^^^^^^
/opt/venv/lib/python3.12/site-packages/httpx2/_client.py:1081: in _send_single_request
    response = transport.handle_request(request)
               ^^^^^^^^^^^^^^^^^^^^^^^^^^^^^^^^^
/opt/venv/lib/python3.12/site-packages/starlette/testclient.py:356: in handle_request
    raise exc
/opt/venv/lib/python3.12/site-packages/starlette/testclient.py:353: in handle_request
    portal.call(self.app, scope, receive, send)
/opt/venv/lib/python3.12/site-packages/anyio/from_thread.py:338: in call
    return cast(T_Retval, self.start_task_soon(func, *args).result())
                          ^^^^^^^^^^^^^^^^^^^^^^^^^^^^^^^^^^^^^^^^^^
/usr/local/lib/python3.12/concurrent/futures/_base.py:456: in result
    return self.__get_result()
           ^^^^^^^^^^^^^^^^^^^
/usr/local/lib/python3.12/concurrent/futures/_base.py:401: in __get_result
    raise self._exception
/opt/venv/lib/python3.12/site-packages/anyio/from_thread.py:263: in _call_func
    retval = await retval_or_awaitable
             ^^^^^^^^^^^^^^^^^^^^^^^^^
/opt/venv/lib/python3.12/site-packages/fastapi/applications.py:1163: in __call__
    await super().__call__(scope, receive, send)
/opt/venv/lib/python3.12/site-packages/starlette/applications.py:90: in __call__
    await self.middleware_stack(scope, receive, send)
/opt/venv/lib/python3.12/site-packages/starlette/middleware/errors.py:186: in __call__
    raise exc
/opt/venv/lib/python3.12/site-packages/starlette/middleware/errors.py:164: in __call__
    await self.app(scope, receive, _send)
/opt/venv/lib/python3.12/site-packages/starlette/middleware/base.py:193: in __call__
    response = await self.dispatch_func(request, call_next)
               ^^^^^^^^^^^^^^^^^^^^^^^^^^^^^^^^^^^^^^^^^^^^
app/main.py:290: in request_context
    response = await call_next(request)
               ^^^^^^^^^^^^^^^^^^^^^^^^
/opt/venv/lib/python3.12/site-packages/starlette/middleware/base.py:168: in call_next
    raise app_exc from app_exc.__cause__ or app_exc.__context__
/opt/venv/lib/python3.12/site-packages/starlette/middleware/base.py:144: in coro
    await self.app(scope, receive_or_disconnect, send_no_error)
/opt/venv/lib/python3.12/site-packages/starlette/middleware/cors.py:88: in __call__
    await self.app(scope, receive, send)
/opt/venv/lib/python3.12/site-packages/starlette/middleware/exceptions.py:63: in __call__
    await wrap_app_handling_exceptions(self.app, conn)(scope, receive, send)
/opt/venv/lib/python3.12/site-packages/starlette/_exception_handler.py:53: in wrapped_app
    raise exc
/opt/venv/lib/python3.12/site-packages/starlette/_exception_handler.py:42: in wrapped_app
    await app(scope, receive, sender)
/opt/venv/lib/python3.12/site-packages/fastapi/middleware/asyncexitstack.py:18: in __call__
    await self.app(scope, receive, send)
/opt/venv/lib/python3.12/site-packages/starlette/routing.py:660: in __call__
    await self.middleware_stack(scope, receive, send)
/opt/venv/lib/python3.12/site-packages/fastapi/routing.py:2683: in app
    await route.handle(scope, receive, send)
/opt/venv/lib/python3.12/site-packages/fastapi/routing.py:1753: in handle
    await self.original_router.handle(scope, receive, send)
/opt/venv/lib/python3.12/site-packages/fastapi/routing.py:2738: in handle
    await included_router._handle_selected(scope, receive, send)
/opt/venv/lib/python3.12/site-packages/fastapi/routing.py:1773: in _handle_selected
    await original_route.handle(scope, receive, send)
/opt/venv/lib/python3.12/site-packages/fastapi/routing.py:1264: in handle
    await app(scope, receive, send)
/opt/venv/lib/python3.12/site-packages/fastapi/routing.py:150: in app
    await wrap_app_handling_exceptions(app, request)(scope, receive, send)
/opt/venv/lib/python3.12/site-packages/starlette/_exception_handler.py:53: in wrapped_app
    raise exc
/opt/venv/lib/python3.12/site-packages/starlette/_exception_handler.py:42: in wrapped_app
    await app(scope, receive, sender)
/opt/venv/lib/python3.12/site-packages/fastapi/routing.py:136: in app
    response = await f(request)
               ^^^^^^^^^^^^^^^^
/opt/venv/lib/python3.12/site-packages/fastapi/routing.py:690: in app
    raw_response = await run_endpoint_function(
/opt/venv/lib/python3.12/site-packages/fastapi/routing.py:346: in run_endpoint_function
    return await run_in_threadpool(dependant.call, **values)
           ^^^^^^^^^^^^^^^^^^^^^^^^^^^^^^^^^^^^^^^^^^^^^^^^^
/opt/venv/lib/python3.12/site-packages/starlette/concurrency.py:34: in run_in_threadpool
    return await anyio.to_thread.run_sync(func)
           ^^^^^^^^^^^^^^^^^^^^^^^^^^^^^^^^^^^^
/opt/venv/lib/python3.12/site-packages/anyio/to_thread.py:63: in run_sync
    return await get_async_backend().run_sync_in_worker_thread(
/opt/venv/lib/python3.12/site-packages/anyio/_backends/_asyncio.py:2596: in run_sync_in_worker_thread
    return await future
           ^^^^^^^^^^^^
/opt/venv/lib/python3.12/site-packages/anyio/_backends/_asyncio.py:1029: in run
    result = context.run(func, *args)
             ^^^^^^^^^^^^^^^^^^^^^^^^
app/routers/geo_overview.py:36: in overview
    return service.get_overview(db, filters)
           ^^^^^^^^^^^^^^^^^^^^^^^^^^^^^^^^^
app/services/geo_overview.py:235: in get_overview
    as_of, inputs = load_inputs(db, filters)
                    ^^^^^^^^^^^^^^^^^^^^^^^^
_ _ _ _ _ _ _ _ _ _ _ _ _ _ _ _ _ _ _ _ _ _ _ _ _ _ _ _ _ _ _ _ _ _ _ _ _ _ _ _ 

db = <sqlalchemy.orm.session.Session object at 0xfa393159d6d0>
filters = GeoOverviewFilters(date_from=datetime.datetime(2020, 1, 1, 0, 0, tzinfo=TzInfo(0)), date_to=datetime.datetime(2100, 1,...[], language_codes=[], region_codes=[], login_states=[], intent_types=[], mention_mode=None, review_policy='EFFECTIVE')

    def load_inputs(db: Session, filters: GeoOverviewFilters) -> tuple[datetime, list[OverviewInput]]:
        if db.autoflush or db.connection().get_isolation_level() not in {
            "REPEATABLE READ",
            "SERIALIZABLE",
        }:
            raise ValueError("Overview必须在禁止autoflush的一致快照读取")
        as_of = db.scalar(select(func.now()))
        assert as_of is not None
        rows = db.execute(candidate_query(filters)).mappings().all()
        snapshots = {
            row["id"]: GeoRunInputSnapshot.model_validate(row["input_snapshot"]) for row in rows
        }
        # 对象和产品必须命中同一个冻结binding，不通过当前Catalog或答案推断关联。
        rows = [row for row in rows if selected_subjects(snapshots[row["id"]], filters)]
        ids = [row["id"] for row in rows]
        answers = {
            item.run_id: GeoAnswerSnapshotOut.model_validate(item)
            for item in db.scalars(select(GeoAnswerSnapshot).where(GeoAnswerSnapshot.run_id.in_(ids)))
        }
        citations: dict[UUID, list[GeoAnswerCitationOut]] = {identity: [] for identity in ids}
        answer_runs = {answer.id: identity for identity, answer in answers.items()}
        for item in db.scalars(
            select(GeoAnswerCitation).where(GeoAnswerCitation.answer_snapshot_id.in_(answer_runs))
        ):
            citations[answer_runs[item.answer_snapshot_id]].append(
                GeoAnswerCitationOut.model_validate(item)
            )
        current_ids = [
            row["current_analysis_revision_id"] for row in rows if row["current_analysis_revision_id"]
        ]
        analyses = {
            item.id: GeoAnalysisResult(
                analysis=GeoAnalysisRevisionOut.model_validate(item),
                mentions=[],
                recommendations=[],
                claims=[],
                citations=[],
                citation_classification_complete=False,
            )
            for item in db.scalars(
                select(GeoAnalysisRevision).where(GeoAnalysisRevision.id.in_(current_ids))
            )
        }
        _load_results(db, analyses)
        reviews = {
            item.analysis_revision_id: GeoRunReviewOut.model_validate(item)
            for item in db.scalars(
                select(GeoRunReview)
                .where(GeoRunReview.analysis_revision_id.in_(current_ids))
                .distinct(GeoRunReview.analysis_revision_id)
                .order_by(
                    GeoRunReview.analysis_revision_id,
                    GeoRunReview.created_at.desc(),
                    GeoRunReview.id.desc(),
                )
            )
        }
        file_ids = {
            identity
            for answer in answers.values()
            for identity in (answer.screenshot_file_id, answer.raw_payload_file_id)
            if identity is not None
        }
>       files = dict(
            db.execute(
                select(FileRecord.id, FileRecord.status).where(FileRecord.id.in_(file_ids))
            ).tuples()
        )
E       TypeError: 'ChunkedIteratorResult' object is not subscriptable

app/services/geo_overview_queries.py:171: TypeError
_______ test_filters_are_shared_by_cells_products_risks_batches_quality ________

review_api = ReviewAPI(harness=AnalysisHarness(database=AnswerDatabase(runs=RunDatabase(plan=PlanDatabase(url='postgresql://partsig...s=<starlette.testclient.TestClient object at 0xfa3932036240>, engineer_id=UUID('a96dfcaf-6ce1-475a-ab9f-cded01420136'))

    def test_filters_are_shared_by_cells_products_risks_batches_quality(review_api):
        api = review_api
        case = api.create()
        assert api.submit(case).status_code == 201
        snapshot = case.input
        patch = {
            "subject_ids": snapshot["subjects"][1]["id"],
>           "query_topic_ids": snapshot["prompt"]["query_topic_id"],
                               ^^^^^^^^^^^^^^^^^^
            "prompt_variant_ids": snapshot["prompt"]["id"],
            "engine_surface_ids": snapshot["profile"]["surface"]["id"],
            "collection_profile_ids": snapshot["profile"]["id"],
            "collection_modes": snapshot["profile"]["collection_mode"],
            "language_codes": snapshot["profile"]["language_code"],
            "region_codes": snapshot["profile"]["region_code"],
            "login_states": snapshot["profile"]["login_state"],
            "intent_types": snapshot["prompt"]["intent_type"],
            "mention_mode": snapshot["prompt"]["mention_mode"],
            "review_policy": "REVIEWED_ONLY",
        }
E       KeyError: 'prompt'

tests/integration/test_geo_overview.py:159: KeyError
__________ test_repeatable_read_cannot_mix_new_review_between_queries __________

review_api = ReviewAPI(harness=AnalysisHarness(database=AnswerDatabase(runs=RunDatabase(plan=PlanDatabase(url='postgresql://partsig...s=<starlette.testclient.TestClient object at 0xfa39314c2a80>, engineer_id=UUID('c6a25808-f68c-4d2e-8e72-943dd63cc6cd'))

    def test_repeatable_read_cannot_mix_new_review_between_queries(review_api):
        api = review_api
        case = api.create()
        inserted = False
    
        def after_run(conn, cursor, statement, parameters, context, many):
            nonlocal inserted
            if inserted or "FROM geo_observation_runs" not in statement:
                return
            inserted = True
            assert api.submit(case).status_code == 201
    
        engine = api.harness.factory.kw["bind"]
        event.listen(engine, "after_cursor_execute", after_run)
        try:
>           value = overview(api, case)
                    ^^^^^^^^^^^^^^^^^^^

tests/integration/test_geo_overview.py:219: 
_ _ _ _ _ _ _ _ _ _ _ _ _ _ _ _ _ _ _ _ _ _ _ _ _ _ _ _ _ _ _ _ _ _ _ _ _ _ _ _ 
tests/integration/test_geo_overview.py:44: in overview
    response = api.engineer.get(PATH, params=params(api, case, **patch))
               ^^^^^^^^^^^^^^^^^^^^^^^^^^^^^^^^^^^^^^^^^^^^^^^^^^^^^^^^^
/opt/venv/lib/python3.12/site-packages/starlette/testclient.py:482: in get
    return super().get(
/opt/venv/lib/python3.12/site-packages/httpx2/_client.py:1118: in get
    return self.request(
/opt/venv/lib/python3.12/site-packages/starlette/testclient.py:454: in request
    return super().request(
/opt/venv/lib/python3.12/site-packages/httpx2/_client.py:803: in request
    return self.send(request, auth=auth, follow_redirects=follow_redirects)
           ^^^^^^^^^^^^^^^^^^^^^^^^^^^^^^^^^^^^^^^^^^^^^^^^^^^^^^^^^^^^^^^^
/opt/venv/lib/python3.12/site-packages/httpx2/_client.py:985: in send
    response = self._send_handling_auth(
/opt/venv/lib/python3.12/site-packages/httpx2/_client.py:1013: in _send_handling_auth
    response = self._send_handling_redirects(
/opt/venv/lib/python3.12/site-packages/httpx2/_client.py:1048: in _send_handling_redirects
    response = self._send_single_request(request)
               ^^^^^^^^^^^^^^^^^^^^^^^^^^^^^^^^^^
/opt/venv/lib/python3.12/site-packages/httpx2/_client.py:1081: in _send_single_request
    response = transport.handle_request(request)
               ^^^^^^^^^^^^^^^^^^^^^^^^^^^^^^^^^
/opt/venv/lib/python3.12/site-packages/starlette/testclient.py:356: in handle_request
    raise exc
/opt/venv/lib/python3.12/site-packages/starlette/testclient.py:353: in handle_request
    portal.call(self.app, scope, receive, send)
/opt/venv/lib/python3.12/site-packages/anyio/from_thread.py:338: in call
    return cast(T_Retval, self.start_task_soon(func, *args).result())
                          ^^^^^^^^^^^^^^^^^^^^^^^^^^^^^^^^^^^^^^^^^^
/usr/local/lib/python3.12/concurrent/futures/_base.py:456: in result
    return self.__get_result()
           ^^^^^^^^^^^^^^^^^^^
/usr/local/lib/python3.12/concurrent/futures/_base.py:401: in __get_result
    raise self._exception
/opt/venv/lib/python3.12/site-packages/anyio/from_thread.py:263: in _call_func
    retval = await retval_or_awaitable
             ^^^^^^^^^^^^^^^^^^^^^^^^^
/opt/venv/lib/python3.12/site-packages/fastapi/applications.py:1163: in __call__
    await super().__call__(scope, receive, send)
/opt/venv/lib/python3.12/site-packages/starlette/applications.py:90: in __call__
    await self.middleware_stack(scope, receive, send)
/opt/venv/lib/python3.12/site-packages/starlette/middleware/errors.py:186: in __call__
    raise exc
/opt/venv/lib/python3.12/site-packages/starlette/middleware/errors.py:164: in __call__
    await self.app(scope, receive, _send)
/opt/venv/lib/python3.12/site-packages/starlette/middleware/base.py:193: in __call__
    response = await self.dispatch_func(request, call_next)
               ^^^^^^^^^^^^^^^^^^^^^^^^^^^^^^^^^^^^^^^^^^^^
app/main.py:290: in request_context
    response = await call_next(request)
               ^^^^^^^^^^^^^^^^^^^^^^^^
/opt/venv/lib/python3.12/site-packages/starlette/middleware/base.py:168: in call_next
    raise app_exc from app_exc.__cause__ or app_exc.__context__
/opt/venv/lib/python3.12/site-packages/starlette/middleware/base.py:144: in coro
    await self.app(scope, receive_or_disconnect, send_no_error)
/opt/venv/lib/python3.12/site-packages/starlette/middleware/cors.py:88: in __call__
    await self.app(scope, receive, send)
/opt/venv/lib/python3.12/site-packages/starlette/middleware/exceptions.py:63: in __call__
    await wrap_app_handling_exceptions(self.app, conn)(scope, receive, send)
/opt/venv/lib/python3.12/site-packages/starlette/_exception_handler.py:53: in wrapped_app
    raise exc
/opt/venv/lib/python3.12/site-packages/starlette/_exception_handler.py:42: in wrapped_app
    await app(scope, receive, sender)
/opt/venv/lib/python3.12/site-packages/fastapi/middleware/asyncexitstack.py:18: in __call__
    await self.app(scope, receive, send)
/opt/venv/lib/python3.12/site-packages/starlette/routing.py:660: in __call__
    await self.middleware_stack(scope, receive, send)
/opt/venv/lib/python3.12/site-packages/fastapi/routing.py:2683: in app
    await route.handle(scope, receive, send)
/opt/venv/lib/python3.12/site-packages/fastapi/routing.py:1753: in handle
    await self.original_router.handle(scope, receive, send)
/opt/venv/lib/python3.12/site-packages/fastapi/routing.py:2738: in handle
    await included_router._handle_selected(scope, receive, send)
/opt/venv/lib/python3.12/site-packages/fastapi/routing.py:1773: in _handle_selected
    await original_route.handle(scope, receive, send)
/opt/venv/lib/python3.12/site-packages/fastapi/routing.py:1264: in handle
    await app(scope, receive, send)
/opt/venv/lib/python3.12/site-packages/fastapi/routing.py:150: in app
    await wrap_app_handling_exceptions(app, request)(scope, receive, send)
/opt/venv/lib/python3.12/site-packages/starlette/_exception_handler.py:53: in wrapped_app
    raise exc
/opt/venv/lib/python3.12/site-packages/starlette/_exception_handler.py:42: in wrapped_app
    await app(scope, receive, sender)
/opt/venv/lib/python3.12/site-packages/fastapi/routing.py:136: in app
    response = await f(request)
               ^^^^^^^^^^^^^^^^
/opt/venv/lib/python3.12/site-packages/fastapi/routing.py:690: in app
    raw_response = await run_endpoint_function(
/opt/venv/lib/python3.12/site-packages/fastapi/routing.py:346: in run_endpoint_function
    return await run_in_threadpool(dependant.call, **values)
           ^^^^^^^^^^^^^^^^^^^^^^^^^^^^^^^^^^^^^^^^^^^^^^^^^
/opt/venv/lib/python3.12/site-packages/starlette/concurrency.py:34: in run_in_threadpool
    return await anyio.to_thread.run_sync(func)
           ^^^^^^^^^^^^^^^^^^^^^^^^^^^^^^^^^^^^
/opt/venv/lib/python3.12/site-packages/anyio/to_thread.py:63: in run_sync
    return await get_async_backend().run_sync_in_worker_thread(
/opt/venv/lib/python3.12/site-packages/anyio/_backends/_asyncio.py:2596: in run_sync_in_worker_thread
    return await future
           ^^^^^^^^^^^^
/opt/venv/lib/python3.12/site-packages/anyio/_backends/_asyncio.py:1029: in run
    result = context.run(func, *args)
             ^^^^^^^^^^^^^^^^^^^^^^^^
app/routers/geo_overview.py:36: in overview
    return service.get_overview(db, filters)
           ^^^^^^^^^^^^^^^^^^^^^^^^^^^^^^^^^
app/services/geo_overview.py:235: in get_overview
    as_of, inputs = load_inputs(db, filters)
                    ^^^^^^^^^^^^^^^^^^^^^^^^
_ _ _ _ _ _ _ _ _ _ _ _ _ _ _ _ _ _ _ _ _ _ _ _ _ _ _ _ _ _ _ _ _ _ _ _ _ _ _ _ 

db = <sqlalchemy.orm.session.Session object at 0xfa3931a86ba0>
filters = GeoOverviewFilters(date_from=datetime.datetime(2020, 1, 1, 0, 0, tzinfo=TzInfo(0)), date_to=datetime.datetime(2100, 1,...[], language_codes=[], region_codes=[], login_states=[], intent_types=[], mention_mode=None, review_policy='EFFECTIVE')

    def load_inputs(db: Session, filters: GeoOverviewFilters) -> tuple[datetime, list[OverviewInput]]:
        if db.autoflush or db.connection().get_isolation_level() not in {
            "REPEATABLE READ",
            "SERIALIZABLE",
        }:
            raise ValueError("Overview必须在禁止autoflush的一致快照读取")
        as_of = db.scalar(select(func.now()))
        assert as_of is not None
        rows = db.execute(candidate_query(filters)).mappings().all()
        snapshots = {
            row["id"]: GeoRunInputSnapshot.model_validate(row["input_snapshot"]) for row in rows
        }
        # 对象和产品必须命中同一个冻结binding，不通过当前Catalog或答案推断关联。
        rows = [row for row in rows if selected_subjects(snapshots[row["id"]], filters)]
        ids = [row["id"] for row in rows]
        answers = {
            item.run_id: GeoAnswerSnapshotOut.model_validate(item)
            for item in db.scalars(select(GeoAnswerSnapshot).where(GeoAnswerSnapshot.run_id.in_(ids)))
        }
        citations: dict[UUID, list[GeoAnswerCitationOut]] = {identity: [] for identity in ids}
        answer_runs = {answer.id: identity for identity, answer in answers.items()}
        for item in db.scalars(
            select(GeoAnswerCitation).where(GeoAnswerCitation.answer_snapshot_id.in_(answer_runs))
        ):
            citations[answer_runs[item.answer_snapshot_id]].append(
                GeoAnswerCitationOut.model_validate(item)
            )
        current_ids = [
            row["current_analysis_revision_id"] for row in rows if row["current_analysis_revision_id"]
        ]
        analyses = {
            item.id: GeoAnalysisResult(
                analysis=GeoAnalysisRevisionOut.model_validate(item),
                mentions=[],
                recommendations=[],
                claims=[],
                citations=[],
                citation_classification_complete=False,
            )
            for item in db.scalars(
                select(GeoAnalysisRevision).where(GeoAnalysisRevision.id.in_(current_ids))
            )
        }
        _load_results(db, analyses)
        reviews = {
            item.analysis_revision_id: GeoRunReviewOut.model_validate(item)
            for item in db.scalars(
                select(GeoRunReview)
                .where(GeoRunReview.analysis_revision_id.in_(current_ids))
                .distinct(GeoRunReview.analysis_revision_id)
                .order_by(
                    GeoRunReview.analysis_revision_id,
                    GeoRunReview.created_at.desc(),
                    GeoRunReview.id.desc(),
                )
            )
        }
        file_ids = {
            identity
            for answer in answers.values()
            for identity in (answer.screenshot_file_id, answer.raw_payload_file_id)
            if identity is not None
        }
>       files = dict(
            db.execute(
                select(FileRecord.id, FileRecord.status).where(FileRecord.id.in_(file_ids))
            ).tuples()
        )
E       TypeError: 'ChunkedIteratorResult' object is not subscriptable

app/services/geo_overview_queries.py:171: TypeError
________ test_query_count_is_fixed_with_empty_dense_and_review_history _________

review_api = ReviewAPI(harness=AnalysisHarness(database=AnswerDatabase(runs=RunDatabase(plan=PlanDatabase(url='postgresql://partsig...s=<starlette.testclient.TestClient object at 0xfa3931a43d70>, engineer_id=UUID('d68d2522-9d0e-40e3-9d59-284c7eb8adad'))

    def test_query_count_is_fixed_with_empty_dense_and_review_history(review_api):
        api = review_api
    
        def capture(**patch):
            sqls, levels = [], []
    
            def before(conn, cursor, statement, parameters, context, many):
                sqls.append(statement)
                levels.append(conn.get_isolation_level())
    
            engine = api.harness.factory.kw["bind"]
            event.listen(engine, "before_cursor_execute", before)
            try:
                value = overview(api, **patch)
            finally:
                event.remove(engine, "before_cursor_execute", before)
            assert all(sql.lstrip().startswith("SELECT") for sql in sqls)
            assert all(level == "REPEATABLE READ" for level in levels)
            assert not any(
                word in sql
                for sql in sqls
                for word in ("lease_token", "ai_channel_headers", "api_key_encrypted")
            )
            return value, len(sqls)
    
>       _, empty = capture(subject_ids=str(uuid4()))
                   ^^^^^^^^^^^^^^^^^^^^^^^^^^^^^^^^^

tests/integration/test_geo_overview.py:251: 
_ _ _ _ _ _ _ _ _ _ _ _ _ _ _ _ _ _ _ _ _ _ _ _ _ _ _ _ _ _ _ _ _ _ _ _ _ _ _ _ 
tests/integration/test_geo_overview.py:239: in capture
    value = overview(api, **patch)
            ^^^^^^^^^^^^^^^^^^^^^^
tests/integration/test_geo_overview.py:44: in overview
    response = api.engineer.get(PATH, params=params(api, case, **patch))
               ^^^^^^^^^^^^^^^^^^^^^^^^^^^^^^^^^^^^^^^^^^^^^^^^^^^^^^^^^
/opt/venv/lib/python3.12/site-packages/starlette/testclient.py:482: in get
    return super().get(
/opt/venv/lib/python3.12/site-packages/httpx2/_client.py:1118: in get
    return self.request(
/opt/venv/lib/python3.12/site-packages/starlette/testclient.py:454: in request
    return super().request(
/opt/venv/lib/python3.12/site-packages/httpx2/_client.py:803: in request
    return self.send(request, auth=auth, follow_redirects=follow_redirects)
           ^^^^^^^^^^^^^^^^^^^^^^^^^^^^^^^^^^^^^^^^^^^^^^^^^^^^^^^^^^^^^^^^
/opt/venv/lib/python3.12/site-packages/httpx2/_client.py:985: in send
    response = self._send_handling_auth(
/opt/venv/lib/python3.12/site-packages/httpx2/_client.py:1013: in _send_handling_auth
    response = self._send_handling_redirects(
/opt/venv/lib/python3.12/site-packages/httpx2/_client.py:1048: in _send_handling_redirects
    response = self._send_single_request(request)
               ^^^^^^^^^^^^^^^^^^^^^^^^^^^^^^^^^^
/opt/venv/lib/python3.12/site-packages/httpx2/_client.py:1081: in _send_single_request
    response = transport.handle_request(request)
               ^^^^^^^^^^^^^^^^^^^^^^^^^^^^^^^^^
/opt/venv/lib/python3.12/site-packages/starlette/testclient.py:356: in handle_request
    raise exc
/opt/venv/lib/python3.12/site-packages/starlette/testclient.py:353: in handle_request
    portal.call(self.app, scope, receive, send)
/opt/venv/lib/python3.12/site-packages/anyio/from_thread.py:338: in call
    return cast(T_Retval, self.start_task_soon(func, *args).result())
                          ^^^^^^^^^^^^^^^^^^^^^^^^^^^^^^^^^^^^^^^^^^
/usr/local/lib/python3.12/concurrent/futures/_base.py:456: in result
    return self.__get_result()
           ^^^^^^^^^^^^^^^^^^^
/usr/local/lib/python3.12/concurrent/futures/_base.py:401: in __get_result
    raise self._exception
/opt/venv/lib/python3.12/site-packages/anyio/from_thread.py:263: in _call_func
    retval = await retval_or_awaitable
             ^^^^^^^^^^^^^^^^^^^^^^^^^
/opt/venv/lib/python3.12/site-packages/fastapi/applications.py:1163: in __call__
    await super().__call__(scope, receive, send)
/opt/venv/lib/python3.12/site-packages/starlette/applications.py:90: in __call__
    await self.middleware_stack(scope, receive, send)
/opt/venv/lib/python3.12/site-packages/starlette/middleware/errors.py:186: in __call__
    raise exc
/opt/venv/lib/python3.12/site-packages/starlette/middleware/errors.py:164: in __call__
    await self.app(scope, receive, _send)
/opt/venv/lib/python3.12/site-packages/starlette/middleware/base.py:193: in __call__
    response = await self.dispatch_func(request, call_next)
               ^^^^^^^^^^^^^^^^^^^^^^^^^^^^^^^^^^^^^^^^^^^^
app/main.py:290: in request_context
    response = await call_next(request)
               ^^^^^^^^^^^^^^^^^^^^^^^^
/opt/venv/lib/python3.12/site-packages/starlette/middleware/base.py:168: in call_next
    raise app_exc from app_exc.__cause__ or app_exc.__context__
/opt/venv/lib/python3.12/site-packages/starlette/middleware/base.py:144: in coro
    await self.app(scope, receive_or_disconnect, send_no_error)
/opt/venv/lib/python3.12/site-packages/starlette/middleware/cors.py:88: in __call__
    await self.app(scope, receive, send)
/opt/venv/lib/python3.12/site-packages/starlette/middleware/exceptions.py:63: in __call__
    await wrap_app_handling_exceptions(self.app, conn)(scope, receive, send)
/opt/venv/lib/python3.12/site-packages/starlette/_exception_handler.py:53: in wrapped_app
    raise exc
/opt/venv/lib/python3.12/site-packages/starlette/_exception_handler.py:42: in wrapped_app
    await app(scope, receive, sender)
/opt/venv/lib/python3.12/site-packages/fastapi/middleware/asyncexitstack.py:18: in __call__
    await self.app(scope, receive, send)
/opt/venv/lib/python3.12/site-packages/starlette/routing.py:660: in __call__
    await self.middleware_stack(scope, receive, send)
/opt/venv/lib/python3.12/site-packages/fastapi/routing.py:2683: in app
    await route.handle(scope, receive, send)
/opt/venv/lib/python3.12/site-packages/fastapi/routing.py:1753: in handle
    await self.original_router.handle(scope, receive, send)
/opt/venv/lib/python3.12/site-packages/fastapi/routing.py:2738: in handle
    await included_router._handle_selected(scope, receive, send)
/opt/venv/lib/python3.12/site-packages/fastapi/routing.py:1773: in _handle_selected
    await original_route.handle(scope, receive, send)
/opt/venv/lib/python3.12/site-packages/fastapi/routing.py:1264: in handle
    await app(scope, receive, send)
/opt/venv/lib/python3.12/site-packages/fastapi/routing.py:150: in app
    await wrap_app_handling_exceptions(app, request)(scope, receive, send)
/opt/venv/lib/python3.12/site-packages/starlette/_exception_handler.py:53: in wrapped_app
    raise exc
/opt/venv/lib/python3.12/site-packages/starlette/_exception_handler.py:42: in wrapped_app
    await app(scope, receive, sender)
/opt/venv/lib/python3.12/site-packages/fastapi/routing.py:136: in app
    response = await f(request)
               ^^^^^^^^^^^^^^^^
/opt/venv/lib/python3.12/site-packages/fastapi/routing.py:690: in app
    raw_response = await run_endpoint_function(
/opt/venv/lib/python3.12/site-packages/fastapi/routing.py:346: in run_endpoint_function
    return await run_in_threadpool(dependant.call, **values)
           ^^^^^^^^^^^^^^^^^^^^^^^^^^^^^^^^^^^^^^^^^^^^^^^^^
/opt/venv/lib/python3.12/site-packages/starlette/concurrency.py:34: in run_in_threadpool
    return await anyio.to_thread.run_sync(func)
           ^^^^^^^^^^^^^^^^^^^^^^^^^^^^^^^^^^^^
/opt/venv/lib/python3.12/site-packages/anyio/to_thread.py:63: in run_sync
    return await get_async_backend().run_sync_in_worker_thread(
/opt/venv/lib/python3.12/site-packages/anyio/_backends/_asyncio.py:2596: in run_sync_in_worker_thread
    return await future
           ^^^^^^^^^^^^
/opt/venv/lib/python3.12/site-packages/anyio/_backends/_asyncio.py:1029: in run
    result = context.run(func, *args)
             ^^^^^^^^^^^^^^^^^^^^^^^^
app/routers/geo_overview.py:36: in overview
    return service.get_overview(db, filters)
           ^^^^^^^^^^^^^^^^^^^^^^^^^^^^^^^^^
app/services/geo_overview.py:235: in get_overview
    as_of, inputs = load_inputs(db, filters)
                    ^^^^^^^^^^^^^^^^^^^^^^^^
_ _ _ _ _ _ _ _ _ _ _ _ _ _ _ _ _ _ _ _ _ _ _ _ _ _ _ _ _ _ _ _ _ _ _ _ _ _ _ _ 

db = <sqlalchemy.orm.session.Session object at 0xfa39319f6c00>
filters = GeoOverviewFilters(date_from=datetime.datetime(2020, 1, 1, 0, 0, tzinfo=TzInfo(0)), date_to=datetime.datetime(2100, 1,...[], language_codes=[], region_codes=[], login_states=[], intent_types=[], mention_mode=None, review_policy='EFFECTIVE')

    def load_inputs(db: Session, filters: GeoOverviewFilters) -> tuple[datetime, list[OverviewInput]]:
        if db.autoflush or db.connection().get_isolation_level() not in {
            "REPEATABLE READ",
            "SERIALIZABLE",
        }:
            raise ValueError("Overview必须在禁止autoflush的一致快照读取")
        as_of = db.scalar(select(func.now()))
        assert as_of is not None
        rows = db.execute(candidate_query(filters)).mappings().all()
        snapshots = {
            row["id"]: GeoRunInputSnapshot.model_validate(row["input_snapshot"]) for row in rows
        }
        # 对象和产品必须命中同一个冻结binding，不通过当前Catalog或答案推断关联。
        rows = [row for row in rows if selected_subjects(snapshots[row["id"]], filters)]
        ids = [row["id"] for row in rows]
        answers = {
            item.run_id: GeoAnswerSnapshotOut.model_validate(item)
            for item in db.scalars(select(GeoAnswerSnapshot).where(GeoAnswerSnapshot.run_id.in_(ids)))
        }
        citations: dict[UUID, list[GeoAnswerCitationOut]] = {identity: [] for identity in ids}
        answer_runs = {answer.id: identity for identity, answer in answers.items()}
        for item in db.scalars(
            select(GeoAnswerCitation).where(GeoAnswerCitation.answer_snapshot_id.in_(answer_runs))
        ):
            citations[answer_runs[item.answer_snapshot_id]].append(
                GeoAnswerCitationOut.model_validate(item)
            )
        current_ids = [
            row["current_analysis_revision_id"] for row in rows if row["current_analysis_revision_id"]
        ]
        analyses = {
            item.id: GeoAnalysisResult(
                analysis=GeoAnalysisRevisionOut.model_validate(item),
                mentions=[],
                recommendations=[],
                claims=[],
                citations=[],
                citation_classification_complete=False,
            )
            for item in db.scalars(
                select(GeoAnalysisRevision).where(GeoAnalysisRevision.id.in_(current_ids))
            )
        }
        _load_results(db, analyses)
        reviews = {
            item.analysis_revision_id: GeoRunReviewOut.model_validate(item)
            for item in db.scalars(
                select(GeoRunReview)
                .where(GeoRunReview.analysis_revision_id.in_(current_ids))
                .distinct(GeoRunReview.analysis_revision_id)
                .order_by(
                    GeoRunReview.analysis_revision_id,
                    GeoRunReview.created_at.desc(),
                    GeoRunReview.id.desc(),
                )
            )
        }
        file_ids = {
            identity
            for answer in answers.values()
            for identity in (answer.screenshot_file_id, answer.raw_payload_file_id)
            if identity is not None
        }
>       files = dict(
            db.execute(
                select(FileRecord.id, FileRecord.status).where(FileRecord.id.in_(file_ids))
            ).tuples()
        )
E       TypeError: 'ChunkedIteratorResult' object is not subscriptable

app/services/geo_overview_queries.py:171: TypeError
_ test_new_current_analysis_does_not_reuse_old_review_and_analysis_count_is_run_level _

review_api = ReviewAPI(harness=AnalysisHarness(database=AnswerDatabase(runs=RunDatabase(plan=PlanDatabase(url='postgresql://partsig...s=<starlette.testclient.TestClient object at 0xfa39314cb140>, engineer_id=UUID('87a9e1ef-5433-4fc7-bac1-2ff21804f5c6'))

    def test_new_current_analysis_does_not_reuse_old_review_and_analysis_count_is_run_level(review_api):
        api = review_api
        case = api.create()
        assert api.submit(case).status_code == 201
        api.reanalyze(case)
>       value = overview(api, case)
                ^^^^^^^^^^^^^^^^^^^

tests/integration/test_geo_overview.py:267: 
_ _ _ _ _ _ _ _ _ _ _ _ _ _ _ _ _ _ _ _ _ _ _ _ _ _ _ _ _ _ _ _ _ _ _ _ _ _ _ _ 
tests/integration/test_geo_overview.py:44: in overview
    response = api.engineer.get(PATH, params=params(api, case, **patch))
               ^^^^^^^^^^^^^^^^^^^^^^^^^^^^^^^^^^^^^^^^^^^^^^^^^^^^^^^^^
/opt/venv/lib/python3.12/site-packages/starlette/testclient.py:482: in get
    return super().get(
/opt/venv/lib/python3.12/site-packages/httpx2/_client.py:1118: in get
    return self.request(
/opt/venv/lib/python3.12/site-packages/starlette/testclient.py:454: in request
    return super().request(
/opt/venv/lib/python3.12/site-packages/httpx2/_client.py:803: in request
    return self.send(request, auth=auth, follow_redirects=follow_redirects)
           ^^^^^^^^^^^^^^^^^^^^^^^^^^^^^^^^^^^^^^^^^^^^^^^^^^^^^^^^^^^^^^^^
/opt/venv/lib/python3.12/site-packages/httpx2/_client.py:985: in send
    response = self._send_handling_auth(
/opt/venv/lib/python3.12/site-packages/httpx2/_client.py:1013: in _send_handling_auth
    response = self._send_handling_redirects(
/opt/venv/lib/python3.12/site-packages/httpx2/_client.py:1048: in _send_handling_redirects
    response = self._send_single_request(request)
               ^^^^^^^^^^^^^^^^^^^^^^^^^^^^^^^^^^
/opt/venv/lib/python3.12/site-packages/httpx2/_client.py:1081: in _send_single_request
    response = transport.handle_request(request)
               ^^^^^^^^^^^^^^^^^^^^^^^^^^^^^^^^^
/opt/venv/lib/python3.12/site-packages/starlette/testclient.py:356: in handle_request
    raise exc
/opt/venv/lib/python3.12/site-packages/starlette/testclient.py:353: in handle_request
    portal.call(self.app, scope, receive, send)
/opt/venv/lib/python3.12/site-packages/anyio/from_thread.py:338: in call
    return cast(T_Retval, self.start_task_soon(func, *args).result())
                          ^^^^^^^^^^^^^^^^^^^^^^^^^^^^^^^^^^^^^^^^^^
/usr/local/lib/python3.12/concurrent/futures/_base.py:456: in result
    return self.__get_result()
           ^^^^^^^^^^^^^^^^^^^
/usr/local/lib/python3.12/concurrent/futures/_base.py:401: in __get_result
    raise self._exception
/opt/venv/lib/python3.12/site-packages/anyio/from_thread.py:263: in _call_func
    retval = await retval_or_awaitable
             ^^^^^^^^^^^^^^^^^^^^^^^^^
/opt/venv/lib/python3.12/site-packages/fastapi/applications.py:1163: in __call__
    await super().__call__(scope, receive, send)
/opt/venv/lib/python3.12/site-packages/starlette/applications.py:90: in __call__
    await self.middleware_stack(scope, receive, send)
/opt/venv/lib/python3.12/site-packages/starlette/middleware/errors.py:186: in __call__
    raise exc
/opt/venv/lib/python3.12/site-packages/starlette/middleware/errors.py:164: in __call__
    await self.app(scope, receive, _send)
/opt/venv/lib/python3.12/site-packages/starlette/middleware/base.py:193: in __call__
    response = await self.dispatch_func(request, call_next)
               ^^^^^^^^^^^^^^^^^^^^^^^^^^^^^^^^^^^^^^^^^^^^
app/main.py:290: in request_context
    response = await call_next(request)
               ^^^^^^^^^^^^^^^^^^^^^^^^
/opt/venv/lib/python3.12/site-packages/starlette/middleware/base.py:168: in call_next
    raise app_exc from app_exc.__cause__ or app_exc.__context__
/opt/venv/lib/python3.12/site-packages/starlette/middleware/base.py:144: in coro
    await self.app(scope, receive_or_disconnect, send_no_error)
/opt/venv/lib/python3.12/site-packages/starlette/middleware/cors.py:88: in __call__
    await self.app(scope, receive, send)
/opt/venv/lib/python3.12/site-packages/starlette/middleware/exceptions.py:63: in __call__
    await wrap_app_handling_exceptions(self.app, conn)(scope, receive, send)
/opt/venv/lib/python3.12/site-packages/starlette/_exception_handler.py:53: in wrapped_app
    raise exc
/opt/venv/lib/python3.12/site-packages/starlette/_exception_handler.py:42: in wrapped_app
    await app(scope, receive, sender)
/opt/venv/lib/python3.12/site-packages/fastapi/middleware/asyncexitstack.py:18: in __call__
    await self.app(scope, receive, send)
/opt/venv/lib/python3.12/site-packages/starlette/routing.py:660: in __call__
    await self.middleware_stack(scope, receive, send)
/opt/venv/lib/python3.12/site-packages/fastapi/routing.py:2683: in app
    await route.handle(scope, receive, send)
/opt/venv/lib/python3.12/site-packages/fastapi/routing.py:1753: in handle
    await self.original_router.handle(scope, receive, send)
/opt/venv/lib/python3.12/site-packages/fastapi/routing.py:2738: in handle
    await included_router._handle_selected(scope, receive, send)
/opt/venv/lib/python3.12/site-packages/fastapi/routing.py:1773: in _handle_selected
    await original_route.handle(scope, receive, send)
/opt/venv/lib/python3.12/site-packages/fastapi/routing.py:1264: in handle
    await app(scope, receive, send)
/opt/venv/lib/python3.12/site-packages/fastapi/routing.py:150: in app
    await wrap_app_handling_exceptions(app, request)(scope, receive, send)
/opt/venv/lib/python3.12/site-packages/starlette/_exception_handler.py:53: in wrapped_app
    raise exc
/opt/venv/lib/python3.12/site-packages/starlette/_exception_handler.py:42: in wrapped_app
    await app(scope, receive, sender)
/opt/venv/lib/python3.12/site-packages/fastapi/routing.py:136: in app
    response = await f(request)
               ^^^^^^^^^^^^^^^^
/opt/venv/lib/python3.12/site-packages/fastapi/routing.py:690: in app
    raw_response = await run_endpoint_function(
/opt/venv/lib/python3.12/site-packages/fastapi/routing.py:346: in run_endpoint_function
    return await run_in_threadpool(dependant.call, **values)
           ^^^^^^^^^^^^^^^^^^^^^^^^^^^^^^^^^^^^^^^^^^^^^^^^^
/opt/venv/lib/python3.12/site-packages/starlette/concurrency.py:34: in run_in_threadpool
    return await anyio.to_thread.run_sync(func)
           ^^^^^^^^^^^^^^^^^^^^^^^^^^^^^^^^^^^^
/opt/venv/lib/python3.12/site-packages/anyio/to_thread.py:63: in run_sync
    return await get_async_backend().run_sync_in_worker_thread(
/opt/venv/lib/python3.12/site-packages/anyio/_backends/_asyncio.py:2596: in run_sync_in_worker_thread
    return await future
           ^^^^^^^^^^^^
/opt/venv/lib/python3.12/site-packages/anyio/_backends/_asyncio.py:1029: in run
    result = context.run(func, *args)
             ^^^^^^^^^^^^^^^^^^^^^^^^
app/routers/geo_overview.py:36: in overview
    return service.get_overview(db, filters)
           ^^^^^^^^^^^^^^^^^^^^^^^^^^^^^^^^^
app/services/geo_overview.py:235: in get_overview
    as_of, inputs = load_inputs(db, filters)
                    ^^^^^^^^^^^^^^^^^^^^^^^^
_ _ _ _ _ _ _ _ _ _ _ _ _ _ _ _ _ _ _ _ _ _ _ _ _ _ _ _ _ _ _ _ _ _ _ _ _ _ _ _ 

db = <sqlalchemy.orm.session.Session object at 0xfa3931f9e600>
filters = GeoOverviewFilters(date_from=datetime.datetime(2020, 1, 1, 0, 0, tzinfo=TzInfo(0)), date_to=datetime.datetime(2100, 1,...[], language_codes=[], region_codes=[], login_states=[], intent_types=[], mention_mode=None, review_policy='EFFECTIVE')

    def load_inputs(db: Session, filters: GeoOverviewFilters) -> tuple[datetime, list[OverviewInput]]:
        if db.autoflush or db.connection().get_isolation_level() not in {
            "REPEATABLE READ",
            "SERIALIZABLE",
        }:
            raise ValueError("Overview必须在禁止autoflush的一致快照读取")
        as_of = db.scalar(select(func.now()))
        assert as_of is not None
        rows = db.execute(candidate_query(filters)).mappings().all()
        snapshots = {
            row["id"]: GeoRunInputSnapshot.model_validate(row["input_snapshot"]) for row in rows
        }
        # 对象和产品必须命中同一个冻结binding，不通过当前Catalog或答案推断关联。
        rows = [row for row in rows if selected_subjects(snapshots[row["id"]], filters)]
        ids = [row["id"] for row in rows]
        answers = {
            item.run_id: GeoAnswerSnapshotOut.model_validate(item)
            for item in db.scalars(select(GeoAnswerSnapshot).where(GeoAnswerSnapshot.run_id.in_(ids)))
        }
        citations: dict[UUID, list[GeoAnswerCitationOut]] = {identity: [] for identity in ids}
        answer_runs = {answer.id: identity for identity, answer in answers.items()}
        for item in db.scalars(
            select(GeoAnswerCitation).where(GeoAnswerCitation.answer_snapshot_id.in_(answer_runs))
        ):
            citations[answer_runs[item.answer_snapshot_id]].append(
                GeoAnswerCitationOut.model_validate(item)
            )
        current_ids = [
            row["current_analysis_revision_id"] for row in rows if row["current_analysis_revision_id"]
        ]
        analyses = {
            item.id: GeoAnalysisResult(
                analysis=GeoAnalysisRevisionOut.model_validate(item),
                mentions=[],
                recommendations=[],
                claims=[],
                citations=[],
                citation_classification_complete=False,
            )
            for item in db.scalars(
                select(GeoAnalysisRevision).where(GeoAnalysisRevision.id.in_(current_ids))
            )
        }
        _load_results(db, analyses)
        reviews = {
            item.analysis_revision_id: GeoRunReviewOut.model_validate(item)
            for item in db.scalars(
                select(GeoRunReview)
                .where(GeoRunReview.analysis_revision_id.in_(current_ids))
                .distinct(GeoRunReview.analysis_revision_id)
                .order_by(
                    GeoRunReview.analysis_revision_id,
                    GeoRunReview.created_at.desc(),
                    GeoRunReview.id.desc(),
                )
            )
        }
        file_ids = {
            identity
            for answer in answers.values()
            for identity in (answer.screenshot_file_id, answer.raw_payload_file_id)
            if identity is not None
        }
>       files = dict(
            db.execute(
                select(FileRecord.id, FileRecord.status).where(FileRecord.id.in_(file_ids))
            ).tuples()
        )
E       TypeError: 'ChunkedIteratorResult' object is not subscriptable

app/services/geo_overview_queries.py:171: TypeError
=========================== short test summary info ============================
FAILED tests/integration/test_geo_overview.py::test_empty_overview_auth_validation_and_closed_public_payload
FAILED tests/integration/test_geo_overview.py::test_current_review_and_all_cards_reproduce_from_same_filtered_samples
FAILED tests/integration/test_geo_overview.py::test_filters_are_shared_by_cells_products_risks_batches_quality
FAILED tests/integration/test_geo_overview.py::test_repeatable_read_cannot_mix_new_review_between_queries
FAILED tests/integration/test_geo_overview.py::test_query_count_is_fixed_with_empty_dense_and_review_history
FAILED tests/integration/test_geo_overview.py::test_new_current_analysis_does_not_reuse_old_review_and_analysis_count_is_run_level
6 failed in 4.66s

