FFF.FF.F                                                                 [100%]
=================================== FAILURES ===================================
________________ test_recommendation_gold[negated-first-choice] ________________

case = {'expected': {'recommendations': [{'rank': None, 'recommendation': 'UNKNOWN', 'subject_id': 'subject-base'}], 'review_...bject-competitor-two', 'subject-own-brand', 'subject-competitor-brand'], 'text': 'GEOFX-731Q is not the first choice.'}

    @pytest.mark.parametrize("case", GOLD["cases"], ids=lambda row: row["id"])
    def test_recommendation_gold(case: dict[str, Any]) -> None:
        inputs = snapshots(case["subject_ids"])
        result = classify_recommendations(case["text"], freeze_subject_aliases(inputs))
        actual = {r.subject_id: (r.recommendation.value, r.rank) for r in result.recommendations}
>       assert actual == {
            identity(r["subject_id"]): (r["recommendation"], r["rank"])
            for r in case["expected"]["recommendations"]
        }
E       AssertionError: assert {UUID('a9e287...OMMENDED', 1)} == {UUID('a9e287...KNOWN', None)}
E         
E         Differing items:
E         {UUID('a9e28782-707d-5c90-8ed0-98a1312be8f5'): ('RECOMMENDED', 1)} != {UUID('a9e28782-707d-5c90-8ed0-98a1312be8f5'): ('UNKNOWN', None)}
E         Use -v to get more diff

backend/tests/unit/test_geo_recommendations.py:58: AssertionError
_________________ test_recommendation_gold[indirect-negation] __________________

case = {'expected': {'recommendations': [{'rank': None, 'recommendation': 'UNKNOWN', 'subject_id': 'subject-base'}], 'review_...competitor-two', 'subject-own-brand', 'subject-competitor-brand'], 'text': 'I do not think GEOFX-731Q is recommended.'}

    @pytest.mark.parametrize("case", GOLD["cases"], ids=lambda row: row["id"])
    def test_recommendation_gold(case: dict[str, Any]) -> None:
        inputs = snapshots(case["subject_ids"])
        result = classify_recommendations(case["text"], freeze_subject_aliases(inputs))
        actual = {r.subject_id: (r.recommendation.value, r.rank) for r in result.recommendations}
>       assert actual == {
            identity(r["subject_id"]): (r["recommendation"], r["rank"])
            for r in case["expected"]["recommendations"]
        }
E       AssertionError: assert {UUID('a9e287...ENDED', None)} == {UUID('a9e287...KNOWN', None)}
E         
E         Differing items:
E         {UUID('a9e28782-707d-5c90-8ed0-98a1312be8f5'): ('RECOMMENDED', None)} != {UUID('a9e28782-707d-5c90-8ed0-98a1312be8f5'): ('UNKNOWN', None)}
E         Use -v to get more diff

backend/tests/unit/test_geo_recommendations.py:58: AssertionError
_____________ test_recommendation_gold[chinese-indirect-negation] ______________

case = {'expected': {'recommendations': [{'rank': None, 'recommendation': 'NOT_RECOMMENDED', 'subject_id': 'subject-base'}], ...ct-competitor', 'subject-competitor-two', 'subject-own-brand', 'subject-competitor-brand'], 'text': '并非推荐 GEOFX-731Q。'}

    @pytest.mark.parametrize("case", GOLD["cases"], ids=lambda row: row["id"])
    def test_recommendation_gold(case: dict[str, Any]) -> None:
        inputs = snapshots(case["subject_ids"])
        result = classify_recommendations(case["text"], freeze_subject_aliases(inputs))
        actual = {r.subject_id: (r.recommendation.value, r.rank) for r in result.recommendations}
>       assert actual == {
            identity(r["subject_id"]): (r["recommendation"], r["rank"])
            for r in case["expected"]["recommendations"]
        }
E       AssertionError: assert {UUID('a9e287...ENDED', None)} == {UUID('a9e287...ENDED', None)}
E         
E         Differing items:
E         {UUID('a9e28782-707d-5c90-8ed0-98a1312be8f5'): ('RECOMMENDED', None)} != {UUID('a9e28782-707d-5c90-8ed0-98a1312be8f5'): ('NOT_RECOMMENDED', None)}
E         Use -v to get more diff

backend/tests/unit/test_geo_recommendations.py:58: AssertionError
________________ test_recommendation_gold[unmonitored-positive] ________________

case = {'expected': {'recommendations': [{'rank': None, 'recommendation': 'CONSIDERED', 'subject_id': 'subject-base'}], 'revi...titor', 'subject-competitor-two', 'subject-own-brand', 'subject-competitor-brand'], 'text': '推荐未知型号，GEOFX-731Q 仅用于比较。'}

    @pytest.mark.parametrize("case", GOLD["cases"], ids=lambda row: row["id"])
    def test_recommendation_gold(case: dict[str, Any]) -> None:
        inputs = snapshots(case["subject_ids"])
        result = classify_recommendations(case["text"], freeze_subject_aliases(inputs))
        actual = {r.subject_id: (r.recommendation.value, r.rank) for r in result.recommendations}
>       assert actual == {
            identity(r["subject_id"]): (r["recommendation"], r["rank"])
            for r in case["expected"]["recommendations"]
        }
E       AssertionError: assert {UUID('a9e287...ENDED', None)} == {UUID('a9e287...DERED', None)}
E         
E         Differing items:
E         {UUID('a9e28782-707d-5c90-8ed0-98a1312be8f5'): ('RECOMMENDED', None)} != {UUID('a9e28782-707d-5c90-8ed0-98a1312be8f5'): ('CONSIDERED', None)}
E         Use -v to get more diff

backend/tests/unit/test_geo_recommendations.py:58: AssertionError
____________ test_recommendation_gold[unmonitored-postfix-positive] ____________

case = {'expected': {'recommendations': [{'rank': None, 'recommendation': 'UNKNOWN', 'subject_id': 'subject-base'}], 'review_...titor', 'subject-competitor-two', 'subject-own-brand', 'subject-competitor-brand'], 'text': 'GEOFX-731Q 的参数未知，推荐其他型号。'}

    @pytest.mark.parametrize("case", GOLD["cases"], ids=lambda row: row["id"])
    def test_recommendation_gold(case: dict[str, Any]) -> None:
        inputs = snapshots(case["subject_ids"])
        result = classify_recommendations(case["text"], freeze_subject_aliases(inputs))
        actual = {r.subject_id: (r.recommendation.value, r.rank) for r in result.recommendations}
>       assert actual == {
            identity(r["subject_id"]): (r["recommendation"], r["rank"])
            for r in case["expected"]["recommendations"]
        }
E       AssertionError: assert {UUID('a9e287...ENDED', None)} == {UUID('a9e287...KNOWN', None)}
E         
E         Differing items:
E         {UUID('a9e28782-707d-5c90-8ed0-98a1312be8f5'): ('RECOMMENDED', None)} != {UUID('a9e28782-707d-5c90-8ed0-98a1312be8f5'): ('UNKNOWN', None)}
E         Use -v to get more diff

backend/tests/unit/test_geo_recommendations.py:58: AssertionError
_______________ test_recommendation_gold[english-header-ranked] ________________

case = {'expected': {'recommendations': [{'rank': 1, 'recommendation': 'RECOMMENDED', 'subject_id': 'subject-competitor'}, {'...r-two', 'subject-own-brand', 'subject-competitor-brand'], 'text': 'Order of preference:\n1. GEOCX-842R\n2. GEOFX-731Q'}

    @pytest.mark.parametrize("case", GOLD["cases"], ids=lambda row: row["id"])
    def test_recommendation_gold(case: dict[str, Any]) -> None:
        inputs = snapshots(case["subject_ids"])
        result = classify_recommendations(case["text"], freeze_subject_aliases(inputs))
        actual = {r.subject_id: (r.recommendation.value, r.rank) for r in result.recommendations}
>       assert actual == {
            identity(r["subject_id"]): (r["recommendation"], r["rank"])
            for r in case["expected"]["recommendations"]
        }
E       AssertionError: assert {UUID('34ca66...KNOWN', None)} == {UUID('34ca66...OMMENDED', 2)}
E         
E         Differing items:
E         {UUID('34ca66bd-ac2b-50a9-8a75-6dfa2387c15f'): ('UNKNOWN', None)} != {UUID('34ca66bd-ac2b-50a9-8a75-6dfa2387c15f'): ('RECOMMENDED', 1)}
E         {UUID('a9e28782-707d-5c90-8ed0-98a1312be8f5'): ('UNKNOWN', None)} != {UUID('a9e28782-707d-5c90-8ed0-98a1312be8f5'): ('RECOMMENDED', 2)}
E         Use -v to get more diff

backend/tests/unit/test_geo_recommendations.py:58: AssertionError
=========================== short test summary info ============================
FAILED backend/tests/unit/test_geo_recommendations.py::test_recommendation_gold[negated-first-choice]
FAILED backend/tests/unit/test_geo_recommendations.py::test_recommendation_gold[indirect-negation]
FAILED backend/tests/unit/test_geo_recommendations.py::test_recommendation_gold[chinese-indirect-negation]
FAILED backend/tests/unit/test_geo_recommendations.py::test_recommendation_gold[unmonitored-positive]
FAILED backend/tests/unit/test_geo_recommendations.py::test_recommendation_gold[unmonitored-postfix-positive]
FAILED backend/tests/unit/test_geo_recommendations.py::test_recommendation_gold[english-header-ranked]
6 failed, 2 passed, 67 deselected in 0.16s
