 Network partsignal-geo604-validation_default Creating 
 Network partsignal-geo604-validation_default Created 
 Volume partsignal-geo604-validation_geo604-oss Creating 
 Volume partsignal-geo604-validation_geo604-oss Created 
 Volume partsignal-geo604-validation_geo604-postgres Creating 
 Volume partsignal-geo604-validation_geo604-postgres Created 
 Container partsignal-geo604-validation-redis-1 Creating 
 Container partsignal-geo604-validation-fake-oss-1 Creating 
 Container partsignal-geo604-validation-postgres-1 Creating 
 Container partsignal-geo604-validation-fake-oss-1 Created 
 Container partsignal-geo604-validation-redis-1 Created 
 Container partsignal-geo604-validation-postgres-1 Created 
 Container partsignal-geo604-validation-redis-1 Starting 
 Container partsignal-geo604-validation-postgres-1 Starting 
 Container partsignal-geo604-validation-fake-oss-1 Starting 
 Container partsignal-geo604-validation-postgres-1 Started 
 Container partsignal-geo604-validation-redis-1 Started 
 Container partsignal-geo604-validation-fake-oss-1 Started 
 Container partsignal-geo604-validation-postgres-1 Waiting 
 Container partsignal-geo604-validation-postgres-1 Healthy 
 Container partsignal-geo604-validation-backend-test-run-371b2eab6b14 Creating 
 Container partsignal-geo604-validation-backend-test-run-371b2eab6b14 Created 
.......................                                                  [100%]
23 passed in 15.46s
