..FF.................................................................... [ 17%]
........................................................................ [ 34%]
........................................................................ [ 52%]
........................................................................ [ 69%]
........................................................................ [ 86%]
.......................................................                  [100%]
=================================== FAILURES ===================================
___ test_static_request_context_metadata_covers_all_operations_and_responses ___

    def test_static_request_context_metadata_covers_all_operations_and_responses() -> None:
        """静态合同逐操作声明 request ID、400 信封和全部 response Header。"""
        contract = Path(__file__).resolve().parents[3] / "contracts" / "openapi.yaml"
        document = yaml.safe_load(contract.read_text(encoding="utf-8"))
        operations = operation_map(document)
        assert len(operations) == 228
        assert len({operation["operationId"] for operation in operations.values()}) == 228
        assert sum(len(operation["responses"]) for operation in operations.values()) == 1469
    
        expected_parameter = {
            "name": "X-Request-ID",
            "in": "header",
            "required": False,
            "schema": {
                "type": "string",
                "minLength": 1,
                "maxLength": 100,
                "pattern": r"^[\x20-\x7E]+$",
            },
        }
        expected_header = {
            "required": True,
            "schema": {
                "type": "string",
                "minLength": 1,
                "maxLength": 100,
                "pattern": r"^[\x20-\x7E]+$",
            },
        }
        assert document["components"]["parameters"]["RequestIdHeader"] == expected_parameter
        assert document["components"]["headers"]["RequestIdResponseHeader"] == expected_header
        error_response = document["components"]["responses"]["ErrorResponse"]
        assert error_response["content"] == {
            "application/json": {"schema": {"$ref": "#/components/schemas/ErrorEnvelope"}}
        }
        assert error_response["headers"]["X-Request-ID"] == {
            "$ref": "#/components/headers/RequestIdResponseHeader"
        }
    
        for operation in operations.values():
            parameters = [
                resolve_schema(document, parameter)
                for parameter in operation.get("parameters", [])
                if resolve_schema(document, parameter).get("name") == "X-Request-ID"
            ]
>           assert parameters == [expected_parameter]
E           AssertionError: assert [{'in': 'head...': 'string'}}] == [{'in': 'head...': 'string'}}]
E             
E             Left contains one more item: {'in': 'header', 'name': 'X-Request-ID', 'required': False, 'schema': {'maxLength': 100, 'minLength': 1, 'pattern': '^[\\x20-\\x7E]+$', 'type': 'string'}}
E             Use -v to get more diff

backend/tests/unit/test_contract.py:96: AssertionError
_________ test_frozen_response_status_signatures_cover_every_operation _________

    def test_frozen_response_status_signatures_cover_every_operation() -> None:
        """逐 operation 冻结精确 response 集合，避免合同回退到宽泛状态模板。"""
        contract = Path(__file__).resolve().parents[3] / "contracts" / "openapi.yaml"
        document = yaml.safe_load(contract.read_text(encoding="utf-8"))
        expected_by_signature = {
            ("200",): ("getLiveHealth",),
            ("200", "503"): ("getReadyHealth",),
            ("200", "204", "401"): ("getCurrentUser",),
            ("200", "401", "403"): (
                "getCsrfToken",
                "getAuditLogFilterOptions",
                "listQueryTopics",
                "listPlatformPrompts",
                "listPlatformTypes",
                "listPublicationReadyItems",
                "getPublicationWorkbenchSummary",
                "getDashboardSummary",
            ),
            ("200", "401", "422"): ("login",),
            ("200", "204", "401", "403"): (
                "getAuthSession",
                "getContentHumanizationPrompt",
            ),
            ("200", "401", "403", "409"): ("getWorkbench",),
            ("200", "401", "403", "422"): (
                "listUsers",
                "bulkUpdateUserStatus",
                "exportUsers",
                "listAuditLogs",
                "listProducts",
                "listQueryTopicItems",
                "listPlatformProfiles",
                "exportPlatformProfiles",
                "listAIChannels",
                "listContentTasks",
                "getContentTaskCreationOptions",
                "listPlatformAccounts",
                "getGeoMetrics",
                "listGeoSubjects",
                "listGeoPromptVariants",
                "listGeoEngineSurfaces",
                "listGeoCollectionProfiles",
                "listGeoMonitoringPlans",
                "previewGeoMonitoringPlan",
            ),
            ("201", "401", "403", "422"): (
                "createQueryTopic",
                "createAIChannel",
                "createFileUploadIntent",
            ),
            ("204", "401", "403", "422"): ("logout", "changePassword"),
            ("200", "401", "403", "404", "422"): (
                "getProduct",
                "getProductDetail",
                "getProductFactsDraft",
                "listFactVersions",
                "listProductFactHistory",
                "getProductFactReviewContext",
                "getFactVersion",
                "getFactReviewContext",
                "getPlatformProfile",
                "getPlatformPrompt",
                "getPlatformPromptPreviewOptions",
                "getAIChannel",
                "getAIChannelUsageSummary",
                "listAIChannelAuditLogs",
                "listAIModels",
                "getContentTask",
                "getContentTaskDetail",
                "listGenerationJobs",
                "listContentTaskVersions",
                "getGenerationJob",
                "getContentVersion",
                "compareContentVersions",
                "listGeoObservationPublications",
                "getFileRecord",
                "getGeoSubject",
                "getGeoPromptVariant",
                "getGeoEngineSurface",
                "getGeoCollectionProfile",
                "getGeoMonitoringPlan",
            ),
            ("200", "401", "403", "409", "422"): (
                "putContentHumanizationPrompt",
                "listPublicationWorks",
                "listPublishedArticles",
                "listPublishedContentIssues",
                "listGeoObservations",
                "listGeoObservationItems",
                "getGeoOverview",
                "getGeoAnswerInsights",
                "listGeoInsightQualityRuns",
            ),
            ("201", "401", "403", "409", "422"): (
                "createUser",
                "createProduct",
                "createPlatformPrompt",
                "createPlatformType",
                "createGeoMonitoringPlan",
            ),
            ("200", "401", "403", "404", "409", "422"): (
                "listGeoOverviewRuns",
                "listGeoAnswerInsightRuns",
                "listGeoInsightCitations",
                "listGeoInsightClaims",
                "updateUser",
                "resetUserPassword",
                "getAuditLog",
                "updateProduct",
                "replaceProductFactsDraft",
                "approveFactVersion",
                "requestFactVersionChanges",
                "retireFactVersion",
                "updateQueryTopic",
                "updatePlatformProfile",
                "enablePlatformProfile",
                "disablePlatformProfile",
                "updatePlatformPrompt",
                "updatePlatformType",
                "updateAIChannel",
                "replaceAIChannelApiKey",
                "enableAIChannel",
                "disableAIChannel",
                "updateAIChannelHeader",
                "updateAIModel",
                "testAIModel",
                "enableAIModel",
                "disableAIModel",
                "getContentEditorContext",
                "getContentTaskReviewContext",
                "getContentTaskGenerationOptions",
                "cancelContentTask",
                "archiveContentTask",
                "restoreContentTask",
                "getContentTaskPermanentDeletionPreview",
                "updateContentDraft",
                "getContentReviewContext",
                "getContentVersionDetail",
                "submitContentVersion",
                "abandonContentVersion",
                "approveContentVersion",
                "requestContentVersionChanges",
                "getPublicationPackage",
                "updatePlatformAccount",
                "enablePlatformAccount",
                "disablePlatformAccount",
                "getPublicationWork",
                "getPublicationWorkspaceContext",
                "updatePublicationPreparation",
                "markPublicationPlatformReview",
                "registerPublicationResult",
                "verifyPublicationWork",
                "switchPublicationContentVersion",
                "closePublicationWork",
                "getPublishedArticle",
                "previewPublishedArticlePermanentDeletion",
                "getPublishedContentIssue",
                "getPublishedContentIssueWorkspaceContext",
                "getPublishedContentRepairContext",
                "resolvePublishedContentIssue",
                "getGeoManualEntryContext",
                "listGeoObservationBatches",
                "getGeoObservationBatch",
                "listGeoObservationBatchRuns",
                "listGeoObservationRuns",
                "getGeoObservation",
                "getGeoObservationDetail",
                "getGeoObservationCorrectionContext",
                "getGeoInsights",
                "abortFileUpload",
                "getFileDownloadUrl",
                "updateGeoSubject",
                "updateGeoEngineSurface",
                "enableGeoEngineSurface",
                "disableGeoEngineSurface",
                "updateGeoCollectionProfile",
                "enableGeoCollectionProfile",
                "testGeoCollectionProfile",
                "disableGeoCollectionProfile",
                "updateGeoPromptVariant",
                "enableGeoPromptVariant",
                "disableGeoPromptVariant",
                "enableGeoSubject",
                "disableGeoSubject",
                "createGeoSubjectAlias",
                "updateGeoSubjectAlias",
                "deleteGeoSubjectAlias",
                "createGeoSubjectDomain",
                "deleteGeoSubjectDomain",
                "updateGeoMonitoringPlan",
                "activateGeoMonitoringPlan",
                "pauseGeoMonitoringPlan",
                "resumeGeoMonitoringPlan",
                "archiveGeoMonitoringPlan",
            ),
            ("201", "401", "403", "404", "409", "422"): (
                "submitProductFactReview",
                "createPlatformProfile",
                "createAIChannelHeader",
                "createContentTask",
                "createManualContentVersion",
                "createContentRevision",
                "createPlatformAccount",
                "createPublicationWork",
                "openPublishedContentIssue",
                "createPublishedContentRepairTask",
                "createGeoObservation",
                "createGeoOptimizationContentTask",
                "createAIModel",
                "createGeoSubject",
                "createGeoPromptVariant",
                "createGeoEngineSurface",
                "createGeoCollectionProfile",
                "copyGeoMonitoringPlan",
                "createGeoObservationBatch",
                "runGeoMonitoringPlanNow",
                "retryGeoObservationRun",
                "reviewGeoObservationRun",
            ),
            ("201", "401", "403", "409", "422", "503"): (
                "createPlatformLogoCandidate",
            ),
            ("202", "401", "403", "404", "409", "422"): (
                "createGenerationJob",
                "createHumanizationJob",
                "retryGenerationJob",
            ),
            ("204", "401", "403", "404", "409", "422"): (
                "deleteUser",
                "deleteProduct",
                "deleteFactVersion",
                "deleteQueryTopic",
                "deletePlatformProfile",
                "deletePlatformPrompt",
                "deletePlatformType",
                "deleteAIChannel",
                "deleteAIChannelHeader",
                "deleteAIModel",
                "deleteContentTask",
                "permanentlyDeleteContentTask",
                "deleteContentDraft",
                "deletePlatformAccount",
                "permanentlyDeletePublishedArticle",
                "deleteGeoObservation",
                "deleteGeoSubject",
                "deleteGeoPromptVariant",
                "deleteGeoEngineSurface",
                "deleteGeoCollectionProfile",
                "deleteGeoMonitoringPlan",
            ),
            ("204", "401", "403", "404", "408", "409", "413", "422", "503"): (
                "uploadFileContent",
            ),
            ("200", "401", "403", "404", "409", "422", "503"): (
                "saveGeoManualDraft",
                "completeFileUpload",
                "getGeoObservationRun",
            ),
            ("200", "401", "403", "404", "409", "422", "502", "504"): (
                "discoverAIChannelModels",
            ),
            ("201", "401", "403", "404", "409", "422", "503"): ("submitGeoManualObservation",),
        }
        expected = {
            operation_id: set(statuses) | {"400"}
            for statuses, operation_ids in expected_by_signature.items()
            for operation_id in operation_ids
        }
        operations = {
            operation["operationId"]: operation
            for path in document["paths"].values()
            for operation in path.values()
            if isinstance(operation, dict) and "operationId" in operation
        }
    
        assert len(expected) == 228
        assert set(operations) == set(expected)
        for operation_id, operation in operations.items():
            responses = operation["responses"]
            assert set(responses) == expected[operation_id]
            assert "500" not in responses
            assert "default" not in responses
            for status, response in responses.items():
                if status not in {"200", "201", "202", "204"}:
                    assert response == {"$ref": "#/components/responses/ErrorResponse"}
    
        validation_free = {
            "getLiveHealth",
            "getReadyHealth",
            "getAuditLogFilterOptions",
            "getCsrfToken",
            "getAuthSession",
            "getCurrentUser",
            "getContentHumanizationPrompt",
            "getDashboardSummary",
            "listPlatformPrompts",
            "listPlatformTypes",
            "listPublicationReadyItems",
            "getPublicationWorkbenchSummary",
            "listQueryTopics",
            "getWorkbench",
        }
        assert len(validation_free) == 14
>       assert sum("422" in statuses for statuses in expected.values()) == 211
E       assert 214 == 211
E        +  where 214 = sum(<generator object test_frozen_response_status_signatures_cover_every_operation.<locals>.<genexpr> at 0x10fca6e90>)

backend/tests/unit/test_contract.py:412: AssertionError
=========================== short test summary info ============================
FAILED backend/tests/unit/test_contract.py::test_static_request_context_metadata_covers_all_operations_and_responses
FAILED backend/tests/unit/test_contract.py::test_frozen_response_status_signatures_cover_every_operation
2 failed, 413 passed in 23.09s
