 Container partsignal-geo106-validation-fake-oss-1 Stopping 
 Container partsignal-geo106-validation-postgres-1 Stopping 
 Container partsignal-geo106-validation-redis-1 Stopping 
 Container partsignal-geo106-validation-postgres-1 Stopped 
 Container partsignal-geo106-validation-postgres-1 Removing 
 Container partsignal-geo106-validation-postgres-1 Removed 
 Container partsignal-geo106-validation-redis-1 Stopped 
 Container partsignal-geo106-validation-redis-1 Removing 
 Container partsignal-geo106-validation-redis-1 Removed 
 Container partsignal-geo106-validation-fake-oss-1 Stopped 
 Container partsignal-geo106-validation-fake-oss-1 Removing 
 Container partsignal-geo106-validation-fake-oss-1 Removed 
 Network partsignal-geo106-validation Removing 
 Volume partsignal-geo106-validation_partsignal-redis Removing 
 Volume partsignal-geo106-validation_partsignal-fake-oss Removing 
 Volume partsignal-geo106-validation_partsignal-postgres Removing 
 Volume partsignal-geo106-validation_partsignal-redis Removed 
 Volume partsignal-geo106-validation_partsignal-postgres Removed 
 Volume partsignal-geo106-validation_partsignal-fake-oss Removed 
 Network partsignal-geo106-validation Removed 
docker_ps_after_task_cleanup=empty
time="2026-10-02T04:33:01-07:00" level=info msg="stopping colima"
time="2026-10-02T04:33:01-07:00" level=info msg="stopping ..." context=docker
Stopping 'docker.service', but its triggering units are still active:
docker.socket
colima
time="2026-10-02T04:33:01-07:00" level=info msg="stopping ..." context=vm
time="2026-10-02T04:33:01-07:00" level=info msg="Sending SIGINT to hostagent process 25910"
time="2026-10-02T04:33:01-07:00" level=info msg="Waiting for the host agent and the driver processes to shut down"
time="2026-10-02T04:33:01-07:00" level=info msg="[hostagent] Received SIGINT, shutting down the host agent"
time="2026-10-02T04:33:01-07:00" level=info msg="[hostagent] Shutting down the host agent"
time="2026-10-02T04:33:01-07:00" level=info msg="[hostagent] Stopping forwarding \"/var/run/docker.sock\" (guest) to \"/Users/sc/.colima/default/docker.sock\" (host)"
time="2026-10-02T04:33:01-07:00" level=info msg="[hostagent] Stopping forwarding \"/var/run/containerd/containerd.sock\" (guest) to \"/Users/sc/.colima/default/containerd.sock\" (host)"
time="2026-10-02T04:33:01-07:00" level=info msg="[hostagent] Stopping forwarding \"/var/run/docker.sock\" (guest) to \"/Users/sc/.colima/docker.sock\" (host)"
time="2026-10-02T04:33:01-07:00" level=info msg="[hostagent] Unmounting disk \"colima\""
time="2026-10-02T04:33:01-07:00" level=info msg="[hostagent] Shutting down VZ"
time="2026-10-02T04:33:02-07:00" level=info msg="[hostagent] [VZ] - vm state change: stopped"
time="2026-10-02T04:33:02-07:00" level=info msg="Waiting for the instance to shut down"
time="2026-10-02T04:33:02-07:00" level=info msg="The instance colima has shut down"
time="2026-10-02T04:33:03-07:00" level=info msg=done
PROFILE    STATUS     ARCH       CPUS    MEMORY    DISK      RUNTIME    ADDRESS
default    Stopped    aarch64    2       2GiB      100GiB    docker     
