 Network partsignal-geo106-validation Creating 
 Network partsignal-geo106-validation Created 
 Volume partsignal-geo106-validation_partsignal-postgres Creating 
 Volume partsignal-geo106-validation_partsignal-postgres Created 
 Volume partsignal-geo106-validation_partsignal-fake-oss Creating 
 Volume partsignal-geo106-validation_partsignal-fake-oss Created 
 Volume partsignal-geo106-validation_partsignal-redis Creating 
 Volume partsignal-geo106-validation_partsignal-redis Created 
 Container partsignal-geo106-validation-redis-1 Creating 
 Container partsignal-geo106-validation-fake-oss-1 Creating 
 Container partsignal-geo106-validation-postgres-1 Creating 
 Container partsignal-geo106-validation-fake-oss-1 Created 
 Container partsignal-geo106-validation-redis-1 Created 
 Container partsignal-geo106-validation-postgres-1 Created 
 Container partsignal-geo106-validation-postgres-1 Starting 
 Container partsignal-geo106-validation-fake-oss-1 Starting 
 Container partsignal-geo106-validation-redis-1 Starting 
 Container partsignal-geo106-validation-postgres-1 Started 
 Container partsignal-geo106-validation-fake-oss-1 Started 
 Container partsignal-geo106-validation-redis-1 Started 
