 Container partsignal-geo106-validation-redis-1 Running 
 Container partsignal-geo106-validation-postgres-1 Running 
 Container partsignal-geo106-validation-postgres-1 Waiting 
 Container partsignal-geo106-validation-redis-1 Waiting 
 Container partsignal-geo106-validation-redis-1 Healthy 
 Container partsignal-geo106-validation-postgres-1 Healthy 
 Container partsignal-geo106-validation-backend-test-run-b135e6829f88 Creating 
 Container partsignal-geo106-validation-backend-test-run-b135e6829f88 Created 
F                                                                        [100%]
=================================== FAILURES ===================================
_____ test_catalog_identity_and_dictionary_preserve_approved_product_facts _____

catalog_api = CatalogAPI(engine=Engine(postgresql+psycopg://partsignal:***@postgres:5432/partsignal_geo104_95a1961231), factory=sess...e.testclient.TestClient object at 0xebf7da3f67e0>, engineer=<starlette.testclient.TestClient object at 0xebf7d9ce64b0>)

    def test_catalog_identity_and_dictionary_preserve_approved_product_facts(
        catalog_api: CatalogAPI,
    ) -> None:
        api = catalog_api
        product_path = f"/api/v1/products/{api.product_id}"
        saved = api.admin.put(
            f"{product_path}/facts",
            json={
                "expected_revision": 0,
                "body_markdown": "# 虚构验收事实\n\n- 参数：只允许产品工作区修改",
                "classification": "RESTRICTED",
            },
        )
        assert saved.status_code == 200, saved.text
        submitted = api.admin.post(
            f"{product_path}/fact-review-submissions",
            json={"expected_revision": saved.json()["revision"], "change_summary": "虚构事实验收"},
        )
        assert submitted.status_code == 201, submitted.text
        approved = api.admin.post(
            f"/api/v1/fact-versions/{submitted.json()['id']}/approve",
            json={"expected_revision": 0, "comment": "虚构批准记录"},
        )
        assert approved.status_code == 200, approved.text
        assert approved.json()["status"] == "APPROVED"
        before = product_facts_snapshot(api)
        assert before[1] and len(before[2]) == 2
    
        own_brand = api.create(subject_type="OWN_BRAND")
        own = api.admin.post(
            PREFIX,
            json={
                "subject_type": "OWN_PRODUCT",
                "product_id": str(api.product_id),
                "parent_subject_id": own_brand["id"],
                "description": "只描述监测用途，不是事实正文",
            },
        )
        assert own.status_code == 201, own.text
        sid = own.json()["id"]
        assert product_facts_snapshot(api) == before
        parent_before = catalog_state(api, sid)
        duplicate = api.admin.post(
            PREFIX, json={"subject_type": "OWN_PRODUCT", "product_id": str(api.product_id)}
        )
        assert duplicate.status_code == 409
        assert duplicate.json()["error"]["code"] == "GEO_SUBJECT_PRODUCT_EXISTS"
        assert catalog_state(api, sid) == parent_before
        assert product_facts_snapshot(api) == before
    
        alias = api.admin.post(
            f"{PREFIX}/{sid}/aliases",
            json={"expected_revision": 0, "alias": "  ＰＳ-106  ", "alias_kind": "PART_NUMBER"},
        )
>       assert alias.status_code == 201, alias.text
E       AssertionError: {"id":"810d68e9-188b-41e8-bb0e-642e34038cd4","parent_subject_id":"7b02d99e-f45c-401e-a4f7-cfde534dbd31","parent":{"id":"7b02d99e-f45c-401e-a4f7-cfde534dbd31","subject_type":"OWN_BRAND","display_name":"虚构竞品","is_active":true},"description":"只描述监测用途，不是事实正文","is_active":true,"aliases":[{"id":"4b96cd94-8d59-4576-b375-238ac8eb95cc","subject_id":"810d68e9-188b-41e8-bb0e-642e34038cd4","alias":"PS-106","normalized_alias":"ps-106","alias_kind":"PART_NUMBER","language_code":null,"is_active":true,"available_actions":["UPDATE","DELETE"],"created_at":"2026-10-02T11:00:26.560729Z"}],"domains":[],"references":{"child_subject_count":0,"monitoring_plan_count":0,"observation_run_count":0,"analysis_count":0,"opportunity_count":0},"workflow_stage":"ACTIVE","primary_task":"MANAGE_SUBJECT","available_actions":["UPDATE","DISABLE","CREATE_ALIAS","CREATE_DOMAIN","DELETE"],"deletion":{"blockers":[]},"revision":1,"created_by":"7e76f48e-21fe-4881-9157-0dc7840c06e5","created_at":"2026-10-02T11:00:26.551203Z","updated_at":"2026-10-02T11:00:26.562759Z","subject_type":"OWN_PRODUCT","product_id":"7214db78-4890-4154-a797-2645f65c36a2","product":{"id":"7214db78-4890-4154-a797-2645f65c36a2","part_number":"PS-104","brand":"虚构品牌","category":"虚构类别","revision":0},"canonical_name":"PS-104","display_name":"虚构品牌 PS-104"}
E       assert 200 == 201
E        +  where 200 = <Response [200 OK]>.status_code

tests/integration/test_geo_catalog_acceptance.py:85: AssertionError
---------------------------- Captured stderr setup -----------------------------
INFO  [alembic.runtime.migration] Context impl PostgresqlImpl.
INFO  [alembic.runtime.migration] Will assume transactional DDL.
INFO  [alembic.runtime.migration] Running upgrade  -> 0001_identity_audit, 创建身份、会话和审计表。
INFO  [alembic.runtime.migration] Running upgrade 0001_identity_audit -> 0002_product_facts, 创建规范化产品事实和不可变事实版本。
INFO  [alembic.runtime.migration] Running upgrade 0002_product_facts -> 0003_content_planning, 创建目标问题、平台规则版本和内容任务。
INFO  [alembic.runtime.migration] Running upgrade 0003_content_planning -> 0004_content_production, 创建 PostgreSQL 权威生成作业和不可变 Markdown 内容版本。
INFO  [alembic.runtime.migration] Running upgrade 0004_content_production -> 0005_content_review, 创建追加式内容审核记录。
INFO  [alembic.runtime.migration] Running upgrade 0005_content_review -> 0006_publication, 创建平台账号、人工发布记录和状态事件。
INFO  [alembic.runtime.migration] Running upgrade 0006_publication -> 0007_geo_observation, 创建追加式 GEO 观测及引用关联。
INFO  [alembic.runtime.migration] Running upgrade 0007_geo_observation -> 0008_files, 创建文件生命周期、附件关联并补加证据文件外键。
INFO  [alembic.runtime.migration] Running upgrade 0008_files -> 0009_config_center, 迁移账号类型、配置中心与真实 AI 生成字段。
INFO  [alembic.runtime.migration] Running upgrade 0009_config_center -> 0010_user_cleanup, 清理旧版职责账号并强制既有内容工程师改密。
INFO  [alembic.runtime.migration] Running upgrade 0010_user_cleanup -> 0011_generation_reliability, 增加生成作业补投递诊断字段与到期扫描索引。
INFO  [alembic.runtime.migration] Running upgrade 0011_generation_reliability -> 0012_ai_data_classification, 为生成输入增加显式数据分级与责任人记录。
INFO  [alembic.runtime.migration] Running upgrade 0012_ai_data_classification -> 0013_publication_closure, 增加发布异常待办、修复任务来源和发布平台一致性门禁。
INFO  [alembic.runtime.migration] Running upgrade 0013_publication_closure -> 0014_platform_prompt_ownership, 将当前 Prompt 所有权从平台类型迁移到具体平台。
INFO  [alembic.runtime.migration] Running upgrade 0014_platform_prompt_ownership -> 0015_platform_rule_draft_editing, 允许按修订号编辑平台规则草稿，并继续冻结已激活或退役正文。
INFO  [alembic.runtime.migration] Running upgrade 0015_platform_rule_draft_editing -> 0016_fact_review_cleanup, 允许受约束删除事实版本时清理其从属审核记录。
INFO  [alembic.runtime.migration] Running upgrade 0016_fact_review_cleanup -> 0017_content_humanization, 增加全局自然化 Prompt，并让现有 AI 作业承载自然化修订。
INFO  [alembic.runtime.migration] Running upgrade 0017_content_humanization -> 0018_manual_geo_observation, 增加产品级人工 GEO 观测，并保留旧模型观测历史。
INFO  [alembic.runtime.migration] Running upgrade 0018_manual_geo_observation -> 0019_product_driven_tasks, 允许新内容任务直接围绕产品创建，同时保留历史目标问题关联。
INFO  [alembic.runtime.migration] Running upgrade 0019_product_driven_tasks -> 0020_platform_branding_task_list, 为具体平台增加官网与单一来源 Logo。
INFO  [alembic.runtime.migration] Running upgrade 0020_platform_branding_task_list -> 0021_ai_channel_model_management, 补齐 AI 渠道身份字段与使用统计索引。
INFO  [alembic.runtime.migration] Running upgrade 0021_ai_channel_model_management -> 0022_geo_observation_insights, 补充人工 GEO 逐篇阶段事实与问题主题约束。
INFO  [alembic.runtime.migration] Running upgrade 0022_geo_observation_insights -> 0023_platform_management, 增加具体平台启停状态与管理聚合索引。
INFO  [alembic.runtime.migration] Running upgrade 0023_platform_management -> 0024_audit_outcome, 补齐审计模块、命令结果和安全结果说明。
INFO  [alembic.runtime.migration] Running upgrade 0024_audit_outcome -> 0025_markdown_facts, 将结构化产品事实收敛为 Markdown，并让内容任务直接绑定平台。
INFO  [alembic.runtime.migration] Running upgrade 0025_markdown_facts -> 0026_publication_account_dedup, 补齐发布账号修订约束，并阻止同平台规范化账号标识重复。
INFO  [alembic.runtime.migration] Running upgrade 0026_publication_account_dedup -> 0027_audit_user_delete_guard, 只允许受约束用户删除把匹配审计操作者置空。
INFO  [alembic.runtime.migration] Running upgrade 0027_audit_user_delete_guard -> 0028_platform_logo_lifecycle, 增加平台 Logo 的未引用保留、幂等删除状态与数据库门禁。
INFO  [alembic.runtime.migration] Running upgrade 0028_platform_logo_lifecycle -> 0029_geo_evidence_management, 收敛人工 GEO 独立事实，并为完整更正链删除增加事务门禁。
INFO  [alembic.runtime.migration] Running upgrade 0029_geo_evidence_management -> 0030_publication_record_delete, 为从未公开的发布聚合增加事务级受控删除门禁。
INFO  [alembic.runtime.migration] Running upgrade 0030_publication_record_delete -> 0031_reusable_platform_prompts, 把平台私有 Prompt 收敛为可复用模板和平台当前绑定。
INFO  [alembic.runtime.migration] Running upgrade 0031_reusable_platform_prompts -> 0032_content_task_idempotency, 为普通内容任务创建增加持久化请求键幂等约束。
INFO  [alembic.runtime.migration] Running upgrade 0032_content_task_idempotency -> 0033_task_owned_history_delete, 允许受控删除已取消任务自有的未批准生产历史。
INFO  [alembic.runtime.migration] Running upgrade 0033_task_owned_history_delete -> 0034_publication_redesign, 以发布工作、首次核验成果和发布后内容问题替换旧发布记录。
INFO  [alembic.runtime.migration] Running upgrade 0034_publication_redesign -> 0035_business_workflow, 建立事实提交、内容单主线、发布版本快照与 GEO 来源合同。
INFO  [alembic.runtime.migration] Running upgrade 0035_business_workflow -> 0036_remove_section_url, 删除没有稳定业务含义的发布栏目地址。
INFO  [alembic.runtime.migration] Running upgrade 0036_remove_section_url -> 0037_simplify_deletion_lifecycle, 收缩任务、配置与审计的删除生命周期。
INFO  [alembic.runtime.migration] Running upgrade 0037_simplify_deletion_lifecycle -> 0038_published_article_delete, 允许受控删除无 GEO 引用的发布成果聚合。
INFO  [alembic.runtime.migration] Running upgrade 0038_published_article_delete -> 0039_article_delete_platform, 允许归档任务在删除失效平台的发布成果后转为已取消。
INFO  [alembic.runtime.migration] Running upgrade 0039_article_delete_platform -> 0040_content_draft_management, 允许当前人工未审核草稿受控保存和彻底删除。
INFO  [alembic.runtime.migration] Running upgrade 0040_content_draft_management -> 0041_content_task_list, 补齐内容任务列表的稳定更新时间与排序索引。
INFO  [alembic.runtime.migration] Running upgrade 0041_content_task_list -> 0042_content_version_detail, 记录内容版本自身的真实更新时间。
INFO  [alembic.runtime.migration] Running upgrade 0042_content_version_detail -> 0043_geo_platform_identity, 冻结发布工作的平台 UUID，避免配置删除后 GEO 历史失去身份。
INFO  [alembic.runtime.migration] Running upgrade 0043_geo_platform_identity -> 0044_geo_catalog, 新增 GEO Catalog 三表；冻结本 revision，不读取运行时 ORM。
=========================== short test summary info ============================
FAILED tests/integration/test_geo_catalog_acceptance.py::test_catalog_identity_and_dictionary_preserve_approved_product_facts
1 failed in 1.51s

