 Image partsignal-geo204-backend-test Building 
#1 [internal] load local bake definitions
#1 reading from stdin 607B done
#1 DONE 0.0s

#2 [internal] load build definition from Dockerfile
#2 transferring dockerfile: 594B done
#2 DONE 0.0s

#3 [internal] load metadata for docker.io/library/python:3.12-slim
#3 ...

#4 [auth] astral-sh/uv:pull token for ghcr.io
#4 DONE 0.0s

#5 [internal] load metadata for ghcr.io/astral-sh/uv:0.7.13
#5 ...

#3 [internal] load metadata for docker.io/library/python:3.12-slim
#3 DONE 1.7s

#5 [internal] load metadata for ghcr.io/astral-sh/uv:0.7.13
#5 DONE 1.8s

#6 [internal] load .dockerignore
#6 transferring context: 152B done
#6 DONE 0.0s

#7 FROM ghcr.io/astral-sh/uv:0.7.13@sha256:6c1e19020ec221986a210027040044a5df8de762eb36d5240e382bc41d7a9043
#7 resolve ghcr.io/astral-sh/uv:0.7.13@sha256:6c1e19020ec221986a210027040044a5df8de762eb36d5240e382bc41d7a9043 0.0s done
#7 DONE 0.0s

#8 [runtime 1/7] FROM docker.io/library/python:3.12-slim@sha256:dddfd7e07f9d15aeeca61529320492139d21cac7f0070c00609243e51e4e0016
#8 resolve docker.io/library/python:3.12-slim@sha256:dddfd7e07f9d15aeeca61529320492139d21cac7f0070c00609243e51e4e0016 0.0s done
#8 DONE 0.0s

#9 [internal] load build context
#9 transferring context: 838.26kB 0.0s done
#9 DONE 0.0s

#10 [runtime 4/7] COPY pyproject.toml uv.lock* ./
#10 CACHED

#11 [runtime 2/7] WORKDIR /app
#11 CACHED

#12 [runtime 3/7] COPY --from=ghcr.io/astral-sh/uv:0.7.13 /uv /uvx /bin/
#12 CACHED

#13 [runtime 5/7] RUN uv sync --no-dev --no-install-project
#13 CACHED

#14 [runtime 6/7] COPY . .
#14 DONE 0.1s

#15 [runtime 7/7] RUN uv sync --no-dev
#15 0.141 Resolved 88 packages in 1ms
#15 0.145    Building partsignal-backend @ file:///app
#15 3.579       Built partsignal-backend @ file:///app
#15 3.579 Prepared 1 package in 3.43s
#15 3.581 Installed 1 package in 1ms
#15 3.722 Bytecode compiled 2466 files in 140ms
#15 3.722  + partsignal-backend==0.1.0 (from file:///app)
#15 DONE 3.7s

#16 [test 1/1] RUN uv sync --all-extras
#16 0.071 Resolved 88 packages in 0.28ms
#16 1.085 Downloading mypy (13.1MiB)
#16 1.199 Downloading pygments (1.2MiB)
#16 1.221 Downloading ruff (10.5MiB)
#16 1.630  Downloading pygments
#16 2.511  Downloading ruff
#16 2.772  Downloading mypy
#16 2.772 Prepared 20 packages in 2.70s
#16 2.824 Installed 20 packages in 51ms
#16 3.345 Bytecode compiled 3437 files in 520ms
#16 3.345  + attrs==26.1.0
#16 3.345  + coverage==7.15.0
#16 3.345  + httpcore2==2.9.1
#16 3.345  + httpx2==2.9.1
#16 3.345  + iniconfig==2.3.0
#16 3.345  + jsonschema==4.26.0
#16 3.345  + jsonschema-specifications==2025.9.1
#16 3.345  + librt==0.13.0
#16 3.345  + mypy==1.20.2
#16 3.345  + mypy-extensions==1.1.0
#16 3.345  + pathspec==1.1.1
#16 3.345  + pluggy==1.6.0
#16 3.345  + pygments==2.20.0
#16 3.345  + pytest==8.4.2
#16 3.345  + pytest-cov==6.3.0
#16 3.345  + referencing==0.37.0
#16 3.345  + rpds-py==2026.6.3
#16 3.345  + ruff==0.15.21
#16 3.345  + truststore==0.10.4
#16 3.345  + types-pyyaml==6.0.12.20260518
#16 DONE 3.4s

#17 exporting to image
#17 exporting layers
#17 exporting layers 2.8s done
#17 exporting manifest sha256:fac6a7141490d963fc1b7e27254e39f0497853fed97a8c6c0eae5e8441cc502d
#17 exporting manifest sha256:fac6a7141490d963fc1b7e27254e39f0497853fed97a8c6c0eae5e8441cc502d done
#17 exporting config sha256:2161ed5b9ca033370ff23e42bda9f02e1208318a53a6290763aa9662885a15ff done
#17 exporting attestation manifest sha256:97f13917d454ce33764ca76b0e1c978f0559c3a5f9a3bc9b3d8f3ca60e053e76 done
#17 exporting manifest list sha256:747e95d4933ab76cf0fd58b363d81719e9a45259689d20ae3de636af7c4fb3c9 done
#17 naming to docker.io/library/partsignal-geo204-backend-test:latest done
#17 unpacking to docker.io/library/partsignal-geo204-backend-test:latest
#17 unpacking to docker.io/library/partsignal-geo204-backend-test:latest 0.7s done
#17 DONE 3.5s

#18 resolving provenance for metadata file
#18 DONE 0.0s
 Image partsignal-geo204-backend-test Built 
 Network partsignal-geo204-validation_default Creating 
 Network partsignal-geo204-validation_default Created 
 Volume partsignal-geo204-validation_geo204-oss Creating 
 Volume partsignal-geo204-validation_geo204-oss Created 
 Volume partsignal-geo204-validation_geo204-postgres Creating 
 Volume partsignal-geo204-validation_geo204-postgres Created 
 Container partsignal-geo204-validation-redis-1 Creating 
 Container partsignal-geo204-validation-postgres-1 Creating 
 Container partsignal-geo204-validation-fake-oss-1 Creating 
 Container partsignal-geo204-validation-fake-oss-1 Created 
 Container partsignal-geo204-validation-postgres-1 Created 
 Container partsignal-geo204-validation-redis-1 Created 
 Container partsignal-geo204-validation-redis-1 Starting 
 Container partsignal-geo204-validation-postgres-1 Starting 
 Container partsignal-geo204-validation-fake-oss-1 Starting 
 Container partsignal-geo204-validation-fake-oss-1 Started 
 Container partsignal-geo204-validation-postgres-1 Started 
 Container partsignal-geo204-validation-redis-1 Started 
