F                                                                        [100%]
=================================== FAILURES ===================================
______ test_asgi24_raw_task_cancel_serializes_close_with_active_producer _______

self = <app.services.geo_report_csv.GeoCsvResponse object at 0x10eb295b0>
scope = {'asgi': {'spec_version': '2.4'}, 'type': 'http'}
receive = <function test_asgi24_raw_task_cancel_serializes_close_with_active_producer.<locals>.exercise.<locals>.receive at 0x10eb45620>
send = <function test_asgi24_raw_task_cancel_serializes_close_with_active_producer.<locals>.exercise.<locals>.send at 0x10eb45580>

    async def __call__(self, scope: Scope, receive: Receive, send: Send) -> None:
        try:
>           await super().__call__(scope, receive, send)

backend/app/services/geo_report_csv.py:328: 
_ _ _ _ _ _ _ _ _ _ _ _ _ _ _ _ _ _ _ _ _ _ _ _ _ _ _ _ _ _ _ _ _ _ _ _ _ _ _ _ 
backend/.venv/lib/python3.12/site-packages/starlette/responses.py:269: in __call__
    await self.stream_response(send)
backend/.venv/lib/python3.12/site-packages/starlette/responses.py:250: in stream_response
    async for chunk in self.body_iterator:
backend/.venv/lib/python3.12/site-packages/starlette/concurrency.py:57: in iterate_in_threadpool
    yield await anyio.to_thread.run_sync(_next, as_iterator)
          ^^^^^^^^^^^^^^^^^^^^^^^^^^^^^^^^^^^^^^^^^^^^^^^^^^
backend/.venv/lib/python3.12/site-packages/anyio/to_thread.py:63: in run_sync
    return await get_async_backend().run_sync_in_worker_thread(
_ _ _ _ _ _ _ _ _ _ _ _ _ _ _ _ _ _ _ _ _ _ _ _ _ _ _ _ _ _ _ _ _ _ _ _ _ _ _ _ 

cls = <class 'anyio._backends._asyncio.AsyncIOBackend'>
func = <function _next at 0x10bdcac00>
args = (<app.services.geo_report_csv.CsvStream object at 0x10eb294f0>,)
abandon_on_cancel = False, limiter = None

    @classmethod
    async def run_sync_in_worker_thread(  # type: ignore[return]
        cls,
        func: Callable[[Unpack[PosArgsT]], T_Retval],
        args: tuple[Unpack[PosArgsT]],
        abandon_on_cancel: bool = False,
        limiter: abc.CapacityLimiter | None = None,
    ) -> T_Retval:
        await cls.checkpoint()
    
        # If this is the first run in this event loop thread, set up the necessary
        # variables
        try:
            idle_workers = _threadpool_idle_workers.get()
            workers = _threadpool_workers.get()
        except LookupError:
            idle_workers = deque()
            workers = set()
            _threadpool_idle_workers.set(idle_workers)
            _threadpool_workers.set(workers)
    
        async with limiter or cls.current_default_thread_limiter():
            with CancelScope(shield=not abandon_on_cancel) as scope:
                future = asyncio.Future[T_Retval]()
                root_task = find_root_task()
                if not idle_workers:
                    worker = WorkerThread(root_task, workers, idle_workers)
                    worker.start()
                    workers.add(worker)
                    root_task.add_done_callback(
                        worker.stop, context=contextvars.Context()
                    )
                else:
                    worker = idle_workers.pop()
    
                    # Prune any other workers that have been idle for MAX_IDLE_TIME
                    # seconds or longer
                    now = cls.current_time()
                    while idle_workers:
                        if (
                            now - idle_workers[0].idle_since
                            < WorkerThread.MAX_IDLE_TIME
                        ):
                            break
    
                        expired_worker = idle_workers.popleft()
                        expired_worker.root_task.remove_done_callback(
                            expired_worker.stop
                        )
                        expired_worker.stop()
    
                context = copy_context()
                context.run(set_current_async_library, None)
                if abandon_on_cancel or scope._parent_scope is None:
                    worker_scope = scope
                else:
                    worker_scope = scope._parent_scope
    
                worker.queue.put_nowait((context, func, args, future, worker_scope))
>               return await future
                       ^^^^^^^^^^^^
E               asyncio.exceptions.CancelledError

backend/.venv/lib/python3.12/site-packages/anyio/_backends/_asyncio.py:2596: CancelledError

During handling of the above exception, another exception occurred:

monkeypatch = <_pytest.monkeypatch.MonkeyPatch object at 0x10eb292e0>

    def test_asgi24_raw_task_cancel_serializes_close_with_active_producer(monkeypatch):
        """原生Task.cancel可越过AnyIO shield，不能在生产线程中途关闭生成器/Session。"""
        import asyncio
        import threading
    
        entered, proceed, close_entered = threading.Event(), threading.Event(), threading.Event()
        active, finalized = threading.Event(), threading.Event()
        released = []
    
        def rows():
            try:
                yield {"text": "first"}
                active.set()
                entered.set()
                try:
                    assert proceed.wait(5), "producer未获有界释放"
                finally:
                    active.clear()
                yield {"text": "second"}
            finally:
                finalized.set()
    
        iterator = rows()
        stream = CsvStream(("text",), iterator, next(iterator), lambda: released.append(not active.is_set()))
        close = stream.close
    
        def observed_close():
            close_entered.set()
            close()
    
        monkeypatch.setattr(stream, "close", observed_close)
        response = GeoCsvResponse(stream, as_of=datetime.now(UTC), kind="runs")
    
        async def exercise():
            async def send(message):
                pass
    
            async def receive():
                await asyncio.Event().wait()
    
            task = asyncio.create_task(response({"type": "http", "asgi": {"spec_version": "2.4"}}, receive, send))
            try:
                assert await asyncio.to_thread(entered.wait, 5)
                task.cancel()
                assert await asyncio.to_thread(close_entered.wait, 5)
                proceed.set()
                with pytest.raises(asyncio.CancelledError):
                    await task
            finally:
                proceed.set()
    
>       asyncio.run(exercise())

backend/tests/unit/test_geo_reports.py:384: 
_ _ _ _ _ _ _ _ _ _ _ _ _ _ _ _ _ _ _ _ _ _ _ _ _ _ _ _ _ _ _ _ _ _ _ _ _ _ _ _ 
../../.local/share/uv/python/cpython-3.12.13-macos-aarch64-none/lib/python3.12/asyncio/runners.py:195: in run
    return runner.run(main)
           ^^^^^^^^^^^^^^^^
../../.local/share/uv/python/cpython-3.12.13-macos-aarch64-none/lib/python3.12/asyncio/runners.py:118: in run
    return self._loop.run_until_complete(task)
           ^^^^^^^^^^^^^^^^^^^^^^^^^^^^^^^^^^^
../../.local/share/uv/python/cpython-3.12.13-macos-aarch64-none/lib/python3.12/asyncio/base_events.py:691: in run_until_complete
    return future.result()
           ^^^^^^^^^^^^^^^
backend/tests/unit/test_geo_reports.py:380: in exercise
    await task
backend/app/services/geo_report_csv.py:332: in __call__
    await anyio.to_thread.run_sync(self.stream.close)
backend/.venv/lib/python3.12/site-packages/anyio/to_thread.py:63: in run_sync
    return await get_async_backend().run_sync_in_worker_thread(
backend/.venv/lib/python3.12/site-packages/anyio/_backends/_asyncio.py:2596: in run_sync_in_worker_thread
    return await future
           ^^^^^^^^^^^^
backend/.venv/lib/python3.12/site-packages/anyio/_backends/_asyncio.py:1029: in run
    result = context.run(func, *args)
             ^^^^^^^^^^^^^^^^^^^^^^^^
backend/tests/unit/test_geo_reports.py:361: in observed_close
    close()
_ _ _ _ _ _ _ _ _ _ _ _ _ _ _ _ _ _ _ _ _ _ _ _ _ _ _ _ _ _ _ _ _ _ _ _ _ _ _ _ 

self = <app.services.geo_report_csv.CsvStream object at 0x10eb294f0>

    def close(self) -> None:
        if not self.closed:
            self.closed = True
            self.initial = None
            try:
>               self.rows.close()
E               ValueError: generator already executing

backend/app/services/geo_report_csv.py:305: ValueError
=========================== short test summary info ============================
FAILED backend/tests/unit/test_geo_reports.py::test_asgi24_raw_task_cancel_serializes_close_with_active_producer
