....................................F..F.                                [100%]
=================================== FAILURES ===================================
_ test_independent_audit_is_committed_before_delivery_and_does_not_flush_heartbeat _

overview_api = ReviewAPI(harness=AnalysisHarness(database=AnswerDatabase(runs=RunDatabase(plan=PlanDatabase(url='postgresql://partsig...mous=<starlette.testclient.TestClient object at 0x11258d370>, engineer_id=UUID('3ddaa041-06e2-4217-94ea-468338af0107'))

    def test_independent_audit_is_committed_before_delivery_and_does_not_flush_heartbeat(overview_api):
        api = overview_api
        case = api.create()
        assert api.submit(case).status_code == 201
        with api.harness.factory() as db:
            before = list(
                db.execute(
                    select(SessionRecord.id, SessionRecord.last_seen_at).where(
                        SessionRecord.user_id == api.engineer_id
                    )
                )
            )
        api.engineer.headers["X-Request-ID"] = "geo606-audit-delivery"
        try:
            for endpoint in ("/print", "/runs.csv"):
                response = request(api, endpoint, case)
                records = audits(api, "geo606-audit-delivery")
                assert records
                latest = records[-1]
                assert latest.outcome == "SUCCESS" and latest.target_type == "GeoReport"
                facts = latest.details["facts"]
                assert set(facts) == {"as_of", "export_type", "filter_sha256"}
                assert len(facts["filter_sha256"]) == 64
>               assert facts["as_of"] == (
                    response.json()["as_of"].replace("Z", "+00:00")
                    if endpoint == "/print"
                    else response.headers["X-Report-As-Of"]
                )
E               AssertionError: assert '2026-10-04T1....753743+00:00' == '2026-10-04T1....786097+00:00'
E                 
E                 - 2026-10-04T10:45:26.786097+00:00
E                 ?                      ^^^^
E                 + 2026-10-04T10:45:26.753743+00:00
E                 ?                      ^^ ++

backend/tests/integration/test_geo_reports.py:228: AssertionError
_______ test_keyset_batches_of_100_cover_ties_and_failed_latest_attempts _______

overview_api = ReviewAPI(harness=AnalysisHarness(database=AnswerDatabase(runs=RunDatabase(plan=PlanDatabase(url='postgresql://partsig...mous=<starlette.testclient.TestClient object at 0x11261da30>, engineer_id=UUID('239f3989-1123-4f78-9074-d09298bcadcf'))

    def test_keyset_batches_of_100_cover_ties_and_failed_latest_attempts(overview_api):
        api = overview_api
        database = api.harness.database
        with psycopg.connect(database.url) as conn:
            start = conn.execute("SELECT now()").fetchone()[0]
            expected = {new_run(conn, database) for _ in range(101)}
            failed = next(iter(expected))
            terminal(conn, failed, "FAILED")
            parent = next(identity for identity in expected if identity != failed)
            terminal(conn, parent, "FAILED")
            conn.commit()
            batch_id = conn.execute(
                "SELECT batch_id FROM geo_observation_runs WHERE id=%s", (parent,)
            ).fetchone()[0]
            successor = run(conn, database.runs, batch_id, attempt_no=2, previous_attempt_id=parent)
            expected.remove(parent)
            expected.add(successor)
        captured = []
        engine = api.harness.factory.kw["bind"]
    
        def before(conn, cursor, statement, parameters, context, many):
            if statement.startswith("SELECT geo_observation_runs.id, geo_observation_runs.created_at"):
                assert conn.get_isolation_level() == "REPEATABLE READ"
                captured.append((statement, parameters))
    
        event.listen(engine, "before_cursor_execute", before)
        try:
            values, _ = rows(api, "runs", date_from=start.isoformat())
        finally:
            event.remove(engine, "before_cursor_execute", before)
        assert {row["run_id"] for row in values} == {str(identity) for identity in expected}
        assert len(values) == len(expected) == 101
        assert next(row for row in values if row["run_id"] == str(failed))["status"] == "FAILED"
        assert len(captured) == 3 and all("OFFSET" not in statement for statement, _ in captured)
        assert all(100 in parameters.values() for _, parameters in captured)
        # 默认load_inputs路径保持全量洞察行为；run_ids路径只装配指定候选。
        with api.harness.factory() as db:
            db.autoflush = False
            db.connection(execution_options={"isolation_level": "REPEATABLE READ"})
            from app.schemas.geo_insights import GeoOverviewFilters
    
>           query = GeoOverviewFilters.model_validate(params(api, date_from=start.isoformat()))
                    ^^^^^^^^^^^^^^^^^^^^^^^^^^^^^^^^^^^^^^^^^^^^^^^^^^^^^^^^^^^^^^^^^^^^^^^^^^^
E           pydantic_core._pydantic_core.ValidationError: 1 validation error for GeoOverviewFilters
E           subject_ids
E             Input should be a valid list [type=list_type, input_value='7dc88a55-5190-4d16-8a02-f10547f96d1a', input_type=str]
E               For further information visit https://errors.pydantic.dev/2.13/v/list_type

backend/tests/integration/test_geo_reports.py:328: ValidationError
=========================== short test summary info ============================
FAILED backend/tests/integration/test_geo_reports.py::test_independent_audit_is_committed_before_delivery_and_does_not_flush_heartbeat
FAILED backend/tests/integration/test_geo_reports.py::test_keyset_batches_of_100_cover_ties_and_failed_latest_attempts
2 failed, 39 passed in 7.75s
