 Container partsignal-geo507-validation-postgres-1 Running 
 Container partsignal-geo507-validation-redis-1 Running 
 Container partsignal-geo507-validation-fake-oss-1 Running 
 Container partsignal-geo507-validation-postgres-1 Waiting 
 Container partsignal-geo507-validation-postgres-1 Healthy 
 Container partsignal-geo507-validation-backend-test-run-264d61b6f241 Creating 
 Container partsignal-geo507-validation-backend-test-run-264d61b6f241 Created 
FFF.........F..                                                          [100%]
=================================== FAILURES ===================================
_________ test_confirm_completes_first_review_without_mutating_machine _________

review_api = ReviewAPI(harness=AnalysisHarness(database=AnswerDatabase(runs=RunDatabase(plan=PlanDatabase(url='postgresql://partsig...s=<starlette.testclient.TestClient object at 0xed4439a5cec0>, engineer_id=UUID('0c62a025-8f2a-4146-8624-8b911f06375c'))
contract = {'components': {'headers': {'RequestIdResponseHeader': {'required': True, 'schema': {'maxLength': 100, 'minLength': 1,.../components/responses/ErrorResponse'}, '403': {'$ref': '#/components/responses/ErrorResponse'}, ...}, ...}}, ...}, ...}

    def test_confirm_completes_first_review_without_mutating_machine(review_api, contract):
        api = review_api
        case = api.create()
        before = api.detail(case)
        assert before["run"]["status"] == "NEEDS_REVIEW"
        assert before["analysis"]["review_required"]
        assert before["analysis"]["review_gate_passed"] is False
        assert before["data_quality"]["metric_eligible"] is False
        frozen = rows(api, case)
>       response = api.submit(case)
                   ^^^^^^^^^^^^^^^^

tests/integration/test_geo_reviews.py:79: 
_ _ _ _ _ _ _ _ _ _ _ _ _ _ _ _ _ _ _ _ _ _ _ _ _ _ _ _ _ _ _ _ _ _ _ _ _ _ _ _ 
tests/integration/geo_reviews_support.py:63: in submit
    return self.engineer.post(f"{RUNS}/{case.run_id}/review", json=self.payload(case, **patch))
           ^^^^^^^^^^^^^^^^^^^^^^^^^^^^^^^^^^^^^^^^^^^^^^^^^^^^^^^^^^^^^^^^^^^^^^^^^^^^^^^^^^^^
/opt/venv/lib/python3.12/site-packages/starlette/testclient.py:555: in post
    return super().post(
/opt/venv/lib/python3.12/site-packages/httpx2/_client.py:1209: in post
    return self.request(
/opt/venv/lib/python3.12/site-packages/starlette/testclient.py:454: in request
    return super().request(
/opt/venv/lib/python3.12/site-packages/httpx2/_client.py:803: in request
    return self.send(request, auth=auth, follow_redirects=follow_redirects)
           ^^^^^^^^^^^^^^^^^^^^^^^^^^^^^^^^^^^^^^^^^^^^^^^^^^^^^^^^^^^^^^^^
/opt/venv/lib/python3.12/site-packages/httpx2/_client.py:985: in send
    response = self._send_handling_auth(
/opt/venv/lib/python3.12/site-packages/httpx2/_client.py:1013: in _send_handling_auth
    response = self._send_handling_redirects(
/opt/venv/lib/python3.12/site-packages/httpx2/_client.py:1048: in _send_handling_redirects
    response = self._send_single_request(request)
               ^^^^^^^^^^^^^^^^^^^^^^^^^^^^^^^^^^
/opt/venv/lib/python3.12/site-packages/httpx2/_client.py:1081: in _send_single_request
    response = transport.handle_request(request)
               ^^^^^^^^^^^^^^^^^^^^^^^^^^^^^^^^^
/opt/venv/lib/python3.12/site-packages/starlette/testclient.py:356: in handle_request
    raise exc
/opt/venv/lib/python3.12/site-packages/starlette/testclient.py:353: in handle_request
    portal.call(self.app, scope, receive, send)
/opt/venv/lib/python3.12/site-packages/anyio/from_thread.py:338: in call
    return cast(T_Retval, self.start_task_soon(func, *args).result())
                          ^^^^^^^^^^^^^^^^^^^^^^^^^^^^^^^^^^^^^^^^^^
/usr/local/lib/python3.12/concurrent/futures/_base.py:456: in result
    return self.__get_result()
           ^^^^^^^^^^^^^^^^^^^
/usr/local/lib/python3.12/concurrent/futures/_base.py:401: in __get_result
    raise self._exception
/opt/venv/lib/python3.12/site-packages/anyio/from_thread.py:263: in _call_func
    retval = await retval_or_awaitable
             ^^^^^^^^^^^^^^^^^^^^^^^^^
/opt/venv/lib/python3.12/site-packages/fastapi/applications.py:1163: in __call__
    await super().__call__(scope, receive, send)
/opt/venv/lib/python3.12/site-packages/starlette/applications.py:90: in __call__
    await self.middleware_stack(scope, receive, send)
/opt/venv/lib/python3.12/site-packages/starlette/middleware/errors.py:186: in __call__
    raise exc
/opt/venv/lib/python3.12/site-packages/starlette/middleware/errors.py:164: in __call__
    await self.app(scope, receive, _send)
/opt/venv/lib/python3.12/site-packages/starlette/middleware/base.py:193: in __call__
    response = await self.dispatch_func(request, call_next)
               ^^^^^^^^^^^^^^^^^^^^^^^^^^^^^^^^^^^^^^^^^^^^
app/main.py:289: in request_context
    response = await call_next(request)
               ^^^^^^^^^^^^^^^^^^^^^^^^
/opt/venv/lib/python3.12/site-packages/starlette/middleware/base.py:168: in call_next
    raise app_exc from app_exc.__cause__ or app_exc.__context__
/opt/venv/lib/python3.12/site-packages/starlette/middleware/base.py:144: in coro
    await self.app(scope, receive_or_disconnect, send_no_error)
/opt/venv/lib/python3.12/site-packages/starlette/middleware/cors.py:88: in __call__
    await self.app(scope, receive, send)
/opt/venv/lib/python3.12/site-packages/starlette/middleware/exceptions.py:63: in __call__
    await wrap_app_handling_exceptions(self.app, conn)(scope, receive, send)
/opt/venv/lib/python3.12/site-packages/starlette/_exception_handler.py:53: in wrapped_app
    raise exc
/opt/venv/lib/python3.12/site-packages/starlette/_exception_handler.py:42: in wrapped_app
    await app(scope, receive, sender)
/opt/venv/lib/python3.12/site-packages/fastapi/middleware/asyncexitstack.py:18: in __call__
    await self.app(scope, receive, send)
/opt/venv/lib/python3.12/site-packages/starlette/routing.py:660: in __call__
    await self.middleware_stack(scope, receive, send)
/opt/venv/lib/python3.12/site-packages/fastapi/routing.py:2683: in app
    await route.handle(scope, receive, send)
/opt/venv/lib/python3.12/site-packages/fastapi/routing.py:1753: in handle
    await self.original_router.handle(scope, receive, send)
/opt/venv/lib/python3.12/site-packages/fastapi/routing.py:2738: in handle
    await included_router._handle_selected(scope, receive, send)
/opt/venv/lib/python3.12/site-packages/fastapi/routing.py:1773: in _handle_selected
    await original_route.handle(scope, receive, send)
/opt/venv/lib/python3.12/site-packages/fastapi/routing.py:1264: in handle
    await app(scope, receive, send)
/opt/venv/lib/python3.12/site-packages/fastapi/routing.py:150: in app
    await wrap_app_handling_exceptions(app, request)(scope, receive, send)
/opt/venv/lib/python3.12/site-packages/starlette/_exception_handler.py:53: in wrapped_app
    raise exc
/opt/venv/lib/python3.12/site-packages/starlette/_exception_handler.py:42: in wrapped_app
    await app(scope, receive, sender)
/opt/venv/lib/python3.12/site-packages/fastapi/routing.py:136: in app
    response = await f(request)
               ^^^^^^^^^^^^^^^^
/opt/venv/lib/python3.12/site-packages/fastapi/routing.py:690: in app
    raw_response = await run_endpoint_function(
/opt/venv/lib/python3.12/site-packages/fastapi/routing.py:346: in run_endpoint_function
    return await run_in_threadpool(dependant.call, **values)
           ^^^^^^^^^^^^^^^^^^^^^^^^^^^^^^^^^^^^^^^^^^^^^^^^^
/opt/venv/lib/python3.12/site-packages/starlette/concurrency.py:34: in run_in_threadpool
    return await anyio.to_thread.run_sync(func)
           ^^^^^^^^^^^^^^^^^^^^^^^^^^^^^^^^^^^^
/opt/venv/lib/python3.12/site-packages/anyio/to_thread.py:63: in run_sync
    return await get_async_backend().run_sync_in_worker_thread(
/opt/venv/lib/python3.12/site-packages/anyio/_backends/_asyncio.py:2596: in run_sync_in_worker_thread
    return await future
           ^^^^^^^^^^^^
/opt/venv/lib/python3.12/site-packages/anyio/_backends/_asyncio.py:1029: in run
    result = context.run(func, *args)
             ^^^^^^^^^^^^^^^^^^^^^^^^
app/routers/geo_reviews.py:30: in review_run_http
    return review_run(
app/services/geo_reviews.py:132: in review_run
    append_audit(
app/audit.py:159: in append_audit
    db.add(_audit_record(entry))
           ^^^^^^^^^^^^^^^^^^^^
app/audit.py:142: in _audit_record
    validate_audit_entry(entry)
_ _ _ _ _ _ _ _ _ _ _ _ _ _ _ _ _ _ _ _ _ _ _ _ _ _ _ _ _ _ _ _ _ _ _ _ _ _ _ _ 

entry = AuditEntry(actor_id=UUID('0c62a025-8f2a-4146-8624-8b911f06375c'), business_module=<AuditModule.GEO_OBSERVATION: 'GEO_O...'8dd5af9f-6c9c-482a-bd2b-1013ece6abae', 'review_id': 'ad01e532-62c4-4db5-b4be-a86fb2fc918b', 'decision': 'CONFIRMED'}})

    def validate_audit_entry(entry: AuditEntry) -> None:
        """校验结果语义、字段长度和安全摘要结构。"""
        if not isinstance(entry.business_module, AuditModule):
            raise ValueError("审计业务模块必须使用 AuditModule")
        if not isinstance(entry.outcome, AuditOutcome):
            raise ValueError("审计执行结果必须使用 AuditOutcome")
        if entry.outcome != AuditOutcome.SUCCESS:
            raise ValueError("永久审计只允许记录成功结果")
        if entry.action not in RETAINED_AUDIT_ACTIONS:
            raise ValueError("审计动作不在永久保留白名单中")
        if not isinstance(entry.actor_id, uuid.UUID):
            raise ValueError("审计操作者必须是真实用户 UUID")
        if entry.target_id is not None and not isinstance(entry.target_id, uuid.UUID | str):
            raise ValueError("审计对象标识必须是 UUID、字符串或空值")
        if not isinstance(entry.action, str) or not entry.action or len(entry.action) > 120:
            raise ValueError("审计动作长度必须为 1 至 120 个字符")
        if (
            not isinstance(entry.target_type, str)
            or not entry.target_type
            or len(entry.target_type) > 80
        ):
            raise ValueError("审计对象类型长度必须为 1 至 80 个字符")
        if entry.target_id is not None and len(str(entry.target_id)) > 100:
            raise ValueError("审计对象标识不能超过 100 个字符")
        if (
            not isinstance(entry.request_id, str)
            or not 1 <= len(entry.request_id) <= 100
            or any(ord(char) < 0x20 or ord(char) > 0x7E for char in entry.request_id)
        ):
            raise ValueError("审计请求 ID 必须是 1 至 100 个可打印 ASCII 字符")
        if (
            not isinstance(entry.result_message, str)
            or not entry.result_message.strip()
            or len(entry.result_message) > 500
        ):
            raise ValueError("审计结果说明长度必须为 1 至 500 个字符")
        if entry.error_code is not None:
            raise ValueError("成功审计不能包含错误码")
        if set(entry.details) - _DETAIL_KEYS:
            raise ValueError("审计详情只允许 changes 和 facts")
        changes = entry.details.get("changes", [])
        facts = entry.details.get("facts", {})
        if not isinstance(changes, list) or not isinstance(facts, dict):
            raise ValueError("审计 changes 必须是数组，facts 必须是对象")
        if contains_sensitive_key(entry.details):
            raise ValueError("审计详情包含禁止保存的敏感字段")
        unknown_fact_keys = set(facts) - AUDIT_FACT_KEYS[entry.business_module]
        if unknown_fact_keys:
>           raise ValueError("审计 facts 包含当前模块未登记字段")
E           ValueError: 审计 facts 包含当前模块未登记字段

app/audit.py:120: ValueError
---------------------------- Captured stderr setup -----------------------------
INFO  [alembic.runtime.migration] Context impl PostgresqlImpl.
INFO  [alembic.runtime.migration] Will assume transactional DDL.
INFO  [alembic.runtime.migration] Running upgrade  -> 0001_identity_audit, 创建身份、会话和审计表。
INFO  [alembic.runtime.migration] Running upgrade 0001_identity_audit -> 0002_product_facts, 创建规范化产品事实和不可变事实版本。
INFO  [alembic.runtime.migration] Running upgrade 0002_product_facts -> 0003_content_planning, 创建目标问题、平台规则版本和内容任务。
INFO  [alembic.runtime.migration] Running upgrade 0003_content_planning -> 0004_content_production, 创建 PostgreSQL 权威生成作业和不可变 Markdown 内容版本。
INFO  [alembic.runtime.migration] Running upgrade 0004_content_production -> 0005_content_review, 创建追加式内容审核记录。
INFO  [alembic.runtime.migration] Running upgrade 0005_content_review -> 0006_publication, 创建平台账号、人工发布记录和状态事件。
INFO  [alembic.runtime.migration] Running upgrade 0006_publication -> 0007_geo_observation, 创建追加式 GEO 观测及引用关联。
INFO  [alembic.runtime.migration] Running upgrade 0007_geo_observation -> 0008_files, 创建文件生命周期、附件关联并补加证据文件外键。
INFO  [alembic.runtime.migration] Running upgrade 0008_files -> 0009_config_center, 迁移账号类型、配置中心与真实 AI 生成字段。
INFO  [alembic.runtime.migration] Running upgrade 0009_config_center -> 0010_user_cleanup, 清理旧版职责账号并强制既有内容工程师改密。
INFO  [alembic.runtime.migration] Running upgrade 0010_user_cleanup -> 0011_generation_reliability, 增加生成作业补投递诊断字段与到期扫描索引。
INFO  [alembic.runtime.migration] Running upgrade 0011_generation_reliability -> 0012_ai_data_classification, 为生成输入增加显式数据分级与责任人记录。
INFO  [alembic.runtime.migration] Running upgrade 0012_ai_data_classification -> 0013_publication_closure, 增加发布异常待办、修复任务来源和发布平台一致性门禁。
INFO  [alembic.runtime.migration] Running upgrade 0013_publication_closure -> 0014_platform_prompt_ownership, 将当前 Prompt 所有权从平台类型迁移到具体平台。
INFO  [alembic.runtime.migration] Running upgrade 0014_platform_prompt_ownership -> 0015_platform_rule_draft_editing, 允许按修订号编辑平台规则草稿，并继续冻结已激活或退役正文。
INFO  [alembic.runtime.migration] Running upgrade 0015_platform_rule_draft_editing -> 0016_fact_review_cleanup, 允许受约束删除事实版本时清理其从属审核记录。
INFO  [alembic.runtime.migration] Running upgrade 0016_fact_review_cleanup -> 0017_content_humanization, 增加全局自然化 Prompt，并让现有 AI 作业承载自然化修订。
INFO  [alembic.runtime.migration] Running upgrade 0017_content_humanization -> 0018_manual_geo_observation, 增加产品级人工 GEO 观测，并保留旧模型观测历史。
INFO  [alembic.runtime.migration] Running upgrade 0018_manual_geo_observation -> 0019_product_driven_tasks, 允许新内容任务直接围绕产品创建，同时保留历史目标问题关联。
INFO  [alembic.runtime.migration] Running upgrade 0019_product_driven_tasks -> 0020_platform_branding_task_list, 为具体平台增加官网与单一来源 Logo。
INFO  [alembic.runtime.migration] Running upgrade 0020_platform_branding_task_list -> 0021_ai_channel_model_management, 补齐 AI 渠道身份字段与使用统计索引。
INFO  [alembic.runtime.migration] Running upgrade 0021_ai_channel_model_management -> 0022_geo_observation_insights, 补充人工 GEO 逐篇阶段事实与问题主题约束。
INFO  [alembic.runtime.migration] Running upgrade 0022_geo_observation_insights -> 0023_platform_management, 增加具体平台启停状态与管理聚合索引。
INFO  [alembic.runtime.migration] Running upgrade 0023_platform_management -> 0024_audit_outcome, 补齐审计模块、命令结果和安全结果说明。
INFO  [alembic.runtime.migration] Running upgrade 0024_audit_outcome -> 0025_markdown_facts, 将结构化产品事实收敛为 Markdown，并让内容任务直接绑定平台。
INFO  [alembic.runtime.migration] Running upgrade 0025_markdown_facts -> 0026_publication_account_dedup, 补齐发布账号修订约束，并阻止同平台规范化账号标识重复。
INFO  [alembic.runtime.migration] Running upgrade 0026_publication_account_dedup -> 0027_audit_user_delete_guard, 只允许受约束用户删除把匹配审计操作者置空。
INFO  [alembic.runtime.migration] Running upgrade 0027_audit_user_delete_guard -> 0028_platform_logo_lifecycle, 增加平台 Logo 的未引用保留、幂等删除状态与数据库门禁。
INFO  [alembic.runtime.migration] Running upgrade 0028_platform_logo_lifecycle -> 0029_geo_evidence_management, 收敛人工 GEO 独立事实，并为完整更正链删除增加事务门禁。
INFO  [alembic.runtime.migration] Running upgrade 0029_geo_evidence_management -> 0030_publication_record_delete, 为从未公开的发布聚合增加事务级受控删除门禁。
INFO  [alembic.runtime.migration] Running upgrade 0030_publication_record_delete -> 0031_reusable_platform_prompts, 把平台私有 Prompt 收敛为可复用模板和平台当前绑定。
INFO  [alembic.runtime.migration] Running upgrade 0031_reusable_platform_prompts -> 0032_content_task_idempotency, 为普通内容任务创建增加持久化请求键幂等约束。
INFO  [alembic.runtime.migration] Running upgrade 0032_content_task_idempotency -> 0033_task_owned_history_delete, 允许受控删除已取消任务自有的未批准生产历史。
INFO  [alembic.runtime.migration] Running upgrade 0033_task_owned_history_delete -> 0034_publication_redesign, 以发布工作、首次核验成果和发布后内容问题替换旧发布记录。
INFO  [alembic.runtime.migration] Running upgrade 0034_publication_redesign -> 0035_business_workflow, 建立事实提交、内容单主线、发布版本快照与 GEO 来源合同。
INFO  [alembic.runtime.migration] Running upgrade 0035_business_workflow -> 0036_remove_section_url, 删除没有稳定业务含义的发布栏目地址。
INFO  [alembic.runtime.migration] Running upgrade 0036_remove_section_url -> 0037_simplify_deletion_lifecycle, 收缩任务、配置与审计的删除生命周期。
INFO  [alembic.runtime.migration] Running upgrade 0037_simplify_deletion_lifecycle -> 0038_published_article_delete, 允许受控删除无 GEO 引用的发布成果聚合。
INFO  [alembic.runtime.migration] Running upgrade 0038_published_article_delete -> 0039_article_delete_platform, 允许归档任务在删除失效平台的发布成果后转为已取消。
INFO  [alembic.runtime.migration] Running upgrade 0039_article_delete_platform -> 0040_content_draft_management, 允许当前人工未审核草稿受控保存和彻底删除。
INFO  [alembic.runtime.migration] Running upgrade 0040_content_draft_management -> 0041_content_task_list, 补齐内容任务列表的稳定更新时间与排序索引。
INFO  [alembic.runtime.migration] Running upgrade 0041_content_task_list -> 0042_content_version_detail, 记录内容版本自身的真实更新时间。
INFO  [alembic.runtime.migration] Running upgrade 0042_content_version_detail -> 0043_geo_platform_identity, 冻结发布工作的平台 UUID，避免配置删除后 GEO 历史失去身份。
INFO  [alembic.runtime.migration] Running upgrade 0043_geo_platform_identity -> 0044_geo_catalog, 新增 GEO Catalog 三表；冻结本 revision，不读取运行时 ORM。
INFO  [alembic.runtime.migration] Running upgrade 0044_geo_catalog -> 0045_geo_prompt_variants, 仅新增问题变体，冻结规范化及历史锁存，不回填旧问题数组。
INFO  [alembic.runtime.migration] Running upgrade 0045_geo_prompt_variants -> 0046_geo_surfaces_profiles, 新增观测配置与闭合JSON合同；不回填旧GEO或实现运行资格。
INFO  [alembic.runtime.migration] Context impl PostgresqlImpl.
INFO  [alembic.runtime.migration] Will assume transactional DDL.
INFO  [alembic.runtime.migration] Running upgrade 0046_geo_surfaces_profiles -> 0047_geo_monitoring_plans, 仅增加计划配置聚合；不创建批次、运行或改写历史观测。
INFO  [alembic.runtime.migration] Context impl PostgresqlImpl.
INFO  [alembic.runtime.migration] Will assume transactional DDL.
INFO  [alembic.runtime.migration] Running upgrade 0047_geo_monitoring_plans -> 0048_geo_batches_runs, 新增独立回答级 Batch/Run，冻结 DDL 与快照/写入守卫，不迁移旧 GEO。
INFO  [alembic.runtime.migration] Context impl PostgresqlImpl.
INFO  [alembic.runtime.migration] Will assume transactional DDL.
INFO  [alembic.runtime.migration] Running upgrade 0048_geo_batches_runs -> 0049_geo_batch_creation, 创建幂等与批次主体引用；不修改已冻结的 Batch/Run 输入。
INFO  [alembic.runtime.migration] Context impl PostgresqlImpl.
INFO  [alembic.runtime.migration] Will assume transactional DDL.
INFO  [alembic.runtime.migration] Running upgrade 0049_geo_batch_creation -> 0050_geo_answer_evidence, 新增不可变原始回答、引用和受控文件关系；不实现采集命令。
INFO  [alembic.runtime.migration] Running upgrade 0050_geo_answer_evidence -> 0051_geo_manual_collection, 人工草稿和不可变提交身份；不回填或修改已提交证据。
INFO  [alembic.runtime.migration] Running upgrade 0051_geo_manual_collection -> 0052_geo_profile_tests, API Profile 当前诊断资格与依赖失效；不修改业务历史。
INFO  [alembic.runtime.migration] Running upgrade 0052_geo_profile_tests -> 0053_geo_collection_admission, 加法保存预算预留与发送限速事实，历史 Run 和原始证据保持不变。
INFO  [alembic.runtime.migration] Running upgrade 0053_geo_collection_admission -> 0054_geo_analysis_contract, 分析输入/结果、追加复核与限定 current pointer；不回填历史证据。
INFO  [alembic.runtime.migration] Running upgrade 0054_geo_analysis_contract -> 0055_geo_analysis_worker, 分析执行租约与引用结果；不回填或重写已有 revision。
INFO  [alembic.runtime.migration] Running upgrade 0055_geo_analysis_worker -> 0056_geo_run_review, 受控人工复核发布；历史机器结果与Review不回填、不改写。
________ test_four_correction_kinds_and_latest_review_replaces_previous ________

review_api = ReviewAPI(harness=AnalysisHarness(database=AnswerDatabase(runs=RunDatabase(plan=PlanDatabase(url='postgresql://partsig...s=<starlette.testclient.TestClient object at 0xed4440af6e10>, engineer_id=UUID('bcb7cad3-148a-41d8-a9aa-24360828d5da'))

    def test_four_correction_kinds_and_latest_review_replaces_previous(review_api):
        api = review_api
        case = api.create()
        before = api.detail(case)
        machine = before["analysis"]["revisions"][0]
        subject = machine["mentions"][0]["subject_id"]
        claim = machine["claims"][0]
        citation = before["citations"][0]["id"]
        correction = empty_correction(
            mentions=[
                {
                    "subject_id": subject,
                    "mention_count": 0,
                    "first_character_offset": None,
                    "matched_aliases": [],
                }
            ],
            recommendations=[
                {
                    "subject_id": subject,
                    "recommendation": "NOT_RECOMMENDED",
                    "rank": None,
                    "rationale_excerpt": "虚构人工判定",
                }
            ],
            claims=[
                {
                    "claim_assessment_id": claim["id"],
                    "verdict": "PARTIAL",
                    "severity": "LOW",
                    "explanation": "虚构核验说明",
                }
            ],
            citations=[
                {"citation_id": citation, "source_category": "INDUSTRY_MEDIA", "subject_id": None}
            ],
        )
>       first = api.submit(
            case, decision="CORRECTED", correction_payload=correction, comment="虚构人工修正"
        )

tests/integration/test_geo_reviews.py:147: 
_ _ _ _ _ _ _ _ _ _ _ _ _ _ _ _ _ _ _ _ _ _ _ _ _ _ _ _ _ _ _ _ _ _ _ _ _ _ _ _ 
tests/integration/geo_reviews_support.py:63: in submit
    return self.engineer.post(f"{RUNS}/{case.run_id}/review", json=self.payload(case, **patch))
           ^^^^^^^^^^^^^^^^^^^^^^^^^^^^^^^^^^^^^^^^^^^^^^^^^^^^^^^^^^^^^^^^^^^^^^^^^^^^^^^^^^^^
/opt/venv/lib/python3.12/site-packages/starlette/testclient.py:555: in post
    return super().post(
/opt/venv/lib/python3.12/site-packages/httpx2/_client.py:1209: in post
    return self.request(
/opt/venv/lib/python3.12/site-packages/starlette/testclient.py:454: in request
    return super().request(
/opt/venv/lib/python3.12/site-packages/httpx2/_client.py:803: in request
    return self.send(request, auth=auth, follow_redirects=follow_redirects)
           ^^^^^^^^^^^^^^^^^^^^^^^^^^^^^^^^^^^^^^^^^^^^^^^^^^^^^^^^^^^^^^^^
/opt/venv/lib/python3.12/site-packages/httpx2/_client.py:985: in send
    response = self._send_handling_auth(
/opt/venv/lib/python3.12/site-packages/httpx2/_client.py:1013: in _send_handling_auth
    response = self._send_handling_redirects(
/opt/venv/lib/python3.12/site-packages/httpx2/_client.py:1048: in _send_handling_redirects
    response = self._send_single_request(request)
               ^^^^^^^^^^^^^^^^^^^^^^^^^^^^^^^^^^
/opt/venv/lib/python3.12/site-packages/httpx2/_client.py:1081: in _send_single_request
    response = transport.handle_request(request)
               ^^^^^^^^^^^^^^^^^^^^^^^^^^^^^^^^^
/opt/venv/lib/python3.12/site-packages/starlette/testclient.py:356: in handle_request
    raise exc
/opt/venv/lib/python3.12/site-packages/starlette/testclient.py:353: in handle_request
    portal.call(self.app, scope, receive, send)
/opt/venv/lib/python3.12/site-packages/anyio/from_thread.py:338: in call
    return cast(T_Retval, self.start_task_soon(func, *args).result())
                          ^^^^^^^^^^^^^^^^^^^^^^^^^^^^^^^^^^^^^^^^^^
/usr/local/lib/python3.12/concurrent/futures/_base.py:456: in result
    return self.__get_result()
           ^^^^^^^^^^^^^^^^^^^
/usr/local/lib/python3.12/concurrent/futures/_base.py:401: in __get_result
    raise self._exception
/opt/venv/lib/python3.12/site-packages/anyio/from_thread.py:263: in _call_func
    retval = await retval_or_awaitable
             ^^^^^^^^^^^^^^^^^^^^^^^^^
/opt/venv/lib/python3.12/site-packages/fastapi/applications.py:1163: in __call__
    await super().__call__(scope, receive, send)
/opt/venv/lib/python3.12/site-packages/starlette/applications.py:90: in __call__
    await self.middleware_stack(scope, receive, send)
/opt/venv/lib/python3.12/site-packages/starlette/middleware/errors.py:186: in __call__
    raise exc
/opt/venv/lib/python3.12/site-packages/starlette/middleware/errors.py:164: in __call__
    await self.app(scope, receive, _send)
/opt/venv/lib/python3.12/site-packages/starlette/middleware/base.py:193: in __call__
    response = await self.dispatch_func(request, call_next)
               ^^^^^^^^^^^^^^^^^^^^^^^^^^^^^^^^^^^^^^^^^^^^
app/main.py:289: in request_context
    response = await call_next(request)
               ^^^^^^^^^^^^^^^^^^^^^^^^
/opt/venv/lib/python3.12/site-packages/starlette/middleware/base.py:168: in call_next
    raise app_exc from app_exc.__cause__ or app_exc.__context__
/opt/venv/lib/python3.12/site-packages/starlette/middleware/base.py:144: in coro
    await self.app(scope, receive_or_disconnect, send_no_error)
/opt/venv/lib/python3.12/site-packages/starlette/middleware/cors.py:88: in __call__
    await self.app(scope, receive, send)
/opt/venv/lib/python3.12/site-packages/starlette/middleware/exceptions.py:63: in __call__
    await wrap_app_handling_exceptions(self.app, conn)(scope, receive, send)
/opt/venv/lib/python3.12/site-packages/starlette/_exception_handler.py:53: in wrapped_app
    raise exc
/opt/venv/lib/python3.12/site-packages/starlette/_exception_handler.py:42: in wrapped_app
    await app(scope, receive, sender)
/opt/venv/lib/python3.12/site-packages/fastapi/middleware/asyncexitstack.py:18: in __call__
    await self.app(scope, receive, send)
/opt/venv/lib/python3.12/site-packages/starlette/routing.py:660: in __call__
    await self.middleware_stack(scope, receive, send)
/opt/venv/lib/python3.12/site-packages/fastapi/routing.py:2683: in app
    await route.handle(scope, receive, send)
/opt/venv/lib/python3.12/site-packages/fastapi/routing.py:1753: in handle
    await self.original_router.handle(scope, receive, send)
/opt/venv/lib/python3.12/site-packages/fastapi/routing.py:2738: in handle
    await included_router._handle_selected(scope, receive, send)
/opt/venv/lib/python3.12/site-packages/fastapi/routing.py:1773: in _handle_selected
    await original_route.handle(scope, receive, send)
/opt/venv/lib/python3.12/site-packages/fastapi/routing.py:1264: in handle
    await app(scope, receive, send)
/opt/venv/lib/python3.12/site-packages/fastapi/routing.py:150: in app
    await wrap_app_handling_exceptions(app, request)(scope, receive, send)
/opt/venv/lib/python3.12/site-packages/starlette/_exception_handler.py:53: in wrapped_app
    raise exc
/opt/venv/lib/python3.12/site-packages/starlette/_exception_handler.py:42: in wrapped_app
    await app(scope, receive, sender)
/opt/venv/lib/python3.12/site-packages/fastapi/routing.py:136: in app
    response = await f(request)
               ^^^^^^^^^^^^^^^^
/opt/venv/lib/python3.12/site-packages/fastapi/routing.py:690: in app
    raw_response = await run_endpoint_function(
/opt/venv/lib/python3.12/site-packages/fastapi/routing.py:346: in run_endpoint_function
    return await run_in_threadpool(dependant.call, **values)
           ^^^^^^^^^^^^^^^^^^^^^^^^^^^^^^^^^^^^^^^^^^^^^^^^^
/opt/venv/lib/python3.12/site-packages/starlette/concurrency.py:34: in run_in_threadpool
    return await anyio.to_thread.run_sync(func)
           ^^^^^^^^^^^^^^^^^^^^^^^^^^^^^^^^^^^^
/opt/venv/lib/python3.12/site-packages/anyio/to_thread.py:63: in run_sync
    return await get_async_backend().run_sync_in_worker_thread(
/opt/venv/lib/python3.12/site-packages/anyio/_backends/_asyncio.py:2596: in run_sync_in_worker_thread
    return await future
           ^^^^^^^^^^^^
/opt/venv/lib/python3.12/site-packages/anyio/_backends/_asyncio.py:1029: in run
    result = context.run(func, *args)
             ^^^^^^^^^^^^^^^^^^^^^^^^
app/routers/geo_reviews.py:30: in review_run_http
    return review_run(
app/services/geo_reviews.py:132: in review_run
    append_audit(
app/audit.py:159: in append_audit
    db.add(_audit_record(entry))
           ^^^^^^^^^^^^^^^^^^^^
app/audit.py:142: in _audit_record
    validate_audit_entry(entry)
_ _ _ _ _ _ _ _ _ _ _ _ _ _ _ _ _ _ _ _ _ _ _ _ _ _ _ _ _ _ _ _ _ _ _ _ _ _ _ _ 

entry = AuditEntry(actor_id=UUID('bcb7cad3-148a-41d8-a9aa-24360828d5da'), business_module=<AuditModule.GEO_OBSERVATION: 'GEO_O...'e1b3f460-6849-494b-b63e-f07a4cf59573', 'review_id': 'e6ece7b6-8c0e-481a-95b8-6d717b087255', 'decision': 'CORRECTED'}})

    def validate_audit_entry(entry: AuditEntry) -> None:
        """校验结果语义、字段长度和安全摘要结构。"""
        if not isinstance(entry.business_module, AuditModule):
            raise ValueError("审计业务模块必须使用 AuditModule")
        if not isinstance(entry.outcome, AuditOutcome):
            raise ValueError("审计执行结果必须使用 AuditOutcome")
        if entry.outcome != AuditOutcome.SUCCESS:
            raise ValueError("永久审计只允许记录成功结果")
        if entry.action not in RETAINED_AUDIT_ACTIONS:
            raise ValueError("审计动作不在永久保留白名单中")
        if not isinstance(entry.actor_id, uuid.UUID):
            raise ValueError("审计操作者必须是真实用户 UUID")
        if entry.target_id is not None and not isinstance(entry.target_id, uuid.UUID | str):
            raise ValueError("审计对象标识必须是 UUID、字符串或空值")
        if not isinstance(entry.action, str) or not entry.action or len(entry.action) > 120:
            raise ValueError("审计动作长度必须为 1 至 120 个字符")
        if (
            not isinstance(entry.target_type, str)
            or not entry.target_type
            or len(entry.target_type) > 80
        ):
            raise ValueError("审计对象类型长度必须为 1 至 80 个字符")
        if entry.target_id is not None and len(str(entry.target_id)) > 100:
            raise ValueError("审计对象标识不能超过 100 个字符")
        if (
            not isinstance(entry.request_id, str)
            or not 1 <= len(entry.request_id) <= 100
            or any(ord(char) < 0x20 or ord(char) > 0x7E for char in entry.request_id)
        ):
            raise ValueError("审计请求 ID 必须是 1 至 100 个可打印 ASCII 字符")
        if (
            not isinstance(entry.result_message, str)
            or not entry.result_message.strip()
            or len(entry.result_message) > 500
        ):
            raise ValueError("审计结果说明长度必须为 1 至 500 个字符")
        if entry.error_code is not None:
            raise ValueError("成功审计不能包含错误码")
        if set(entry.details) - _DETAIL_KEYS:
            raise ValueError("审计详情只允许 changes 和 facts")
        changes = entry.details.get("changes", [])
        facts = entry.details.get("facts", {})
        if not isinstance(changes, list) or not isinstance(facts, dict):
            raise ValueError("审计 changes 必须是数组，facts 必须是对象")
        if contains_sensitive_key(entry.details):
            raise ValueError("审计详情包含禁止保存的敏感字段")
        unknown_fact_keys = set(facts) - AUDIT_FACT_KEYS[entry.business_module]
        if unknown_fact_keys:
>           raise ValueError("审计 facts 包含当前模块未登记字段")
E           ValueError: 审计 facts 包含当前模块未登记字段

app/audit.py:120: ValueError
________________ test_stale_run_analysis_and_superseded_history ________________

review_api = ReviewAPI(harness=AnalysisHarness(database=AnswerDatabase(runs=RunDatabase(plan=PlanDatabase(url='postgresql://partsig...s=<starlette.testclient.TestClient object at 0xed443916b260>, engineer_id=UUID('fb8daa33-6a0a-4d6c-921b-98a6b3a1c296'))

    def test_stale_run_analysis_and_superseded_history(review_api):
        api = review_api
        case = api.create()
        payload = api.payload(case)
>       accepted = api.submit(case)
                   ^^^^^^^^^^^^^^^^

tests/integration/test_geo_reviews.py:191: 
_ _ _ _ _ _ _ _ _ _ _ _ _ _ _ _ _ _ _ _ _ _ _ _ _ _ _ _ _ _ _ _ _ _ _ _ _ _ _ _ 
tests/integration/geo_reviews_support.py:63: in submit
    return self.engineer.post(f"{RUNS}/{case.run_id}/review", json=self.payload(case, **patch))
           ^^^^^^^^^^^^^^^^^^^^^^^^^^^^^^^^^^^^^^^^^^^^^^^^^^^^^^^^^^^^^^^^^^^^^^^^^^^^^^^^^^^^
/opt/venv/lib/python3.12/site-packages/starlette/testclient.py:555: in post
    return super().post(
/opt/venv/lib/python3.12/site-packages/httpx2/_client.py:1209: in post
    return self.request(
/opt/venv/lib/python3.12/site-packages/starlette/testclient.py:454: in request
    return super().request(
/opt/venv/lib/python3.12/site-packages/httpx2/_client.py:803: in request
    return self.send(request, auth=auth, follow_redirects=follow_redirects)
           ^^^^^^^^^^^^^^^^^^^^^^^^^^^^^^^^^^^^^^^^^^^^^^^^^^^^^^^^^^^^^^^^
/opt/venv/lib/python3.12/site-packages/httpx2/_client.py:985: in send
    response = self._send_handling_auth(
/opt/venv/lib/python3.12/site-packages/httpx2/_client.py:1013: in _send_handling_auth
    response = self._send_handling_redirects(
/opt/venv/lib/python3.12/site-packages/httpx2/_client.py:1048: in _send_handling_redirects
    response = self._send_single_request(request)
               ^^^^^^^^^^^^^^^^^^^^^^^^^^^^^^^^^^
/opt/venv/lib/python3.12/site-packages/httpx2/_client.py:1081: in _send_single_request
    response = transport.handle_request(request)
               ^^^^^^^^^^^^^^^^^^^^^^^^^^^^^^^^^
/opt/venv/lib/python3.12/site-packages/starlette/testclient.py:356: in handle_request
    raise exc
/opt/venv/lib/python3.12/site-packages/starlette/testclient.py:353: in handle_request
    portal.call(self.app, scope, receive, send)
/opt/venv/lib/python3.12/site-packages/anyio/from_thread.py:338: in call
    return cast(T_Retval, self.start_task_soon(func, *args).result())
                          ^^^^^^^^^^^^^^^^^^^^^^^^^^^^^^^^^^^^^^^^^^
/usr/local/lib/python3.12/concurrent/futures/_base.py:456: in result
    return self.__get_result()
           ^^^^^^^^^^^^^^^^^^^
/usr/local/lib/python3.12/concurrent/futures/_base.py:401: in __get_result
    raise self._exception
/opt/venv/lib/python3.12/site-packages/anyio/from_thread.py:263: in _call_func
    retval = await retval_or_awaitable
             ^^^^^^^^^^^^^^^^^^^^^^^^^
/opt/venv/lib/python3.12/site-packages/fastapi/applications.py:1163: in __call__
    await super().__call__(scope, receive, send)
/opt/venv/lib/python3.12/site-packages/starlette/applications.py:90: in __call__
    await self.middleware_stack(scope, receive, send)
/opt/venv/lib/python3.12/site-packages/starlette/middleware/errors.py:186: in __call__
    raise exc
/opt/venv/lib/python3.12/site-packages/starlette/middleware/errors.py:164: in __call__
    await self.app(scope, receive, _send)
/opt/venv/lib/python3.12/site-packages/starlette/middleware/base.py:193: in __call__
    response = await self.dispatch_func(request, call_next)
               ^^^^^^^^^^^^^^^^^^^^^^^^^^^^^^^^^^^^^^^^^^^^
app/main.py:289: in request_context
    response = await call_next(request)
               ^^^^^^^^^^^^^^^^^^^^^^^^
/opt/venv/lib/python3.12/site-packages/starlette/middleware/base.py:168: in call_next
    raise app_exc from app_exc.__cause__ or app_exc.__context__
/opt/venv/lib/python3.12/site-packages/starlette/middleware/base.py:144: in coro
    await self.app(scope, receive_or_disconnect, send_no_error)
/opt/venv/lib/python3.12/site-packages/starlette/middleware/cors.py:88: in __call__
    await self.app(scope, receive, send)
/opt/venv/lib/python3.12/site-packages/starlette/middleware/exceptions.py:63: in __call__
    await wrap_app_handling_exceptions(self.app, conn)(scope, receive, send)
/opt/venv/lib/python3.12/site-packages/starlette/_exception_handler.py:53: in wrapped_app
    raise exc
/opt/venv/lib/python3.12/site-packages/starlette/_exception_handler.py:42: in wrapped_app
    await app(scope, receive, sender)
/opt/venv/lib/python3.12/site-packages/fastapi/middleware/asyncexitstack.py:18: in __call__
    await self.app(scope, receive, send)
/opt/venv/lib/python3.12/site-packages/starlette/routing.py:660: in __call__
    await self.middleware_stack(scope, receive, send)
/opt/venv/lib/python3.12/site-packages/fastapi/routing.py:2683: in app
    await route.handle(scope, receive, send)
/opt/venv/lib/python3.12/site-packages/fastapi/routing.py:1753: in handle
    await self.original_router.handle(scope, receive, send)
/opt/venv/lib/python3.12/site-packages/fastapi/routing.py:2738: in handle
    await included_router._handle_selected(scope, receive, send)
/opt/venv/lib/python3.12/site-packages/fastapi/routing.py:1773: in _handle_selected
    await original_route.handle(scope, receive, send)
/opt/venv/lib/python3.12/site-packages/fastapi/routing.py:1264: in handle
    await app(scope, receive, send)
/opt/venv/lib/python3.12/site-packages/fastapi/routing.py:150: in app
    await wrap_app_handling_exceptions(app, request)(scope, receive, send)
/opt/venv/lib/python3.12/site-packages/starlette/_exception_handler.py:53: in wrapped_app
    raise exc
/opt/venv/lib/python3.12/site-packages/starlette/_exception_handler.py:42: in wrapped_app
    await app(scope, receive, sender)
/opt/venv/lib/python3.12/site-packages/fastapi/routing.py:136: in app
    response = await f(request)
               ^^^^^^^^^^^^^^^^
/opt/venv/lib/python3.12/site-packages/fastapi/routing.py:690: in app
    raw_response = await run_endpoint_function(
/opt/venv/lib/python3.12/site-packages/fastapi/routing.py:346: in run_endpoint_function
    return await run_in_threadpool(dependant.call, **values)
           ^^^^^^^^^^^^^^^^^^^^^^^^^^^^^^^^^^^^^^^^^^^^^^^^^
/opt/venv/lib/python3.12/site-packages/starlette/concurrency.py:34: in run_in_threadpool
    return await anyio.to_thread.run_sync(func)
           ^^^^^^^^^^^^^^^^^^^^^^^^^^^^^^^^^^^^
/opt/venv/lib/python3.12/site-packages/anyio/to_thread.py:63: in run_sync
    return await get_async_backend().run_sync_in_worker_thread(
/opt/venv/lib/python3.12/site-packages/anyio/_backends/_asyncio.py:2596: in run_sync_in_worker_thread
    return await future
           ^^^^^^^^^^^^
/opt/venv/lib/python3.12/site-packages/anyio/_backends/_asyncio.py:1029: in run
    result = context.run(func, *args)
             ^^^^^^^^^^^^^^^^^^^^^^^^
app/routers/geo_reviews.py:30: in review_run_http
    return review_run(
app/services/geo_reviews.py:132: in review_run
    append_audit(
app/audit.py:159: in append_audit
    db.add(_audit_record(entry))
           ^^^^^^^^^^^^^^^^^^^^
app/audit.py:142: in _audit_record
    validate_audit_entry(entry)
_ _ _ _ _ _ _ _ _ _ _ _ _ _ _ _ _ _ _ _ _ _ _ _ _ _ _ _ _ _ _ _ _ _ _ _ _ _ _ _ 

entry = AuditEntry(actor_id=UUID('fb8daa33-6a0a-4d6c-921b-98a6b3a1c296'), business_module=<AuditModule.GEO_OBSERVATION: 'GEO_O...'8eb3b58e-9ecc-47e2-bf02-154a4e3958b2', 'review_id': '87a697a7-eda3-436e-a809-f29d856b4ad4', 'decision': 'CONFIRMED'}})

    def validate_audit_entry(entry: AuditEntry) -> None:
        """校验结果语义、字段长度和安全摘要结构。"""
        if not isinstance(entry.business_module, AuditModule):
            raise ValueError("审计业务模块必须使用 AuditModule")
        if not isinstance(entry.outcome, AuditOutcome):
            raise ValueError("审计执行结果必须使用 AuditOutcome")
        if entry.outcome != AuditOutcome.SUCCESS:
            raise ValueError("永久审计只允许记录成功结果")
        if entry.action not in RETAINED_AUDIT_ACTIONS:
            raise ValueError("审计动作不在永久保留白名单中")
        if not isinstance(entry.actor_id, uuid.UUID):
            raise ValueError("审计操作者必须是真实用户 UUID")
        if entry.target_id is not None and not isinstance(entry.target_id, uuid.UUID | str):
            raise ValueError("审计对象标识必须是 UUID、字符串或空值")
        if not isinstance(entry.action, str) or not entry.action or len(entry.action) > 120:
            raise ValueError("审计动作长度必须为 1 至 120 个字符")
        if (
            not isinstance(entry.target_type, str)
            or not entry.target_type
            or len(entry.target_type) > 80
        ):
            raise ValueError("审计对象类型长度必须为 1 至 80 个字符")
        if entry.target_id is not None and len(str(entry.target_id)) > 100:
            raise ValueError("审计对象标识不能超过 100 个字符")
        if (
            not isinstance(entry.request_id, str)
            or not 1 <= len(entry.request_id) <= 100
            or any(ord(char) < 0x20 or ord(char) > 0x7E for char in entry.request_id)
        ):
            raise ValueError("审计请求 ID 必须是 1 至 100 个可打印 ASCII 字符")
        if (
            not isinstance(entry.result_message, str)
            or not entry.result_message.strip()
            or len(entry.result_message) > 500
        ):
            raise ValueError("审计结果说明长度必须为 1 至 500 个字符")
        if entry.error_code is not None:
            raise ValueError("成功审计不能包含错误码")
        if set(entry.details) - _DETAIL_KEYS:
            raise ValueError("审计详情只允许 changes 和 facts")
        changes = entry.details.get("changes", [])
        facts = entry.details.get("facts", {})
        if not isinstance(changes, list) or not isinstance(facts, dict):
            raise ValueError("审计 changes 必须是数组，facts 必须是对象")
        if contains_sensitive_key(entry.details):
            raise ValueError("审计详情包含禁止保存的敏感字段")
        unknown_fact_keys = set(facts) - AUDIT_FACT_KEYS[entry.business_module]
        if unknown_fact_keys:
>           raise ValueError("审计 facts 包含当前模块未登记字段")
E           ValueError: 审计 facts 包含当前模块未登记字段

app/audit.py:120: ValueError
__________ test_admin_can_review_and_no_current_analysis_is_explicit ___________

review_api = ReviewAPI(harness=AnalysisHarness(database=AnswerDatabase(runs=RunDatabase(plan=PlanDatabase(url='postgresql://partsig...s=<starlette.testclient.TestClient object at 0xed443910faa0>, engineer_id=UUID('bd07e52d-29b4-4b9b-8091-b46d422097cc'))

    def test_admin_can_review_and_no_current_analysis_is_explicit(review_api):
        api = review_api
        case = api.create(review_required=False)
>       response = api.admin.post(f"{RUNS}/{case.run_id}/review", json=api.payload(case))
                   ^^^^^^^^^^^^^^^^^^^^^^^^^^^^^^^^^^^^^^^^^^^^^^^^^^^^^^^^^^^^^^^^^^^^^^

tests/integration/test_geo_reviews.py:301: 
_ _ _ _ _ _ _ _ _ _ _ _ _ _ _ _ _ _ _ _ _ _ _ _ _ _ _ _ _ _ _ _ _ _ _ _ _ _ _ _ 
/opt/venv/lib/python3.12/site-packages/starlette/testclient.py:555: in post
    return super().post(
/opt/venv/lib/python3.12/site-packages/httpx2/_client.py:1209: in post
    return self.request(
/opt/venv/lib/python3.12/site-packages/starlette/testclient.py:454: in request
    return super().request(
/opt/venv/lib/python3.12/site-packages/httpx2/_client.py:803: in request
    return self.send(request, auth=auth, follow_redirects=follow_redirects)
           ^^^^^^^^^^^^^^^^^^^^^^^^^^^^^^^^^^^^^^^^^^^^^^^^^^^^^^^^^^^^^^^^
/opt/venv/lib/python3.12/site-packages/httpx2/_client.py:985: in send
    response = self._send_handling_auth(
/opt/venv/lib/python3.12/site-packages/httpx2/_client.py:1013: in _send_handling_auth
    response = self._send_handling_redirects(
/opt/venv/lib/python3.12/site-packages/httpx2/_client.py:1048: in _send_handling_redirects
    response = self._send_single_request(request)
               ^^^^^^^^^^^^^^^^^^^^^^^^^^^^^^^^^^
/opt/venv/lib/python3.12/site-packages/httpx2/_client.py:1081: in _send_single_request
    response = transport.handle_request(request)
               ^^^^^^^^^^^^^^^^^^^^^^^^^^^^^^^^^
/opt/venv/lib/python3.12/site-packages/starlette/testclient.py:356: in handle_request
    raise exc
/opt/venv/lib/python3.12/site-packages/starlette/testclient.py:353: in handle_request
    portal.call(self.app, scope, receive, send)
/opt/venv/lib/python3.12/site-packages/anyio/from_thread.py:338: in call
    return cast(T_Retval, self.start_task_soon(func, *args).result())
                          ^^^^^^^^^^^^^^^^^^^^^^^^^^^^^^^^^^^^^^^^^^
/usr/local/lib/python3.12/concurrent/futures/_base.py:456: in result
    return self.__get_result()
           ^^^^^^^^^^^^^^^^^^^
/usr/local/lib/python3.12/concurrent/futures/_base.py:401: in __get_result
    raise self._exception
/opt/venv/lib/python3.12/site-packages/anyio/from_thread.py:263: in _call_func
    retval = await retval_or_awaitable
             ^^^^^^^^^^^^^^^^^^^^^^^^^
/opt/venv/lib/python3.12/site-packages/fastapi/applications.py:1163: in __call__
    await super().__call__(scope, receive, send)
/opt/venv/lib/python3.12/site-packages/starlette/applications.py:90: in __call__
    await self.middleware_stack(scope, receive, send)
/opt/venv/lib/python3.12/site-packages/starlette/middleware/errors.py:186: in __call__
    raise exc
/opt/venv/lib/python3.12/site-packages/starlette/middleware/errors.py:164: in __call__
    await self.app(scope, receive, _send)
/opt/venv/lib/python3.12/site-packages/starlette/middleware/base.py:193: in __call__
    response = await self.dispatch_func(request, call_next)
               ^^^^^^^^^^^^^^^^^^^^^^^^^^^^^^^^^^^^^^^^^^^^
app/main.py:289: in request_context
    response = await call_next(request)
               ^^^^^^^^^^^^^^^^^^^^^^^^
/opt/venv/lib/python3.12/site-packages/starlette/middleware/base.py:168: in call_next
    raise app_exc from app_exc.__cause__ or app_exc.__context__
/opt/venv/lib/python3.12/site-packages/starlette/middleware/base.py:144: in coro
    await self.app(scope, receive_or_disconnect, send_no_error)
/opt/venv/lib/python3.12/site-packages/starlette/middleware/cors.py:88: in __call__
    await self.app(scope, receive, send)
/opt/venv/lib/python3.12/site-packages/starlette/middleware/exceptions.py:63: in __call__
    await wrap_app_handling_exceptions(self.app, conn)(scope, receive, send)
/opt/venv/lib/python3.12/site-packages/starlette/_exception_handler.py:53: in wrapped_app
    raise exc
/opt/venv/lib/python3.12/site-packages/starlette/_exception_handler.py:42: in wrapped_app
    await app(scope, receive, sender)
/opt/venv/lib/python3.12/site-packages/fastapi/middleware/asyncexitstack.py:18: in __call__
    await self.app(scope, receive, send)
/opt/venv/lib/python3.12/site-packages/starlette/routing.py:660: in __call__
    await self.middleware_stack(scope, receive, send)
/opt/venv/lib/python3.12/site-packages/fastapi/routing.py:2683: in app
    await route.handle(scope, receive, send)
/opt/venv/lib/python3.12/site-packages/fastapi/routing.py:1753: in handle
    await self.original_router.handle(scope, receive, send)
/opt/venv/lib/python3.12/site-packages/fastapi/routing.py:2738: in handle
    await included_router._handle_selected(scope, receive, send)
/opt/venv/lib/python3.12/site-packages/fastapi/routing.py:1773: in _handle_selected
    await original_route.handle(scope, receive, send)
/opt/venv/lib/python3.12/site-packages/fastapi/routing.py:1264: in handle
    await app(scope, receive, send)
/opt/venv/lib/python3.12/site-packages/fastapi/routing.py:150: in app
    await wrap_app_handling_exceptions(app, request)(scope, receive, send)
/opt/venv/lib/python3.12/site-packages/starlette/_exception_handler.py:53: in wrapped_app
    raise exc
/opt/venv/lib/python3.12/site-packages/starlette/_exception_handler.py:42: in wrapped_app
    await app(scope, receive, sender)
/opt/venv/lib/python3.12/site-packages/fastapi/routing.py:136: in app
    response = await f(request)
               ^^^^^^^^^^^^^^^^
/opt/venv/lib/python3.12/site-packages/fastapi/routing.py:690: in app
    raw_response = await run_endpoint_function(
/opt/venv/lib/python3.12/site-packages/fastapi/routing.py:346: in run_endpoint_function
    return await run_in_threadpool(dependant.call, **values)
           ^^^^^^^^^^^^^^^^^^^^^^^^^^^^^^^^^^^^^^^^^^^^^^^^^
/opt/venv/lib/python3.12/site-packages/starlette/concurrency.py:34: in run_in_threadpool
    return await anyio.to_thread.run_sync(func)
           ^^^^^^^^^^^^^^^^^^^^^^^^^^^^^^^^^^^^
/opt/venv/lib/python3.12/site-packages/anyio/to_thread.py:63: in run_sync
    return await get_async_backend().run_sync_in_worker_thread(
/opt/venv/lib/python3.12/site-packages/anyio/_backends/_asyncio.py:2596: in run_sync_in_worker_thread
    return await future
           ^^^^^^^^^^^^
/opt/venv/lib/python3.12/site-packages/anyio/_backends/_asyncio.py:1029: in run
    result = context.run(func, *args)
             ^^^^^^^^^^^^^^^^^^^^^^^^
app/routers/geo_reviews.py:30: in review_run_http
    return review_run(
app/services/geo_reviews.py:132: in review_run
    append_audit(
app/audit.py:159: in append_audit
    db.add(_audit_record(entry))
           ^^^^^^^^^^^^^^^^^^^^
app/audit.py:142: in _audit_record
    validate_audit_entry(entry)
_ _ _ _ _ _ _ _ _ _ _ _ _ _ _ _ _ _ _ _ _ _ _ _ _ _ _ _ _ _ _ _ _ _ _ _ _ _ _ _ 

entry = AuditEntry(actor_id=UUID('62ed7244-5bc6-4ddd-9dd0-330ff5bfc350'), business_module=<AuditModule.GEO_OBSERVATION: 'GEO_O...'8c3473ce-599f-4951-916c-0b96a577bf39', 'review_id': '6f57587f-6836-4bce-ace6-768346e3b0fb', 'decision': 'CONFIRMED'}})

    def validate_audit_entry(entry: AuditEntry) -> None:
        """校验结果语义、字段长度和安全摘要结构。"""
        if not isinstance(entry.business_module, AuditModule):
            raise ValueError("审计业务模块必须使用 AuditModule")
        if not isinstance(entry.outcome, AuditOutcome):
            raise ValueError("审计执行结果必须使用 AuditOutcome")
        if entry.outcome != AuditOutcome.SUCCESS:
            raise ValueError("永久审计只允许记录成功结果")
        if entry.action not in RETAINED_AUDIT_ACTIONS:
            raise ValueError("审计动作不在永久保留白名单中")
        if not isinstance(entry.actor_id, uuid.UUID):
            raise ValueError("审计操作者必须是真实用户 UUID")
        if entry.target_id is not None and not isinstance(entry.target_id, uuid.UUID | str):
            raise ValueError("审计对象标识必须是 UUID、字符串或空值")
        if not isinstance(entry.action, str) or not entry.action or len(entry.action) > 120:
            raise ValueError("审计动作长度必须为 1 至 120 个字符")
        if (
            not isinstance(entry.target_type, str)
            or not entry.target_type
            or len(entry.target_type) > 80
        ):
            raise ValueError("审计对象类型长度必须为 1 至 80 个字符")
        if entry.target_id is not None and len(str(entry.target_id)) > 100:
            raise ValueError("审计对象标识不能超过 100 个字符")
        if (
            not isinstance(entry.request_id, str)
            or not 1 <= len(entry.request_id) <= 100
            or any(ord(char) < 0x20 or ord(char) > 0x7E for char in entry.request_id)
        ):
            raise ValueError("审计请求 ID 必须是 1 至 100 个可打印 ASCII 字符")
        if (
            not isinstance(entry.result_message, str)
            or not entry.result_message.strip()
            or len(entry.result_message) > 500
        ):
            raise ValueError("审计结果说明长度必须为 1 至 500 个字符")
        if entry.error_code is not None:
            raise ValueError("成功审计不能包含错误码")
        if set(entry.details) - _DETAIL_KEYS:
            raise ValueError("审计详情只允许 changes 和 facts")
        changes = entry.details.get("changes", [])
        facts = entry.details.get("facts", {})
        if not isinstance(changes, list) or not isinstance(facts, dict):
            raise ValueError("审计 changes 必须是数组，facts 必须是对象")
        if contains_sensitive_key(entry.details):
            raise ValueError("审计详情包含禁止保存的敏感字段")
        unknown_fact_keys = set(facts) - AUDIT_FACT_KEYS[entry.business_module]
        if unknown_fact_keys:
>           raise ValueError("审计 facts 包含当前模块未登记字段")
E           ValueError: 审计 facts 包含当前模块未登记字段

app/audit.py:120: ValueError
=============================== warnings summary ===============================
tests/integration/test_geo_reviews.py::test_confirm_completes_first_review_without_mutating_machine
tests/integration/test_geo_reviews.py::test_four_correction_kinds_and_latest_review_replaces_previous
tests/integration/test_geo_reviews.py::test_permissions_and_csrf_are_real[anonymous-401]
tests/integration/test_geo_reviews.py::test_permissions_and_csrf_are_real[csrf-403]
tests/integration/test_geo_reviews.py::test_permissions_and_csrf_are_real[missing-csrf-422]
tests/integration/test_geo_reviews.py::test_failure_rolls_back_review_run_batch_and_audit[audit]
tests/integration/test_geo_reviews.py::test_failure_rolls_back_review_run_batch_and_audit[audit]
tests/integration/test_geo_reviews.py::test_failure_rolls_back_review_run_batch_and_audit[commit]
tests/integration/test_geo_reviews.py::test_failure_rolls_back_review_run_batch_and_audit[commit]
  /opt/venv/lib/python3.12/site-packages/pydantic/main.py:475: UserWarning: Pydantic serializer warnings:
    PydanticSerializationUnexpectedValue(Expected `enum` - serialized value may not be as expected [field_name='workflow_stage', input_value='REVIEW_REQUIRED', input_type=str])
    PydanticSerializationUnexpectedValue(Expected `enum` - serialized value may not be as expected [field_name='primary_task', input_value='VIEW_REVIEW', input_type=str])
    return self.__pydantic_serializer__.to_python(

-- Docs: https://docs.pytest.org/en/stable/how-to/capture-warnings.html
=========================== short test summary info ============================
FAILED tests/integration/test_geo_reviews.py::test_confirm_completes_first_review_without_mutating_machine
FAILED tests/integration/test_geo_reviews.py::test_four_correction_kinds_and_latest_review_replaces_previous
FAILED tests/integration/test_geo_reviews.py::test_stale_run_analysis_and_superseded_history
FAILED tests/integration/test_geo_reviews.py::test_admin_can_review_and_no_current_analysis_is_explicit

