UV_CACHE_DIR=/Users/sc/PycharmProjects/partsignal/.cache/uv uv run --project backend pytest backend/tests/unit
........................................................................ [  2%]
........................................................................ [  4%]
........................................................................ [  6%]
........................................................................ [  8%]
........................................................................ [ 10%]
........................................................................ [ 12%]
........................................................................ [ 15%]
........................................................................ [ 17%]
........................................................................ [ 19%]
........................................................................ [ 21%]
........................................................................ [ 23%]
........................................................................ [ 25%]
........................................................................ [ 28%]
........................................................................ [ 30%]
........................................................................ [ 32%]
........................................................................ [ 34%]
........................................................................ [ 36%]
........................................................................ [ 38%]
........................................................................ [ 40%]
........................................................................ [ 43%]
........................................................................ [ 45%]
........................................................................ [ 47%]
........................................................................ [ 49%]
........................................................................ [ 51%]
........................................................................ [ 53%]
........................................................................ [ 56%]
........................................................................ [ 58%]
........................................................................ [ 60%]
........................................................................ [ 62%]
........................................................................ [ 64%]
........................................................................ [ 66%]
........................................................................ [ 68%]
........................................................................ [ 71%]
........................................................................ [ 73%]
........................................................................ [ 75%]
........................................................................ [ 77%]
........................................................................ [ 79%]
........................................................................ [ 81%]
........................................................................ [ 84%]
........................................................................ [ 86%]
........................................................................ [ 88%]
.FF..................................................................... [ 90%]
........................................................................ [ 92%]
........................................................................ [ 94%]
........................................................................ [ 96%]
........................................................................ [ 99%]
.............................                                            [100%]
=================================== FAILURES ===================================
_______ test_runtime_request_context_covers_all_operations_and_responses _______

    def test_runtime_request_context_covers_all_operations_and_responses() -> None:
        runtime = app.openapi()
        operations = _operation_map(runtime)
    
>       assert len(operations) == 220
E       AssertionError: assert 221 == 220
E        +  where 221 = len({'abandonContentVersion': {'operationId': 'abandonContentVersion', 'parameters': [{'in': 'path', 'name': 'content_vers...n': '业务或校验错误', 'headers': {'X-Request-ID': {'$ref': '#/components/headers/RequestIdResponseHeader'}}}, ...}, ...}, ...})

backend/tests/unit/test_runtime_response_metadata.py:650: AssertionError
______ test_runtime_request_context_merge_does_not_change_route_metadata _______

    def test_runtime_request_context_merge_does_not_change_route_metadata() -> None:
        raw = get_openapi(title=app.title, version=app.version, routes=app.routes)
        augmented = app.openapi()
        stripped = _strip_request_context_metadata(augmented)
    
>       assert sum(len(operation["responses"]) for operation in _operation_map(raw).values()) == 1196
E       assert 1202 == 1196
E        +  where 1202 = sum(<generator object test_runtime_request_context_merge_does_not_change_route_metadata.<locals>.<genexpr> at 0x10f0dd620>)

backend/tests/unit/test_runtime_response_metadata.py:697: AssertionError
=========================== short test summary info ============================
FAILED backend/tests/unit/test_runtime_response_metadata.py::test_runtime_request_context_covers_all_operations_and_responses
FAILED backend/tests/unit/test_runtime_response_metadata.py::test_runtime_request_context_merge_does_not_change_route_metadata
2 failed, 3339 passed in 48.14s
make: *** [test-unit] Error 1
