 Network partsignal-geo603-validation_default Creating 
 Network partsignal-geo603-validation_default Created 
 Volume partsignal-geo603-validation_geo603-postgres Creating 
 Volume partsignal-geo603-validation_geo603-postgres Created 
 Volume partsignal-geo603-validation_geo603-oss Creating 
 Volume partsignal-geo603-validation_geo603-oss Created 
 Container partsignal-geo603-validation-redis-1 Creating 
 Container partsignal-geo603-validation-fake-oss-1 Creating 
 Container partsignal-geo603-validation-postgres-1 Creating 
 Container partsignal-geo603-validation-fake-oss-1 Created 
 Container partsignal-geo603-validation-redis-1 Created 
 Container partsignal-geo603-validation-postgres-1 Created 
 Container partsignal-geo603-validation-fake-oss-1 Starting 
 Container partsignal-geo603-validation-redis-1 Starting 
 Container partsignal-geo603-validation-postgres-1 Starting 
 Container partsignal-geo603-validation-redis-1 Started 
 Container partsignal-geo603-validation-postgres-1 Started 
 Container partsignal-geo603-validation-fake-oss-1 Started 
 Container partsignal-geo603-validation-postgres-1 Waiting 
 Container partsignal-geo603-validation-postgres-1 Healthy 
 Container partsignal-geo603-validation-backend-test-run-731c412a680d Creating 
 Container partsignal-geo603-validation-backend-test-run-731c412a680d Created 
........                                                                 [100%]
8 passed in 5.80s
