 Container partsignal-geo603-validation-fake-oss-1 Running 
 Container partsignal-geo603-validation-postgres-1 Running 
 Container partsignal-geo603-validation-redis-1 Running 
 Container partsignal-geo603-validation-postgres-1 Waiting 
 Container partsignal-geo603-validation-postgres-1 Healthy 
 Container partsignal-geo603-validation-backend-test-run-f981c38f5fcb Creating 
 Container partsignal-geo603-validation-backend-test-run-f981c38f5fcb Created 

==================================== ERRORS ====================================
________ ERROR collecting tests/integration/test_geo_answer_insights.py ________
/opt/venv/lib/python3.12/site-packages/_pytest/python.py:498: in importtestmodule
    mod = import_path(
/opt/venv/lib/python3.12/site-packages/_pytest/pathlib.py:587: in import_path
    importlib.import_module(module_name)
/usr/local/lib/python3.12/importlib/__init__.py:90: in import_module
    return _bootstrap._gcd_import(name[level:], package, level)
           ^^^^^^^^^^^^^^^^^^^^^^^^^^^^^^^^^^^^^^^^^^^^^^^^^^^^
<frozen importlib._bootstrap>:1387: in _gcd_import
    ???
<frozen importlib._bootstrap>:1360: in _find_and_load
    ???
<frozen importlib._bootstrap>:1331: in _find_and_load_unlocked
    ???
<frozen importlib._bootstrap>:935: in _load_unlocked
    ???
/opt/venv/lib/python3.12/site-packages/_pytest/assertion/rewrite.py:177: in exec_module
    source_stat, co = _rewrite_test(fn, self.config)
                      ^^^^^^^^^^^^^^^^^^^^^^^^^^^^^^
/opt/venv/lib/python3.12/site-packages/_pytest/assertion/rewrite.py:357: in _rewrite_test
    tree = ast.parse(source, filename=strfn)
           ^^^^^^^^^^^^^^^^^^^^^^^^^^^^^^^^^
/usr/local/lib/python3.12/ast.py:52: in parse
    return compile(source, filename, mode, flags,
E     File "/app/tests/integration/test_geo_answer_insights.py", line 117
E       assert response.status_code == 422 and "private-canary" not in response.text
E   IndentationError: unexpected indent
=========================== short test summary info ============================
ERROR tests/integration/test_geo_answer_insights.py
!!!!!!!!!!!!!!!!!!!! Interrupted: 1 error during collection !!!!!!!!!!!!!!!!!!!!
1 error in 1.09s

