./ALL_PROMPTS.md: OK
./EXECUTION_ORDER.md: OK
./R0/GEO-003.md: OK
./R0/GEO-004.md: OK
./R0/GEO-005.md: OK
./R1/GEO-101.md: OK
./R1/GEO-102.md: OK
./R1/GEO-103.md: OK
./R1/GEO-104.md: OK
./R1/GEO-105.md: OK
./R1/GEO-106.md: OK
./R1/GEO-201.md: OK
./R1/GEO-202.md: OK
./R1/GEO-203.md: OK
./R1/GEO-204.md: OK
./R1/GEO-205.md: OK
./R1/GEO-206.md: OK
./R1/GEO-207.md: OK
./R1/GEO-208.md: OK
./R1/GEO-209.md: OK
./R2/GEO-301.md: OK
./R2/GEO-302.md: OK
./R2/GEO-303.md: OK
./R2/GEO-304.md: OK
./R2/GEO-305.md: OK
./R2/GEO-306.md: OK
./R2/GEO-307.md: OK
./R2/GEO-308.md: OK
./R3/GEO-401.md: OK
./R3/GEO-402.md: OK
./R3/GEO-403.md: OK
./R3/GEO-404.md: OK
./R3/GEO-405.md: OK
./R3/GEO-406.md: OK
./R3/GEO-407.md: OK
./R3/GEO-408.md: OK
./R4/GEO-501.md: OK
./R4/GEO-502.md: OK
./R4/GEO-503.md: OK
./R4/GEO-504.md: OK
./R4/GEO-505.md: OK
./R4/GEO-506.md: OK
./R4/GEO-507.md: OK
./R4/GEO-508.md: OK
./R5/GEO-601.md: OK
./R5/GEO-602.md: OK
./R5/GEO-603.md: OK
./R5/GEO-604.md: OK
./R5/GEO-605.md: OK
./R5/GEO-606.md: OK
./R5/GEO-607.md: OK
./R6/GEO-701.md: OK
./R6/GEO-702.md: OK
./R6/GEO-703.md: OK
./R6/GEO-704.md: OK
./R6/GEO-705.md: OK
./R6/GEO-706.md: OK
./R6/GEO-707.md: OK
./R7/GEO-801.md: OK
./R7/GEO-802.md: OK
./R7/GEO-803.md: OK
./R7/GEO-804.md: OK
./R7/GEO-805.md: OK
./R7/GEO-806.md: OK
./R7/GEO-807.md: OK
./R8/GEO-901.md: OK
./R8/GEO-902.md: OK
./R8/GEO-903.md: OK
./R8/GEO-904.md: OK
./R8/GEO-905.md: OK
./R8/GEO-906.md: OK
./README.md: OK
./REVIEW_CHECKLIST.md: OK
