E501 Line too long (241 > 100)
  --> backend/tests/integration/geo_runs_support.py:52:101
   |
50 | …
51 | …
52 | …,category,status,revision,facts_revision,facts_body_markdown) VALUES (%s,'GEO301','geo301','虚构品牌','虚构品牌','测试','ACTIVE',0,0,'历史事实')",
   |       ^^^^^^^^^^^^^^^^^^^^^^^^^^^^^^^^^^^^^^^^^^^^^^^^^^^^^^^^^^^^^^^^^^^^^^^^^^^^^^^^^^^^^^^^^^^^^^^^^^^^^^^^^^^^^^^^^^^^^^^^^^^^^^^^^^^^^^^^^^^^^
53 | …
54 | …
   |

E501 Line too long (340 > 100)
  --> backend/tests/integration/geo_runs_support.py:56:101
   |
54 | …
55 | …
56 | …_prompt,model_name,answer_summary,web_search_enabled,mentioned,recommendation,accuracy,tested_at,notes,tested_by) VALUES (%s,'LEGACY_MODEL_RESULT',%s,%s,'原问题','legacy-model','原回答',true,true,'RECOMMENDED','ACCURATE',now(),'保持旧记录',%s)",
   |       ^^^^^^^^^^^^^^^^^^^^^^^^^^^^^^^^^^^^^^^^^^^^^^^^^^^^^^^^^^^^^^^^^^^^^^^^^^^^^^^^^^^^^^^^^^^^^^^^^^^^^^^^^^^^^^^^^^^^^^^^^^^^^^^^^^^^^^^^^^^^^^^^^^^^^^^^^^^^^^^^^^^^^^^^^^^^^^^^^^^^^^^^^^^^^^^^^^^^^^^^^^^^^^^^^^^^^^^^^^^^^^^^^^^^^^^^^^^^^^^^
57 | …
58 | …
   |

E501 Line too long (111 > 100)
  --> backend/tests/integration/test_geo_run_migration.py:38:101
   |
36 |         assert existing_rows(conn) == db.before
37 |         assert len(db.before[-1]) == 1
38 |         assert conn.execute("SELECT version_num FROM alembic_version").fetchone()[0] == "0048_geo_batches_runs"
   |                                                                                                     ^^^^^^^^^^^
39 |         assert conn.execute(f"SELECT (SELECT count(*) FROM {BATCH}) + (SELECT count(*) FROM {RUN})").fetchone()[0] == 0
40 |     engine = create_engine(db.url.replace("postgresql://", "postgresql+psycopg://", 1))
   |

E501 Line too long (119 > 100)
  --> backend/tests/integration/test_geo_run_migration.py:39:101
   |
37 |         assert len(db.before[-1]) == 1
38 |         assert conn.execute("SELECT version_num FROM alembic_version").fetchone()[0] == "0048_geo_batches_runs"
39 |         assert conn.execute(f"SELECT (SELECT count(*) FROM {BATCH}) + (SELECT count(*) FROM {RUN})").fetchone()[0] == 0
   |                                                                                                     ^^^^^^^^^^^^^^^^^^^
40 |     engine = create_engine(db.url.replace("postgresql://", "postgresql+psycopg://", 1))
41 |     try:
   |

E501 Line too long (157 > 100)
  --> backend/tests/integration/test_geo_run_migration.py:45:101
   |
43 | …
44 | …: True,
45 | …ected, compared: obj.name in {BATCH,RUN} if kind == "table" else obj.table.name in {BATCH,RUN},
   |                                        ^^^^^^^^^^^^^^^^^^^^^^^^^^^^^^^^^^^^^^^^^^^^^^^^^^^^^^^^^
46 | …
47 | … []
   |

E501 Line too long (178 > 100)
  --> backend/tests/integration/test_geo_run_migration.py:50:101
   |
48 | …
49 | …
50 | …, "0047_geo_monitoring_plans"], cwd=db.plan.backend_dir, env=db.plan.env, capture_output=True, text=True)
   |                             ^^^^^^^^^^^^^^^^^^^^^^^^^^^^^^^^^^^^^^^^^^^^^^^^^^^^^^^^^^^^^^^^^^^^^^^^^^^^^^
51 | …tdout + result.stderr
52 | …
   |

E501 Line too long (102 > 100)
  --> backend/tests/integration/test_geo_run_migration.py:56:101
   |
56 | def test_schedule_window_unique_even_with_different_plan_revisions(run_database: RunDatabase) -> None:
   |                                                                                                     ^^
57 |     db = run_database
58 |     with psycopg.connect(db.url) as conn:
   |

E501 Line too long (232 > 100)
  --> backend/tests/integration/test_geo_run_migration.py:66:101
   |
64 | …
65 | …
66 | …_for=now, schedule_identity=str(revision)*64, plan_snapshot=Jsonb(plan_snapshot(db.input, plan_id=str(plan_id), plan_revision=revision)))
   |       ^^^^^^^^^^^^^^^^^^^^^^^^^^^^^^^^^^^^^^^^^^^^^^^^^^^^^^^^^^^^^^^^^^^^^^^^^^^^^^^^^^^^^^^^^^^^^^^^^^^^^^^^^^^^^^^^^^^^^^^^^^^^^^^^^^^^
67 | …
68 | …
   |

E501 Line too long (112 > 100)
  --> backend/tests/integration/test_geo_run_migration.py:76:101
   |
75 | @pytest.mark.parametrize("isolation", ["READ COMMITTED", "REPEATABLE READ"])
76 | def test_committed_initial_matrix_cannot_expand_concurrently(run_database: RunDatabase, isolation: str) -> None:
   |                                                                                                     ^^^^^^^^^^^^
77 |     db = run_database
78 |     with psycopg.connect(db.url) as conn:
   |

E501 Line too long (108 > 100)
  --> backend/tests/integration/test_geo_run_migration.py:98:101
   |
96 |     assert set(results) <= {"ck_geo_batches_run_count", "serialization-conflict"}
97 |     with psycopg.connect(db.url) as conn:
98 |         assert conn.execute(f"SELECT count(*) FROM {RUN} WHERE batch_id=%s", (identity,)).fetchone()[0] == 1
   |                                                                                                     ^^^^^^^^
   |

B023 Function definition does not bind loop variable `fields`
  --> backend/tests/integration/test_geo_runs.py:89:81
   |
87 |         {"cost_amount": 1, "cost_currency": "USD"},
88 |     ]:
89 |         rejected(conn, "ck_geo_runs_terminal", lambda: update(conn, identity, **fields))
   |                                                                                 ^^^^^^
90 |     rejected(
91 |         conn,
   |

B023 Function definition does not bind loop variable `patch`
   --> backend/tests/integration/test_geo_runs.py:111:95
    |
109 |             "ck_geo_runs_attempt_chain",
110 |             lambda: run(
111 |                 conn, db, parent_batch, **({"attempt_no": 2, "previous_attempt_id": parent} | patch)
    |                                                                                               ^^^^^
112 |             ),
113 |         )
    |

B023 Function definition does not bind loop variable `value`
   --> backend/tests/integration/test_geo_runs.py:175:82
    |
173 |             conn,
174 |             "ck_geo_runs_input",
175 |             lambda: run(conn, db, identity, repeat_index=2, input_snapshot=Jsonb(value)),
    |                                                                                  ^^^^^
176 |         )
    |

E501 Line too long (179 > 100)
   --> backend/tests/integration/test_geo_runs.py:228:101
    |
226 | …_at=now)
227 | …
228 | …=now(),lease_token=%s,lease_expires_at=now()+interval '1 minute',external_call_state='SENT' WHERE id=%s",
    |                            ^^^^^^^^^^^^^^^^^^^^^^^^^^^^^^^^^^^^^^^^^^^^^^^^^^^^^^^^^^^^^^^^^^^^^^^^^^^^^^^
229 | …
230 | …
    |

E501 Line too long (203 > 100)
   --> backend/tests/integration/test_geo_runs.py:265:101
    |
263 | …
264 | …
265 | …epeat_index,input_snapshot,attempt_no,previous_attempt_id) VALUES (%s,%s,%s,%s,1,%s,2,%s),(%s,%s,%s,%s,1,%s,1,NULL)",
    |                ^^^^^^^^^^^^^^^^^^^^^^^^^^^^^^^^^^^^^^^^^^^^^^^^^^^^^^^^^^^^^^^^^^^^^^^^^^^^^^^^^^^^^^^^^^^^^^^^^^^^^^^
266 | …
267 | …
    |

Found 19 errors (4 fixed, 15 remaining).
