 Container evidence-postgres-1 Stopping 
 Container evidence-fake-oss-1 Stopping 
 Container evidence-redis-1 Stopping 
 Container evidence-redis-1 Stopped 
 Container evidence-redis-1 Removing 
 Container evidence-postgres-1 Stopped 
 Container evidence-postgres-1 Removing 
 Container evidence-redis-1 Removed 
 Container evidence-postgres-1 Removed 
 Container evidence-fake-oss-1 Stopped 
 Container evidence-fake-oss-1 Removing 
 Container evidence-fake-oss-1 Removed 
 Network evidence_default Removing 
 Volume evidence_geo301-oss Removing 
 Volume evidence_geo301-postgres Removing 
 Volume evidence_geo301-oss Removed 
 Volume evidence_geo301-postgres Removed 
 Network evidence_default Removed 
 Volume partsignal-geo301-validation_geo301-oss Creating 
 Volume partsignal-geo301-validation_geo301-oss Created 
 Container partsignal-geo301-validation-fake-oss-1 Creating 
 Container partsignal-geo301-validation-fake-oss-1 Created 
 Container partsignal-geo301-validation-fake-oss-1 Starting 
 Container partsignal-geo301-validation-fake-oss-1 Started 
