
==================================== ERRORS ====================================
_____________ ERROR collecting tests/integration/test_geo_runs.py ______________
backend/.venv/lib/python3.12/site-packages/_pytest/python.py:498: in importtestmodule
    mod = import_path(
backend/.venv/lib/python3.12/site-packages/_pytest/pathlib.py:587: in import_path
    importlib.import_module(module_name)
../../.local/share/uv/python/cpython-3.12.13-macos-aarch64-none/lib/python3.12/importlib/__init__.py:90: in import_module
    return _bootstrap._gcd_import(name[level:], package, level)
           ^^^^^^^^^^^^^^^^^^^^^^^^^^^^^^^^^^^^^^^^^^^^^^^^^^^^
<frozen importlib._bootstrap>:1387: in _gcd_import
    ???
<frozen importlib._bootstrap>:1360: in _find_and_load
    ???
<frozen importlib._bootstrap>:1331: in _find_and_load_unlocked
    ???
<frozen importlib._bootstrap>:935: in _load_unlocked
    ???
backend/.venv/lib/python3.12/site-packages/_pytest/assertion/rewrite.py:186: in exec_module
    exec(co, module.__dict__)
backend/tests/integration/test_geo_runs.py:13: in <module>
    from tests.integration.geo_runs_support import (
E     File "/Users/sc/PycharmProjects/partsignal/backend/tests/integration/geo_runs_support.py", line 62
E       )
E       ^
E   SyntaxError: unmatched ')'
_________ ERROR collecting tests/integration/test_geo_run_migration.py _________
backend/.venv/lib/python3.12/site-packages/_pytest/python.py:498: in importtestmodule
    mod = import_path(
backend/.venv/lib/python3.12/site-packages/_pytest/pathlib.py:587: in import_path
    importlib.import_module(module_name)
../../.local/share/uv/python/cpython-3.12.13-macos-aarch64-none/lib/python3.12/importlib/__init__.py:90: in import_module
    return _bootstrap._gcd_import(name[level:], package, level)
           ^^^^^^^^^^^^^^^^^^^^^^^^^^^^^^^^^^^^^^^^^^^^^^^^^^^^
<frozen importlib._bootstrap>:1387: in _gcd_import
    ???
<frozen importlib._bootstrap>:1360: in _find_and_load
    ???
<frozen importlib._bootstrap>:1331: in _find_and_load_unlocked
    ???
<frozen importlib._bootstrap>:935: in _load_unlocked
    ???
backend/.venv/lib/python3.12/site-packages/_pytest/assertion/rewrite.py:186: in exec_module
    exec(co, module.__dict__)
backend/tests/integration/test_geo_run_migration.py:16: in <module>
    from tests.integration.geo_runs_support import (
E     File "/Users/sc/PycharmProjects/partsignal/backend/tests/integration/geo_runs_support.py", line 62
E       )
E       ^
E   SyntaxError: unmatched ')'
=========================== short test summary info ============================
ERROR backend/tests/integration/test_geo_runs.py
ERROR backend/tests/integration/test_geo_run_migration.py
!!!!!!!!!!!!!!!!!!! Interrupted: 2 errors during collection !!!!!!!!!!!!!!!!!!!!
2 errors in 0.29s
