docker compose -p partsignal-geo506-validation -f .trellis/tasks/10-03-geo-506-analysis-worker/evidence/validation-compose.yaml run --rm backend-test
 Container partsignal-geo506-validation-fake-oss-1 Running 
 Container partsignal-geo506-validation-postgres-1 Running 
 Container partsignal-geo506-validation-redis-1 Running 
 Container partsignal-geo506-validation-postgres-1 Waiting 
 Container partsignal-geo506-validation-postgres-1 Healthy 
 Container partsignal-geo506-validation-backend-test-run-f3a313de91e9 Creating 
 Container partsignal-geo506-validation-backend-test-run-f3a313de91e9 Created 
........................................................................ [  7%]
................................F.....................F..............F.. [ 15%]
......F........F........................................................ [ 23%]
........................................................................ [ 30%]
........................................................................ [ 38%]
........................................................................ [ 46%]
........................................................................ [ 53%]
........................................................................ [ 61%]
........................................................................ [ 69%]
........................................................................ [ 76%]
........................................................................ [ 84%]
........................................................................ [ 92%]
........................................................................ [ 99%]
..                                                                       [100%]
=================================== FAILURES ===================================
____________ test_0053_preserves_run_history_and_backfills_unknown _____________

run_database = RunDatabase(plan=PlanDatabase(url='postgresql://partsignal:partsignal_dev@postgres:5432/partsignal_geo206_1fb86c595b',...n': 'RECOMMENDED', 'search_platform': None, 'observation_kind': 'LEGACY_MODEL_RESULT', 'web_search_enabled': True},)]])

    def test_0053_preserves_run_history_and_backfills_unknown(run_database):
        db = run_database
        run_alembic(db.plan.env, db.plan.backend_dir, "0052_geo_profile_tests")
        # 历史冻结输入允许当前配置已失效；模拟当时 API 已发送而 Worker 丢失的事实。
        value = input_snapshot("API")
        value["profile"]["settings"].pop("max_concurrency")
        value["profile"]["settings"].pop("requests_per_minute")
        value["prompt"] = db.input["prompt"]
        value["subjects"] = db.input["subjects"]
        value["profile"]["id"] = db.input["profile"]["id"]
        value["profile"]["surface"]["id"] = db.input["profile"]["surface"]["id"]
        with psycopg.connect(db.url) as conn:
            profile = insert_profile(
                conn,
                db.plan,
                db.input["profile"]["surface"]["id"],
                "API",
                ai_channel_id=None,
                ai_model_id=None,
            )
            value["profile"]["id"] = str(profile)
            identities = []
            created = datetime.now(UTC) - timedelta(days=2)
            midnight = datetime.now(UTC).replace(hour=0, minute=0, second=0, microsecond=0)
            for external in ["NOT_STARTED", "UNKNOWN", "SENT"]:
                batch_id = batch(conn, db, plan_snapshot=Jsonb(plan_snapshot(value)))
                insert_row(
                    conn,
                    "geo_batch_subjects",
                    {"batch_id": batch_id, "subject_id": db.plan.subjects[0], "role": "PRIMARY"},
                )
                identity = run(
                    conn,
                    db,
                    batch_id,
                    collection_profile_id=profile,
                    input_snapshot=Jsonb(value),
                    created_at=created,
                )
                conn.execute(
                    "UPDATE geo_observation_runs SET status='RUNNING', started_at=%s, "
                    "lease_token=%s,lease_expires_at=now()+interval '5 minutes',revision=1 WHERE id=%s",
                    (midnight - timedelta(seconds=1), uuid4(), identity),
                )
                if external != "NOT_STARTED":
                    conn.execute(
                        "UPDATE geo_observation_runs SET external_call_state='SENT',revision=2 "
                        "WHERE id=%s",
                        (identity,),
                    )
                if external == "UNKNOWN":
                    conn.execute(
                        "UPDATE geo_observation_runs SET status='FAILED',external_call_state='UNKNOWN',"
                        "error_stage='COLLECTION',error_code='COLLECTOR_UNKNOWN_OUTCOME',"
                        "error_summary='虚构旧采集丢失',finished_at=now(),lease_token=NULL,"
                        "lease_expires_at=NULL,revision=3 WHERE id=%s",
                        (identity,),
                    )
                identities.append(identity)
            before = conn.execute(
                "SELECT to_jsonb(r) FROM geo_observation_runs r ORDER BY id"
            ).fetchall()
        run_alembic(db.plan.env, db.plan.backend_dir, "head")
        with psycopg.connect(db.url) as conn:
            after = conn.execute(
                'SELECT '
                "to_jsonb(r)-ARRAY['provider_status','retry_after_seconds','current_analysis_revision_id']"
                ' '
                "FROM geo_observation_runs r ORDER BY id"
            ).fetchall()
            assert after == before
            states = dict(
                conn.execute("SELECT run_id,state FROM geo_collection_reservations").fetchall()
            )
            assert states == {
                identities[0]: "RESERVED",
                identities[1]: "UNKNOWN",
                identities[2]: "SENT",
            }
            assert (
                conn.execute(
                    "SELECT count(*) FROM geo_collection_reservations WHERE estimated_amount IS NULL "
                    "AND estimated_currency IS NULL"
                ).fetchone()[0]
                == 3
            )
            days = dict(
                conn.execute("SELECT run_id,budget_day FROM geo_collection_reservations").fetchall()
            )
            assert days[identities[1]] == days[identities[2]] == midnight.date()
            assert days[identities[0]] == (midnight - timedelta(seconds=1)).date()
            with pytest.raises(psycopg.errors.CheckViolation) as caught, conn.transaction():
                conn.execute(
                    "DELETE FROM geo_collection_reservations WHERE run_id=%s", (identities[1],)
                )
            assert caught.value.diag.constraint_name == "ck_geo_reservations_immutable"
            for invalid in [
                {"max_concurrency": 0},
                {"requests_per_minute": True},
                {"requests_per_minute": None},
            ]:
                assert not conn.execute(
                    "SELECT geo_profile_settings_valid('API',%s)", (Jsonb(invalid),)
                ).fetchone()[0]
            assert conn.execute(
                "SELECT geo_profile_settings_valid('API',%s)",
                (Jsonb({"max_concurrency": 100, "requests_per_minute": 60000}),),
            ).fetchone()[0]
        engine = create_engine(db.url.replace("postgresql://", "postgresql+psycopg://"))
        tables = {"geo_observation_runs", "geo_collection_reservations"}
        try:
            with engine.connect() as conn:
                context = MigrationContext.configure(
                    conn,
                    opts={
                        "compare_type": True,
                        "compare_server_default": True,
                        "include_object": lambda obj, name, kind, reflected, compared: (
                            obj.name in tables if kind == "table" else obj.table.name in tables
                        ),
                    },
                )
                assert compare_metadata(context, Base.metadata) == []
        finally:
            engine.dispose()
        stopped = subprocess.run(
            [sys.executable, "-m", "alembic", "downgrade", "0052_geo_profile_tests"],
            cwd=db.plan.backend_dir,
            env=db.plan.env,
            capture_output=True,
            text=True,
        )
>       assert (
            stopped.returncode != 0 and "0054 分析与复核历史必须保留" in stopped.stdout + stopped.stderr
        )
E       assert (1 != 0 and '0054 分析与复核历史必须保留' in ('' + "INFO  [alembic.runtime.migration] Context impl PostgresqlImpl.\nINFO  [alembic.runtime.migration] Will assume transac...向修复'\n            USING ERRCODE='55000';\n    END $$;]\n(Background on this error at: https://sqlalche.me/e/20/e3q8)\n"))
E        +  where 1 = CompletedProcess(args=['/opt/venv/bin/python3', '-m', 'alembic', 'downgrade', '0052_geo_profile_tests'], returncode=1,...'\n            USING ERRCODE=\'55000\';\n    END $$;]\n(Background on this error at: https://sqlalche.me/e/20/e3q8)\n').returncode
E        +  and   '' = CompletedProcess(args=['/opt/venv/bin/python3', '-m', 'alembic', 'downgrade', '0052_geo_profile_tests'], returncode=1,...'\n            USING ERRCODE=\'55000\';\n    END $$;]\n(Background on this error at: https://sqlalche.me/e/20/e3q8)\n').stdout
E        +  and   "INFO  [alembic.runtime.migration] Context impl PostgresqlImpl.\nINFO  [alembic.runtime.migration] Will assume transac...向修复'\n            USING ERRCODE='55000';\n    END $$;]\n(Background on this error at: https://sqlalche.me/e/20/e3q8)\n" = CompletedProcess(args=['/opt/venv/bin/python3', '-m', 'alembic', 'downgrade', '0052_geo_profile_tests'], returncode=1,...'\n            USING ERRCODE=\'55000\';\n    END $$;]\n(Background on this error at: https://sqlalche.me/e/20/e3q8)\n').stderr

tests/integration/test_geo_admission_migration.py:158: AssertionError
---------------------------- Captured stderr setup -----------------------------
INFO  [alembic.runtime.migration] Context impl PostgresqlImpl.
INFO  [alembic.runtime.migration] Will assume transactional DDL.
INFO  [alembic.runtime.migration] Running upgrade  -> 0001_identity_audit, 创建身份、会话和审计表。
INFO  [alembic.runtime.migration] Running upgrade 0001_identity_audit -> 0002_product_facts, 创建规范化产品事实和不可变事实版本。
INFO  [alembic.runtime.migration] Running upgrade 0002_product_facts -> 0003_content_planning, 创建目标问题、平台规则版本和内容任务。
INFO  [alembic.runtime.migration] Running upgrade 0003_content_planning -> 0004_content_production, 创建 PostgreSQL 权威生成作业和不可变 Markdown 内容版本。
INFO  [alembic.runtime.migration] Running upgrade 0004_content_production -> 0005_content_review, 创建追加式内容审核记录。
INFO  [alembic.runtime.migration] Running upgrade 0005_content_review -> 0006_publication, 创建平台账号、人工发布记录和状态事件。
INFO  [alembic.runtime.migration] Running upgrade 0006_publication -> 0007_geo_observation, 创建追加式 GEO 观测及引用关联。
INFO  [alembic.runtime.migration] Running upgrade 0007_geo_observation -> 0008_files, 创建文件生命周期、附件关联并补加证据文件外键。
INFO  [alembic.runtime.migration] Running upgrade 0008_files -> 0009_config_center, 迁移账号类型、配置中心与真实 AI 生成字段。
INFO  [alembic.runtime.migration] Running upgrade 0009_config_center -> 0010_user_cleanup, 清理旧版职责账号并强制既有内容工程师改密。
INFO  [alembic.runtime.migration] Running upgrade 0010_user_cleanup -> 0011_generation_reliability, 增加生成作业补投递诊断字段与到期扫描索引。
INFO  [alembic.runtime.migration] Running upgrade 0011_generation_reliability -> 0012_ai_data_classification, 为生成输入增加显式数据分级与责任人记录。
INFO  [alembic.runtime.migration] Running upgrade 0012_ai_data_classification -> 0013_publication_closure, 增加发布异常待办、修复任务来源和发布平台一致性门禁。
INFO  [alembic.runtime.migration] Running upgrade 0013_publication_closure -> 0014_platform_prompt_ownership, 将当前 Prompt 所有权从平台类型迁移到具体平台。
INFO  [alembic.runtime.migration] Running upgrade 0014_platform_prompt_ownership -> 0015_platform_rule_draft_editing, 允许按修订号编辑平台规则草稿，并继续冻结已激活或退役正文。
INFO  [alembic.runtime.migration] Running upgrade 0015_platform_rule_draft_editing -> 0016_fact_review_cleanup, 允许受约束删除事实版本时清理其从属审核记录。
INFO  [alembic.runtime.migration] Running upgrade 0016_fact_review_cleanup -> 0017_content_humanization, 增加全局自然化 Prompt，并让现有 AI 作业承载自然化修订。
INFO  [alembic.runtime.migration] Running upgrade 0017_content_humanization -> 0018_manual_geo_observation, 增加产品级人工 GEO 观测，并保留旧模型观测历史。
INFO  [alembic.runtime.migration] Running upgrade 0018_manual_geo_observation -> 0019_product_driven_tasks, 允许新内容任务直接围绕产品创建，同时保留历史目标问题关联。
INFO  [alembic.runtime.migration] Running upgrade 0019_product_driven_tasks -> 0020_platform_branding_task_list, 为具体平台增加官网与单一来源 Logo。
INFO  [alembic.runtime.migration] Running upgrade 0020_platform_branding_task_list -> 0021_ai_channel_model_management, 补齐 AI 渠道身份字段与使用统计索引。
INFO  [alembic.runtime.migration] Running upgrade 0021_ai_channel_model_management -> 0022_geo_observation_insights, 补充人工 GEO 逐篇阶段事实与问题主题约束。
INFO  [alembic.runtime.migration] Running upgrade 0022_geo_observation_insights -> 0023_platform_management, 增加具体平台启停状态与管理聚合索引。
INFO  [alembic.runtime.migration] Running upgrade 0023_platform_management -> 0024_audit_outcome, 补齐审计模块、命令结果和安全结果说明。
INFO  [alembic.runtime.migration] Running upgrade 0024_audit_outcome -> 0025_markdown_facts, 将结构化产品事实收敛为 Markdown，并让内容任务直接绑定平台。
INFO  [alembic.runtime.migration] Running upgrade 0025_markdown_facts -> 0026_publication_account_dedup, 补齐发布账号修订约束，并阻止同平台规范化账号标识重复。
INFO  [alembic.runtime.migration] Running upgrade 0026_publication_account_dedup -> 0027_audit_user_delete_guard, 只允许受约束用户删除把匹配审计操作者置空。
INFO  [alembic.runtime.migration] Running upgrade 0027_audit_user_delete_guard -> 0028_platform_logo_lifecycle, 增加平台 Logo 的未引用保留、幂等删除状态与数据库门禁。
INFO  [alembic.runtime.migration] Running upgrade 0028_platform_logo_lifecycle -> 0029_geo_evidence_management, 收敛人工 GEO 独立事实，并为完整更正链删除增加事务门禁。
INFO  [alembic.runtime.migration] Running upgrade 0029_geo_evidence_management -> 0030_publication_record_delete, 为从未公开的发布聚合增加事务级受控删除门禁。
INFO  [alembic.runtime.migration] Running upgrade 0030_publication_record_delete -> 0031_reusable_platform_prompts, 把平台私有 Prompt 收敛为可复用模板和平台当前绑定。
INFO  [alembic.runtime.migration] Running upgrade 0031_reusable_platform_prompts -> 0032_content_task_idempotency, 为普通内容任务创建增加持久化请求键幂等约束。
INFO  [alembic.runtime.migration] Running upgrade 0032_content_task_idempotency -> 0033_task_owned_history_delete, 允许受控删除已取消任务自有的未批准生产历史。
INFO  [alembic.runtime.migration] Running upgrade 0033_task_owned_history_delete -> 0034_publication_redesign, 以发布工作、首次核验成果和发布后内容问题替换旧发布记录。
INFO  [alembic.runtime.migration] Running upgrade 0034_publication_redesign -> 0035_business_workflow, 建立事实提交、内容单主线、发布版本快照与 GEO 来源合同。
INFO  [alembic.runtime.migration] Running upgrade 0035_business_workflow -> 0036_remove_section_url, 删除没有稳定业务含义的发布栏目地址。
INFO  [alembic.runtime.migration] Running upgrade 0036_remove_section_url -> 0037_simplify_deletion_lifecycle, 收缩任务、配置与审计的删除生命周期。
INFO  [alembic.runtime.migration] Running upgrade 0037_simplify_deletion_lifecycle -> 0038_published_article_delete, 允许受控删除无 GEO 引用的发布成果聚合。
INFO  [alembic.runtime.migration] Running upgrade 0038_published_article_delete -> 0039_article_delete_platform, 允许归档任务在删除失效平台的发布成果后转为已取消。
INFO  [alembic.runtime.migration] Running upgrade 0039_article_delete_platform -> 0040_content_draft_management, 允许当前人工未审核草稿受控保存和彻底删除。
INFO  [alembic.runtime.migration] Running upgrade 0040_content_draft_management -> 0041_content_task_list, 补齐内容任务列表的稳定更新时间与排序索引。
INFO  [alembic.runtime.migration] Running upgrade 0041_content_task_list -> 0042_content_version_detail, 记录内容版本自身的真实更新时间。
INFO  [alembic.runtime.migration] Running upgrade 0042_content_version_detail -> 0043_geo_platform_identity, 冻结发布工作的平台 UUID，避免配置删除后 GEO 历史失去身份。
INFO  [alembic.runtime.migration] Running upgrade 0043_geo_platform_identity -> 0044_geo_catalog, 新增 GEO Catalog 三表；冻结本 revision，不读取运行时 ORM。
INFO  [alembic.runtime.migration] Running upgrade 0044_geo_catalog -> 0045_geo_prompt_variants, 仅新增问题变体，冻结规范化及历史锁存，不回填旧问题数组。
INFO  [alembic.runtime.migration] Running upgrade 0045_geo_prompt_variants -> 0046_geo_surfaces_profiles, 新增观测配置与闭合JSON合同；不回填旧GEO或实现运行资格。
INFO  [alembic.runtime.migration] Context impl PostgresqlImpl.
INFO  [alembic.runtime.migration] Will assume transactional DDL.
INFO  [alembic.runtime.migration] Running upgrade 0046_geo_surfaces_profiles -> 0047_geo_monitoring_plans, 仅增加计划配置聚合；不创建批次、运行或改写历史观测。
INFO  [alembic.runtime.migration] Context impl PostgresqlImpl.
INFO  [alembic.runtime.migration] Will assume transactional DDL.
INFO  [alembic.runtime.migration] Running upgrade 0047_geo_monitoring_plans -> 0048_geo_batches_runs, 新增独立回答级 Batch/Run，冻结 DDL 与快照/写入守卫，不迁移旧 GEO。
----------------------------- Captured stderr call -----------------------------
INFO  [alembic.runtime.migration] Context impl PostgresqlImpl.
INFO  [alembic.runtime.migration] Will assume transactional DDL.
INFO  [alembic.runtime.migration] Running upgrade 0048_geo_batches_runs -> 0049_geo_batch_creation, 创建幂等与批次主体引用；不修改已冻结的 Batch/Run 输入。
INFO  [alembic.runtime.migration] Running upgrade 0049_geo_batch_creation -> 0050_geo_answer_evidence, 新增不可变原始回答、引用和受控文件关系；不实现采集命令。
INFO  [alembic.runtime.migration] Running upgrade 0050_geo_answer_evidence -> 0051_geo_manual_collection, 人工草稿和不可变提交身份；不回填或修改已提交证据。
INFO  [alembic.runtime.migration] Running upgrade 0051_geo_manual_collection -> 0052_geo_profile_tests, API Profile 当前诊断资格与依赖失效；不修改业务历史。
INFO  [alembic.runtime.migration] Context impl PostgresqlImpl.
INFO  [alembic.runtime.migration] Will assume transactional DDL.
INFO  [alembic.runtime.migration] Running upgrade 0052_geo_profile_tests -> 0053_geo_collection_admission, 加法保存预算预留与发送限速事实，历史 Run 和原始证据保持不变。
INFO  [alembic.runtime.migration] Running upgrade 0053_geo_collection_admission -> 0054_geo_analysis_contract, 分析输入/结果、追加复核与限定 current pointer；不回填历史证据。
INFO  [alembic.runtime.migration] Running upgrade 0054_geo_analysis_contract -> 0055_geo_analysis_worker, 分析执行租约与引用结果；不回填或重写已有 revision。
_______ test_nonempty_0053_forward_preserves_evidence_and_matches_models _______

run_database = RunDatabase(plan=PlanDatabase(url='postgresql://partsignal:partsignal_dev@postgres:5432/partsignal_geo206_7c838e6d6a',...n': 'RECOMMENDED', 'search_platform': None, 'observation_kind': 'LEGACY_MODEL_RESULT', 'web_search_enabled': True},)]])

    def test_nonempty_0053_forward_preserves_evidence_and_matches_models(run_database):
        db = run_database
        run_alembic(db.plan.env, db.plan.backend_dir, "0053_geo_collection_admission")
        with psycopg.connect(db.url) as conn:
            case = collected_case(conn, AnswerDatabase(db, uuid4()), products=2)
            before_run = conn.execute(
                "SELECT to_jsonb(r) FROM geo_observation_runs r WHERE id=%s", (case.run_id,)
            ).fetchone()[0]
            before_answers = conn.execute(
                "SELECT to_jsonb(a) FROM geo_answer_snapshots a ORDER BY id"
            ).fetchall()
        run_alembic(db.plan.env, db.plan.backend_dir, "head")
        with psycopg.connect(db.url) as conn:
            assert (
                conn.execute(
                    "SELECT to_jsonb(r)-'current_analysis_revision_id' FROM "
                    "geo_observation_runs r WHERE id=%s",
                    (case.run_id,),
                ).fetchone()[0]
                == before_run
            )
            assert (
                conn.execute(
                    "SELECT current_analysis_revision_id FROM geo_observation_runs WHERE id=%s",
                    (case.run_id,),
                ).fetchone()[0]
                is None
            )
            assert (
                conn.execute("SELECT to_jsonb(a) FROM geo_answer_snapshots a ORDER BY id").fetchall()
                == before_answers
            )
            assert conn.execute("SELECT count(*) FROM geo_analysis_revisions").fetchone()[0] == 0
        engine = create_engine(db.url.replace("postgresql://", "postgresql+psycopg://"))
        tables = {
            "geo_analysis_revisions",
            "geo_analysis_fact_versions",
            "geo_entity_mentions",
            "geo_recommendations",
            "geo_claim_assessments",
            "geo_run_reviews",
            "geo_observation_runs",
        }
        try:
            with engine.connect() as conn:
                context = MigrationContext.configure(
                    conn,
                    opts={
                        "compare_type": True,
                        "compare_server_default": True,
                        "include_object": lambda obj, name, kind, reflected, compared: (
                            obj.name in tables if kind == "table" else obj.table.name in tables
                        ),
                    },
                )
                assert compare_metadata(context, Base.metadata) == []
        finally:
            engine.dispose()
        stopped = subprocess.run(
            [sys.executable, "-m", "alembic", "downgrade", "0053_geo_collection_admission"],
            cwd=db.plan.backend_dir,
            env=db.plan.env,
            capture_output=True,
            text=True,
        )
>       assert (
            stopped.returncode != 0 and "0054 分析与复核历史必须保留" in stopped.stdout + stopped.stderr
        )
E       assert (1 != 0 and '0054 分析与复核历史必须保留' in ('' + "INFO  [alembic.runtime.migration] Context impl PostgresqlImpl.\nINFO  [alembic.runtime.migration] Will assume transac...向修复'\n            USING ERRCODE='55000';\n    END $$;]\n(Background on this error at: https://sqlalche.me/e/20/e3q8)\n"))
E        +  where 1 = CompletedProcess(args=['/opt/venv/bin/python3', '-m', 'alembic', 'downgrade', '0053_geo_collection_admission'], return...'\n            USING ERRCODE=\'55000\';\n    END $$;]\n(Background on this error at: https://sqlalche.me/e/20/e3q8)\n').returncode
E        +  and   '' = CompletedProcess(args=['/opt/venv/bin/python3', '-m', 'alembic', 'downgrade', '0053_geo_collection_admission'], return...'\n            USING ERRCODE=\'55000\';\n    END $$;]\n(Background on this error at: https://sqlalche.me/e/20/e3q8)\n').stdout
E        +  and   "INFO  [alembic.runtime.migration] Context impl PostgresqlImpl.\nINFO  [alembic.runtime.migration] Will assume transac...向修复'\n            USING ERRCODE='55000';\n    END $$;]\n(Background on this error at: https://sqlalche.me/e/20/e3q8)\n" = CompletedProcess(args=['/opt/venv/bin/python3', '-m', 'alembic', 'downgrade', '0053_geo_collection_admission'], return...'\n            USING ERRCODE=\'55000\';\n    END $$;]\n(Background on this error at: https://sqlalche.me/e/20/e3q8)\n').stderr

tests/integration/test_geo_analysis_migration.py:87: AssertionError
---------------------------- Captured stderr setup -----------------------------
INFO  [alembic.runtime.migration] Context impl PostgresqlImpl.
INFO  [alembic.runtime.migration] Will assume transactional DDL.
INFO  [alembic.runtime.migration] Running upgrade  -> 0001_identity_audit, 创建身份、会话和审计表。
INFO  [alembic.runtime.migration] Running upgrade 0001_identity_audit -> 0002_product_facts, 创建规范化产品事实和不可变事实版本。
INFO  [alembic.runtime.migration] Running upgrade 0002_product_facts -> 0003_content_planning, 创建目标问题、平台规则版本和内容任务。
INFO  [alembic.runtime.migration] Running upgrade 0003_content_planning -> 0004_content_production, 创建 PostgreSQL 权威生成作业和不可变 Markdown 内容版本。
INFO  [alembic.runtime.migration] Running upgrade 0004_content_production -> 0005_content_review, 创建追加式内容审核记录。
INFO  [alembic.runtime.migration] Running upgrade 0005_content_review -> 0006_publication, 创建平台账号、人工发布记录和状态事件。
INFO  [alembic.runtime.migration] Running upgrade 0006_publication -> 0007_geo_observation, 创建追加式 GEO 观测及引用关联。
INFO  [alembic.runtime.migration] Running upgrade 0007_geo_observation -> 0008_files, 创建文件生命周期、附件关联并补加证据文件外键。
INFO  [alembic.runtime.migration] Running upgrade 0008_files -> 0009_config_center, 迁移账号类型、配置中心与真实 AI 生成字段。
INFO  [alembic.runtime.migration] Running upgrade 0009_config_center -> 0010_user_cleanup, 清理旧版职责账号并强制既有内容工程师改密。
INFO  [alembic.runtime.migration] Running upgrade 0010_user_cleanup -> 0011_generation_reliability, 增加生成作业补投递诊断字段与到期扫描索引。
INFO  [alembic.runtime.migration] Running upgrade 0011_generation_reliability -> 0012_ai_data_classification, 为生成输入增加显式数据分级与责任人记录。
INFO  [alembic.runtime.migration] Running upgrade 0012_ai_data_classification -> 0013_publication_closure, 增加发布异常待办、修复任务来源和发布平台一致性门禁。
INFO  [alembic.runtime.migration] Running upgrade 0013_publication_closure -> 0014_platform_prompt_ownership, 将当前 Prompt 所有权从平台类型迁移到具体平台。
INFO  [alembic.runtime.migration] Running upgrade 0014_platform_prompt_ownership -> 0015_platform_rule_draft_editing, 允许按修订号编辑平台规则草稿，并继续冻结已激活或退役正文。
INFO  [alembic.runtime.migration] Running upgrade 0015_platform_rule_draft_editing -> 0016_fact_review_cleanup, 允许受约束删除事实版本时清理其从属审核记录。
INFO  [alembic.runtime.migration] Running upgrade 0016_fact_review_cleanup -> 0017_content_humanization, 增加全局自然化 Prompt，并让现有 AI 作业承载自然化修订。
INFO  [alembic.runtime.migration] Running upgrade 0017_content_humanization -> 0018_manual_geo_observation, 增加产品级人工 GEO 观测，并保留旧模型观测历史。
INFO  [alembic.runtime.migration] Running upgrade 0018_manual_geo_observation -> 0019_product_driven_tasks, 允许新内容任务直接围绕产品创建，同时保留历史目标问题关联。
INFO  [alembic.runtime.migration] Running upgrade 0019_product_driven_tasks -> 0020_platform_branding_task_list, 为具体平台增加官网与单一来源 Logo。
INFO  [alembic.runtime.migration] Running upgrade 0020_platform_branding_task_list -> 0021_ai_channel_model_management, 补齐 AI 渠道身份字段与使用统计索引。
INFO  [alembic.runtime.migration] Running upgrade 0021_ai_channel_model_management -> 0022_geo_observation_insights, 补充人工 GEO 逐篇阶段事实与问题主题约束。
INFO  [alembic.runtime.migration] Running upgrade 0022_geo_observation_insights -> 0023_platform_management, 增加具体平台启停状态与管理聚合索引。
INFO  [alembic.runtime.migration] Running upgrade 0023_platform_management -> 0024_audit_outcome, 补齐审计模块、命令结果和安全结果说明。
INFO  [alembic.runtime.migration] Running upgrade 0024_audit_outcome -> 0025_markdown_facts, 将结构化产品事实收敛为 Markdown，并让内容任务直接绑定平台。
INFO  [alembic.runtime.migration] Running upgrade 0025_markdown_facts -> 0026_publication_account_dedup, 补齐发布账号修订约束，并阻止同平台规范化账号标识重复。
INFO  [alembic.runtime.migration] Running upgrade 0026_publication_account_dedup -> 0027_audit_user_delete_guard, 只允许受约束用户删除把匹配审计操作者置空。
INFO  [alembic.runtime.migration] Running upgrade 0027_audit_user_delete_guard -> 0028_platform_logo_lifecycle, 增加平台 Logo 的未引用保留、幂等删除状态与数据库门禁。
INFO  [alembic.runtime.migration] Running upgrade 0028_platform_logo_lifecycle -> 0029_geo_evidence_management, 收敛人工 GEO 独立事实，并为完整更正链删除增加事务门禁。
INFO  [alembic.runtime.migration] Running upgrade 0029_geo_evidence_management -> 0030_publication_record_delete, 为从未公开的发布聚合增加事务级受控删除门禁。
INFO  [alembic.runtime.migration] Running upgrade 0030_publication_record_delete -> 0031_reusable_platform_prompts, 把平台私有 Prompt 收敛为可复用模板和平台当前绑定。
INFO  [alembic.runtime.migration] Running upgrade 0031_reusable_platform_prompts -> 0032_content_task_idempotency, 为普通内容任务创建增加持久化请求键幂等约束。
INFO  [alembic.runtime.migration] Running upgrade 0032_content_task_idempotency -> 0033_task_owned_history_delete, 允许受控删除已取消任务自有的未批准生产历史。
INFO  [alembic.runtime.migration] Running upgrade 0033_task_owned_history_delete -> 0034_publication_redesign, 以发布工作、首次核验成果和发布后内容问题替换旧发布记录。
INFO  [alembic.runtime.migration] Running upgrade 0034_publication_redesign -> 0035_business_workflow, 建立事实提交、内容单主线、发布版本快照与 GEO 来源合同。
INFO  [alembic.runtime.migration] Running upgrade 0035_business_workflow -> 0036_remove_section_url, 删除没有稳定业务含义的发布栏目地址。
INFO  [alembic.runtime.migration] Running upgrade 0036_remove_section_url -> 0037_simplify_deletion_lifecycle, 收缩任务、配置与审计的删除生命周期。
INFO  [alembic.runtime.migration] Running upgrade 0037_simplify_deletion_lifecycle -> 0038_published_article_delete, 允许受控删除无 GEO 引用的发布成果聚合。
INFO  [alembic.runtime.migration] Running upgrade 0038_published_article_delete -> 0039_article_delete_platform, 允许归档任务在删除失效平台的发布成果后转为已取消。
INFO  [alembic.runtime.migration] Running upgrade 0039_article_delete_platform -> 0040_content_draft_management, 允许当前人工未审核草稿受控保存和彻底删除。
INFO  [alembic.runtime.migration] Running upgrade 0040_content_draft_management -> 0041_content_task_list, 补齐内容任务列表的稳定更新时间与排序索引。
INFO  [alembic.runtime.migration] Running upgrade 0041_content_task_list -> 0042_content_version_detail, 记录内容版本自身的真实更新时间。
INFO  [alembic.runtime.migration] Running upgrade 0042_content_version_detail -> 0043_geo_platform_identity, 冻结发布工作的平台 UUID，避免配置删除后 GEO 历史失去身份。
INFO  [alembic.runtime.migration] Running upgrade 0043_geo_platform_identity -> 0044_geo_catalog, 新增 GEO Catalog 三表；冻结本 revision，不读取运行时 ORM。
INFO  [alembic.runtime.migration] Running upgrade 0044_geo_catalog -> 0045_geo_prompt_variants, 仅新增问题变体，冻结规范化及历史锁存，不回填旧问题数组。
INFO  [alembic.runtime.migration] Running upgrade 0045_geo_prompt_variants -> 0046_geo_surfaces_profiles, 新增观测配置与闭合JSON合同；不回填旧GEO或实现运行资格。
INFO  [alembic.runtime.migration] Context impl PostgresqlImpl.
INFO  [alembic.runtime.migration] Will assume transactional DDL.
INFO  [alembic.runtime.migration] Running upgrade 0046_geo_surfaces_profiles -> 0047_geo_monitoring_plans, 仅增加计划配置聚合；不创建批次、运行或改写历史观测。
INFO  [alembic.runtime.migration] Context impl PostgresqlImpl.
INFO  [alembic.runtime.migration] Will assume transactional DDL.
INFO  [alembic.runtime.migration] Running upgrade 0047_geo_monitoring_plans -> 0048_geo_batches_runs, 新增独立回答级 Batch/Run，冻结 DDL 与快照/写入守卫，不迁移旧 GEO。
----------------------------- Captured stderr call -----------------------------
INFO  [alembic.runtime.migration] Context impl PostgresqlImpl.
INFO  [alembic.runtime.migration] Will assume transactional DDL.
INFO  [alembic.runtime.migration] Running upgrade 0048_geo_batches_runs -> 0049_geo_batch_creation, 创建幂等与批次主体引用；不修改已冻结的 Batch/Run 输入。
INFO  [alembic.runtime.migration] Running upgrade 0049_geo_batch_creation -> 0050_geo_answer_evidence, 新增不可变原始回答、引用和受控文件关系；不实现采集命令。
INFO  [alembic.runtime.migration] Running upgrade 0050_geo_answer_evidence -> 0051_geo_manual_collection, 人工草稿和不可变提交身份；不回填或修改已提交证据。
INFO  [alembic.runtime.migration] Running upgrade 0051_geo_manual_collection -> 0052_geo_profile_tests, API Profile 当前诊断资格与依赖失效；不修改业务历史。
INFO  [alembic.runtime.migration] Running upgrade 0052_geo_profile_tests -> 0053_geo_collection_admission, 加法保存预算预留与发送限速事实，历史 Run 和原始证据保持不变。
INFO  [alembic.runtime.migration] Context impl PostgresqlImpl.
INFO  [alembic.runtime.migration] Will assume transactional DDL.
INFO  [alembic.runtime.migration] Running upgrade 0053_geo_collection_admission -> 0054_geo_analysis_contract, 分析输入/结果、追加复核与限定 current pointer；不回填历史证据。
INFO  [alembic.runtime.migration] Running upgrade 0054_geo_analysis_contract -> 0055_geo_analysis_worker, 分析执行租约与引用结果；不回填或重写已有 revision。
______________ test_lease_release_cannot_commit_pending_revision _______________

harness = AnalysisHarness(database=AnswerDatabase(runs=RunDatabase(plan=PlanDatabase(url='postgresql://partsignal:partsignal_dev...signal_geo206_43589d783f), autoflush=True, expire_on_commit=False), ids=[UUID('ec0b43e5-2e4f-49fd-b416-2e833443f69d')])

    def test_lease_release_cannot_commit_pending_revision(harness):
        case = harness.create(answer_text="虚构资料。")
        identity = runs.prepare_collected_run(case.run_id)
        lease = runs.claim_analysis_revision(identity)
>       rejected(
            harness,
            "UPDATE geo_analysis_jobs SET lease_token=NULL,lease_expires_at=NULL "
            "WHERE analysis_revision_id=:id",
            {"id": identity},
            "ck_geo_analysis_jobs_assembly",
        )

tests/integration/test_geo_analysis_worker_guards.py:51: 
_ _ _ _ _ _ _ _ _ _ _ _ _ _ _ _ _ _ _ _ _ _ _ _ _ _ _ _ _ _ _ _ _ _ _ _ _ _ _ _ 

harness = AnalysisHarness(database=AnswerDatabase(runs=RunDatabase(plan=PlanDatabase(url='postgresql://partsignal:partsignal_dev...signal_geo206_43589d783f), autoflush=True, expire_on_commit=False), ids=[UUID('ec0b43e5-2e4f-49fd-b416-2e833443f69d')])
statement = 'UPDATE geo_analysis_jobs SET lease_token=NULL,lease_expires_at=NULL WHERE analysis_revision_id=:id'
values = {'id': UUID('26de7bf7-ef3c-4008-893a-c8056f9e3520')}
constraint = 'ck_geo_analysis_jobs_assembly'

    def rejected(harness, statement, values, constraint):
        with pytest.raises(IntegrityError) as error, harness.factory.begin() as db:
            db.execute(text(statement), values)
>       assert error.value.orig.diag.constraint_name == constraint
E       AssertionError: assert 'ck_geo_analy...obs_run_lease' == 'ck_geo_analy...jobs_assembly'
E         
E         - ck_geo_analysis_jobs_assembly
E         ?                        - ----
E         + ck_geo_analysis_jobs_run_lease
E         ?                      ++++++

tests/integration/test_geo_analysis_worker_guards.py:28: AssertionError
__________ test_expired_reanalysis_retains_successful_current_pointer __________

harness = AnalysisHarness(database=AnswerDatabase(runs=RunDatabase(plan=PlanDatabase(url='postgresql://partsignal:partsignal_dev...signal_geo206_43589d783f), autoflush=True, expire_on_commit=False), ids=[UUID('64f8499c-0065-4951-b0d0-1e4b2c155c78')])

    
    
    def test_failed_first_analysis_reanalyze_does_not_regress_run(harness):
        case = harness.create(answer_text="虚构资料。")
        identity = runs.prepare_collected_run(case.run_id)
        lease = runs.claim_analysis_revision(identity)
>       assert runs.submit_analysis_failure(lease)
E       assert 2 == 1
E        +  where 2 = <function recover_expired_analysis_revisions at 0xee7405039300>(now=(datetime.datetime(2026, 10, 3, 20, 41, 16, 41887, tzinfo=datetime.timezone.utc) + datetime.timedelta(seconds=600)))
E        +    where <function recover_expired_analysis_revisions at 0xee7405039300> = dispatch.recover_expired_analysis_revisions
E        +    and   datetime.datetime(2026, 10, 3, 20, 41, 16, 41887, tzinfo=datetime.timezone.utc) = <built-in method now of type object at 0xee740dd104c8>(datetime.timezone.utc)
E        +      where <built-in method now of type object at 0xee740dd104c8> = datetime.now
E        +    and   datetime.timedelta(seconds=600) = timedelta(minutes=10)

tests/integration/test_geo_analysis_worker_guards.py:207: AssertionError
____________ test_forward_keeps_nonempty_history_and_matches_models ____________

answer_database = AnswerDatabase(runs=RunDatabase(plan=PlanDatabase(url='postgresql://partsignal:partsignal_dev@postgres:5432/partsignal...ind': 'LEGACY_MODEL_RESULT', 'web_search_enabled': True},)]]), legacy_run=UUID('09784c4e-b761-41d7-88fb-0a9f308d78a6'))

    def test_forward_keeps_nonempty_history_and_matches_models(answer_database: AnswerDatabase):
        db = answer_database
        with psycopg.connect(db.url) as conn:
>           assert (
                conn.execute("SELECT version_num FROM alembic_version").fetchone()[0]
                == "0054_geo_analysis_contract"
            )
E           AssertionError: assert '0055_geo_analysis_worker' == '0054_geo_analysis_contract'
E             
E             - 0054_geo_analysis_contract
E             ?    ^              ^ -- ^^^
E             + 0055_geo_analysis_worker
E             ?    ^              ^  ^^^

tests/integration/test_geo_answer_migration.py:28: AssertionError
---------------------------- Captured stderr setup -----------------------------
INFO  [alembic.runtime.migration] Context impl PostgresqlImpl.
INFO  [alembic.runtime.migration] Will assume transactional DDL.
INFO  [alembic.runtime.migration] Running upgrade  -> 0001_identity_audit, 创建身份、会话和审计表。
INFO  [alembic.runtime.migration] Running upgrade 0001_identity_audit -> 0002_product_facts, 创建规范化产品事实和不可变事实版本。
INFO  [alembic.runtime.migration] Running upgrade 0002_product_facts -> 0003_content_planning, 创建目标问题、平台规则版本和内容任务。
INFO  [alembic.runtime.migration] Running upgrade 0003_content_planning -> 0004_content_production, 创建 PostgreSQL 权威生成作业和不可变 Markdown 内容版本。
INFO  [alembic.runtime.migration] Running upgrade 0004_content_production -> 0005_content_review, 创建追加式内容审核记录。
INFO  [alembic.runtime.migration] Running upgrade 0005_content_review -> 0006_publication, 创建平台账号、人工发布记录和状态事件。
INFO  [alembic.runtime.migration] Running upgrade 0006_publication -> 0007_geo_observation, 创建追加式 GEO 观测及引用关联。
INFO  [alembic.runtime.migration] Running upgrade 0007_geo_observation -> 0008_files, 创建文件生命周期、附件关联并补加证据文件外键。
INFO  [alembic.runtime.migration] Running upgrade 0008_files -> 0009_config_center, 迁移账号类型、配置中心与真实 AI 生成字段。
INFO  [alembic.runtime.migration] Running upgrade 0009_config_center -> 0010_user_cleanup, 清理旧版职责账号并强制既有内容工程师改密。
INFO  [alembic.runtime.migration] Running upgrade 0010_user_cleanup -> 0011_generation_reliability, 增加生成作业补投递诊断字段与到期扫描索引。
INFO  [alembic.runtime.migration] Running upgrade 0011_generation_reliability -> 0012_ai_data_classification, 为生成输入增加显式数据分级与责任人记录。
INFO  [alembic.runtime.migration] Running upgrade 0012_ai_data_classification -> 0013_publication_closure, 增加发布异常待办、修复任务来源和发布平台一致性门禁。
INFO  [alembic.runtime.migration] Running upgrade 0013_publication_closure -> 0014_platform_prompt_ownership, 将当前 Prompt 所有权从平台类型迁移到具体平台。
INFO  [alembic.runtime.migration] Running upgrade 0014_platform_prompt_ownership -> 0015_platform_rule_draft_editing, 允许按修订号编辑平台规则草稿，并继续冻结已激活或退役正文。
INFO  [alembic.runtime.migration] Running upgrade 0015_platform_rule_draft_editing -> 0016_fact_review_cleanup, 允许受约束删除事实版本时清理其从属审核记录。
INFO  [alembic.runtime.migration] Running upgrade 0016_fact_review_cleanup -> 0017_content_humanization, 增加全局自然化 Prompt，并让现有 AI 作业承载自然化修订。
INFO  [alembic.runtime.migration] Running upgrade 0017_content_humanization -> 0018_manual_geo_observation, 增加产品级人工 GEO 观测，并保留旧模型观测历史。
INFO  [alembic.runtime.migration] Running upgrade 0018_manual_geo_observation -> 0019_product_driven_tasks, 允许新内容任务直接围绕产品创建，同时保留历史目标问题关联。
INFO  [alembic.runtime.migration] Running upgrade 0019_product_driven_tasks -> 0020_platform_branding_task_list, 为具体平台增加官网与单一来源 Logo。
INFO  [alembic.runtime.migration] Running upgrade 0020_platform_branding_task_list -> 0021_ai_channel_model_management, 补齐 AI 渠道身份字段与使用统计索引。
INFO  [alembic.runtime.migration] Running upgrade 0021_ai_channel_model_management -> 0022_geo_observation_insights, 补充人工 GEO 逐篇阶段事实与问题主题约束。
INFO  [alembic.runtime.migration] Running upgrade 0022_geo_observation_insights -> 0023_platform_management, 增加具体平台启停状态与管理聚合索引。
INFO  [alembic.runtime.migration] Running upgrade 0023_platform_management -> 0024_audit_outcome, 补齐审计模块、命令结果和安全结果说明。
INFO  [alembic.runtime.migration] Running upgrade 0024_audit_outcome -> 0025_markdown_facts, 将结构化产品事实收敛为 Markdown，并让内容任务直接绑定平台。
INFO  [alembic.runtime.migration] Running upgrade 0025_markdown_facts -> 0026_publication_account_dedup, 补齐发布账号修订约束，并阻止同平台规范化账号标识重复。
INFO  [alembic.runtime.migration] Running upgrade 0026_publication_account_dedup -> 0027_audit_user_delete_guard, 只允许受约束用户删除把匹配审计操作者置空。
INFO  [alembic.runtime.migration] Running upgrade 0027_audit_user_delete_guard -> 0028_platform_logo_lifecycle, 增加平台 Logo 的未引用保留、幂等删除状态与数据库门禁。
INFO  [alembic.runtime.migration] Running upgrade 0028_platform_logo_lifecycle -> 0029_geo_evidence_management, 收敛人工 GEO 独立事实，并为完整更正链删除增加事务门禁。
INFO  [alembic.runtime.migration] Running upgrade 0029_geo_evidence_management -> 0030_publication_record_delete, 为从未公开的发布聚合增加事务级受控删除门禁。
INFO  [alembic.runtime.migration] Running upgrade 0030_publication_record_delete -> 0031_reusable_platform_prompts, 把平台私有 Prompt 收敛为可复用模板和平台当前绑定。
INFO  [alembic.runtime.migration] Running upgrade 0031_reusable_platform_prompts -> 0032_content_task_idempotency, 为普通内容任务创建增加持久化请求键幂等约束。
INFO  [alembic.runtime.migration] Running upgrade 0032_content_task_idempotency -> 0033_task_owned_history_delete, 允许受控删除已取消任务自有的未批准生产历史。
INFO  [alembic.runtime.migration] Running upgrade 0033_task_owned_history_delete -> 0034_publication_redesign, 以发布工作、首次核验成果和发布后内容问题替换旧发布记录。
INFO  [alembic.runtime.migration] Running upgrade 0034_publication_redesign -> 0035_business_workflow, 建立事实提交、内容单主线、发布版本快照与 GEO 来源合同。
INFO  [alembic.runtime.migration] Running upgrade 0035_business_workflow -> 0036_remove_section_url, 删除没有稳定业务含义的发布栏目地址。
INFO  [alembic.runtime.migration] Running upgrade 0036_remove_section_url -> 0037_simplify_deletion_lifecycle, 收缩任务、配置与审计的删除生命周期。
INFO  [alembic.runtime.migration] Running upgrade 0037_simplify_deletion_lifecycle -> 0038_published_article_delete, 允许受控删除无 GEO 引用的发布成果聚合。
INFO  [alembic.runtime.migration] Running upgrade 0038_published_article_delete -> 0039_article_delete_platform, 允许归档任务在删除失效平台的发布成果后转为已取消。
INFO  [alembic.runtime.migration] Running upgrade 0039_article_delete_platform -> 0040_content_draft_management, 允许当前人工未审核草稿受控保存和彻底删除。
INFO  [alembic.runtime.migration] Running upgrade 0040_content_draft_management -> 0041_content_task_list, 补齐内容任务列表的稳定更新时间与排序索引。
INFO  [alembic.runtime.migration] Running upgrade 0041_content_task_list -> 0042_content_version_detail, 记录内容版本自身的真实更新时间。
INFO  [alembic.runtime.migration] Running upgrade 0042_content_version_detail -> 0043_geo_platform_identity, 冻结发布工作的平台 UUID，避免配置删除后 GEO 历史失去身份。
INFO  [alembic.runtime.migration] Running upgrade 0043_geo_platform_identity -> 0044_geo_catalog, 新增 GEO Catalog 三表；冻结本 revision，不读取运行时 ORM。
INFO  [alembic.runtime.migration] Running upgrade 0044_geo_catalog -> 0045_geo_prompt_variants, 仅新增问题变体，冻结规范化及历史锁存，不回填旧问题数组。
INFO  [alembic.runtime.migration] Running upgrade 0045_geo_prompt_variants -> 0046_geo_surfaces_profiles, 新增观测配置与闭合JSON合同；不回填旧GEO或实现运行资格。
INFO  [alembic.runtime.migration] Context impl PostgresqlImpl.
INFO  [alembic.runtime.migration] Will assume transactional DDL.
INFO  [alembic.runtime.migration] Running upgrade 0046_geo_surfaces_profiles -> 0047_geo_monitoring_plans, 仅增加计划配置聚合；不创建批次、运行或改写历史观测。
INFO  [alembic.runtime.migration] Context impl PostgresqlImpl.
INFO  [alembic.runtime.migration] Will assume transactional DDL.
INFO  [alembic.runtime.migration] Running upgrade 0047_geo_monitoring_plans -> 0048_geo_batches_runs, 新增独立回答级 Batch/Run，冻结 DDL 与快照/写入守卫，不迁移旧 GEO。
INFO  [alembic.runtime.migration] Context impl PostgresqlImpl.
INFO  [alembic.runtime.migration] Will assume transactional DDL.
INFO  [alembic.runtime.migration] Running upgrade 0048_geo_batches_runs -> 0049_geo_batch_creation, 创建幂等与批次主体引用；不修改已冻结的 Batch/Run 输入。
INFO  [alembic.runtime.migration] Context impl PostgresqlImpl.
INFO  [alembic.runtime.migration] Will assume transactional DDL.
INFO  [alembic.runtime.migration] Running upgrade 0049_geo_batch_creation -> 0050_geo_answer_evidence, 新增不可变原始回答、引用和受控文件关系；不实现采集命令。
INFO  [alembic.runtime.migration] Running upgrade 0050_geo_answer_evidence -> 0051_geo_manual_collection, 人工草稿和不可变提交身份；不回填或修改已提交证据。
INFO  [alembic.runtime.migration] Running upgrade 0051_geo_manual_collection -> 0052_geo_profile_tests, API Profile 当前诊断资格与依赖失效；不修改业务历史。
INFO  [alembic.runtime.migration] Running upgrade 0052_geo_profile_tests -> 0053_geo_collection_admission, 加法保存预算预留与发送限速事实，历史 Run 和原始证据保持不变。
INFO  [alembic.runtime.migration] Running upgrade 0053_geo_collection_admission -> 0054_geo_analysis_contract, 分析输入/结果、追加复核与限定 current pointer；不回填历史证据。
INFO  [alembic.runtime.migration] Running upgrade 0054_geo_analysis_contract -> 0055_geo_analysis_worker, 分析执行租约与引用结果；不回填或重写已有 revision。
=============================== warnings summary ===============================
tests/integration/test_geo_admission_migration.py::test_0053_preserves_run_history_and_backfills_unknown
  /app/tests/integration/test_geo_admission_migration.py:148: SAWarning: Cannot correctly sort tables; there are unresolvable cycles between tables "content_tasks, content_versions, generation_jobs, publication_verifications, publication_works, published_articles, published_content_issues", which is usually caused by mutually dependent foreign key constraints.  Foreign key constraints involving these tables will not be considered; this warning may raise an error in a future release.
    assert compare_metadata(context, Base.metadata) == []

tests/integration/test_geo_admission_migration.py::test_0053_preserves_run_history_and_backfills_unknown
  /app/tests/integration/test_geo_admission_migration.py:148: SAWarning: Can't validate argument 'dialect_options'; can't locate any SQLAlchemy dialect named 'dialect'
    assert compare_metadata(context, Base.metadata) == []

tests/integration/test_geo_analysis_migration.py::test_nonempty_0053_forward_preserves_evidence_and_matches_models
  /app/tests/integration/test_geo_analysis_migration.py:77: SAWarning: Cannot correctly sort tables; there are unresolvable cycles between tables "content_tasks, content_versions, generation_jobs, publication_verifications, publication_works, published_articles, published_content_issues", which is usually caused by mutually dependent foreign key constraints.  Foreign key constraints involving these tables will not be considered; this warning may raise an error in a future release.
    assert compare_metadata(context, Base.metadata) == []

tests/integration/test_geo_analysis_migration.py::test_nonempty_0053_forward_preserves_evidence_and_matches_models
  /app/tests/integration/test_geo_analysis_migration.py:77: SAWarning: Can't validate argument 'dialect_options'; can't locate any SQLAlchemy dialect named 'dialect'
    assert compare_metadata(context, Base.metadata) == []

tests/integration/test_geo_analysis_migration.py::test_nonempty_0053_forward_preserves_evidence_and_matches_models
  /opt/venv/lib/python3.12/site-packages/alembic/autogenerate/compare/server_defaults.py:120: UserWarning: Computed default on geo_analysis_revisions.input_sha256 cannot be modified
    util.warn("Computed default on %s.%s cannot be modified" % (tname, cname))

tests/integration/test_geo_batch_creation_migration.py::test_forward_preserves_nonempty_frozen_inputs_and_matches_metadata
  /Users/sc/PycharmProjects/partsignal/backend/tests/integration/test_geo_batch_creation_migration.py:82: SAWarning: Cannot correctly sort tables; there are unresolvable cycles between tables "content_tasks, content_versions, generation_jobs, publication_verifications, publication_works, published_articles, published_content_issues", which is usually caused by mutually dependent foreign key constraints.  Foreign key constraints involving these tables will not be considered; this warning may raise an error in a future release.

tests/integration/test_geo_batch_creation_migration.py::test_forward_preserves_nonempty_frozen_inputs_and_matches_metadata
  /Users/sc/PycharmProjects/partsignal/backend/tests/integration/test_geo_batch_creation_migration.py:82: SAWarning: Can't validate argument 'dialect_options'; can't locate any SQLAlchemy dialect named 'dialect'

tests/integration/test_geo_catalog.py::test_catalog_metadata_matches_migrated_postgresql
  /Users/sc/PycharmProjects/partsignal/backend/tests/integration/test_geo_catalog.py:187: SAWarning: Cannot correctly sort tables; there are unresolvable cycles between tables "content_tasks, content_versions, generation_jobs, publication_verifications, publication_works, published_articles, published_content_issues", which is usually caused by mutually dependent foreign key constraints.  Foreign key constraints involving these tables will not be considered; this warning may raise an error in a future release.

tests/integration/test_geo_catalog.py::test_catalog_metadata_matches_migrated_postgresql
  /Users/sc/PycharmProjects/partsignal/backend/tests/integration/test_geo_catalog.py:187: SAWarning: Can't validate argument 'dialect_options'; can't locate any SQLAlchemy dialect named 'dialect'

tests/integration/test_geo_manual_migration.py::test_0051_preserves_nonempty_0050_evidence_and_safe_stop
  /app/tests/integration/test_geo_manual_migration.py:71: SAWarning: Cannot correctly sort tables; there are unresolvable cycles between tables "content_tasks, content_versions, generation_jobs, publication_verifications, publication_works, published_articles, published_content_issues", which is usually caused by mutually dependent foreign key constraints.  Foreign key constraints involving these tables will not be considered; this warning may raise an error in a future release.
    assert compare_metadata(context, Base.metadata) == []

tests/integration/test_geo_manual_migration.py::test_0051_preserves_nonempty_0050_evidence_and_safe_stop
  /app/tests/integration/test_geo_manual_migration.py:71: SAWarning: Can't validate argument 'dialect_options'; can't locate any SQLAlchemy dialect named 'dialect'
    assert compare_metadata(context, Base.metadata) == []

tests/integration/test_geo_monitoring_plans.py::test_forward_preserves_existing_data_and_metadata
  /Users/sc/PycharmProjects/partsignal/backend/tests/integration/test_geo_monitoring_plans.py:240: SAWarning: Cannot correctly sort tables; there are unresolvable cycles between tables "content_tasks, content_versions, generation_jobs, publication_verifications, publication_works, published_articles, published_content_issues", which is usually caused by mutually dependent foreign key constraints.  Foreign key constraints involving these tables will not be considered; this warning may raise an error in a future release.

tests/integration/test_geo_monitoring_plans.py::test_forward_preserves_existing_data_and_metadata
  /Users/sc/PycharmProjects/partsignal/backend/tests/integration/test_geo_monitoring_plans.py:240: SAWarning: Can't validate argument 'dialect_options'; can't locate any SQLAlchemy dialect named 'dialect'

tests/integration/test_geo_profile_test_migration.py::test_0052_forward_invalidates_only_current_api_qualification
  /Users/sc/PycharmProjects/partsignal/backend/tests/integration/test_geo_profile_test_migration.py:76: SAWarning: Cannot correctly sort tables; there are unresolvable cycles between tables "content_tasks, content_versions, generation_jobs, publication_verifications, publication_works, published_articles, published_content_issues", which is usually caused by mutually dependent foreign key constraints.  Foreign key constraints involving these tables will not be considered; this warning may raise an error in a future release.

tests/integration/test_geo_profile_test_migration.py::test_0052_forward_invalidates_only_current_api_qualification
  /Users/sc/PycharmProjects/partsignal/backend/tests/integration/test_geo_profile_test_migration.py:76: SAWarning: Can't validate argument 'dialect_options'; can't locate any SQLAlchemy dialect named 'dialect'

tests/integration/test_geo_prompt_variants.py::test_additive_migration_metadata_and_safe_stop
  /Users/sc/PycharmProjects/partsignal/backend/tests/integration/test_geo_prompt_variants.py:176: SAWarning: Cannot correctly sort tables; there are unresolvable cycles between tables "content_tasks, content_versions, generation_jobs, publication_verifications, publication_works, published_articles, published_content_issues", which is usually caused by mutually dependent foreign key constraints.  Foreign key constraints involving these tables will not be considered; this warning may raise an error in a future release.

tests/integration/test_geo_prompt_variants.py::test_additive_migration_metadata_and_safe_stop
  /Users/sc/PycharmProjects/partsignal/backend/tests/integration/test_geo_prompt_variants.py:176: SAWarning: Can't validate argument 'dialect_options'; can't locate any SQLAlchemy dialect named 'dialect'

tests/integration/test_geo_run_migration.py::test_forward_preserves_nonempty_old_geo_and_matches_metadata
  /app/tests/integration/test_geo_run_migration.py:74: SAWarning: Cannot correctly sort tables; there are unresolvable cycles between tables "content_tasks, content_versions, generation_jobs, publication_verifications, publication_works, published_articles, published_content_issues", which is usually caused by mutually dependent foreign key constraints.  Foreign key constraints involving these tables will not be considered; this warning may raise an error in a future release.
    assert compare_metadata(context, Base.metadata) == []

tests/integration/test_geo_run_migration.py::test_forward_preserves_nonempty_old_geo_and_matches_metadata
  /app/tests/integration/test_geo_run_migration.py:74: SAWarning: Can't validate argument 'dialect_options'; can't locate any SQLAlchemy dialect named 'dialect'
    assert compare_metadata(context, Base.metadata) == []

tests/integration/test_geo_surfaces_profiles.py::test_old_head_forward_preserves_rows_metadata_and_downgrade_stops
  /Users/sc/PycharmProjects/partsignal/backend/tests/integration/test_geo_surfaces_profiles.py:216: SAWarning: Cannot correctly sort tables; there are unresolvable cycles between tables "content_tasks, content_versions, generation_jobs, publication_verifications, publication_works, published_articles, published_content_issues", which is usually caused by mutually dependent foreign key constraints.  Foreign key constraints involving these tables will not be considered; this warning may raise an error in a future release.

tests/integration/test_geo_surfaces_profiles.py::test_old_head_forward_preserves_rows_metadata_and_downgrade_stops
  /Users/sc/PycharmProjects/partsignal/backend/tests/integration/test_geo_surfaces_profiles.py:216: SAWarning: Can't validate argument 'dialect_options'; can't locate any SQLAlchemy dialect named 'dialect'

-- Docs: https://docs.pytest.org/en/stable/how-to/capture-warnings.html
=========================== short test summary info ============================
FAILED tests/integration/test_geo_admission_migration.py::test_0053_preserves_run_history_and_backfills_unknown
FAILED tests/integration/test_geo_analysis_migration.py::test_nonempty_0053_forward_preserves_evidence_and_matches_models
FAILED tests/integration/test_geo_analysis_worker_guards.py::test_lease_release_cannot_commit_pending_revision
FAILED tests/integration/test_geo_analysis_worker_guards.py::test_expired_reanalysis_retains_successful_current_pointer
FAILED tests/integration/test_geo_answer_migration.py::test_forward_keeps_nonempty_history_and_matches_models
5 failed, 933 passed, 21 warnings in 441.27s (0:07:21)

make: *** [test-integration] Error 1
