........................................................................ [  1%]
........................................................................ [  3%]
........................................................................ [  5%]
........................................................................ [  7%]
........................................................................ [  9%]
........................................................................ [ 11%]
........................................................................ [ 13%]
........................................................................ [ 15%]
........................................................................ [ 17%]
........................................................................ [ 19%]
........................................................................ [ 21%]
........................................................................ [ 23%]
........................................................................ [ 25%]
........................................................................ [ 27%]
........................................................................ [ 29%]
........................................................................ [ 31%]
........................................................................ [ 33%]
........................................................................ [ 35%]
........................................................................ [ 37%]
........................................................................ [ 39%]
........................................................................ [ 41%]
........................................................................ [ 43%]
........................................................................ [ 45%]
........................................................................ [ 47%]
........................................................................ [ 49%]
........................................................................ [ 51%]
........................................................................ [ 53%]
........................................................................ [ 55%]
........................................................................ [ 57%]
........................................................................ [ 59%]
........................................................................ [ 61%]
........................................................................ [ 63%]
........................................................................ [ 65%]
........................................................................ [ 67%]
........................................................................ [ 69%]
........................................................................ [ 71%]
........................................................................ [ 73%]
........................................................................ [ 75%]
........................................................................ [ 77%]
........................................................................ [ 79%]
........................................................................ [ 81%]
........................................................................ [ 83%]
........................................................................ [ 85%]
........................................................................ [ 87%]
........................................................................ [ 89%]
.......FF............................................................... [ 91%]
........................................................................ [ 93%]
........................................................................ [ 95%]
........................................................................ [ 97%]
........................................................................ [ 99%]
...................................                                      [100%]
=================================== FAILURES ===================================
_______ test_runtime_request_context_covers_all_operations_and_responses _______

    def test_runtime_request_context_covers_all_operations_and_responses() -> None:
        runtime = app.openapi()
        operations = _operation_map(runtime)
    
>       assert len(operations) == 237
E       AssertionError: assert 241 == 237
E        +  where 241 = len({'abandonContentVersion': {'operationId': 'abandonContentVersion', 'parameters': [{'in': 'path', 'name': 'content_vers...n': '业务或校验错误', 'headers': {'X-Request-ID': {'$ref': '#/components/headers/RequestIdResponseHeader'}}}, ...}, ...}, ...})

backend/tests/unit/test_runtime_response_metadata.py:646: AssertionError
______ test_runtime_request_context_merge_does_not_change_route_metadata _______

    def test_runtime_request_context_merge_does_not_change_route_metadata() -> None:
        raw = get_openapi(title=app.title, version=app.version, routes=app.routes)
        augmented = app.openapi()
        stripped = _strip_request_context_metadata(augmented)
    
>       assert sum(len(operation["responses"]) for operation in _operation_map(raw).values()) == 1291
E       assert 1314 == 1291
E        +  where 1314 = sum(<generator object test_runtime_request_context_merge_does_not_change_route_metadata.<locals>.<genexpr> at 0x1149ce0a0>)

backend/tests/unit/test_runtime_response_metadata.py:687: AssertionError
=========================== short test summary info ============================
FAILED backend/tests/unit/test_runtime_response_metadata.py::test_runtime_request_context_covers_all_operations_and_responses
FAILED backend/tests/unit/test_runtime_response_metadata.py::test_runtime_request_context_merge_does_not_change_route_metadata
2 failed, 3633 passed in 61.38s (0:01:01)
