 Image geo703-validation-backend-test Building 
#1 [internal] load local bake definitions
#1 reading from stdin 608B done
#1 DONE 0.0s

#2 [internal] load build definition from Dockerfile
#2 transferring dockerfile: 594B done
#2 DONE 0.0s

#3 [internal] load metadata for docker.io/library/python:3.12-slim
#3 ...

#4 [auth] astral-sh/uv:pull token for ghcr.io
#4 DONE 0.0s

#5 [internal] load metadata for ghcr.io/astral-sh/uv:0.7.13
#5 DONE 1.8s

#3 [internal] load metadata for docker.io/library/python:3.12-slim
#3 DONE 2.0s

#6 [internal] load .dockerignore
#6 transferring context: 152B done
#6 DONE 0.0s

#7 FROM ghcr.io/astral-sh/uv:0.7.13@sha256:6c1e19020ec221986a210027040044a5df8de762eb36d5240e382bc41d7a9043
#7 resolve ghcr.io/astral-sh/uv:0.7.13@sha256:6c1e19020ec221986a210027040044a5df8de762eb36d5240e382bc41d7a9043 0.0s done
#7 DONE 0.0s

#8 [runtime 1/7] FROM docker.io/library/python:3.12-slim@sha256:02108f5d322dd89f1c9e552442c25acb0543dfdbc455693a5599624f20d9155d
#8 resolve docker.io/library/python:3.12-slim@sha256:02108f5d322dd89f1c9e552442c25acb0543dfdbc455693a5599624f20d9155d 0.0s done
#8 DONE 0.0s

#9 [internal] load build context
#9 transferring context: 1.44MB 0.0s done
#9 DONE 0.0s

#10 [runtime 4/7] COPY pyproject.toml uv.lock* ./
#10 CACHED

#11 [runtime 2/7] WORKDIR /app
#11 CACHED

#12 [runtime 3/7] COPY --from=ghcr.io/astral-sh/uv:0.7.13 /uv /uvx /bin/
#12 CACHED

#13 [runtime 5/7] RUN uv sync --no-dev --no-install-project
#13 CACHED

#14 [runtime 6/7] COPY . .
#14 DONE 0.1s

#15 [runtime 7/7] RUN uv sync --no-dev
#15 0.137 Resolved 88 packages in 0.80ms
#15 0.138    Building partsignal-backend @ file:///app
#15 3.285       Built partsignal-backend @ file:///app
#15 3.286 Prepared 1 package in 3.14s
#15 3.288 Installed 1 package in 1ms
#15 3.441 Bytecode compiled 2466 files in 152ms
#15 3.441  + partsignal-backend==0.1.0 (from file:///app)
#15 DONE 3.5s

#16 [test 1/1] RUN uv sync --all-extras
#16 0.063 Resolved 88 packages in 0.37ms
#16 1.165 Downloading ruff (10.5MiB)
#16 1.295 Downloading pygments (1.2MiB)
#16 1.350 Downloading mypy (13.1MiB)
#16 1.669  Downloading pygments
#16 2.542  Downloading ruff
#16 2.801  Downloading mypy
#16 2.801 Prepared 20 packages in 2.73s
#16 2.879 Installed 20 packages in 76ms
#16 3.437 Bytecode compiled 3437 files in 558ms
#16 3.437  + attrs==26.1.0
#16 3.437  + coverage==7.15.0
#16 3.437  + httpcore2==2.9.1
#16 3.437  + httpx2==2.9.1
#16 3.437  + iniconfig==2.3.0
#16 3.437  + jsonschema==4.26.0
#16 3.437  + jsonschema-specifications==2025.9.1
#16 3.437  + librt==0.13.0
#16 3.437  + mypy==1.20.2
#16 3.437  + mypy-extensions==1.1.0
#16 3.437  + pathspec==1.1.1
#16 3.437  + pluggy==1.6.0
#16 3.437  + pygments==2.20.0
#16 3.437  + pytest==8.4.2
#16 3.437  + pytest-cov==6.3.0
#16 3.437  + referencing==0.37.0
#16 3.437  + rpds-py==2026.6.3
#16 3.437  + ruff==0.15.21
#16 3.437  + truststore==0.10.4
#16 3.437  + types-pyyaml==6.0.12.20260518
#16 DONE 3.6s

#17 exporting to image
#17 exporting layers
#17 exporting layers 2.9s done
#17 exporting manifest sha256:568bab7437351eed743d48e9898a65e6e037fb393d32eed9a6dfc7406179158a done
#17 exporting config sha256:bdac2cd0d80cf92bac25ed8e49fca7768ab24618d7bc440c66d923d0733dd09b done
#17 exporting attestation manifest sha256:7cfc954ea6f018e625b0cb8bd6905fb66a9add984960980b2f3392fc5647c22e done
#17 exporting manifest list sha256:547152fd960eb493e664a60d32743d0af87a8d4064287db823280cec596f34af done
#17 naming to docker.io/library/geo703-validation-backend-test:latest done
#17 unpacking to docker.io/library/geo703-validation-backend-test:latest
#17 unpacking to docker.io/library/geo703-validation-backend-test:latest 0.9s done
#17 DONE 3.8s

#18 resolving provenance for metadata file
#18 DONE 0.0s
 Image geo703-validation-backend-test Built 
