UV_CACHE_DIR=/Users/sc/PycharmProjects/partsignal/.cache/uv uv run --project backend pytest backend/tests/unit
........................................................................ [  2%]
........................................................................ [  4%]
........................................................................ [  6%]
........................................................................ [  8%]
........................................................................ [ 10%]
........................................................................ [ 12%]
........................................................................ [ 14%]
........................................................................ [ 16%]
........................................................................ [ 18%]
........................................................................ [ 20%]
........................................................................ [ 22%]
........................................................................ [ 24%]
........................................................................ [ 26%]
........................................................................ [ 28%]
........................................................................ [ 30%]
........................................................................ [ 32%]
........................................................................ [ 34%]
........................................................................ [ 36%]
........................................................................ [ 38%]
........................................................................ [ 40%]
........................................................................ [ 42%]
........................................................................ [ 44%]
........................................................................ [ 46%]
........................................................................ [ 48%]
........................................................................ [ 50%]
........................................................................ [ 52%]
........................................................................ [ 54%]
........................................................................ [ 56%]
........................................................................ [ 58%]
........................................................................ [ 60%]
........................................................................ [ 62%]
........................................................................ [ 64%]
........................................................................ [ 66%]
........................................................................ [ 68%]
........................................................................ [ 70%]
........................................................................ [ 72%]
........................................................................ [ 74%]
........................................................................ [ 76%]
........................................................................ [ 78%]
........................................................................ [ 80%]
........................................................................ [ 82%]
........................................................................ [ 84%]
........................................................................ [ 86%]
........................................................................ [ 88%]
.....................FF................................................. [ 90%]
........................................................................ [ 92%]
........................................................................ [ 94%]
........................................................................ [ 96%]
........................................................................ [ 98%]
.................................................                        [100%]
=================================== FAILURES ===================================
_______ test_runtime_request_context_covers_all_operations_and_responses _______

    def test_runtime_request_context_covers_all_operations_and_responses() -> None:
        runtime = app.openapi()
        operations = _operation_map(runtime)
    
>       assert len(operations) == 234
E       AssertionError: assert 237 == 234
E        +  where 237 = len({'abandonContentVersion': {'operationId': 'abandonContentVersion', 'parameters': [{'in': 'path', 'name': 'content_vers...n': '业务或校验错误', 'headers': {'X-Request-ID': {'$ref': '#/components/headers/RequestIdResponseHeader'}}}, ...}, ...}, ...})

backend/tests/unit/test_runtime_response_metadata.py:650: AssertionError
______ test_runtime_request_context_merge_does_not_change_route_metadata _______

    def test_runtime_request_context_merge_does_not_change_route_metadata() -> None:
        raw = get_openapi(title=app.title, version=app.version, routes=app.routes)
        augmented = app.openapi()
        stripped = _strip_request_context_metadata(augmented)
    
>       assert sum(len(operation["responses"]) for operation in _operation_map(raw).values()) == 1275
E       assert 1291 == 1275
E        +  where 1291 = sum(<generator object test_runtime_request_context_merge_does_not_change_route_metadata.<locals>.<genexpr> at 0x110b9dd20>)

backend/tests/unit/test_runtime_response_metadata.py:697: AssertionError
=========================== short test summary info ============================
FAILED backend/tests/unit/test_runtime_response_metadata.py::test_runtime_request_context_covers_all_operations_and_responses
FAILED backend/tests/unit/test_runtime_response_metadata.py::test_runtime_request_context_merge_does_not_change_route_metadata
2 failed, 3575 passed in 82.36s (0:01:22)
make: *** [test-unit] Error 1
