
> partsignal-frontend-v2@0.1.0 build
> tsc -b && vite build --config vite.config.ts

vite v8.2.1 building client environment for production...
[2Ktransforming...✓ 2886 modules transformed.
rendering chunks...
computing gzip size...
dist/index.html                                                    0.57 kB │ gzip:   0.34 kB
dist/assets/index-DT0iP4Nv.css                                    79.34 kB │ gzip:  13.76 kB
dist/assets/queryOptions-Dfvzj6n2.js                               0.03 kB │ gzip:   0.05 kB
dist/assets/route-3YAM3tuL.js                                      0.07 kB │ gzip:   0.08 kB
dist/assets/route-B2aZ3QBi.js                                      0.07 kB │ gzip:   0.08 kB
dist/assets/route-B41ZhOLB.js                                      0.07 kB │ gzip:   0.08 kB
dist/assets/route-BQmWoCus.js                                      0.07 kB │ gzip:   0.08 kB
dist/assets/route-C5cBrTK3.js                                      0.07 kB │ gzip:   0.08 kB
dist/assets/route-COvhN9v6.js                                      0.07 kB │ gzip:   0.08 kB
dist/assets/route-CW62_yWg.js                                      0.07 kB │ gzip:   0.08 kB
dist/assets/route-DEzmN659.js                                      0.07 kB │ gzip:   0.08 kB
dist/assets/route-DQwB-ZOv.js                                      0.07 kB │ gzip:   0.08 kB
dist/assets/route-DYSd7FA3.js                                      0.07 kB │ gzip:   0.08 kB
dist/assets/route-DYSd7FA32.js                                     0.07 kB │ gzip:   0.08 kB
dist/assets/route-DrPtIM3S.js                                      0.07 kB │ gzip:   0.08 kB
dist/assets/route-DsXtGSAg.js                                      0.07 kB │ gzip:   0.08 kB
dist/assets/route-TEQwWL7Y.js                                      0.07 kB │ gzip:   0.08 kB
dist/assets/coerce-DMiXxgzk.js                                     0.08 kB │ gzip:   0.10 kB
dist/assets/isElementDisabled-KSuuBj8D.js                          0.11 kB │ gzip:   0.11 kB
dist/assets/chevron-right-BpBLpR7k.js                              0.13 kB │ gzip:   0.14 kB
dist/assets/canonical-uuid-CgUp454Y.js                             0.13 kB │ gzip:   0.13 kB
dist/assets/settings.ai-CipVaq6G.js                                0.21 kB │ gzip:   0.20 kB
dist/assets/_taskId_.editor-_qjLAkbp.js                            0.22 kB │ gzip:   0.20 kB
dist/assets/_taskId_.review-zeX8OAEE.js                            0.22 kB │ gzip:   0.20 kB
dist/assets/route-DFljbmbX.js                                      0.22 kB │ gzip:   0.20 kB
dist/assets/system.audit-qBeF2bb1.js                               0.22 kB │ gzip:   0.20 kB
dist/assets/system.users-0TM8kiXu.js                               0.22 kB │ gzip:   0.20 kB
dist/assets/settings.prompts-9jQdIs2s.js                           0.22 kB │ gzip:   0.20 kB
dist/assets/_taskId-Vsd3-0WC.js                                    0.22 kB │ gzip:   0.21 kB
dist/assets/settings.platforms.types-C4NjYBws.js                   0.22 kB │ gzip:   0.21 kB
dist/assets/versions_._versionId-BW6wP3pa.js                       0.22 kB │ gzip:   0.21 kB
dist/assets/_platformId-BeKfjBVf.js                                0.22 kB │ gzip:   0.20 kB
dist/assets/settings.ai_._channelId-Z_MUrH5D.js                    0.22 kB │ gzip:   0.20 kB
dist/assets/_observationId-B3QjNhkV.js                             0.23 kB │ gzip:   0.21 kB
dist/assets/useControlled-DMK4Pb-8.js                              0.24 kB │ gzip:   0.21 kB
dist/assets/skeleton-Ged3Zc9T.js                                   0.24 kB │ gzip:   0.20 kB
dist/assets/table-shell-BGuXgMNH.js                                0.33 kB │ gzip:   0.24 kB
dist/assets/usePopupHandleStore-D9Ys5NRI.js                        0.35 kB │ gzip:   0.25 kB
dist/assets/table-toolbar-JNNhOzlg.js                              0.42 kB │ gzip:   0.27 kB
dist/assets/route-error-Bl0menBv.js                                0.46 kB │ gzip:   0.31 kB
dist/assets/_productId-Cu3oT6KN.js                                 0.49 kB │ gzip:   0.35 kB
dist/assets/_productId_.facts-C-S7KVKf.js                          0.50 kB │ gzip:   0.36 kB
dist/assets/_productId_.facts_.versions_._versionId-996oc21h.js    0.50 kB │ gzip:   0.36 kB
dist/assets/_productId_.facts_.review-CtF33cCX.js                  0.50 kB │ gzip:   0.37 kB
dist/assets/_observationId_.correct-BTndlvpJ.js                    0.51 kB │ gzip:   0.37 kB
dist/assets/useCompositeItem-BGClVRCY.js                           0.54 kB │ gzip:   0.37 kB
dist/assets/_observationId_.correct-S87Tr2gW.js                    0.58 kB │ gzip:   0.31 kB
dist/assets/content-version.model-BVKgM5xI.js                      0.61 kB │ gzip:   0.43 kB
dist/assets/detail-section-Dm8gVxQG.js                             0.63 kB │ gzip:   0.34 kB
dist/assets/return-to-BzbJXkRi.js                                  0.63 kB │ gzip:   0.39 kB
dist/assets/workbench.api-BODcO5uB.js                              0.71 kB │ gzip:   0.46 kB
dist/assets/route-Do6Dxmmm.js                                      0.72 kB │ gzip:   0.50 kB
dist/assets/textarea-CPcbKIlY.js                                   0.83 kB │ gzip:   0.43 kB
dist/assets/table-skeleton-DhD_SVns.js                             0.94 kB │ gzip:   0.54 kB
dist/assets/timeline-BSjJ8olh.js                                   0.94 kB │ gzip:   0.49 kB
dist/assets/form-field-C7isNP3r.js                                 0.97 kB │ gzip:   0.54 kB
dist/assets/rowSortingFeature-CX97NOYa.js                          1.02 kB │ gzip:   0.49 kB
dist/assets/security-DI7s2f53.js                                   1.08 kB │ gzip:   0.59 kB
dist/assets/geo-observation-actions-C2i_qn8N.js                    1.09 kB │ gzip:   0.67 kB
dist/assets/login-8-OAfffW.js                                      1.17 kB │ gzip:   0.64 kB
dist/assets/print-CqFv3wxk.js                                      1.20 kB │ gzip:   0.68 kB
dist/assets/product-deletion-dialog-CDAcML4j.js                    1.20 kB │ gzip:   0.76 kB
dist/assets/filter-bar-ItRmG2N-.js                                 1.23 kB │ gzip:   0.72 kB
dist/assets/new-BmIXSPMs.js                                        1.23 kB │ gzip:   0.71 kB
dist/assets/form-layout-B0Bgsdpq.js                                1.29 kB │ gzip:   0.69 kB
dist/assets/file-transfer-CkO3-a8I.js                              1.41 kB │ gzip:   0.83 kB
dist/assets/useBaseUiId-C9V7pCeo.js                                1.42 kB │ gzip:   0.80 kB
dist/assets/table-pagination-DWCyl_Wh.js                           1.48 kB │ gzip:   0.81 kB
dist/assets/badge-DofVsWMx.js                                      1.57 kB │ gzip:   0.70 kB
dist/assets/audit.api-8yCKBQFQ.js                                  1.62 kB │ gzip:   0.76 kB
dist/assets/sticky-action-bar-BGAzlCPM.js                          1.62 kB │ gzip:   0.86 kB
dist/assets/versions_._versionId-BhurpmAO.js                       1.72 kB │ gzip:   0.89 kB
dist/assets/_productId_.facts_.versions_._versionId-Bpb48NrF.js    1.77 kB │ gzip:   0.89 kB
dist/assets/workspace-shell-ghwP3OYW.js                            1.77 kB │ gzip:   0.83 kB
dist/assets/insights-BHUeDGnw.js                                   1.78 kB │ gzip:   0.96 kB
dist/assets/articles-D786I1C4.js                                   1.79 kB │ gzip:   0.95 kB
dist/assets/_productId_.facts_.versions-DSJc-USk.js                1.92 kB │ gzip:   1.04 kB
dist/assets/new-Dtm-z6oG.js                                        1.94 kB │ gzip:   1.06 kB
dist/assets/_articleId-Diy4ldSe.js                                 1.96 kB │ gzip:   1.09 kB
dist/assets/issues-CvsiODBH.js                                     1.96 kB │ gzip:   1.03 kB
dist/assets/settings.platforms.types-C6Newvmg.js                   1.98 kB │ gzip:   1.01 kB
dist/assets/_taskId-BMgfM5q5.js                                    2.00 kB │ gzip:   1.06 kB
dist/assets/work-DTmpD0y2.js                                       2.07 kB │ gzip:   1.09 kB
dist/assets/new-gXd2q2Co.js                                        2.08 kB │ gzip:   1.17 kB
dist/assets/_observationId-D8eNoPcA.js                             2.09 kB │ gzip:   1.09 kB
dist/assets/_productId-CPn52ddY.js                                 2.14 kB │ gzip:   1.11 kB
dist/assets/platforms-uCSrIuM3.js                                  2.15 kB │ gzip:   1.12 kB
dist/assets/_taskId_.review-B4QYRHfC.js                            2.16 kB │ gzip:   1.13 kB
dist/assets/_productId_.facts_.review-g110KNBG.js                  2.17 kB │ gzip:   1.12 kB
dist/assets/tasks-B-vR8YDl.js                                      2.18 kB │ gzip:   1.12 kB
dist/assets/observations-43VV2mLU.js                               2.20 kB │ gzip:   1.13 kB
dist/assets/_productId_.facts-CojTRp9I.js                          2.22 kB │ gzip:   1.16 kB
dist/assets/useRegisterFieldControl-BcstcGLC.js                    2.25 kB │ gzip:   1.07 kB
dist/assets/topics-C47zqQiI.js                                     2.25 kB │ gzip:   1.18 kB
dist/assets/_issueId-CwfH1_Rr.js                                   2.27 kB │ gzip:   1.25 kB
dist/assets/useStore-VZN0-5bO.js                                   2.27 kB │ gzip:   0.97 kB
dist/assets/_taskId_.editor-CWdgydH4.js                            2.27 kB │ gzip:   1.17 kB
dist/assets/system.audit-JAMlCPgu.js                               2.31 kB │ gzip:   1.16 kB
dist/assets/dialog-BLYuj4rW.js                                     2.33 kB │ gzip:   0.91 kB
dist/assets/input-BctqO2IH.js                                      2.47 kB │ gzip:   1.25 kB
dist/assets/settings.ai-BL9T6O49.js                                2.57 kB │ gzip:   1.31 kB
dist/assets/dirty-guard-C440LCkA.js                                2.58 kB │ gzip:   1.23 kB
dist/assets/products-BQzFCqzI.js                                   2.64 kB │ gzip:   1.37 kB
dist/assets/prompt.api-ClmNqhO5.js                                 2.65 kB │ gzip:   1.01 kB
dist/assets/security-Bi-w4gak.js                                   3.03 kB │ gzip:   1.48 kB
dist/assets/login-dVNB2sf5.js                                      3.04 kB │ gzip:   1.48 kB
dist/assets/useCompositeListItem-u8lPl9Q5.js                       3.11 kB │ gzip:   1.41 kB
dist/assets/settings.ai_._channelId-AimHOO6o.js                    3.11 kB │ gzip:   1.55 kB
dist/assets/sheet-CYorC_SB.js                                      3.73 kB │ gzip:   1.45 kB
dist/assets/audit-detail-content-BKyq7snD.js                       3.90 kB │ gzip:   1.61 kB
dist/assets/print-CgMA6Uhm.js                                      4.13 kB │ gzip:   1.66 kB
dist/assets/product.model-DePGawYI.js                              4.36 kB │ gzip:   1.99 kB
dist/assets/Match-CvdDQUn7.js                                      4.41 kB │ gzip:   1.72 kB
dist/assets/new-Dv2m2aiQ.js                                        4.45 kB │ gzip:   1.94 kB
dist/assets/_workId-UpEaqrAU.js                                    4.72 kB │ gzip:   2.42 kB
dist/assets/settings.prompts-ByM56C_q.js                           4.89 kB │ gzip:   2.41 kB
dist/assets/issues-SrM0rMhd.js                                     5.06 kB │ gzip:   2.12 kB
dist/assets/_productId_.facts_.versions-th4GQ2sz.js                5.23 kB │ gzip:   2.35 kB
dist/assets/composite-BOrfhcJw.js                                  5.88 kB │ gzip:   2.28 kB
dist/assets/articles-CtRONIV7.js                                   5.92 kB │ gzip:   2.40 kB
dist/assets/geo-evidence-upload-Ca6lG_Ia.js                        6.15 kB │ gzip:   2.66 kB
dist/assets/client-_ADlmVAQ.js                                     6.60 kB │ gzip:   2.57 kB
dist/assets/principal-epoch-C10oPH-p.js                            6.87 kB │ gzip:   2.33 kB
dist/assets/_platformId-Cjui-aqA.js                                7.70 kB │ gzip:   3.46 kB
dist/assets/_app--fc4GM5f.js                                       7.72 kB │ gzip:   2.58 kB
dist/assets/QueryClientProvider-CWfwOWtR.js                        7.80 kB │ gzip:   3.04 kB
dist/assets/product.api-CzXhSsON.js                                7.94 kB │ gzip:   2.59 kB
dist/assets/_productId_.facts_.versions_._versionId-DvDd1G6r.js    8.18 kB │ gzip:   2.62 kB
dist/assets/jsx-runtime-B-hcVAMW.js                                8.55 kB │ gzip:   3.26 kB
dist/assets/x-BeIeGy1y.js                                          8.72 kB │ gzip:   3.14 kB
dist/assets/new-IO5eq2Df.js                                        8.95 kB │ gzip:   3.78 kB
dist/assets/products-4bdzzcFN.js                                   9.17 kB │ gzip:   3.68 kB
dist/assets/tasks-Bl8fEZdd.js                                      9.18 kB │ gzip:   3.54 kB
dist/assets/platform.api-Cv5HqMh_.js                               9.71 kB │ gzip:   3.25 kB
dist/assets/geo-insights-report-sKYz-SOD.js                       10.34 kB │ gzip:   2.88 kB
dist/assets/versions_._versionId-6zC38mi3.js                      12.02 kB │ gzip:   3.82 kB
dist/assets/content-task-lifecycle-nxDhHJ13.js                    12.44 kB │ gzip:   4.61 kB
dist/assets/observations-DQ7awA9v.js                              12.46 kB │ gzip:   4.84 kB
dist/assets/tabs-NdEfxqn6.js                                      12.50 kB │ gzip:   4.72 kB
dist/assets/system.audit-B5wd1Tb2.js                              12.50 kB │ gzip:   4.36 kB
dist/assets/system.users-QE8Cmn5O.js                              12.83 kB │ gzip:   5.46 kB
dist/assets/route-CJR30WdA2.js                                    13.15 kB │ gzip:   5.00 kB
dist/assets/insights-Derv3NIW.js                                  13.39 kB │ gzip:   4.90 kB
dist/assets/_taskId-D5SnLn7V.js                                   14.87 kB │ gzip:   4.63 kB
dist/assets/content.api-BO1XEPFu.js                               14.90 kB │ gzip:   4.32 kB
dist/assets/_productId_.facts_.review-D6wRByQA.js                 15.83 kB │ gzip:   5.63 kB
dist/assets/work-cl70_gIl.js                                      15.88 kB │ gzip:   5.19 kB
dist/assets/audit.model-C7l2P4-4.js                               15.93 kB │ gzip:   5.24 kB
dist/assets/publication.api-aPXrNIyJ.js                           16.20 kB │ gzip:   4.80 kB
dist/assets/_articleId-DZ4xBhd6.js                                16.27 kB │ gzip:   5.43 kB
dist/assets/useQuery-fTBak1Kd.js                                  16.32 kB │ gzip:   5.46 kB
dist/assets/settings.platforms.types-xJa1vZ36.js                  16.38 kB │ gzip:   5.90 kB
dist/assets/new-B48w3ss5.js                                       16.94 kB │ gzip:   6.04 kB
dist/assets/platforms-Bx8Guaqe.js                                 17.03 kB │ gzip:   6.17 kB
dist/assets/_productId_.facts-BgxHkSVK.js                         17.33 kB │ gzip:   5.82 kB
dist/assets/settings.ai-DSCwKJ4f.js                               17.46 kB │ gzip:   6.30 kB
dist/assets/_taskId_.review-DU7qFUt1.js                           17.48 kB │ gzip:   6.07 kB
dist/assets/_productId-7Ulwak1P.js                                17.55 kB │ gzip:   5.89 kB
dist/assets/row-actions-knckFpQq.js                               17.90 kB │ gzip:   6.59 kB
dist/assets/_observationId-B8pgX7l0.js                            18.05 kB │ gzip:   5.76 kB
dist/assets/auth-provider-DZTHzy1L.js                             18.47 kB │ gzip:   6.76 kB
dist/assets/geo.api-CI3W8ZsI.js                                   18.53 kB │ gzip:   5.93 kB
dist/assets/_issueId-C6-muk7A.js                                  19.62 kB │ gzip:   6.52 kB
dist/assets/topics-CDX9OTDK.js                                    19.89 kB │ gzip:   7.02 kB
dist/assets/ai-channel-workspace.model-_Fb7bC1M.js                20.72 kB │ gzip:   6.32 kB
dist/assets/lazyRouteComponent-CFlqJOPm.js                        24.20 kB │ gzip:   8.98 kB
dist/assets/_observationId_.correct-CEOQmflY.js                   24.42 kB │ gzip:   8.24 kB
dist/assets/_workId-B6cRAi6r.js                                   28.51 kB │ gzip:   8.89 kB
dist/assets/select-z1-nuf6_.js                                    30.10 kB │ gzip:  10.91 kB
dist/assets/settings.prompts-Ctu5Ox_s.js                          30.81 kB │ gzip:   9.97 kB
dist/assets/system.users-BsuEo8SX.js                              30.96 kB │ gzip:   9.74 kB
dist/assets/providers-BZP1jKIl.js                                 34.43 kB │ gzip:  10.30 kB
dist/assets/icon-button-XfSONbZV.js                               36.26 kB │ gzip:  12.08 kB
dist/assets/ToolbarRootContext-4szRt_An.js                        36.62 kB │ gzip:  14.02 kB
dist/assets/_taskId_.editor-CvhGlcbC.js                           37.91 kB │ gzip:  11.54 kB
dist/assets/_platformId-lXryh7Ol.js                               38.91 kB │ gzip:  11.58 kB
dist/assets/createLucideIcon-CxO-w2Eo.js                          39.80 kB │ gzip:  14.03 kB
dist/assets/button-BZhX1_Og.js                                    40.12 kB │ gzip:  13.54 kB
dist/assets/zod-CjpyH3hV.js                                       40.82 kB │ gzip:  14.08 kB
dist/assets/column-header-Cf17gWbD.js                             43.34 kB │ gzip:  12.85 kB
dist/assets/route-DnEsThcT.js                                     43.50 kB │ gzip:  15.66 kB
dist/assets/settings.ai_._channelId-Oy5DIoTR.js                   49.67 kB │ gzip:  13.69 kB
dist/assets/schemas-djUwMmaS.js                                   69.76 kB │ gzip:  18.62 kB
dist/assets/index-CDbXmxs1.js                                    188.41 kB │ gzip:  60.17 kB
dist/assets/markdown-editor-DfL90KHo.js                          729.88 kB │ gzip: 245.01 kB

✓ built in 475ms
[plugin builtin:vite-reporter] 
(!) Some chunks are larger than 500 kB after minification. Consider:
- Using dynamic import() to code-split the application
- Use build.rolldownOptions.output.codeSplitting to improve chunking: https://rolldown.rs/reference/OutputOptions.codeSplitting
- Adjust chunk size limit for this warning via build.chunkSizeWarningLimit.
