docker build -f frontend/Dockerfile -t partsignal-frontend-v2:test frontend
#0 building with "colima" instance using docker driver

#1 [internal] load build definition from Dockerfile
#1 transferring dockerfile: 339B done
#1 DONE 0.0s

#2 [internal] load metadata for docker.io/library/node:22-alpine
#2 DONE 0.8s

#3 [internal] load metadata for docker.io/library/nginx:1.27-alpine
#3 DONE 0.8s

#4 [internal] load .dockerignore
#4 transferring context: 137B done
#4 DONE 0.0s

#5 [stage-2 1/3] FROM docker.io/library/nginx:1.27-alpine@sha256:65645c7bb6a0661892a8b03b89d0743208a18dd2f3f17a54ef4b76fb8e2f2a10
#5 resolve docker.io/library/nginx:1.27-alpine@sha256:65645c7bb6a0661892a8b03b89d0743208a18dd2f3f17a54ef4b76fb8e2f2a10 done
#5 DONE 0.0s

#6 [development 1/5] FROM docker.io/library/node:22-alpine@sha256:0a7108bf6c7bf5de370ffb1a3ed6be93d405b43ff159f681a8d18c0e2bc2e402
#6 resolve docker.io/library/node:22-alpine@sha256:0a7108bf6c7bf5de370ffb1a3ed6be93d405b43ff159f681a8d18c0e2bc2e402 done
#6 DONE 0.0s

#7 [internal] load build context
#7 transferring context: 33.48kB 0.0s done
#7 DONE 0.0s

#8 [development 5/5] COPY . .
#8 CACHED

#9 [stage-2 2/3] COPY --from=build /app/dist /usr/share/nginx/html
#9 CACHED

#10 [development 4/5] RUN npm ci
#10 CACHED

#11 [build 1/1] RUN npm run build
#11 CACHED

#12 [development 2/5] WORKDIR /app
#12 CACHED

#13 [development 3/5] COPY package.json package-lock.json ./
#13 CACHED

#14 [stage-2 3/3] COPY nginx.conf /etc/nginx/conf.d/default.conf
#14 CACHED

#15 exporting to image
#15 exporting layers done
#15 exporting manifest sha256:8112960c04477fc276174ec973e423fb5c2f6be3c83dc064c1e96e293b499dae done
#15 exporting config sha256:56a158f93c33b6450fc042691ac6ff60ea9f05d15ee2d22fe37e4bcb329004de done
#15 exporting attestation manifest sha256:ea39acad9efee8e25241b8a9438b448bc3725a325db72a02e95fd52c895ddb5c done
#15 exporting manifest list sha256:d580b64c88cf11be0618ecd5b04485bce34142d7a24dfa56fbd67333e953cac1 done
#15 naming to docker.io/library/partsignal-frontend-v2:test done
#15 unpacking to docker.io/library/partsignal-frontend-v2:test done
#15 DONE 0.0s
deploy/scripts/test-frontend-container.sh
curl: (52) Empty reply from server
canonical Frontend 容器 fallback、缓存和 source map 自检通过
UV_CACHE_DIR=/Users/sc/PycharmProjects/partsignal/.cache/uv uv run --project backend python deploy/scripts/check-geo-fixtures.py
GEO fixture v1 校验通过：{'products': 2, 'questions': 4, 'answers': 13, 'citations': 4}；金标=13；外部调用=0
UV_CACHE_DIR=/Users/sc/PycharmProjects/partsignal/.cache/uv uv run --project backend python deploy/scripts/test-geo-configuration.py
GEO Compose/Settings/API/Worker/Beat：18 组配置一致，启动外部调用为 0
deploy/scripts/test-e2e-run-lifecycle.sh
E2E_LIFECYCLE_CASE name=int-scan-fails status=begin
E2E_LIFECYCLE_CASE name=int-scan-fails status=passed
E2E_LIFECYCLE_CASE name=term-clean status=begin
E2E_LIFECYCLE_CASE name=term-clean status=passed
E2E_LIFECYCLE_CASE name=playwright-wins status=begin
E2E_LIFECYCLE_CASE name=playwright-wins status=passed
E2E_LIFECYCLE_CASE name=scan-wins status=begin
E2E_LIFECYCLE_CASE name=scan-wins status=passed
E2E_LIFECYCLE_CASE name=cleanup-wins status=begin
E2E_LIFECYCLE_CASE name=cleanup-wins status=passed
E2E_LIFECYCLE_CASE name=stubborn-escalates status=begin
E2E_LIFECYCLE_CASE name=stubborn-escalates status=passed
E2E_LIFECYCLE_TEST status=passed
deploy/scripts/test-e2e-database-lifecycle.sh
E2E_DATABASE_LIFECYCLE_TEST scenarios=5 status=passed
frontend/tests/helpers/test-secret-artifact-post-run.sh
make: *** [test-deploy-scripts] Error 1
