
> partsignal-frontend-v2@0.1.0 typecheck
> tsc -b --pretty false

src/app/layout/app-shell.tsx(143,21): error TS2322: Type '"/" | "/products" | "/content/tasks" | "/publishing/work" | "/publishing/articles" | "/publishing/issues" | "/geo/insights" | "/geo/topics" | "/geo/questions" | "/geo/plans" | ... 7 more ... | "/system/audit"' is not assignable to type '"/" | "/login" | "/products" | "/content/tasks" | "/publishing/work" | "/publishing/articles" | "/publishing/issues" | "/geo/insights" | "/geo/topics" | "/geo/questions" | ... 53 more ... | ".."'.
  Type '"/geo/plans"' is not assignable to type '"/" | "/login" | "/products" | "/content/tasks" | "/publishing/work" | "/publishing/articles" | "/publishing/issues" | "/geo/insights" | "/geo/topics" | "/geo/questions" | ... 53 more ... | ".."'.
src/domains/geo-plans/plans-page.test.tsx(13,73): error TS2769: No overload matches this call.
  Overload 1 of 2, '(role: ByRoleMatcher, options?: ByRoleOptions | undefined, waitForElementOptions?: waitForOptions | undefined): Promise<HTMLElement>', gave the following error.
    Object literal may only specify known properties, and 'exact' does not exist in type 'ByRoleOptions'.
  Overload 2 of 2, '(role: ByRoleMatcher, options?: ByRoleOptions | undefined, waitForElementOptions?: waitForOptions | undefined): Promise<HTMLElement>', gave the following error.
    Object literal may only specify known properties, and 'exact' does not exist in type 'ByRoleOptions'.
src/domains/geo-plans/plans-page.test.tsx(24,76): error TS2769: No overload matches this call.
  Overload 1 of 2, '(role: ByRoleMatcher, options?: ByRoleOptions | undefined): HTMLElement', gave the following error.
    Object literal may only specify known properties, and 'exact' does not exist in type 'ByRoleOptions'.
  Overload 2 of 2, '(role: ByRoleMatcher, options?: ByRoleOptions | undefined): HTMLElement', gave the following error.
    Object literal may only specify known properties, and 'exact' does not exist in type 'ByRoleOptions'.
src/routes/_app/geo/plans.tsx(5,38): error TS2345: Argument of type '"/_app/geo/plans"' is not assignable to parameter of type 'keyof FileRoutesByPath | undefined'.
src/routes/_app/geo/plans.tsx(9,113): error TS2322: Type '"/geo/plans"' is not assignable to type '"/" | "/login" | "/products" | "/content/tasks" | "/publishing/work" | "/publishing/articles" | "/publishing/issues" | "/geo/insights" | "/geo/topics" | "/geo/questions" | ... 53 more ... | ".."'.
src/routes/_app/geo/plans.tsx(9,131): error TS2322: Type '{ q?: string | undefined; status?: "ACTIVE" | "DISABLED" | "ARCHIVED" | "PAUSED" | undefined; schedule_kind?: "MANUAL_ONLY" | "CRON" | undefined; sort?: "NAME_ASC" | undefined; page?: number | undefined; page_size?: 10 | ... 1 more ... | undefined; selected?: string | undefined; new?: 1 | undefined; edit?: 1 | undef...' is not assignable to type 'ParamsReducerFn<RouterCore<Route<Register, any, "/", "/", string, "__root__", undefined, {}, RouterContext, AnyContext, AnyContext, {}, undefined, ... 4 more ..., undefined>, "never", false, RouterHistory, Record<...>>, "SEARCH", string, "/geo/plans">'.
  Type '{ q?: string | undefined; status?: "ACTIVE" | "DISABLED" | "ARCHIVED" | "PAUSED" | undefined; schedule_kind?: "MANUAL_ONLY" | "CRON" | undefined; sort?: "NAME_ASC" | undefined; page?: number | undefined; page_size?: 10 | ... 1 more ... | undefined; selected?: string | undefined; new?: 1 | undefined; edit?: 1 | undef...' provides no match for the signature '(current: { q?: string | undefined; sort?: "NAME_ASC" | "UPDATED_DESC" | "CREATED_DESC" | "NAME_DESC" | "LAST_TESTED_DESC" | "TEXT_ASC" | "OBSERVED_DESC" | "OBSERVED_ASC" | "QUESTION_ASC" | ... 12 more ... | undefined; ... 54 more ...; configurationStatus?: "COMPLETE" | ... 2 more ... | undefined; }): never'.
src/routes/_app/geo/plans.tsx(16,155): error TS2322: Type '{ q?: string | undefined; subject_type?: "OWN_BRAND" | "OWN_PRODUCT" | "COMPETITOR_BRAND" | "COMPETITOR_PRODUCT" | "REFERENCE_PART" | undefined; is_active?: boolean | undefined; ... 6 more ...; new?: 1 | undefined; } | ... 25 more ... | {}' is not assignable to type '{ q?: string | undefined; status?: "ACTIVE" | "DISABLED" | "ARCHIVED" | "PAUSED" | undefined; schedule_kind?: "MANUAL_ONLY" | "CRON" | undefined; sort?: "NAME_ASC" | undefined; page?: number | undefined; page_size?: 10 | ... 1 more ... | undefined; selected?: string | undefined; new?: 1 | undefined; edit?: 1 | undef...'.
  Type '{ q?: string | undefined; subject_type?: "OWN_BRAND" | "OWN_PRODUCT" | "COMPETITOR_BRAND" | "COMPETITOR_PRODUCT" | "REFERENCE_PART" | undefined; is_active?: boolean | undefined; ... 6 more ...; new?: 1 | undefined; }' is not assignable to type '{ q?: string | undefined; status?: "ACTIVE" | "DISABLED" | "ARCHIVED" | "PAUSED" | undefined; schedule_kind?: "MANUAL_ONLY" | "CRON" | undefined; sort?: "NAME_ASC" | undefined; page?: number | undefined; page_size?: 10 | ... 1 more ... | undefined; selected?: string | undefined; new?: 1 | undefined; edit?: 1 | undef...'.
    Types of property 'sort' are incompatible.
      Type '"NAME_ASC" | "UPDATED_DESC" | undefined' is not assignable to type '"NAME_ASC" | undefined'.
        Type '"UPDATED_DESC"' is not assignable to type '"NAME_ASC"'.
