 Image partsignal-geo209-backend-test Building 
#1 [internal] load local bake definitions
#1 reading from stdin 596B done
#1 DONE 0.0s

#2 [internal] load build definition from Dockerfile
#2 transferring dockerfile: 594B done
#2 DONE 0.0s

#3 [internal] load metadata for docker.io/library/python:3.12-slim
#3 ...

#4 [auth] astral-sh/uv:pull token for ghcr.io
#4 DONE 0.0s

#5 [internal] load metadata for ghcr.io/astral-sh/uv:0.7.13
#5 ...

#3 [internal] load metadata for docker.io/library/python:3.12-slim
#3 DONE 1.7s

#5 [internal] load metadata for ghcr.io/astral-sh/uv:0.7.13
#5 DONE 1.8s

#6 [internal] load .dockerignore
#6 transferring context: 152B done
#6 DONE 0.0s

#7 FROM ghcr.io/astral-sh/uv:0.7.13@sha256:6c1e19020ec221986a210027040044a5df8de762eb36d5240e382bc41d7a9043
#7 resolve ghcr.io/astral-sh/uv:0.7.13@sha256:6c1e19020ec221986a210027040044a5df8de762eb36d5240e382bc41d7a9043 done
#7 DONE 0.0s

#8 [runtime 1/7] FROM docker.io/library/python:3.12-slim@sha256:dddfd7e07f9d15aeeca61529320492139d21cac7f0070c00609243e51e4e0016
#8 resolve docker.io/library/python:3.12-slim@sha256:dddfd7e07f9d15aeeca61529320492139d21cac7f0070c00609243e51e4e0016 done
#8 DONE 0.0s

#9 [internal] load build context
#9 transferring context: 43.92kB 0.0s done
#9 DONE 0.0s

#10 [runtime 3/7] COPY --from=ghcr.io/astral-sh/uv:0.7.13 /uv /uvx /bin/
#10 CACHED

#11 [runtime 5/7] RUN uv sync --no-dev --no-install-project
#11 CACHED

#12 [runtime 2/7] WORKDIR /app
#12 CACHED

#13 [runtime 6/7] COPY . .
#13 CACHED

#14 [runtime 4/7] COPY pyproject.toml uv.lock* ./
#14 CACHED

#15 [runtime 7/7] RUN uv sync --no-dev
#15 CACHED

#16 [test 1/1] RUN uv sync --all-extras
#16 0.103 Resolved 88 packages in 1ms
#16 1.091 Downloading ruff (10.5MiB)
#16 1.091 Downloading pygments (1.2MiB)
#16 1.512 Downloading mypy (13.1MiB)
#16 1.668  Downloading pygments
#16 2.552  Downloading ruff
#16 2.918  Downloading mypy
#16 2.918 Prepared 20 packages in 2.80s
#16 2.981 Installed 20 packages in 62ms
#16 3.513 Bytecode compiled 3437 files in 532ms
#16 3.513  + attrs==26.1.0
#16 3.514  + coverage==7.15.0
#16 3.514  + httpcore2==2.9.1
#16 3.514  + httpx2==2.9.1
#16 3.514  + iniconfig==2.3.0
#16 3.514  + jsonschema==4.26.0
#16 3.514  + jsonschema-specifications==2025.9.1
#16 3.514  + librt==0.13.0
#16 3.514  + mypy==1.20.2
#16 3.514  + mypy-extensions==1.1.0
#16 3.514  + pathspec==1.1.1
#16 3.514  + pluggy==1.6.0
#16 3.514  + pygments==2.20.0
#16 3.514  + pytest==8.4.2
#16 3.514  + pytest-cov==6.3.0
#16 3.514  + referencing==0.37.0
#16 3.514  + rpds-py==2026.6.3
#16 3.514  + ruff==0.15.21
#16 3.514  + truststore==0.10.4
#16 3.514  + types-pyyaml==6.0.12.20260518
#16 DONE 3.6s

#17 exporting to image
#17 exporting layers
#17 exporting layers 3.2s done
#17 exporting manifest sha256:d9ec809b20baded4db4ce83018d92d2538e29d7b3bb9367a4b23edc173cb6ea2 done
#17 exporting config sha256:79221043e69d692e2e3fdb6ef90266940f59e2d729d12772ba95dbf56d8e5d1d done
#17 exporting attestation manifest sha256:9bb4b5f7440912a528c6fe99c9b2f37ff3dc765971c4ccfa125008c21be1b35e done
#17 exporting manifest list sha256:fcaa107b0e53f34190c199bb3ee415ea7106eaf8198715720b5ab8003bb80b0a done
#17 naming to docker.io/library/partsignal-geo209-backend-test:latest done
#17 unpacking to docker.io/library/partsignal-geo209-backend-test:latest
#17 unpacking to docker.io/library/partsignal-geo209-backend-test:latest 0.7s done
#17 DONE 3.9s

#18 resolving provenance for metadata file
#18 DONE 0.0s
 Image partsignal-geo209-backend-test Built 
 Network partsignal-geo209_default Creating 
 Network partsignal-geo209_default Created 
 Volume partsignal-geo209_geo209-oss Creating 
 Volume partsignal-geo209_geo209-oss Created 
 Volume partsignal-geo209_geo209-postgres Creating 
 Volume partsignal-geo209_geo209-postgres Created 
 Container partsignal-geo209-redis-1 Creating 
 Container partsignal-geo209-fake-oss-1 Creating 
 Container partsignal-geo209-postgres-1 Creating 
 Container partsignal-geo209-fake-oss-1 Created 
 Container partsignal-geo209-postgres-1 Created 
 Container partsignal-geo209-redis-1 Created 
 Container partsignal-geo209-postgres-1 Starting 
 Container partsignal-geo209-fake-oss-1 Starting 
 Container partsignal-geo209-redis-1 Starting 
 Container partsignal-geo209-redis-1 Started 
 Container partsignal-geo209-fake-oss-1 Started 
 Container partsignal-geo209-postgres-1 Started 
