vite v8.2.1 building client environment for production...
[2Ktransforming...✓ 2938 modules transformed.
rendering chunks...
computing gzip size...
dist/index.html                                                    0.57 kB │ gzip:   0.34 kB
dist/assets/index-Vz9aKV4U.css                                    79.86 kB │ gzip:  13.85 kB
dist/assets/queryOptions-Dfvzj6n2.js                               0.03 kB │ gzip:   0.05 kB
dist/assets/route-3YAM3tuL.js                                      0.07 kB │ gzip:   0.08 kB
dist/assets/route-B2aZ3QBi.js                                      0.07 kB │ gzip:   0.08 kB
dist/assets/route-B41ZhOLB.js                                      0.07 kB │ gzip:   0.08 kB
dist/assets/route-BQmWoCus.js                                      0.07 kB │ gzip:   0.08 kB
dist/assets/route-C5cBrTK3.js                                      0.07 kB │ gzip:   0.08 kB
dist/assets/route-COvhN9v6.js                                      0.07 kB │ gzip:   0.08 kB
dist/assets/route-CW62_yWg.js                                      0.07 kB │ gzip:   0.08 kB
dist/assets/route-DEzmN659.js                                      0.07 kB │ gzip:   0.08 kB
dist/assets/route-DQwB-ZOv.js                                      0.07 kB │ gzip:   0.08 kB
dist/assets/route-DYSd7FA3.js                                      0.07 kB │ gzip:   0.08 kB
dist/assets/route-DYSd7FA32.js                                     0.07 kB │ gzip:   0.08 kB
dist/assets/route-DrPtIM3S.js                                      0.07 kB │ gzip:   0.08 kB
dist/assets/route-DsXtGSAg.js                                      0.07 kB │ gzip:   0.08 kB
dist/assets/route-TEQwWL7Y.js                                      0.07 kB │ gzip:   0.08 kB
dist/assets/coerce-B99zwmp7.js                                     0.08 kB │ gzip:   0.10 kB
dist/assets/isElementDisabled-KSuuBj8D.js                          0.11 kB │ gzip:   0.11 kB
dist/assets/chevron-right-ByEd-F4h.js                              0.13 kB │ gzip:   0.14 kB
dist/assets/canonical-uuid-D42jpA__.js                             0.13 kB │ gzip:   0.13 kB
dist/assets/settings.ai-CipVaq6G.js                                0.21 kB │ gzip:   0.20 kB
dist/assets/_taskId_.editor-_qjLAkbp.js                            0.22 kB │ gzip:   0.20 kB
dist/assets/_taskId_.review-zeX8OAEE.js                            0.22 kB │ gzip:   0.20 kB
dist/assets/route-DFljbmbX.js                                      0.22 kB │ gzip:   0.20 kB
dist/assets/system.audit-qBeF2bb1.js                               0.22 kB │ gzip:   0.20 kB
dist/assets/system.users-0TM8kiXu.js                               0.22 kB │ gzip:   0.20 kB
dist/assets/settings.prompts-9jQdIs2s.js                           0.22 kB │ gzip:   0.20 kB
dist/assets/_taskId-Vsd3-0WC.js                                    0.22 kB │ gzip:   0.21 kB
dist/assets/settings.platforms.types-C4NjYBws.js                   0.22 kB │ gzip:   0.21 kB
dist/assets/versions_._versionId-BW6wP3pa.js                       0.22 kB │ gzip:   0.21 kB
dist/assets/_platformId-BeKfjBVf.js                                0.22 kB │ gzip:   0.20 kB
dist/assets/settings.ai_._channelId-Z_MUrH5D.js                    0.22 kB │ gzip:   0.20 kB
dist/assets/_observationId-B3QjNhkV.js                             0.23 kB │ gzip:   0.21 kB
dist/assets/useControlled-DMK4Pb-8.js                              0.24 kB │ gzip:   0.21 kB
dist/assets/skeleton-Ged3Zc9T.js                                   0.24 kB │ gzip:   0.20 kB
dist/assets/table-shell-BGuXgMNH.js                                0.33 kB │ gzip:   0.24 kB
dist/assets/usePopupHandleStore-D9Ys5NRI.js                        0.35 kB │ gzip:   0.25 kB
dist/assets/table-toolbar-JNNhOzlg.js                              0.42 kB │ gzip:   0.27 kB
dist/assets/route-error-Bl0menBv.js                                0.46 kB │ gzip:   0.31 kB
dist/assets/_productId-Cu3oT6KN.js                                 0.49 kB │ gzip:   0.35 kB
dist/assets/_productId_.facts-C-S7KVKf.js                          0.50 kB │ gzip:   0.36 kB
dist/assets/_productId_.facts_.versions_._versionId-996oc21h.js    0.50 kB │ gzip:   0.36 kB
dist/assets/_productId_.facts_.review-CtF33cCX.js                  0.50 kB │ gzip:   0.37 kB
dist/assets/_observationId_.correct-D_gCbU2i.js                    0.51 kB │ gzip:   0.37 kB
dist/assets/useCompositeItem-BGClVRCY.js                           0.54 kB │ gzip:   0.37 kB
dist/assets/_observationId_.correct-B1HRtI2U.js                    0.58 kB │ gzip:   0.31 kB
dist/assets/content-version.model-BVKgM5xI.js                      0.61 kB │ gzip:   0.43 kB
dist/assets/detail-section-Dm8gVxQG.js                             0.63 kB │ gzip:   0.34 kB
dist/assets/return-to-BzbJXkRi.js                                  0.63 kB │ gzip:   0.39 kB
dist/assets/workbench.api-BODcO5uB.js                              0.71 kB │ gzip:   0.46 kB
dist/assets/route-Do6Dxmmm.js                                      0.72 kB │ gzip:   0.50 kB
dist/assets/textarea-CPcbKIlY.js                                   0.83 kB │ gzip:   0.43 kB
dist/assets/table-skeleton-DhD_SVns.js                             0.94 kB │ gzip:   0.54 kB
dist/assets/timeline-BSjJ8olh.js                                   0.94 kB │ gzip:   0.49 kB
dist/assets/form-field-Dwoq3h4m.js                                 0.97 kB │ gzip:   0.54 kB
dist/assets/rowSortingFeature-2KueYnK6.js                          1.02 kB │ gzip:   0.49 kB
dist/assets/security-Dgr0Vz6S.js                                   1.08 kB │ gzip:   0.59 kB
dist/assets/geo-observation-actions-C2i_qn8N.js                    1.09 kB │ gzip:   0.67 kB
dist/assets/login-BzHfpSn6.js                                      1.17 kB │ gzip:   0.64 kB
dist/assets/print-BNTYZASG.js                                      1.20 kB │ gzip:   0.67 kB
dist/assets/product-deletion-dialog-CFFdo1Zi.js                    1.20 kB │ gzip:   0.76 kB
dist/assets/filter-bar-BE7IampC.js                                 1.23 kB │ gzip:   0.72 kB
dist/assets/new-D-x_yz46.js                                        1.23 kB │ gzip:   0.71 kB
dist/assets/form-layout-B0Bgsdpq.js                                1.29 kB │ gzip:   0.69 kB
dist/assets/file-transfer-CkO3-a8I.js                              1.41 kB │ gzip:   0.83 kB
dist/assets/useBaseUiId-C9V7pCeo.js                                1.42 kB │ gzip:   0.80 kB
dist/assets/table-pagination-ClqVYSlZ.js                           1.48 kB │ gzip:   0.80 kB
dist/assets/badge-DofVsWMx.js                                      1.57 kB │ gzip:   0.70 kB
dist/assets/audit.api-Boe3Af_L.js                                  1.62 kB │ gzip:   0.76 kB
dist/assets/sticky-action-bar-CUfqDFT-.js                          1.62 kB │ gzip:   0.86 kB
dist/assets/versions_._versionId-139XGJo2.js                       1.72 kB │ gzip:   0.88 kB
dist/assets/_productId_.facts_.versions_._versionId-DomNrruP.js    1.77 kB │ gzip:   0.89 kB
dist/assets/workspace-shell-Ch8a7P6A.js                            1.77 kB │ gzip:   0.83 kB
dist/assets/insights-5WDYaNvr.js                                   1.78 kB │ gzip:   0.96 kB
dist/assets/articles-CoQmJtZ4.js                                   1.79 kB │ gzip:   0.95 kB
dist/assets/_productId_.facts_.versions-fEY_Wk3J.js                1.92 kB │ gzip:   1.04 kB
dist/assets/new-D9GIHn0a.js                                        1.94 kB │ gzip:   1.06 kB
dist/assets/_articleId-CM1gr1KA.js                                 1.96 kB │ gzip:   1.09 kB
dist/assets/issues-B45ncBgQ.js                                     1.96 kB │ gzip:   1.03 kB
dist/assets/catalog-controls-CR03Vz67.js                           1.97 kB │ gzip:   0.88 kB
dist/assets/settings.platforms.types-CAfsqeKf.js                   1.98 kB │ gzip:   1.00 kB
dist/assets/_taskId-BG7CsXuw.js                                    2.00 kB │ gzip:   1.06 kB
dist/assets/work-DYzASVCX.js                                       2.07 kB │ gzip:   1.08 kB
dist/assets/new-BBRaVxb8.js                                        2.08 kB │ gzip:   1.17 kB
dist/assets/_observationId-jKRKG8js.js                             2.09 kB │ gzip:   1.09 kB
dist/assets/_productId-rU4lXoGP.js                                 2.14 kB │ gzip:   1.10 kB
dist/assets/platforms-CuDVYFbc.js                                  2.15 kB │ gzip:   1.12 kB
dist/assets/_taskId_.review-CQTA8z0i.js                            2.16 kB │ gzip:   1.13 kB
dist/assets/_productId_.facts_.review-DuGAlwlW.js                  2.17 kB │ gzip:   1.11 kB
dist/assets/_productId_.facts-BA82V9_T.js                          2.22 kB │ gzip:   1.15 kB
dist/assets/tasks-BXOWRmqI.js                                      2.23 kB │ gzip:   1.15 kB
dist/assets/observations-3UqqFcNR.js                               2.24 kB │ gzip:   1.16 kB
dist/assets/useRegisterFieldControl-BcstcGLC.js                    2.25 kB │ gzip:   1.07 kB
dist/assets/_issueId-Ed067isp.js                                   2.27 kB │ gzip:   1.25 kB
dist/assets/useStore-VZN0-5bO.js                                   2.27 kB │ gzip:   0.97 kB
dist/assets/_taskId_.editor-D7vLdIUB.js                            2.27 kB │ gzip:   1.17 kB
dist/assets/topics-DDwEI6dF.js                                     2.30 kB │ gzip:   1.20 kB
dist/assets/system.audit-BLCuSBOh.js                               2.31 kB │ gzip:   1.16 kB
dist/assets/dialog-ClAzWvo3.js                                     2.33 kB │ gzip:   0.91 kB
dist/assets/input-BctqO2IH.js                                      2.47 kB │ gzip:   1.25 kB
dist/assets/settings.ai-7u218WaB.js                                2.57 kB │ gzip:   1.31 kB
dist/assets/dirty-guard-C7n0xz0v.js                                2.58 kB │ gzip:   1.23 kB
dist/assets/prompt.api-ClmNqhO5.js                                 2.65 kB │ gzip:   1.01 kB
dist/assets/products-CNSUxM6F.js                                   2.69 kB │ gzip:   1.38 kB
dist/assets/security-Cb2OHfuS.js                                   3.03 kB │ gzip:   1.48 kB
dist/assets/login-DCCOPXDJ.js                                      3.04 kB │ gzip:   1.48 kB
dist/assets/useCompositeListItem-u8lPl9Q5.js                       3.11 kB │ gzip:   1.41 kB
dist/assets/settings.ai_._channelId-CoES6hGV.js                    3.11 kB │ gzip:   1.54 kB
dist/assets/sheet-BvNsP5lI.js                                      3.73 kB │ gzip:   1.45 kB
dist/assets/audit-detail-content-BL2SkQ7a.js                       3.90 kB │ gzip:   1.61 kB
dist/assets/print-DQ-yatt3.js                                      4.13 kB │ gzip:   1.66 kB
dist/assets/product.model-D5C3qe8F.js                              4.40 kB │ gzip:   2.01 kB
dist/assets/Match-CvdDQUn7.js                                      4.41 kB │ gzip:   1.72 kB
dist/assets/new-BZwltf6t.js                                        4.45 kB │ gzip:   1.94 kB
dist/assets/_workId-Dz8z6hO6.js                                    4.72 kB │ gzip:   2.42 kB
dist/assets/settings.prompts-C_ZOTnGg.js                           4.89 kB │ gzip:   2.41 kB
dist/assets/issues-CJesFb5v.js                                     5.06 kB │ gzip:   2.12 kB
dist/assets/_productId_.facts_.versions-tUiPwEDa.js                5.23 kB │ gzip:   2.35 kB
dist/assets/composite-DrhdszTA.js                                  5.88 kB │ gzip:   2.28 kB
dist/assets/articles-BImWPjPW.js                                   5.92 kB │ gzip:   2.40 kB
dist/assets/geo-evidence-upload-CrHmQFvd.js                        6.15 kB │ gzip:   2.66 kB
dist/assets/client-_ADlmVAQ.js                                     6.60 kB │ gzip:   2.57 kB
dist/assets/principal-epoch-C10oPH-p.js                            6.87 kB │ gzip:   2.33 kB
dist/assets/globalFilteringFeature-CyFiEWbo.js                     6.95 kB │ gzip:   1.98 kB
dist/assets/_platformId-C--MOxL6.js                                7.70 kB │ gzip:   3.45 kB
dist/assets/_app--fc4GM5f.js                                       7.72 kB │ gzip:   2.58 kB
dist/assets/QueryClientProvider-CWfwOWtR.js                        7.80 kB │ gzip:   3.04 kB
dist/assets/product.api-B44HcsNW.js                                7.94 kB │ gzip:   2.60 kB
dist/assets/_productId_.facts_.versions_._versionId-DX2PWOmB.js    8.18 kB │ gzip:   2.62 kB
dist/assets/jsx-runtime-B-hcVAMW.js                                8.55 kB │ gzip:   3.26 kB
dist/assets/x-Bng9TDKc.js                                          8.72 kB │ gzip:   3.14 kB
dist/assets/questions-y9K4Qiz8.js                                  8.73 kB │ gzip:   3.86 kB
dist/assets/new-AcvI_15a.js                                        8.95 kB │ gzip:   3.78 kB
dist/assets/geo-entities-swxZNWp6.js                               9.04 kB │ gzip:   3.59 kB
dist/assets/products-COusKrCR.js                                   9.21 kB │ gzip:   3.69 kB
dist/assets/tasks-CjKDw58G.js                                      9.23 kB │ gzip:   3.55 kB
dist/assets/plans-CpshLfHk.js                                      9.56 kB │ gzip:   4.22 kB
dist/assets/platform.api-CR3KOZWD.js                               9.71 kB │ gzip:   3.25 kB
dist/assets/geo-insights-report-DxOurffm.js                       10.34 kB │ gzip:   2.88 kB
dist/assets/versions_._versionId-ut0_tuPd.js                      12.02 kB │ gzip:   3.81 kB
dist/assets/tabs-BYUaE9YE.js                                      12.50 kB │ gzip:   4.72 kB
dist/assets/system.audit-BeY28-R3.js                              12.50 kB │ gzip:   4.36 kB
dist/assets/content-task-lifecycle-CT7p-6QQ.js                    12.51 kB │ gzip:   4.65 kB
dist/assets/observations-BccfAKbB.js                              12.51 kB │ gzip:   4.85 kB
dist/assets/system.users-B4g8WtY5.js                              12.83 kB │ gzip:   5.46 kB
dist/assets/insights-DM7f0GEW.js                                  13.39 kB │ gzip:   4.90 kB
dist/assets/route-1EMpow5y2.js                                    13.48 kB │ gzip:   5.10 kB
dist/assets/_taskId-Bo3MEdhJ.js                                   14.87 kB │ gzip:   4.63 kB
dist/assets/content.api-DcydFtBm.js                               14.90 kB │ gzip:   4.32 kB
dist/assets/_productId_.facts_.review-BLD62RBq.js                 15.83 kB │ gzip:   5.63 kB
dist/assets/work-FBMHVBaO.js                                      15.88 kB │ gzip:   5.19 kB
dist/assets/publication.api-0yqZ__jB.js                           16.20 kB │ gzip:   4.80 kB
dist/assets/_articleId-BlnkcMm8.js                                16.27 kB │ gzip:   5.43 kB
dist/assets/useQuery-fTBak1Kd.js                                  16.32 kB │ gzip:   5.46 kB
dist/assets/settings.platforms.types-XH1b8JN6.js                  16.38 kB │ gzip:   5.90 kB
dist/assets/new-D3BsdIpF.js                                       16.94 kB │ gzip:   6.04 kB
dist/assets/platforms-BbHfD5tt.js                                 17.03 kB │ gzip:   6.17 kB
dist/assets/_productId_.facts-xkOZQ9An.js                         17.33 kB │ gzip:   5.82 kB
dist/assets/settings.ai-_Y9eEnjo.js                               17.46 kB │ gzip:   6.30 kB
dist/assets/_taskId_.review-DjZfQcdo.js                           17.48 kB │ gzip:   6.06 kB
dist/assets/_productId-CEjo8rOl.js                                17.55 kB │ gzip:   5.88 kB
dist/assets/audit.model-BOdo-Apl.js                               17.75 kB │ gzip:   5.57 kB
dist/assets/row-actions-8FzwSe-6.js                               17.90 kB │ gzip:   6.59 kB
dist/assets/geo-surfaces-CPLwAZid.js                              17.94 kB │ gzip:   6.72 kB
dist/assets/_observationId-Bn28ePEU.js                            18.05 kB │ gzip:   5.76 kB
dist/assets/auth-provider-F2Ej_A5V.js                             18.50 kB │ gzip:   6.78 kB
dist/assets/geo.api-B8bGkIv2.js                                   18.53 kB │ gzip:   5.93 kB
dist/assets/_issueId-G5XFOVWa.js                                  19.62 kB │ gzip:   6.52 kB
dist/assets/topics-C1y0PmxT.js                                    19.94 kB │ gzip:   7.02 kB
dist/assets/ai-channel-workspace.model-CooysajQ.js                20.72 kB │ gzip:   6.32 kB
dist/assets/lazyRouteComponent-Ci09s-Vl.js                        24.20 kB │ gzip:   8.98 kB
dist/assets/_observationId_.correct-CkzCL_Ro.js                   24.42 kB │ gzip:   8.23 kB
dist/assets/_workId-CozW279j.js                                   28.51 kB │ gzip:   8.89 kB
dist/assets/questions-Dsx9AcSJ.js                                 28.78 kB │ gzip:   9.20 kB
dist/assets/select-n9cae0aN.js                                    30.10 kB │ gzip:  10.91 kB
dist/assets/settings.prompts-DWKhmOTb.js                          30.81 kB │ gzip:   9.97 kB
dist/assets/system.users-B6T8lI-C.js                              30.96 kB │ gzip:   9.74 kB
dist/assets/providers-CWr59xvM.js                                 35.07 kB │ gzip:  10.48 kB
dist/assets/geo-entities-CPr4xnJT.js                              35.28 kB │ gzip:  10.91 kB
dist/assets/geo-surfaces--Z8_WB9N.js                              35.71 kB │ gzip:  11.02 kB
dist/assets/icon-button-vjs_Uwes.js                               36.26 kB │ gzip:  12.08 kB
dist/assets/column-header-C5ibVg7s.js                             36.45 kB │ gzip:  11.43 kB
dist/assets/ToolbarRootContext-DwUOMnF0.js                        36.62 kB │ gzip:  14.02 kB
dist/assets/_taskId_.editor-CbPk_ZvL.js                           37.91 kB │ gzip:  11.54 kB
dist/assets/_platformId-Zx_MGXsg.js                               38.91 kB │ gzip:  11.58 kB
dist/assets/createLucideIcon-Thsl5lkI.js                          39.80 kB │ gzip:  14.03 kB
dist/assets/button-BZhX1_Og.js                                    40.12 kB │ gzip:  13.54 kB
dist/assets/zod-CS-qYe1E.js                                       40.85 kB │ gzip:  14.09 kB
dist/assets/route-d9xn7I32.js                                     43.50 kB │ gzip:  15.66 kB
dist/assets/plans-B6p7LRb6.js                                     49.18 kB │ gzip:  15.23 kB
dist/assets/settings.ai_._channelId-DCSNko9G.js                   49.67 kB │ gzip:  13.69 kB
dist/assets/schemas-nHIdpuYR.js                                   69.76 kB │ gzip:  18.62 kB
dist/assets/index-CmdEYam6.js                                    188.55 kB │ gzip:  60.26 kB
dist/assets/markdown-editor-CIMhyOu2.js                          729.88 kB │ gzip: 245.01 kB

✓ built in 492ms
[plugin builtin:vite-reporter] 
(!) Some chunks are larger than 500 kB after minification. Consider:
- Using dynamic import() to code-split the application
- Use build.rolldownOptions.output.codeSplitting to improve chunking: https://rolldown.rs/reference/OutputOptions.codeSplitting
- Adjust chunk size limit for this warning via build.chunkSizeWarningLimit.
