
> partsignal-frontend-v2@0.1.0 e2e
> tests/e2e/run-with-secret-scan.sh tests/e2e/fact-workspace.spec.ts --grep direct/refresh

[WebServer] (node:92634) Warning: The 'NO_COLOR' env is ignored due to the 'FORCE_COLOR' env being set.
[WebServer] (Use `node --trace-warnings ...` to show where the warning was created)
[WebServer] [plugin builtin:vite-reporter] 
[WebServer] (!) Some chunks are larger than 500 kB after minification. Consider:
[WebServer] - Using dynamic import() to code-split the application
[WebServer] - Use build.rolldownOptions.output.codeSplitting to improve chunking: https://rolldown.rs/reference/OutputOptions.codeSplitting
[WebServer] - Adjust chunk size limit for this warning via build.chunkSizeWarningLimit.
[WebServer] (node:92643) Warning: The 'NO_COLOR' env is ignored due to the 'FORCE_COLOR' env being set.
[WebServer] (Use `node --trace-warnings ...` to show where the warning was created)
[WebServer] (node:92665) Warning: The 'NO_COLOR' env is ignored due to the 'FORCE_COLOR' env being set.
[WebServer] (Use `node --trace-warnings ...` to show where the warning was created)

Running 2 tests using 1 worker

(node:92667) Warning: The 'NO_COLOR' env is ignored due to the 'FORCE_COLOR' env being set.
(Use `node --trace-warnings ...` to show where the warning was created)
  ✓  1 [foundation-mobile] › tests/e2e/fact-workspace.spec.ts:16:1 › direct/refresh 只读取一个 workspace read model，并适配 375/768/1024/1440 (537ms)
(node:92672) Warning: The 'NO_COLOR' env is ignored due to the 'FORCE_COLOR' env being set.
(Use `node --trace-warnings ...` to show where the warning was created)
  ✓  2 [foundation-desktop] › tests/e2e/fact-workspace.spec.ts:16:1 › direct/refresh 只读取一个 workspace read model，并适配 375/768/1024/1440 (405ms)

  2 passed (11.5s)
E2E_SECRET_SCAN status=clean
E2E_RESULT playwright=0 secret_scan=0
