deploy/scripts/test-frontend-container.sh
canonical Frontend 容器 fallback、缓存和 source map 自检通过
UV_CACHE_DIR=/Users/sc/PycharmProjects/partsignal/.cache/uv uv run --project backend python deploy/scripts/test-geo-collector-contract.py
........................................................................ [ 37%]
........................................................................ [ 74%]
..................................................                       [100%]
194 passed in 10.12s
GEO_CONTRACT_RESULT tests=0 secret_scan=0 external_network=blocked
UV_CACHE_DIR=/Users/sc/PycharmProjects/partsignal/.cache/uv uv run --project backend python deploy/scripts/check-geo-fixtures.py
GEO fixture v1 校验通过：{'products': 2, 'questions': 4, 'answers': 13, 'citations': 4}；金标=13；外部调用=0
GEO-502 提及金标 v1 校验通过：场景=28；外部调用=0
GEO-503 推荐金标 v1 校验通过：场景=63；外部调用=0
GEO-505 声明金标 v1 校验通过：场景=47；外部调用=0
UV_CACHE_DIR=/Users/sc/PycharmProjects/partsignal/.cache/uv uv run --project backend python deploy/scripts/test-geo-configuration.py
GEO Compose/Settings/API/Worker/Beat：18 组配置一致，启动外部调用为 0
deploy/scripts/test-e2e-run-lifecycle.sh
E2E_LIFECYCLE_CASE name=int-scan-fails status=begin
E2E_LIFECYCLE_CASE name=int-scan-fails status=passed
E2E_LIFECYCLE_CASE name=term-clean status=begin
E2E_LIFECYCLE_CASE name=term-clean status=passed
E2E_LIFECYCLE_CASE name=playwright-wins status=begin
E2E_LIFECYCLE_CASE name=playwright-wins status=passed
E2E_LIFECYCLE_CASE name=scan-wins status=begin
E2E_LIFECYCLE_CASE name=scan-wins status=passed
E2E_LIFECYCLE_CASE name=cleanup-wins status=begin
E2E_LIFECYCLE_CASE name=cleanup-wins status=passed
E2E_LIFECYCLE_CASE name=stubborn-escalates status=begin
E2E_LIFECYCLE_CASE name=stubborn-escalates status=passed
E2E_LIFECYCLE_TEST status=passed
deploy/scripts/test-e2e-database-lifecycle.sh
E2E_DATABASE_LIFECYCLE_TEST scenarios=5 status=passed
frontend/tests/helpers/test-secret-artifact-post-run.sh
E2E_POST_RUN_SECRET_TEST status=passed
deploy/scripts/test-deploy-staging.sh
canonical Frontend Nginx 安全头、Markdown、HTML 与 DOM sink 校验通过
Preview env preparation: 2 positive / 6 negative; automatic secrets, no overwrite/output, staging boundary passed
Staging archive env allowlist: 3 public templates allowed / 6 private-or-unknown entries rejected
预发布 full/fast 与 Production canonical Frontend 边界自检通过
deploy/scripts/test-deploy-production-cleanup.sh
Production harness canonical TMPDIR 与 cleanup 生命周期回归检查通过
deploy/scripts/test-deploy-production.sh
canonical Frontend Nginx 安全头、Markdown、HTML 与 DOM sink 校验通过
Production network identity static: 3 networks / 7 services passed
Engine existing-label reuse: api passed
Engine existing-label reuse: migrate passed
Engine existing-label reuse: postgres passed
Engine existing-label reuse: redis passed
Engine existing-label reuse: worker passed
Engine existing-label reuse: scheduler passed
Engine existing-label reuse: frontend passed
Engine old-label rejection: partsignal-staging-internal passed
Engine old-label rejection: partsignal-staging-egress passed
Engine old-label rejection: partsignal-staging-edge passed
Production Engine network compatibility: 7 positive / 3 negative; containers=0 networks=0
Production input readiness: 2 positive / 37 negative; substitution rejected before deployment; secrets not echoed
deploy/activate/rollback identity: 3 paths / 8 local operations / manifest-first passed
Production V2 编排、两阶段激活、可续跑数据状态机与候选清单合同自检通过
docker compose -f .trellis/tasks/10-04-geo-707-r6-acceptance/evidence/compose.yaml config --quiet
PARTSIGNAL_BACKEND_IMAGE=partsignal-backend PARTSIGNAL_FRONTEND_IMAGE=partsignal-frontend-v2 PARTSIGNAL_VERSION=test PARTSIGNAL_RUNTIME_ENV_FILE=/Users/sc/PycharmProjects/partsignal/.env PARTSIGNAL_DATA_ROOT=/Users/sc/PycharmProjects/partsignal/data docker compose --env-file .env -f deploy/compose.prod.yaml config --quiet
