 Image partsignal-geo303-backend-test Building 
#1 [internal] load local bake definitions
#1 reading from stdin 1.12kB done
#1 DONE 0.0s

#2 [internal] load build definition from Dockerfile
#2 transferring dockerfile: 594B done
#2 DONE 0.0s

#3 [internal] load metadata for docker.io/library/python:3.12-slim
#3 ...

#4 [auth] astral-sh/uv:pull token for ghcr.io
#4 DONE 0.0s

#5 [internal] load metadata for ghcr.io/astral-sh/uv:0.7.13
#5 ...

#3 [internal] load metadata for docker.io/library/python:3.12-slim
#3 DONE 1.7s

#5 [internal] load metadata for ghcr.io/astral-sh/uv:0.7.13
#5 DONE 2.1s

#6 [internal] load .dockerignore
#6 transferring context: 152B done
#6 DONE 0.0s

#7 [runtime 1/7] FROM docker.io/library/python:3.12-slim@sha256:dddfd7e07f9d15aeeca61529320492139d21cac7f0070c00609243e51e4e0016
#7 resolve docker.io/library/python:3.12-slim@sha256:dddfd7e07f9d15aeeca61529320492139d21cac7f0070c00609243e51e4e0016 done
#7 DONE 0.0s

#8 FROM ghcr.io/astral-sh/uv:0.7.13@sha256:6c1e19020ec221986a210027040044a5df8de762eb36d5240e382bc41d7a9043
#8 resolve ghcr.io/astral-sh/uv:0.7.13@sha256:6c1e19020ec221986a210027040044a5df8de762eb36d5240e382bc41d7a9043 done
#8 DONE 0.0s

#9 [internal] load build context
#9 transferring context: 1.12MB 0.0s done
#9 DONE 0.0s

#10 [runtime 4/7] COPY pyproject.toml uv.lock* ./
#10 CACHED

#11 [runtime 3/7] COPY --from=ghcr.io/astral-sh/uv:0.7.13 /uv /uvx /bin/
#11 CACHED

#12 [runtime 2/7] WORKDIR /app
#12 CACHED

#13 [runtime 5/7] RUN uv sync --no-dev --no-install-project
#13 CACHED

#14 [runtime 6/7] COPY . .
#14 DONE 0.1s

#15 [runtime 7/7] RUN uv sync --no-dev
#15 0.168 Resolved 88 packages in 1ms
#15 0.173    Building partsignal-backend @ file:///app
#15 3.346       Built partsignal-backend @ file:///app
#15 3.347 Prepared 1 package in 3.17s
#15 3.349 Installed 1 package in 1ms
#15 3.482 Bytecode compiled 2466 files in 132ms
#15 3.482  + partsignal-backend==0.1.0 (from file:///app)
#15 DONE 3.5s

#16 [test 1/1] RUN uv sync --all-extras
#16 0.090 Resolved 88 packages in 0.40ms
#16 0.970 Downloading mypy (13.1MiB)
#16 1.331 Downloading pygments (1.2MiB)
#16 1.360 Downloading ruff (10.5MiB)
#16 1.707  Downloading pygments
#16 2.602  Downloading ruff
#16 2.836  Downloading mypy
#16 2.836 Prepared 20 packages in 2.74s
#16 2.895 Installed 20 packages in 59ms
#16 3.262 Bytecode compiled 3437 files in 366ms
#16 3.262  + attrs==26.1.0
#16 3.262  + coverage==7.15.0
#16 3.262  + httpcore2==2.9.1
#16 3.262  + httpx2==2.9.1
#16 3.262  + iniconfig==2.3.0
#16 3.262  + jsonschema==4.26.0
#16 3.262  + jsonschema-specifications==2025.9.1
#16 3.262  + librt==0.13.0
#16 3.262  + mypy==1.20.2
#16 3.262  + mypy-extensions==1.1.0
#16 3.262  + pathspec==1.1.1
#16 3.262  + pluggy==1.6.0
#16 3.262  + pygments==2.20.0
#16 3.262  + pytest==8.4.2
#16 3.262  + pytest-cov==6.3.0
#16 3.262  + referencing==0.37.0
#16 3.262  + rpds-py==2026.6.3
#16 3.262  + ruff==0.15.21
#16 3.262  + truststore==0.10.4
#16 3.262  + types-pyyaml==6.0.12.20260518
#16 DONE 3.4s

#17 exporting to image
#17 exporting layers
#17 exporting layers 2.9s done
#17 exporting manifest sha256:7a96b3259b6011442e6db0432f75c095db4c2e7cae2786ceadcbdd016a8fb0c1
#17 exporting manifest sha256:7a96b3259b6011442e6db0432f75c095db4c2e7cae2786ceadcbdd016a8fb0c1 done
#17 exporting config sha256:868a2acb28c5c498fb9de7cbd310cdd89bb17e182840a2448cd51969baa75dff done
#17 exporting attestation manifest sha256:1b1ae7adadf19495d109194e02ba3fe654969b2fd8dbc1901972c5c2ba5298fd done
#17 exporting manifest list sha256:bbef56a2751f0a3acab09e73251fb30f0f0ec035e283ba4b95e0ba887ad80801 done
#17 naming to docker.io/library/partsignal-geo303-backend-test:latest done
#17 unpacking to docker.io/library/partsignal-geo303-backend-test:latest
#17 unpacking to docker.io/library/partsignal-geo303-backend-test:latest 0.7s done
#17 DONE 3.6s

#18 resolving provenance for metadata file
#18 DONE 0.0s
 Image partsignal-geo303-backend-test Built 
