 Image partsignal-geo406-backend-test Pulling 
 Image partsignal-geo406-backend-test pull access denied for partsignal-geo406-backend-test, repository does not exist or may require 'docker login' 
 Image partsignal-geo406-backend-test Building 
#1 [internal] load local bake definitions
#1 reading from stdin 596B done
#1 DONE 0.0s

#2 [internal] load build definition from Dockerfile
#2 transferring dockerfile: 594B done
#2 DONE 0.0s

#3 [internal] load metadata for docker.io/library/python:3.12-slim
#3 ...

#4 [auth] astral-sh/uv:pull token for ghcr.io
#4 DONE 0.0s

#5 [internal] load metadata for ghcr.io/astral-sh/uv:0.7.13
#5 ...

#3 [internal] load metadata for docker.io/library/python:3.12-slim
#3 DONE 1.6s

#5 [internal] load metadata for ghcr.io/astral-sh/uv:0.7.13
#5 DONE 1.7s

#6 [internal] load .dockerignore
#6 transferring context: 152B done
#6 DONE 0.0s

#7 FROM ghcr.io/astral-sh/uv:0.7.13@sha256:6c1e19020ec221986a210027040044a5df8de762eb36d5240e382bc41d7a9043
#7 resolve ghcr.io/astral-sh/uv:0.7.13@sha256:6c1e19020ec221986a210027040044a5df8de762eb36d5240e382bc41d7a9043 done
#7 DONE 0.0s

#8 [runtime 1/7] FROM docker.io/library/python:3.12-slim@sha256:dddfd7e07f9d15aeeca61529320492139d21cac7f0070c00609243e51e4e0016
#8 resolve docker.io/library/python:3.12-slim@sha256:dddfd7e07f9d15aeeca61529320492139d21cac7f0070c00609243e51e4e0016 done
#8 DONE 0.0s

#9 [internal] load build context
#9 transferring context: 245.99kB 0.0s done
#9 DONE 0.0s

#10 [runtime 3/7] COPY --from=ghcr.io/astral-sh/uv:0.7.13 /uv /uvx /bin/
#10 CACHED

#11 [runtime 4/7] COPY pyproject.toml uv.lock* ./
#11 CACHED

#12 [runtime 2/7] WORKDIR /app
#12 CACHED

#13 [runtime 5/7] RUN uv sync --no-dev --no-install-project
#13 CACHED

#14 [runtime 6/7] COPY . .
#14 DONE 0.0s

#15 [runtime 7/7] RUN uv sync --no-dev
#15 0.147 Resolved 88 packages in 0.68ms
#15 0.149    Building partsignal-backend @ file:///app
#15 3.375       Built partsignal-backend @ file:///app
#15 3.375 Prepared 1 package in 3.22s
#15 3.377 Installed 1 package in 1ms
#15 3.464 Bytecode compiled 2466 files in 86ms
#15 3.464  + partsignal-backend==0.1.0 (from file:///app)
#15 DONE 3.5s

#16 [test 1/1] RUN uv sync --all-extras
#16 0.079 Resolved 88 packages in 0.32ms
#16 0.949 Downloading pygments (1.2MiB)
#16 0.950 Downloading mypy (13.1MiB)
#16 0.950 Downloading ruff (10.5MiB)
#16 1.632  Downloading pygments
#16 2.516  Downloading ruff
#16 2.783  Downloading mypy
#16 2.783 Prepared 20 packages in 2.70s
#16 2.836 Installed 20 packages in 53ms
#16 3.361 Bytecode compiled 3437 files in 524ms
#16 3.361  + attrs==26.1.0
#16 3.361  + coverage==7.15.0
#16 3.361  + httpcore2==2.9.1
#16 3.361  + httpx2==2.9.1
#16 3.361  + iniconfig==2.3.0
#16 3.361  + jsonschema==4.26.0
#16 3.361  + jsonschema-specifications==2025.9.1
#16 3.361  + librt==0.13.0
#16 3.361  + mypy==1.20.2
#16 3.361  + mypy-extensions==1.1.0
#16 3.361  + pathspec==1.1.1
#16 3.361  + pluggy==1.6.0
#16 3.361  + pygments==2.20.0
#16 3.361  + pytest==8.4.2
#16 3.361  + pytest-cov==6.3.0
#16 3.361  + referencing==0.37.0
#16 3.361  + rpds-py==2026.6.3
#16 3.361  + ruff==0.15.21
#16 3.361  + truststore==0.10.4
#16 3.361  + types-pyyaml==6.0.12.20260518
#16 DONE 3.5s

#17 exporting to image
#17 exporting layers
#17 exporting layers 2.8s done
#17 exporting manifest sha256:1882bc577a3e3b4d909f523cfcdbe2dceb86d51636675667ec87897ff5e2b801 done
#17 exporting config sha256:7688c69704335a51bb3d319f9b415138278bcc01b0758e758bc8d6e4feb701de done
#17 exporting attestation manifest sha256:ecc1e22a419676d83f748232b728d4e1dd4eec67f01c74015cd4d183bdd130fc done
#17 exporting manifest list sha256:13253fb2f206c3a5bafa43544380bfb1d3831593e1b88f6cf03f73dd7b885197 done
#17 naming to docker.io/library/partsignal-geo406-backend-test:latest done
#17 unpacking to docker.io/library/partsignal-geo406-backend-test:latest
#17 unpacking to docker.io/library/partsignal-geo406-backend-test:latest 0.7s done
#17 DONE 3.6s

#18 resolving provenance for metadata file
#18 DONE 0.0s
 Image partsignal-geo406-backend-test Built 
 Network partsignal-geo406_default Creating 
 Network partsignal-geo406_default Created 
 Volume partsignal-geo406_geo406-oss Creating 
 Volume partsignal-geo406_geo406-oss Created 
 Volume partsignal-geo406_geo406-postgres Creating 
 Volume partsignal-geo406_geo406-postgres Created 
 Container partsignal-geo406-redis-1 Creating 
 Container partsignal-geo406-fake-oss-1 Creating 
 Container partsignal-geo406-postgres-1 Creating 
 Container partsignal-geo406-postgres-1 Created 
 Container partsignal-geo406-redis-1 Created 
 Container partsignal-geo406-fake-oss-1 Created 
 Container partsignal-geo406-postgres-1 Starting 
 Container partsignal-geo406-redis-1 Starting 
 Container partsignal-geo406-fake-oss-1 Starting 
 Container partsignal-geo406-fake-oss-1 Started 
 Container partsignal-geo406-postgres-1 Started 
 Container partsignal-geo406-redis-1 Started 
