 Container partsignal-geo406-postgres-1 Running 
 Container partsignal-geo406-redis-1 Running 
 Container partsignal-geo406-fake-oss-1 Running 
 Container partsignal-geo406-postgres-1 Waiting 
 Container partsignal-geo406-postgres-1 Healthy 
 Container partsignal-geo406-backend-test-run-e8048f4e0733 Creating 
 Container partsignal-geo406-backend-test-run-e8048f4e0733 Created 
................F
=================================== FAILURES ===================================
_____ test_retry_rechecks_frozen_profile_and_current_eligibility[revision] _____

self = <sqlalchemy.engine.base.Connection object at 0xf44b80082780>
dialect = <sqlalchemy.dialects.postgresql.psycopg.PGDialect_psycopg object at 0xf44b82a0a690>
context = <sqlalchemy.dialects.postgresql.psycopg.PGExecutionContext_psycopg object at 0xf44b800b7d40>
statement = <sqlalchemy.dialects.postgresql.psycopg.PGCompiler_psycopg object at 0xf44b800b7620>
parameters = [{'geo_collection_profiles_id': UUID('e1e53caa-0db6-4e5d-81d7-f834efd1b169'), 'revision': 1}]

    def _exec_single_context(
        self,
        dialect: Dialect,
        context: ExecutionContext,
        statement: Union[str, Compiled],
        parameters: Optional[_AnyMultiExecuteParams],
    ) -> CursorResult[Any]:
        """continue the _execute_context() method for a single DBAPI
        cursor.execute() or cursor.executemany() call.
    
        """
        if dialect.bind_typing is BindTyping.SETINPUTSIZES:
            generic_setinputsizes = context._prepare_set_input_sizes()
    
            if generic_setinputsizes:
                try:
                    dialect.do_set_input_sizes(
                        context.cursor, generic_setinputsizes, context
                    )
                except BaseException as e:
                    self._handle_dbapi_exception(
                        e, str(statement), parameters, None, context
                    )
    
        cursor, str_statement, parameters = (
            context.cursor,
            context.statement,
            context.parameters,
        )
    
        effective_parameters: Optional[_AnyExecuteParams]
    
        if not context.executemany:
            effective_parameters = parameters[0]
        else:
            effective_parameters = parameters
    
        if self._has_events or self.engine._has_events:
            for fn in self.dispatch.before_cursor_execute:
                str_statement, effective_parameters = fn(
                    self,
                    cursor,
                    str_statement,
                    effective_parameters,
                    context,
                    context.executemany,
                )
    
        if self._echo:
            self._log_info(str_statement)
    
            stats = context._get_cache_stats()
    
            if not self.engine.hide_parameters:
                self._log_info(
                    "[%s] %r",
                    stats,
                    sql_util._repr_params(
                        effective_parameters,
                        batches=10,
                        ismulti=context.executemany,
                    ),
                )
            else:
                self._log_info(
                    "[%s] [SQL parameters hidden due to hide_parameters=True]",
                    stats,
                )
    
        evt_handled: bool = False
        try:
            if context.execute_style is ExecuteStyle.EXECUTEMANY:
                effective_parameters = cast(
                    "_CoreMultiExecuteParams", effective_parameters
                )
                if self.dialect._has_events:
                    for fn in self.dialect.dispatch.do_executemany:
                        if fn(
                            cursor,
                            str_statement,
                            effective_parameters,
                            context,
                        ):
                            evt_handled = True
                            break
                if not evt_handled:
                    self.dialect.do_executemany(
                        cursor,
                        str_statement,
                        effective_parameters,
                        context,
                    )
            elif not effective_parameters and context.no_parameters:
                if self.dialect._has_events:
                    for fn in self.dialect.dispatch.do_execute_no_params:
                        if fn(cursor, str_statement, context):
                            evt_handled = True
                            break
                if not evt_handled:
                    self.dialect.do_execute_no_params(
                        cursor, str_statement, context
                    )
            else:
                effective_parameters = cast(
                    "_CoreSingleExecuteParams", effective_parameters
                )
                if self.dialect._has_events:
                    for fn in self.dialect.dispatch.do_execute:
                        if fn(
                            cursor,
                            str_statement,
                            effective_parameters,
                            context,
                        ):
                            evt_handled = True
                            break
                if not evt_handled:
>                   self.dialect.do_execute(
                        cursor, str_statement, effective_parameters, context
                    )

/opt/venv/lib/python3.12/site-packages/sqlalchemy/engine/base.py:1969: 
_ _ _ _ _ _ _ _ _ _ _ _ _ _ _ _ _ _ _ _ _ _ _ _ _ _ _ _ _ _ _ _ _ _ _ _ _ _ _ _ 
/opt/venv/lib/python3.12/site-packages/sqlalchemy/engine/default.py:952: in do_execute
    cursor.execute(statement, parameters)
_ _ _ _ _ _ _ _ _ _ _ _ _ _ _ _ _ _ _ _ _ _ _ _ _ _ _ _ _ _ _ _ _ _ _ _ _ _ _ _ 

self = <psycopg.Cursor [closed] [IDLE] (host=postgres user=partsignal database=partsignal_geo208_f0f8bbd203) at 0xf44b802c99d0>
query = 'UPDATE geo_collection_profiles SET revision=%(revision)s::INTEGER WHERE geo_collection_profiles.id = %(geo_collection_profiles_id)s::UUID'
params = {'geo_collection_profiles_id': UUID('e1e53caa-0db6-4e5d-81d7-f834efd1b169'), 'revision': 1}

    def execute(
        self,
        query: Query,
        params: Params | None = None,
        *,
        prepare: bool | None = None,
        binary: bool | None = None,
    ) -> Self:
        """
        Execute a query or command to the database.
        """
        try:
            with self._conn.lock:
                self._conn.wait(
                    self._execute_gen(query, params, prepare=prepare, binary=binary)
                )
        except e._NO_TRACEBACK as ex:
>           raise ex.with_traceback(None)
E           psycopg.errors.CheckViolation: 有效配置变更revision必须恰好递增一次
E           CONTEXT:  PL/pgSQL function geo_guard_surface_configuration() line 49 at RAISE

/opt/venv/lib/python3.12/site-packages/psycopg/cursor.py:117: CheckViolation

The above exception was the direct cause of the following exception:

worker_graph = WorkerGraph(api=PlansAPI(api=QuestionsAPI(engine=Engine(postgresql+psycopg://partsignal:***@postgres:5432/partsignal_g...efd1b169'), channel=UUID('8662d1a1-7586-4981-ad81-850fd3a95877'), call_id=UUID('bfc9b936-f34f-4d3d-a330-b70c30677884'))
change = 'revision'

    @pytest.mark.parametrize("change", ["revision", "disabled"])
    def test_retry_rechecks_frozen_profile_and_current_eligibility(worker_graph, change):
        identity, _ = lose_sent_run(worker_graph)
        previous = facts(worker_graph, identity)
>       with worker_graph.api.api.factory.begin() as db:
             ^^^^^^^^^^^^^^^^^^^^^^^^^^^^^^^^^^^^

tests/integration/test_geo_at_most_once.py:427: 
_ _ _ _ _ _ _ _ _ _ _ _ _ _ _ _ _ _ _ _ _ _ _ _ _ _ _ _ _ _ _ _ _ _ _ _ _ _ _ _ 
/usr/local/lib/python3.12/contextlib.py:144: in __exit__
    next(self.gen)
/opt/venv/lib/python3.12/site-packages/sqlalchemy/orm/session.py:1819: in _maker_context_manager
    with self.begin():
         ^^^^^^^^^^^^
/opt/venv/lib/python3.12/site-packages/sqlalchemy/engine/util.py:147: in __exit__
    with util.safe_reraise():
         ^^^^^^^^^^^^^^^^^^^
/opt/venv/lib/python3.12/site-packages/sqlalchemy/util/langhelpers.py:122: in __exit__
    raise exc_value.with_traceback(exc_tb)
/opt/venv/lib/python3.12/site-packages/sqlalchemy/engine/util.py:145: in __exit__
    self.commit()
<string>:2: in commit
    ???
/opt/venv/lib/python3.12/site-packages/sqlalchemy/orm/state_changes.py:137: in _go
    ret_value = fn(self, *arg, **kw)
                ^^^^^^^^^^^^^^^^^^^^
/opt/venv/lib/python3.12/site-packages/sqlalchemy/orm/session.py:1316: in commit
    self._prepare_impl()
<string>:2: in _prepare_impl
    ???
/opt/venv/lib/python3.12/site-packages/sqlalchemy/orm/state_changes.py:137: in _go
    ret_value = fn(self, *arg, **kw)
                ^^^^^^^^^^^^^^^^^^^^
/opt/venv/lib/python3.12/site-packages/sqlalchemy/orm/session.py:1290: in _prepare_impl
    self.session.flush()
/opt/venv/lib/python3.12/site-packages/sqlalchemy/orm/session.py:4353: in flush
    self._flush(objects)
/opt/venv/lib/python3.12/site-packages/sqlalchemy/orm/session.py:4488: in _flush
    with util.safe_reraise():
         ^^^^^^^^^^^^^^^^^^^
/opt/venv/lib/python3.12/site-packages/sqlalchemy/util/langhelpers.py:122: in __exit__
    raise exc_value.with_traceback(exc_tb)
/opt/venv/lib/python3.12/site-packages/sqlalchemy/orm/session.py:4449: in _flush
    flush_context.execute()
/opt/venv/lib/python3.12/site-packages/sqlalchemy/orm/unitofwork.py:465: in execute
    rec.execute(self)
/opt/venv/lib/python3.12/site-packages/sqlalchemy/orm/unitofwork.py:641: in execute
    util.preloaded.orm_persistence.save_obj(
/opt/venv/lib/python3.12/site-packages/sqlalchemy/orm/persistence.py:86: in save_obj
    _emit_update_statements(
/opt/venv/lib/python3.12/site-packages/sqlalchemy/orm/persistence.py:913: in _emit_update_statements
    c = connection.execute(
/opt/venv/lib/python3.12/site-packages/sqlalchemy/engine/base.py:1421: in execute
    return meth(
/opt/venv/lib/python3.12/site-packages/sqlalchemy/sql/elements.py:526: in _execute_on_connection
    return connection._execute_clauseelement(
/opt/venv/lib/python3.12/site-packages/sqlalchemy/engine/base.py:1643: in _execute_clauseelement
    ret = self._execute_context(
/opt/venv/lib/python3.12/site-packages/sqlalchemy/engine/base.py:1848: in _execute_context
    return self._exec_single_context(
/opt/venv/lib/python3.12/site-packages/sqlalchemy/engine/base.py:1988: in _exec_single_context
    self._handle_dbapi_exception(
/opt/venv/lib/python3.12/site-packages/sqlalchemy/engine/base.py:2365: in _handle_dbapi_exception
    raise sqlalchemy_exception.with_traceback(exc_info[2]) from e
/opt/venv/lib/python3.12/site-packages/sqlalchemy/engine/base.py:1969: in _exec_single_context
    self.dialect.do_execute(
/opt/venv/lib/python3.12/site-packages/sqlalchemy/engine/default.py:952: in do_execute
    cursor.execute(statement, parameters)
_ _ _ _ _ _ _ _ _ _ _ _ _ _ _ _ _ _ _ _ _ _ _ _ _ _ _ _ _ _ _ _ _ _ _ _ _ _ _ _ 

self = <psycopg.Cursor [closed] [IDLE] (host=postgres user=partsignal database=partsignal_geo208_f0f8bbd203) at 0xf44b802c99d0>
query = 'UPDATE geo_collection_profiles SET revision=%(revision)s::INTEGER WHERE geo_collection_profiles.id = %(geo_collection_profiles_id)s::UUID'
params = {'geo_collection_profiles_id': UUID('e1e53caa-0db6-4e5d-81d7-f834efd1b169'), 'revision': 1}

    def execute(
        self,
        query: Query,
        params: Params | None = None,
        *,
        prepare: bool | None = None,
        binary: bool | None = None,
    ) -> Self:
        """
        Execute a query or command to the database.
        """
        try:
            with self._conn.lock:
                self._conn.wait(
                    self._execute_gen(query, params, prepare=prepare, binary=binary)
                )
        except e._NO_TRACEBACK as ex:
>           raise ex.with_traceback(None)
E           sqlalchemy.exc.IntegrityError: (psycopg.errors.CheckViolation) 有效配置变更revision必须恰好递增一次
E           CONTEXT:  PL/pgSQL function geo_guard_surface_configuration() line 49 at RAISE
E           [SQL: UPDATE geo_collection_profiles SET revision=%(revision)s::INTEGER WHERE geo_collection_profiles.id = %(geo_collection_profiles_id)s::UUID]
E           [parameters: {'revision': 1, 'geo_collection_profiles_id': UUID('e1e53caa-0db6-4e5d-81d7-f834efd1b169')}]
E           (Background on this error at: https://sqlalche.me/e/20/gkpj)

/opt/venv/lib/python3.12/site-packages/psycopg/cursor.py:117: IntegrityError
------------------------------ Captured log call -------------------------------
WARNING  partsignal.worker:geo_dispatch.py:46 GEO 投递失败 run_id=95d05272-5705-4e3a-aded-091445fdf1e7 error_type=ConnectionError
=========================== short test summary info ============================
FAILED tests/integration/test_geo_at_most_once.py::test_retry_rechecks_frozen_profile_and_current_eligibility[revision]
!!!!!!!!!!!!!!!!!!!!!!!!!! stopping after 1 failures !!!!!!!!!!!!!!!!!!!!!!!!!!!
1 failed, 16 passed in 4.07s

