 Image geo704-validation-backend-test Building 
#1 [internal] load local bake definitions
#1 reading from stdin 608B done
#1 DONE 0.0s

#2 [internal] load build definition from Dockerfile
#2 transferring dockerfile:
#2 transferring dockerfile: 594B done
#2 DONE 0.0s

#3 [internal] load metadata for docker.io/library/python:3.12-slim
#3 ...

#4 [auth] astral-sh/uv:pull token for ghcr.io
#4 DONE 0.0s

#5 [internal] load metadata for ghcr.io/astral-sh/uv:0.7.13
#5 DONE 1.8s

#3 [internal] load metadata for docker.io/library/python:3.12-slim
#3 DONE 2.0s

#6 [internal] load .dockerignore
#6 transferring context: 152B done
#6 DONE 0.0s

#7 FROM ghcr.io/astral-sh/uv:0.7.13@sha256:6c1e19020ec221986a210027040044a5df8de762eb36d5240e382bc41d7a9043
#7 resolve ghcr.io/astral-sh/uv:0.7.13@sha256:6c1e19020ec221986a210027040044a5df8de762eb36d5240e382bc41d7a9043 0.0s done
#7 DONE 0.0s

#8 [runtime 1/7] FROM docker.io/library/python:3.12-slim@sha256:02108f5d322dd89f1c9e552442c25acb0543dfdbc455693a5599624f20d9155d
#8 resolve docker.io/library/python:3.12-slim@sha256:02108f5d322dd89f1c9e552442c25acb0543dfdbc455693a5599624f20d9155d 0.0s done
#8 DONE 0.0s

#9 [internal] load build context
#9 transferring context: 863.30kB 0.0s done
#9 DONE 0.0s

#10 [runtime 4/7] COPY pyproject.toml uv.lock* ./
#10 CACHED

#11 [runtime 3/7] COPY --from=ghcr.io/astral-sh/uv:0.7.13 /uv /uvx /bin/
#11 CACHED

#12 [runtime 2/7] WORKDIR /app
#12 CACHED

#13 [runtime 5/7] RUN uv sync --no-dev --no-install-project
#13 CACHED

#14 [runtime 6/7] COPY . .
#14 DONE 0.1s

#15 [runtime 7/7] RUN uv sync --no-dev
#15 0.172 Resolved 88 packages in 4ms
#15 0.175    Building partsignal-backend @ file:///app
#15 3.412       Built partsignal-backend @ file:///app
#15 3.412 Prepared 1 package in 3.23s
#15 3.414 Installed 1 package in 2ms
#15 3.576 Bytecode compiled 2466 files in 161ms
#15 3.576  + partsignal-backend==0.1.0 (from file:///app)
#15 DONE 3.6s

#16 [test 1/1] RUN uv sync --all-extras
#16 0.075 Resolved 88 packages in 0.34ms
#16 0.928 Downloading pygments (1.2MiB)
#16 1.138 Downloading mypy (13.1MiB)
#16 1.138 Downloading ruff (10.5MiB)
#16 1.671  Downloading pygments
#16 2.611  Downloading ruff
#16 2.897  Downloading mypy
#16 2.897 Prepared 20 packages in 2.82s
#16 2.969 Installed 20 packages in 71ms
#16 3.525 Bytecode compiled 3437 files in 555ms
#16 3.525  + attrs==26.1.0
#16 3.525  + coverage==7.15.0
#16 3.525  + httpcore2==2.9.1
#16 3.525  + httpx2==2.9.1
#16 3.525  + iniconfig==2.3.0
#16 3.525  + jsonschema==4.26.0
#16 3.525  + jsonschema-specifications==2025.9.1
#16 3.525  + librt==0.13.0
#16 3.525  + mypy==1.20.2
#16 3.525  + mypy-extensions==1.1.0
#16 3.525  + pathspec==1.1.1
#16 3.525  + pluggy==1.6.0
#16 3.525  + pygments==2.20.0
#16 3.525  + pytest==8.4.2
#16 3.525  + pytest-cov==6.3.0
#16 3.525  + referencing==0.37.0
#16 3.525  + rpds-py==2026.6.3
#16 3.525  + ruff==0.15.21
#16 3.525  + truststore==0.10.4
#16 3.525  + types-pyyaml==6.0.12.20260518
#16 DONE 3.7s

#17 exporting to image
#17 exporting layers
#17 exporting layers 2.9s done
#17 exporting manifest sha256:3b542abcbdad6016762eb3ec009ad93e8f4da2280b65cd84dc8090e1e773b94f
#17 exporting manifest sha256:3b542abcbdad6016762eb3ec009ad93e8f4da2280b65cd84dc8090e1e773b94f done
#17 exporting config sha256:67b4505c942acacb28a96bcfe9779cde64581b9285f95c35dc0cc68a5734494a done
#17 exporting attestation manifest sha256:d13d59f96bdad9df166669eee448a1794aff3bd3f1eb6e97a19c88e17c33d7cc done
#17 exporting manifest list sha256:8ceac69619e8054ef2b312590ed6c2e65a7228b37f50a628f1c17c174280b639 done
#17 naming to docker.io/library/geo704-validation-backend-test:latest done
#17 unpacking to docker.io/library/geo704-validation-backend-test:latest
#17 unpacking to docker.io/library/geo704-validation-backend-test:latest 0.9s done
#17 DONE 3.8s

#18 resolving provenance for metadata file
#18 DONE 0.0s
 Image geo704-validation-backend-test Built 
