
> partsignal-frontend-v2@0.1.0 e2e
> tests/e2e/run-with-secret-scan.sh

[WebServer] (node:40298) Warning: The 'NO_COLOR' env is ignored due to the 'FORCE_COLOR' env being set.
[WebServer] (Use `node --trace-warnings ...` to show where the warning was created)
[WebServer] [plugin builtin:vite-reporter] 
[WebServer] (!) Some chunks are larger than 500 kB after minification. Consider:
[WebServer] - Using dynamic import() to code-split the application
[WebServer] - Use build.rolldownOptions.output.codeSplitting to improve chunking: https://rolldown.rs/reference/OutputOptions.codeSplitting
[WebServer] - Adjust chunk size limit for this warning via build.chunkSizeWarningLimit.
[WebServer] (node:40309) Warning: The 'NO_COLOR' env is ignored due to the 'FORCE_COLOR' env being set.
[WebServer] (Use `node --trace-warnings ...` to show where the warning was created)
[WebServer] (node:40331) Warning: The 'NO_COLOR' env is ignored due to the 'FORCE_COLOR' env being set.
[WebServer] (Use `node --trace-warnings ...` to show where the warning was created)

Running 546 tests using 1 worker

  -    1 [foundation-mobile] › tests/e2e/ai-channel-configuration-real-stack.spec.ts:206:1 › AI Channel Configuration 真实栈闭环
(node:40335) Warning: The 'NO_COLOR' env is ignored due to the 'FORCE_COLOR' env being set.
(Use `node --trace-warnings ...` to show where the warning was created)
  ✓    2 [foundation-mobile] › tests/e2e/ai-channel-list.spec.ts:3:1 › AI Channel List 由安全 GET projection 驱动 canonical URL、筛选与分页 (1.1s)
  ✓    3 [foundation-mobile] › tests/e2e/ai-channel-list.spec.ts:36:1 › AI Channel List 恢复历史并生成未来 Workspace href (322ms)
  ✓    4 [foundation-mobile] › tests/e2e/ai-channel-list.spec.ts:55:1 › AI Channel List 发送三类 revision command，冲突不自动重放 (2.7s)
  ✓    5 [foundation-mobile] › tests/e2e/ai-channel-list.spec.ts:97:1 › AI Channel List 删除 409 被动列表不解冻，显式刷新失败仍保留冲突 (807ms)
  ✓    6 [foundation-mobile] › tests/e2e/ai-channel-list.spec.ts:117:1 › AI Channel List 删除成功后列表刷新失败也不恢复旧行 (662ms)
  ✓    7 [foundation-mobile] › tests/e2e/ai-channel-list.spec.ts:132:1 › AI Channel List 管理员边界、移动响应式和敏感字段边界成立 (311ms)
  ✓    8 [foundation-mobile] › tests/e2e/ai-channel-workspace-models.spec.ts:3:1 › Models 完成发现、创建、冲突 reload、测试、启停与删除闭环 (2.5s)
  ✓    9 [foundation-mobile] › tests/e2e/ai-channel-workspace-models.spec.ts:70:1 › 模型命令先采用 canonical，deferred/reject refresh 只读重试且不重发 (554ms)
  ✓   10 [foundation-mobile] › tests/e2e/ai-channel-workspace-models.spec.ts:103:1 › discovery 409 关闭重开仍冻结，成功 channel reload 后拒绝未知 projection (1.0s)
  ✓   11 [foundation-mobile] › tests/e2e/ai-channel-workspace-models.spec.ts:136:1 › dirty 配置进入 Models 需确认，确认后卸载表单且四档宽度无根溢出 (472ms)
  ✓   12 [foundation-mobile] › tests/e2e/ai-channel-workspace-runtime.spec.ts:9:1 › Usage canonical URL、服务端 period 与 history 恢复一致 (362ms)
  ✓   13 [foundation-mobile] › tests/e2e/ai-channel-workspace-runtime.spec.ts:40:1 › Channel 与 Model Runtime 主任务进入真实 Usage (354ms)
  ✓   14 [foundation-mobile] › tests/e2e/ai-channel-workspace-runtime.spec.ts:56:1 › Logs 保持服务端分页和 actor，详情按需读取且未知 shape 显式失败 (659ms)
  ✓   15 [foundation-mobile] › tests/e2e/ai-channel-workspace-runtime.spec.ts:114:1 › Runtime 局部错误、越界恢复与四档根溢出边界成立 (293ms)
  -   16 [foundation-mobile] › tests/e2e/catalog-real-stack.spec.ts:50:1 › 从已批准事实的 Product 建立唯一监测身份、竞品和字典，刷新及 ENGINEER 只读
  ✓   17 [foundation-mobile] › tests/e2e/catalog-ui.spec.ts:17:1 › Catalog 页面局部滚动、URL 恢复、键盘确认与焦点返回 (597ms)
  ✓   18 [foundation-mobile] › tests/e2e/catalog-ui.spec.ts:50:1 › ENGINEER 直接访问只读详情及 new URL，无配置入口或写操作 (261ms)
  -   19 [foundation-mobile] › tests/e2e/content-ai-real-stack.spec.ts:269:1 › AI Production：成功、自然化、失败详情与 exact snapshot retry
  ✓   20 [foundation-mobile] › tests/e2e/content-editor.spec.ts:6:1 › 从 List/Detail primary 进入 canonical Editor，direct/refresh 只读取 Editor Context (670ms)
  ✓   21 [foundation-mobile] › tests/e2e/content-editor.spec.ts:26:1 › no-draft 创建完整人工首稿，不创建 AI lineage，并携带 CSRF (382ms)
  ✓   22 [foundation-mobile] › tests/e2e/content-editor.spec.ts:60:1 › AI generation 按需确认 Prompt/model，terminal 后采用服务端 current pointer (3.0s)
  ✓   23 [foundation-mobile] › tests/e2e/content-editor.spec.ts:94:1 › generation failure 按需读取完整 snapshot，并只按原 job retry (5.7s)
  ✓   24 [foundation-mobile] › tests/e2e/content-editor.spec.ts:128:1 › HUMAN DRAFT DirtyGuard、Preview/Diff 与 Ctrl/Cmd+S 使用 canonical revision (990ms)
  ✓   25 [foundation-mobile] › tests/e2e/content-editor.spec.ts:171:1 › DirtyGuard 覆盖浏览器 Back/Forward，确认离开后丢弃本地草稿 (539ms)
  ✓   26 [foundation-mobile] › tests/e2e/content-editor.spec.ts:188:1 › AI DRAFT 保持源版本只读，显示 snapshot 摘要并创建 based_on 人工 revision (349ms)
  ✓   27 [foundation-mobile] › tests/e2e/content-editor.spec.ts:217:1 › CREATE_HUMANIZATION_JOB 创建新 job/版本，源 AI DRAFT 保持只读 (3.0s)
  ✓   28 [foundation-mobile] › tests/e2e/content-editor.spec.ts:240:1 › CHANGES_REQUESTED 不原地编辑，创建 based_on 人工 revision (268ms)
  ✓   29 [foundation-mobile] › tests/e2e/content-editor.spec.ts:256:1 › 409 保留本地输入和请求 ID，只在显式 reload 后采用服务端版本 (405ms)
  ✓   30 [foundation-mobile] › tests/e2e/content-editor.spec.ts:275:1 › SUBMIT_REVIEW 409 保留 Dialog 与本地输入，失败 reload 不采用旧 cache，成功后采用 canonical context (694ms)
  ✓   31 [foundation-mobile] › tests/e2e/content-editor.spec.ts:332:1 › SUBMIT_REVIEW 冲突后取消只关闭 Dialog，不读不写并保留页面冲突 (453ms)
  ✓   32 [foundation-mobile] › tests/e2e/content-editor.spec.ts:356:1 › dirty 必须先保存再提交审核，提交后停留 Editor 且不暴露 Review actions (629ms)
  ✓   33 [foundation-mobile] › tests/e2e/content-editor.spec.ts:382:1 › DELETE 只物理删除人工草稿，并采用服务端恢复的父版本主线 (491ms)
  ✓   34 [foundation-mobile] › tests/e2e/content-editor.spec.ts:401:1 › ABANDON 保留历史且只采用服务端返回的新主线 (406ms)
  ✓   35 [foundation-mobile] › tests/e2e/content-editor.spec.ts:421:1 › 375/768/1024/1440 复用 Workspace 响应式、键盘焦点且 StickyActionBar 不遮挡正文 (315ms)
  ✓   36 [foundation-mobile] › tests/e2e/content-editor.spec.ts:450:1 › 后台主线变化保留 dirty 草稿与提交备注，显式重载才采用新主线 (419ms)
  ✓   37 [foundation-mobile] › tests/e2e/content-editor.spec.ts:476:1 › AI terminal 保留生成期间编辑的人工首稿 (3.1s)
  -   38 [foundation-mobile] › tests/e2e/content-review-real-stack.spec.ts:200:1 › Flow A：人工内容批准后进入只读版本并出现发布交接
  -   39 [foundation-mobile] › tests/e2e/content-review-real-stack.spec.ts:293:1 › Flow B：退回后创建 HUMAN revision，重新送审批准且历史不串线
  ✓   40 [foundation-mobile] › tests/e2e/content-review.spec.ts:6:1 › direct URL、refresh、Back 与 Forward 始终读取 task-scoped Review Context (647ms)
  ✓   41 [foundation-mobile] › tests/e2e/content-review.spec.ts:33:1 › 一次快照展示 canonical、blocking/warnings、fact、platform、diff 与 timeline (235ms)
  ✓   42 [foundation-mobile] › tests/e2e/content-review.spec.ts:53:3 › approved 状态只读且不从 status 推导审核动作 (185ms)
  ✓   43 [foundation-mobile] › tests/e2e/content-review.spec.ts:53:3 › changes-requested 状态只读且不从 status 推导审核动作 (253ms)
  ✓   44 [foundation-mobile] › tests/e2e/content-review.spec.ts:53:3 › readonly 状态只读且不从 status 推导审核动作 (186ms)
  ✓   45 [foundation-mobile] › tests/e2e/content-review.spec.ts:62:1 › APPROVE 携带 CSRF/expected_revision，成功后重新读取 canonical state (279ms)
  ✓   46 [foundation-mobile] › tests/e2e/content-review.spec.ts:82:1 › REQUEST_CHANGES 校验并修剪意见，Esc 后焦点返回真实触发器 (748ms)
  ✓   47 [foundation-mobile] › tests/e2e/content-review.spec.ts:114:1 › 409 保留用户输入和 request ID，刷新 canonical context 且不自动重放 (393ms)
  ✓   48 [foundation-mobile] › tests/e2e/content-review.spec.ts:132:1 › 结构化 422 回到意见字段并保留输入 (383ms)
  ✓   49 [foundation-mobile] › tests/e2e/content-review.spec.ts:146:1 › loading 完成后展示 canonical 页面 (186ms)
  ✓   50 [foundation-mobile] › tests/e2e/content-review.spec.ts:154:1 › error 展示 request ID，显式 retry 后恢复 (277ms)
  ✓   51 [foundation-mobile] › tests/e2e/content-review.spec.ts:164:1 › 375/1440 使用既有 WorkspaceShell 响应式形态 (183ms)
  -   52 [foundation-mobile] › tests/e2e/content-review.spec.ts:178:1 › 768/1024 保持 tabbed workspace 且内容无水平溢出
  ✓   53 [foundation-mobile] › tests/e2e/content-task-detail.spec.ts:7:1 › 从 Content Task List 进入，页面只以单一 Detail endpoint 绘制完整摘要 (325ms)
  ✓   54 [foundation-mobile] › tests/e2e/content-task-detail.spec.ts:25:1 › direct navigation、refresh、Back/Forward 保持 canonical Detail route (352ms)
  ✓   55 [foundation-mobile] › tests/e2e/content-task-detail.spec.ts:38:1 › compact section 没有数据时显式显示“暂无”，不触发 join API (145ms)
  ✓   56 [foundation-mobile] › tests/e2e/content-task-detail.spec.ts:46:1 › 服务端 primary_task 与 lifecycle overflow 生效，409 不重放并 canonical refetch (608ms)
  ✓   57 [foundation-mobile] › tests/e2e/content-task-detail.spec.ts:63:1 › loading、404、403 与 generic retry 都有明确状态 (649ms)
  ✓   58 [foundation-mobile] › tests/e2e/content-task-detail.spec.ts:89:1 › archived verified 与 cancelled Detail 明确只读，保留服务端 primary (330ms)
  ✓   59 [foundation-mobile] › tests/e2e/content-task-detail.spec.ts:103:1 › 375/768/1024/1440 无根横溢出，overflow 可键盘操作并返回焦点 (598ms)
  ✓   60 [foundation-mobile] › tests/e2e/content-task-list.spec.ts:5:1 › Content Tasks 由服务端 projection 驱动固定列、链接、搜索、筛选与分页 (663ms)
  ✓   61 [foundation-mobile] › tests/e2e/content-task-list.spec.ts:49:1 › Content Tasks URL 支持 direct、refresh、Back/Forward，并规范化非法参数 (429ms)
  ✓   62 [foundation-mobile] › tests/e2e/content-task-list.spec.ts:68:1 › Query Topic 两类 resolve URL 成对映射服务端筛选并可清除 (197ms)
  ✓   63 [foundation-mobile] › tests/e2e/content-task-list.spec.ts:79:1 › Content lifecycle 使用服务端 token、CSRF、comment 和 revision，409 不重放 (1.1s)
  ✓   64 [foundation-mobile] › tests/e2e/content-task-list.spec.ts:113:1 › 已归档视图使用实时永久删除 preview 和精确确认文本 (641ms)
  ✓   65 [foundation-mobile] › tests/e2e/content-task-list.spec.ts:135:1 › Content Tasks 明确呈现 loading、empty、filtered empty、error 与 retry (588ms)
  ✓   66 [foundation-mobile] › tests/e2e/content-task-list.spec.ts:157:1 › Content Tasks 在目标宽度无页面级横向溢出，键盘与 Dialog 焦点可恢复 (347ms)
  -   67 [foundation-mobile] › tests/e2e/content-version-detail-real-stack.spec.ts:135:1 › 独立真实栈：单一 detail GET 读取 HUMAN 当前版本且页面无写入口
  ✓   68 [foundation-mobile] › tests/e2e/content-version-detail.spec.ts:11:1 › 从 Content Task 以键盘进入只读详情，refresh 与 Back/Forward 保持单一 detail 数据边界 (585ms)
  ✓   69 [foundation-mobile] › tests/e2e/content-version-detail.spec.ts:67:1 › HUMAN/AI 与六种 status、当前和历史版本都不生成业务动作 (782ms)
  ✓   70 [foundation-mobile] › tests/e2e/content-version-detail.spec.ts:100:1 › 缺失 Prompt/model/generation/review snapshot 与更新时间时显示诚实空态 (189ms)
  ✓   71 [foundation-mobile] › tests/e2e/content-version-detail.spec.ts:130:1 › 覆盖 loading、404、403、通用错误与 retry (630ms)
  ✓   72 [foundation-mobile] › tests/e2e/fact-history.spec.ts:12:1 › VIEW_FACT_HISTORY 进入 canonical 列表，保持服务端顺序、URL 历史与只读详情导航 (707ms)
  ✓   73 [foundation-mobile] › tests/e2e/fact-history.spec.ts:58:1 › direct navigation 覆盖 loading、empty、404、403、通用错误与 retry (796ms)
  ✓   74 [foundation-mobile] › tests/e2e/fact-history.spec.ts:89:1 › 历史响应包含其他产品版本时阻断整张表 (155ms)
  ✓   75 [foundation-mobile] › tests/e2e/fact-history.spec.ts:104:1 › 事实历史在四档宽度无页面级横向溢出，表格区和版本链接可获得焦点 (169ms)
  ✓   76 [foundation-mobile] › tests/e2e/fact-review.spec.ts:16:1 › direct/refresh 只读一个审核 context，展示不可变 Markdown、Diff、历史并适配四档宽度 (353ms)
  ✓   77 [foundation-mobile] › tests/e2e/fact-review.spec.ts:53:1 › APPROVE 使用服务端 token、CSRF 与 expected_revision，成功后刷新 canonical context (592ms)
  ✓   78 [foundation-mobile] › tests/e2e/fact-review.spec.ts:81:1 › REQUEST_CHANGES 不从 status 推导动作，拒绝空意见并追加目标版本历史 (522ms)
  ✓   79 [foundation-mobile] › tests/e2e/fact-review.spec.ts:113:1 › 409 不重放命令，展示 request ID 并刷新最新 revision (388ms)
  ✓   80 [foundation-mobile] › tests/e2e/fact-review.spec.ts:144:1 › 覆盖 loading、empty、404、403、通用错误与 retry (709ms)
  ✓   81 [foundation-mobile] › tests/e2e/fact-version-detail.spec.ts:19:1 › 从 Product Detail 以键盘进入只读详情，refresh 保持单一 FactVersion 数据边界并适配四档宽度 (406ms)
  ✓   82 [foundation-mobile] › tests/e2e/fact-version-detail.spec.ts:66:1 › direct navigation 展示 approved、pending、changes requested，并保持返回导航与阅读焦点顺序 (411ms)
  ✓   83 [foundation-mobile] › tests/e2e/fact-version-detail.spec.ts:112:1 › productId 与 FactVersion.product_id 不一致时阻断全部 snapshot 内容 (171ms)
  ✓   84 [foundation-mobile] › tests/e2e/fact-version-detail.spec.ts:130:1 › 覆盖 loading、404、403、通用错误与 retry (597ms)
  ✓   85 [foundation-mobile] › tests/e2e/fact-workspace.spec.ts:16:1 › direct/refresh 只读取一个 workspace read model，并适配 375/768/1024/1440 (386ms)
  ✓   86 [foundation-mobile] › tests/e2e/fact-workspace.spec.ts:46:1 › DirtyGuard 保留编辑，Ctrl/Cmd+S 携带 CSRF/expected_revision 并采用 canonical response (518ms)
  ✓   87 [foundation-mobile] › tests/e2e/fact-workspace.spec.ts:73:1 › revision conflict 保留本地 Markdown，只有显式 reload 才采用服务端版本 (397ms)
  ✓   88 [foundation-mobile] › tests/e2e/fact-workspace.spec.ts:93:1 › 提交创建 PENDING_REVIEW 响应后停留工作台，并以 refetch actions 隐藏提交 (401ms)
  ✓   89 [foundation-mobile] › tests/e2e/fact-workspace.spec.ts:115:1 › 提交时 revision conflict 保留当前工作台并显示请求 ID (436ms)
  ✓   90 [foundation-mobile] › tests/e2e/fact-workspace.spec.ts:132:1 › 覆盖 loading、空 Markdown、预期错误、retry 与 RETIRED 只读状态 (632ms)
  ✓   91 [foundation-mobile] › tests/e2e/foundation-smoke.spec.ts:3:1 › production artifact 支持 App Shell 与响应式导航 (352ms)
  ✓   92 [foundation-mobile] › tests/e2e/geo-insights.spec.ts:6:1 › direct URL 映射筛选并完整呈现 read model、替代数据和精确 drill-down (227ms)
  ✓   93 [foundation-mobile] › tests/e2e/geo-insights.spec.ts:27:1 › 筛选写回 canonical URL，reset 与浏览器历史恢复 (483ms)
  ✓   94 [foundation-mobile] › tests/e2e/geo-insights.spec.ts:41:1 › loading、首次错误重试与 empty/unavailable 状态彼此区分 (507ms)
  ✓   95 [foundation-mobile] › tests/e2e/geo-insights.spec.ts:62:1 › 优化 Dialog 按需读取 options，以响应 ID 导航并携带稳定命令头 (664ms)
  ✓   96 [foundation-mobile] › tests/e2e/geo-insights.spec.ts:80:1 › 优化 POST pending 时取消、Escape 与外点都不能重建命令会话 (559ms)
  ✓   97 [foundation-mobile] › tests/e2e/geo-insights.spec.ts:100:1 › stale/409 不自动重放，保留选择并要求显式刷新 (769ms)
  ✓   98 [foundation-mobile] › tests/e2e/geo-insights.spec.ts:127:1 › stale 刷新后来源消失仍保留目标与 request ID，并禁止再次 POST (598ms)
  ✓   99 [foundation-mobile] › tests/e2e/geo-insights.spec.ts:144:1 › 后台撤销优化来源或创建选项失败时旧选择可见但不能提交 (623ms)
  ✓  100 [foundation-mobile] › tests/e2e/geo-insights.spec.ts:177:1 › 后台创建选项撤销已批准事实版本后阻止旧目标 POST (643ms)
  ✓  101 [foundation-mobile] › tests/e2e/geo-insights.spec.ts:195:1 › 打印报告使用相同查询，只呈现只读数据并调用浏览器打印 (260ms)
  ✓  102 [foundation-mobile] › tests/e2e/geo-insights.spec.ts:257:1 › Screen 打印入口完整保留七项筛选并支持浏览器历史 (294ms)
  ✓  103 [foundation-mobile] › tests/e2e/geo-insights.spec.ts:270:1 › 打印报告规范化参数，并区分 loading、error、empty 与 unavailable (492ms)
  ✓  104 [foundation-mobile] › tests/e2e/geo-observation-correction.spec.ts:48:1 › 从 Detail CORRECT 入口进入，历史 ID 先 replace 到服务端 canonical 尾 (654ms)
  ✓  105 [foundation-mobile] › tests/e2e/geo-observation-correction.spec.ts:81:1 › 校验显式事实；上传失败只重试 complete，POST 防重复并按响应 ID 交接 (1.2s)
  ✓  106 [foundation-mobile] › tests/e2e/geo-observation-correction.spec.ts:161:5 › 更正冲突 › publication-conflict 不重放；显式刷新按 ID 合并草稿、证据和新尾 (1.6s)
  ✓  107 [foundation-mobile] › tests/e2e/geo-observation-correction.spec.ts:161:5 › 更正冲突 › successor-conflict 不重放；显式刷新按 ID 合并草稿、证据和新尾 (1.6s)
  ✓  108 [foundation-mobile] › tests/e2e/geo-observation-correction.spec.ts:212:1 › successor 后显式上下文刷新失败仍冻结旧尾并保留草稿与 request ID (944ms)
  ✓  109 [foundation-mobile] › tests/e2e/geo-observation-correction.spec.ts:240:1 › 链上下文不完整后禁止重放，显式 GET 失败也不能用缓存旧数据解冻 (875ms)
  ✓  110 [foundation-mobile] › tests/e2e/geo-observation-correction.spec.ts:264:1 › upload complete 悬停跨布局时阻止 POST，成功后仅提交新证据 (939ms)
  ✓  111 [foundation-mobile] › tests/e2e/geo-observation-correction.spec.ts:290:1 › 空白草稿开始上传后，离开仍需确认 (609ms)
  ✓  112 [foundation-mobile] › tests/e2e/geo-observation-correction.spec.ts:309:1 › 后台读取撤销更正资格后冻结旧上下文与写入入口 (761ms)
  ✓  113 [foundation-mobile] › tests/e2e/geo-observation-correction.spec.ts:328:1 › loading、404、403、Legacy 与提交时权限变化均明确且保留输入 (2.6s)
  ✓  114 [foundation-mobile] › tests/e2e/geo-observation-correction.spec.ts:363:1 › DirtyGuard、键盘主动作与 375/768/1024/1440 布局可达 (505ms)
  ✓  115 [foundation-mobile] › tests/e2e/geo-observation-detail.spec.ts:8:1 › List 进入 Detail，direct URL、refresh、Back 和 Forward 保持 canonical route (411ms)
  ✓  116 [foundation-mobile] › tests/e2e/geo-observation-detail.spec.ts:28:1 › Manual 一次请求展示 selected record、完整 chain、direct evidence 和 tail actions (723ms)
  ✓  117 [foundation-mobile] › tests/e2e/geo-observation-detail.spec.ts:77:1 › Legacy 只展示合同真实存在的 recommendation、citation 与 frozen article (157ms)
  ✓  118 [foundation-mobile] › tests/e2e/geo-observation-detail.spec.ts:93:1 › loading、409、retry 与 contract error 均不回退到旧 GET (261ms)
  ✓  119 [foundation-mobile] › tests/e2e/geo-observation-detail.spec.ts:112:1 › 404、403 和普通读取失败明确展示错误，不使用旧单条 GET (675ms)
  ✓  120 [foundation-mobile] › tests/e2e/geo-observation-detail.spec.ts:130:1 › 删除确认期间后台撤销尾节点动作，确认禁用且焦点回到标题 (617ms)
  ✓  121 [foundation-mobile] › tests/e2e/geo-observation-detail.spec.ts:150:1 › DELETE 409 冻结旧确认，显式重载后需重新打开并人工确认 (1.3s)
  ✓  122 [foundation-mobile] › tests/e2e/geo-observation-detail.spec.ts:179:1 › 375/768/1024/1440 无根级横向溢出且键盘可达 (172ms)
  ✓  123 [foundation-mobile] › tests/e2e/geo-observations.spec.ts:5:1 › 八列紧凑列表只提供 canonical links 和服务端投影动作 (230ms)
  ✓  124 [foundation-mobile] › tests/e2e/geo-observations.spec.ts:31:1 › URL 参数逐项映射 API，支持排序、分页和 canonical replace (763ms)
  ✓  125 [foundation-mobile] › tests/e2e/geo-observations.spec.ts:77:1 › Query Topic resolve URL 精确映射服务端筛选并可清除 (184ms)
  ✓  126 [foundation-mobile] › tests/e2e/geo-observations.spec.ts:86:1 › loading、empty、filtered-empty、error 与 retry 诚实可见 (581ms)
  ✓  127 [foundation-mobile] › tests/e2e/geo-observations.spec.ts:108:1 › 键盘 Dialog 返回焦点，删除只发送一次且携带 CSRF (745ms)
  ✓  128 [foundation-mobile] › tests/e2e/geo-observations.spec.ts:130:1 › 375/768/1024/1440 页面根无横向溢出，表格只在区域内滚动 (163ms)
  ✓  129 [foundation-mobile] › tests/e2e/geo-observations.spec.ts:147:1 › 确认删除期间背景移除行仍保留 Dialog，取消后焦点回到标题 (642ms)
  -  130 [foundation-mobile] › tests/e2e/geo-real-stack.spec.ts:327:1 › Flow A：新建 Observation 后追加 Correction，原记录保持不可变
  -  131 [foundation-mobile] › tests/e2e/geo-real-stack.spec.ts:542:1 › Flow B：真实 Insights 复算异常并创建带不可变 GEO 来源的优化任务
  ✓  132 [foundation-mobile] › tests/e2e/geo-topics.spec.ts:5:1 › 五列只消费服务端动作，primary 携带 canonical handoff，引用链接精确可解析 (526ms)
  ✓  133 [foundation-mobile] › tests/e2e/geo-topics.spec.ts:48:1 › 引用 Dialog 从当前 exact list projection 实时更新 (361ms)
  ✓  134 [foundation-mobile] › tests/e2e/geo-topics.spec.ts:72:1 › 删除 Dialog 按最新 blocker/资格原位切换，并以最新 revision 确认 (501ms)
  ✓  135 [foundation-mobile] › tests/e2e/geo-topics.spec.ts:125:1 › 删除确认在 exact list fetching/error/目标消失时保持阻断 (392ms)
  ✓  136 [foundation-mobile] › tests/e2e/geo-topics.spec.ts:172:1 › 搜索、排序、分页进入 URL/API，direct、refresh、Back/Forward 保持 canonical (709ms)
  ✓  137 [foundation-mobile] › tests/e2e/geo-topics.spec.ts:204:1 › loading、empty、filtered-empty、error/retry 与四档根宽度状态诚实 (584ms)
  ✓  138 [foundation-mobile] › tests/e2e/geo-topics.spec.ts:237:1 › 创建与更新携带 CSRF/revision；409 保留草稿并只在显式 reload 后恢复 (1.1s)
  ✓  139 [foundation-mobile] › tests/e2e/geo-topics.spec.ts:323:1 › DELETE 只对服务端允许的行出现，确认后只发送一次 expected_revision (786ms)
  ✓  140 [foundation-mobile] › tests/e2e/geo-topics.spec.ts:350:1 › DELETE 409 不自动重放，显式 reload revision 后才允许再次确认 (747ms)
  ✓  141 [foundation-mobile] › tests/e2e/geo-topics.spec.ts:403:1 › DELETE 引用竞态显示服务端最新类型、数量和 canonical resolve links (500ms)
  ✓  142 [foundation-mobile] › tests/e2e/legacy-routing.spec.ts:10:1 › 全部登记 legacy pathname 进入唯一 canonical pathname (2.4s)
  ✓  143 [foundation-mobile] › tests/e2e/legacy-routing.spec.ts:39:1 › query 白名单、workspace 与 Publishing 优先级写入 canonical URL (1.0s)
  ✓  144 [foundation-mobile] › tests/e2e/legacy-routing.spec.ts:71:1 › replace 保留 refresh、Back 与 Forward 的 canonical 历史 (286ms)
  ✓  145 [foundation-mobile] › tests/e2e/legacy-routing.spec.ts:83:1 › 匿名 legacy deep link 登录后恢复并归一化，恶意 return-to 回安全默认 (430ms)
  ✓  146 [foundation-mobile] › tests/e2e/legacy-routing.spec.ts:103:1 › must-change 与 ENGINEER 权限由既有 boundary 裁决 (259ms)
  ✓  147 [foundation-mobile] › tests/e2e/legacy-routing.spec.ts:114:1 › 未知 path 显式 404，canonical 资源错误保留，Product Detail 保持 Facts 入口 (360ms)
  ✓  148 [foundation-mobile] › tests/e2e/new-content-task.spec.ts:27:1 › Content Task List Page Primary 进入可直达、刷新的三字段创建页 (367ms)
  ✓  149 [foundation-mobile] › tests/e2e/new-content-task.spec.ts:50:1 › Product Detail CREATE_CONTENT_TASK handoff 进入 URL 并经服务端资格确认后预选 (301ms)
  ✓  150 [foundation-mobile] › tests/e2e/new-content-task.spec.ts:65:1 › productId direct/refresh/Back/Forward 恢复，非法、不存在、停用和无事实都不静默改选 (2.6s)
  ✓  151 [foundation-mobile] › tests/e2e/new-content-task.spec.ts:120:1 › Product 只显示所属 approved facts，换 Product 清除旧事实，Platform 只显示活动具体平台 (1.1s)
  ✓  152 [foundation-mobile] › tests/e2e/new-content-task.spec.ts:141:1 › POST 发送精确 ContentTaskCreate 与稳定 Idempotency-Key，pending 防重，成功进入 canonical Detail (1.2s)
  ✓  153 [foundation-mobile] › tests/e2e/new-content-task.spec.ts:172:1 › 失败保留选择与同键重试，字段错误、403/404/409 与 IDEMPOTENCY_CONFLICT 显示 request ID (1.2s)
  ✓  154 [foundation-mobile] › tests/e2e/new-content-task.spec.ts:208:1 › options loading/error/retry/empty 均有明确恢复路径 (342ms)
  ✓  155 [foundation-mobile] › tests/e2e/new-content-task.spec.ts:225:1 › DirtyGuard 覆盖 Cancel (1.3s)
  ✓  156 [foundation-mobile] › tests/e2e/new-content-task.spec.ts:244:1 › DirtyGuard 覆盖浏览器 Back (673ms)
  ✓  157 [foundation-mobile] › tests/e2e/new-content-task.spec.ts:256:1 › 创建页在 375/768/1024/1440 无页面横溢出，键盘可选择且焦点可见 (371ms)
  ✓  158 [foundation-mobile] › tests/e2e/new-geo-observation.spec.ts:62:1 › 列表 Primary、直接访问和刷新都进入 canonical 创建 Workspace (414ms)
  ✓  159 [foundation-mobile] › tests/e2e/new-geo-observation.spec.ts:76:1 › queryTopicId 与 geoPlatform handoff 支持 direct URL 与刷新，不存在 Topic 时明确阻止提交 (436ms)
  ✓  160 [foundation-mobile] › tests/e2e/new-geo-observation.spec.ts:99:1 › 候选 loading 诚实可见且阻止创建 (489ms)
  ✓  161 [foundation-mobile] › tests/e2e/new-geo-observation.spec.ts:111:1 › 候选 empty 提供可用出口且阻止创建 (454ms)
  ✓  162 [foundation-mobile] › tests/e2e/new-geo-observation.spec.ts:124:1 › 客户端校验显式事实；上传后 POST 防重复并 canonical handoff (2.5s)
  ✓  163 [foundation-mobile] › tests/e2e/new-geo-observation.spec.ts:186:1 › 证据 complete 未结束且跨布局时不能创建，完成后才提交附件 (2.3s)
  ✓  164 [foundation-mobile] › tests/e2e/new-geo-observation.spec.ts:212:1 › 空白表单上传期间离开需确认，保留上传后可继续校验 (671ms)
  ✓  165 [foundation-mobile] › tests/e2e/new-geo-observation.spec.ts:236:1 › 候选冲突不重放创建，显式刷新后保留输入并允许人工重试 (2.3s)
  ✓  166 [foundation-mobile] › tests/e2e/new-geo-observation.spec.ts:256:1 › DirtyGuard 覆盖 Cancel，Back/Forward 可恢复 canonical 页面；四档宽度无溢出 (1.3s)
  ✓  167 [foundation-mobile] › tests/e2e/new-product.spec.ts:11:1 › Products 唯一 page Primary 进入可直达、刷新并保持导航上下文的新建页 (356ms)
  ✓  168 [foundation-mobile] › tests/e2e/new-product.spec.ts:27:1 › 客户端阻止必填和纯空白请求，并关联字段说明、错误与 ErrorSummary (188ms)
  ✓  169 [foundation-mobile] › tests/e2e/new-product.spec.ts:42:1 › POST 使用 trim body 与 CSRF，pending 防重复，成功清除 DirtyGuard 并使列表重新获取 (357ms)
  ✓  170 [foundation-mobile] › tests/e2e/new-product.spec.ts:70:1 › duplicate、字段校验与 forbidden 使用结构化位置/form summary，修正后可重试 (470ms)
  ✓  171 [foundation-mobile] › tests/e2e/new-product.spec.ts:102:1 › dirty Cancel 与浏览器返回均支持留在页面或确认离开 (995ms)
  ✓  172 [foundation-mobile] › tests/e2e/new-product.spec.ts:128:1 › 新建页在 375/1440 无页面级横向溢出，键盘可达且焦点可见 (182ms)
  ✓  173 [foundation-mobile] › tests/e2e/platform-list.spec.ts:3:1 › Platform List 由 GET projection 驱动搜索、筛选、分页与 canonical URL (756ms)
  ✓  174 [foundation-mobile] › tests/e2e/platform-list.spec.ts:40:1 › Platform List 刷新与历史恢复搜索状态，名称点击交接 canonical Workspace (364ms)
  ✓  175 [foundation-mobile] › tests/e2e/platform-list.spec.ts:59:1 › Platform List 呈现服务端 Primary、overflow、删除条件与 revision command (735ms)
  ✓  176 [foundation-mobile] › tests/e2e/platform-list.spec.ts:85:1 › Platform Profile 删除 Dialog 在 focus projection 更新后禁止陈旧提交并使用最新 revision (507ms)
  ✓  177 [foundation-mobile] › tests/e2e/platform-list.spec.ts:124:1 › Platform List 删除已接受但列表同步失败时冻结旧行，显式刷新后不重复删除 (641ms)
  ✓  178 [foundation-mobile] › tests/e2e/platform-list.spec.ts:142:1 › Platform List 删除 409 关闭重开后仍需显式成功重读 (929ms)
  ✓  179 [foundation-mobile] › tests/e2e/platform-list.spec.ts:165:1 › Platform List 删除末页唯一行后返回上一页并恢复命令 (566ms)
  ✓  180 [foundation-mobile] › tests/e2e/platform-list.spec.ts:190:1 › Platform List 在 375/768/1024/1440 无页面级横向溢出且移动端动作可达 (200ms)
  ✓  181 [foundation-mobile] › tests/e2e/platform-types.spec.ts:5:1 › 从 Platform Settings 与 Workspace 进入 subsettings，支持 direct/refresh/back/forward (697ms)
  ✓  182 [foundation-mobile] › tests/e2e/platform-types.spec.ts:34:1 › 创建、编辑和删除只提交 Name、Slug、CSRF 与 canonical revision (1.2s)
  ✓  183 [foundation-mobile] › tests/e2e/platform-types.spec.ts:85:1 › blocker、编辑冲突和删除冲突均保留服务端权威与显式 reload (1.6s)
  ✓  184 [foundation-mobile] › tests/e2e/platform-types.spec.ts:139:1 › Platform Type 删除 Dialog 重新聚焦后采用最新 projection 与 revision (454ms)
  ✓  185 [foundation-mobile] › tests/e2e/platform-types.spec.ts:163:1 › 非管理员由 route 在业务请求前拒绝 (150ms)
  ✓  186 [foundation-mobile] › tests/e2e/platform-types.spec.ts:171:1 › error retry 与 375/768/1024/1440 production artifact 均保持四字段和动作可达 (267ms)
  ✓  187 [foundation-mobile] › tests/e2e/platform-workspace.spec.ts:5:1 › Platform List 进入 canonical Workspace，Tab URL 支持 refresh/back/forward (1.1s)
  ✓  188 [foundation-mobile] › tests/e2e/platform-workspace.spec.ts:43:1 › Overview 取消与保存只发送单个 revision PATCH，官网候选确认后才绑定 (409ms)
  ✓  189 [foundation-mobile] › tests/e2e/platform-workspace.spec.ts:82:1 › Logo 手工上传只接受图片并通过 PLATFORM_LOGO 生命周期，移除由下一次 PATCH 完成 (362ms)
  ✓  190 [foundation-mobile] › tests/e2e/platform-workspace.spec.ts:123:1 › Accounts 保持移动端可达，Generation 绑定/解绑并在 409 保留选择 (480ms)
  ✓  191 [foundation-mobile] › tests/e2e/platform-workspace.spec.ts:151:1 › Accounts 创建、编辑、停用与删除在响应式产物中保持 revision 闭环 (1.4s)
  ✓  192 [foundation-mobile] › tests/e2e/platform-workspace.spec.ts:194:1 › Accounts 删除 Dialog 只使用独立 accounts query 的 focus 最新 projection (456ms)
  ✓  193 [foundation-mobile] › tests/e2e/platform-workspace.spec.ts:217:1 › Accounts 删除 409 关闭重开仍冻结，失败 reload 不解冻且 A/B hold 隔离 (1.2s)
  ✓  194 [foundation-mobile] › tests/e2e/platform-workspace.spec.ts:248:1 › Accounts 最新 query 移除目标后关闭删除 Dialog 且不提交陈旧请求 (343ms)
  ✓  195 [foundation-mobile] › tests/e2e/platform-workspace.spec.ts:270:1 › DirtyGuard 覆盖 Tab 离开；404/403/error retry 分别呈现 (1.6s)
  ✓  196 [foundation-mobile] › tests/e2e/platform-workspace.spec.ts:302:1 › 375/768/1024/1440 无页面横向溢出，read-only projection 不加载 Prompt options (224ms)
  ✓  197 [foundation-mobile] › tests/e2e/product-detail.spec.ts:71:1 › 从 Products 名称进入单请求详情，并支持 direct URL、refresh、Back/Forward 与导航上下文 (1.5s)
  ✓  198 [foundation-mobile] › tests/e2e/product-detail.spec.ts:94:1 › 按既定顺序展示 facts/content/publishing/GEO compact summary 与服务端已排序 Activity (192ms)
  ✓  199 [foundation-mobile] › tests/e2e/product-detail.spec.ts:120:1 › 空摘要只显示“暂无”，primary/overflow 只随服务端 token 与 projection 变化 (222ms)
  ✓  200 [foundation-mobile] › tests/e2e/product-detail.spec.ts:147:1 › UPDATE 仅发送 ProductUpdate；REVISION_CONFLICT 展示请求 ID 并刷新 canonical detail (802ms)
  ✓  201 [foundation-mobile] › tests/e2e/product-detail.spec.ts:182:1 › 删除入口消费 blocker、expected_revision；冲突刷新后可按 canonical projection 重试 (1.6s)
  ✓  202 [foundation-mobile] › tests/e2e/product-detail.spec.ts:216:1 › 明确区分 404、403、普通错误 retry，并在 375/768/1024/1440 保持键盘可达且无横向溢出 (669ms)
  -  203 [foundation-mobile] › tests/e2e/product-facts-real-stack.spec.ts:134:1 › Flow A：批准事实后展示不可变版本并交接 CREATE_CONTENT_TASK
  -  204 [foundation-mobile] › tests/e2e/product-facts-real-stack.spec.ts:231:1 › Flow B：退回后修订产生新版本，审核历史严格归属当前 FactVersion
  -  205 [foundation-mobile] › tests/e2e/product-facts-real-stack.spec.ts:319:1 › Flow D：过期 revision 真实返回 409，不重放并保留服务端最新状态
  -  206 [foundation-mobile] › tests/e2e/product-facts-real-stack.spec.ts:400:1 › Flow C：独立 ContentTask 经人工首稿、保存后提交审核
  ✓  207 [foundation-mobile] › tests/e2e/products-list.spec.ts:3:1 › Products 列表仅以 GET projection 驱动 URL 搜索、筛选、排序和分页 (696ms)
  ✓  208 [foundation-mobile] › tests/e2e/products-list.spec.ts:44:1 › Products URL 可刷新和历史恢复，非法参数由 route schema 规范化 (569ms)
  ✓  209 [foundation-mobile] › tests/e2e/products-list.spec.ts:76:1 › Products 行只呈现服务端 primary、overflow 与删除条件 (406ms)
  ✓  210 [foundation-mobile] › tests/e2e/products-list.spec.ts:94:1 › Products 明确呈现 loading、empty、filtered empty、error 与 retry (662ms)
  ✓  211 [foundation-mobile] › tests/e2e/products-list.spec.ts:117:1 › Products 在目标宽度无页面级横向溢出且键盘焦点可操作 (278ms)
  ✓  212 [foundation-mobile] › tests/e2e/prompt-workspace.spec.ts:14:1 › 管理员从导航进入 Prompt Workspace，并完成 create/update/delete revision 闭环 (1.2s)
  ✓  213 [foundation-mobile] › tests/e2e/prompt-workspace.spec.ts:78:1 › 新建 Prompt 后仅修改名称即可保存并采用 canonical revision (478ms)
  ✓  214 [foundation-mobile] › tests/e2e/prompt-workspace.spec.ts:115:1 › Preview 显式选择并确认真实首稿，按返回 Job 轮询到不可变版本 (3.3s)
  ✓  215 [foundation-mobile] › tests/e2e/prompt-workspace.spec.ts:160:1 › Preview 明确处理 empty、options error 和公开失败，且不提供自动重试 (3.6s)
  ✓  216 [foundation-mobile] › tests/e2e/prompt-workspace.spec.ts:196:1 › q-only 导航保留草稿，切换 Prompt 被阻断，四档宽度无页面横向溢出 (541ms)
  ✓  217 [foundation-mobile] › tests/e2e/prompt-workspace.spec.ts:232:1 › 创建和删除成功后，列表刷新挂起也立即完成 URL handoff 与关闭 Dialog (685ms)
  ✓  218 [foundation-mobile] › tests/e2e/prompt-workspace.spec.ts:283:3 › create 等待响应期间 Markdown 只读，键盘输入不会被成功响应覆盖 (299ms)
  ✓  219 [foundation-mobile] › tests/e2e/prompt-workspace.spec.ts:283:3 › update 等待响应期间 Markdown 只读，键盘输入不会被成功响应覆盖 (535ms)
  ✓  220 [foundation-mobile] › tests/e2e/publication-work-list.spec.ts:5:1 › Publishing Work 以三个窄 endpoint 绘制四指标、Ready Queue 与固定六列 (194ms)
  ✓  221 [foundation-mobile] › tests/e2e/publication-work-list.spec.ts:28:1 › URL 支持 direct、refresh、status、pagination 与 Back/Forward，并归一非法分页和额外参数 (534ms)
  ✓  222 [foundation-mobile] › tests/e2e/publication-work-list.spec.ts:50:1 › START 明确选账号、携带 CSRF/稳定 key；409 不重放，人工重试采用 canonical ID (783ms)
  ✓  223 [foundation-mobile] › tests/e2e/publication-work-list.spec.ts:81:1 › 三个 surface 状态独立，目标宽度只允许 TableRegion 局部滚动，Dialog 焦点返回 (942ms)
  ✓  224 [foundation-mobile] › tests/e2e/publication-work-list.spec.ts:122:1 › 成功缓存经 hidden→visible focus 刷新失败时保留投影，并按区块独立恢复 (539ms)
  -  225 [foundation-mobile] › tests/e2e/publication-workspace-real-stack.spec.ts:145:1 › Flow A：V2 UI 从开始发布连续完成成果、修复任务与问题解决
  -  226 [foundation-mobile] › tests/e2e/publication-workspace-real-stack.spec.ts:466:1 › Flow B：失败核验经内容修订审批、换版和重登记后完成发布
  -  227 [foundation-mobile] › tests/e2e/publication-workspace-real-stack.spec.ts:653:1 › Published Article：真实栈列表进入单请求只读详情
  ✓  228 [foundation-mobile] › tests/e2e/publication-workspace.spec.ts:5:1 › Workspace direct/refresh/Back/Forward 只使用六个 canonical hash (278ms)
  ✓  229 [foundation-mobile] › tests/e2e/publication-workspace.spec.ts:26:1 › Package 按点击读取，Core UI 完成 preparation/review/upload/result 并明确交接 (1.2s)
  ✓  230 [foundation-mobile] › tests/e2e/publication-workspace.spec.ts:72:1 › 409 保留输入且不重放；pending 禁止双提交 (1.3s)
  ✓  231 [foundation-mobile] › tests/e2e/publication-workspace.spec.ts:103:1 › 证据上传完成前禁止登记，完成后携带已校验文件 ID (708ms)
  ✓  232 [foundation-mobile] › tests/e2e/publication-workspace.spec.ts:146:1 › Verification 完成 fail → candidate → switch → result → pass 只读闭环 (2.7s)
  ✓  233 [foundation-mobile] › tests/e2e/publication-workspace.spec.ts:231:1 › typed 初始错误与目标宽度不产生页面横向溢出 (670ms)
  ✓  234 [foundation-mobile] › tests/e2e/published-articles.spec.ts:11:1 › 从五列成果表以键盘进入单请求只读详情 (299ms)
  ✓  235 [foundation-mobile] › tests/e2e/published-articles.spec.ts:39:1 › canonical URL 支持 search/sort/pagination、refresh 与 Back/Forward (649ms)
  ✓  236 [foundation-mobile] › tests/e2e/published-articles.spec.ts:68:1 › 列表与详情诚实处理 empty/error，四档宽度保持 readonly (820ms)
  ✓  237 [foundation-mobile] › tests/e2e/published-content-issues.spec.ts:11:1 › Issues 六列表与 Workspace 使用 canonical 单读边界 (301ms)
  ✓  238 [foundation-mobile] › tests/e2e/published-content-issues.spec.ts:27:1 › Article 登记后交接 Workspace，repair 与 resolve 保持独立 (1.8s)
  ✓  239 [foundation-mobile] › tests/e2e/published-content-issues.spec.ts:91:1 › 非法列表状态与未知 Workspace hash 被 canonicalize，页面无根横向溢出 (274ms)
  ✓  240 [foundation-mobile] › tests/e2e/workbench.spec.ts:3:1 › 单一 aggregate 完整绘制 Operations Inbox、canonical links 和四档布局 (259ms)
  ✓  241 [foundation-mobile] › tests/e2e/workbench.spec.ts:61:1 › loading、fatal error、retry、empty、zero 与 nullable rate 彼此区分 (474ms)
(node:40685) Warning: The 'NO_COLOR' env is ignored due to the 'FORCE_COLOR' env being set.
(Use `node --trace-warnings ...` to show where the warning was created)
  ✓  242 [foundation-mobile] › tests/e2e/ai-channel-workspace-core.spec.ts:7:1 › List 创建后进入 canonical Workspace，并支持 direct/refresh/history (674ms)
  ✓  243 [foundation-mobile] › tests/e2e/ai-channel-workspace-core.spec.ts:54:1 › Basic/Request 共享草稿，dirty guard 与 409 显式 reload 成立 (910ms)
  ✓  244 [foundation-mobile] › tests/e2e/ai-channel-workspace-core.spec.ts:96:1 › API Key 与 Header 只写不回显，Header 删除提交渠道 revision 并恢复焦点 (1.2s)
  ✓  245 [foundation-mobile] › tests/e2e/ai-channel-workspace-core.spec.ts:135:1 › Workspace 保持 ADMIN 边界、键盘可达且根节点无响应式溢出 (275ms)
  -  246 [foundation-mobile] › tests/e2e/auth-session-real-stack.spec.ts:101:1 › 同一 BrowserContext 双页面以 session binding 封闭 A→B→A 的迟到 mutation
  -  247 [foundation-mobile] › tests/e2e/auth-session-real-stack.spec.ts:257:1 › 退出已由服务端提交但响应丢失时发送页与同源页各自只做一次 canonical recovery
  -  248 [foundation-mobile] › tests/e2e/auth-session-real-stack.spec.ts:333:1 › 跨标签页 owner 终止后由 lease 回收存活页与全页面重载
  -  249 [foundation-mobile] › tests/e2e/auth-session-real-stack.spec.ts:445:1 › durable terminal reconciliation 与异常协议 marker 保持 fail-closed
  -  250 [foundation-mobile] › tests/e2e/auth-session-real-stack.spec.ts:624:1 › Auth 真实栈完成 login → forced change → admin 403 → logout
  ✓  251 [foundation-mobile] › tests/e2e/auth-session.spec.ts:115:1 › 匿名登录在权威生产 CSP 下无违规与运行时错误 (168ms)
  ✓  252 [foundation-mobile] › tests/e2e/auth-session.spec.ts:163:1 › 登录关键控件在移动端满足触控目标且桌面保持紧凑高度 (167ms)
  ✓  253 [foundation-mobile] › tests/e2e/auth-session.spec.ts:194:1 › Auth production artifact 完成强制改密、自助改密、ENGINEER 403 与退出 (996ms)
  -  254 [foundation-mobile] › tests/e2e/system-admin-real-stack.spec.ts:289:1 › 当前管理员自降权与自停用通过同一 BrowserContext principal boundary 收敛双页面
  -  255 [foundation-mobile] › tests/e2e/system-admin-real-stack.spec.ts:864:1 › System Admin 真实栈完成用户、权限、会话与审计闭环
  ✓  256 [foundation-mobile] › tests/e2e/system-audit.spec.ts:9:1 › canonical URL、七列、导航与全部 server 参数映射成立 (311ms)
  ✓  257 [foundation-mobile] › tests/e2e/system-audit.spec.ts:38:1 › 移动端筛选空态在 TableShell 初始可见区内且页面根无溢出 (272ms)
  ✓  258 [foundation-mobile] › tests/e2e/system-audit.spec.ts:89:1 › 详情严格 lazy，并由 row click/Enter/Space 驱动自适应容器与焦点恢复 (281ms)
  ✓  259 [foundation-mobile] › tests/e2e/system-audit.spec.ts:118:1 › deleted actor、三态结果、相关对象三态与安全投影错误均不泄漏 (1.3s)
  ✓  260 [foundation-mobile] › tests/e2e/system-audit.spec.ts:169:1 › 未知动作筛选项与当前 URL 筛选保持局部且可明确清除 (300ms)
  ✓  261 [foundation-mobile] › tests/e2e/system-audit.spec.ts:189:1 › 详情对象、嵌套数组与原型字段由局部严格投影拒绝且不进入 DOM (271ms)
  ✓  262 [foundation-mobile] › tests/e2e/system-audit.spec.ts:202:1 › 非法 related registry/status/parent 被拒绝且 sentinel 不进入 cache 可见面 (260ms)
  ✓  263 [foundation-mobile] › tests/e2e/system-audit.spec.ts:215:1 › AVAILABLE 非法 target UUID 被拒绝且 sentinel 不进入 DOM、链接或 URL (271ms)
  ✓  264 [foundation-mobile] › tests/e2e/system-audit.spec.ts:228:1 › 列表失败可重试、越界自动规范、四档无页面根溢出且 ENGINEER 被拒绝 (441ms)
  ✓  265 [foundation-mobile] › tests/e2e/system-users.spec.ts:6:1 › Users 由 canonical URL 与单次 UserList projection 驱动筛选、分页和历史 (613ms)
  ✓  266 [foundation-mobile] › tests/e2e/system-users.spec.ts:46:1 › Users 创建、编辑、reset 冲突与 blocker 均遵守 revision 和敏感字段边界 (1.5s)
  ✓  267 [foundation-mobile] › tests/e2e/system-users.spec.ts:108:1 › Users loading、空态、失败重试与越界页均由 UserList 合同驱动 (954ms)
  ✓  268 [foundation-mobile] › tests/e2e/system-users.spec.ts:133:1 › Users export、启用、停用和删除传递 CSRF 与当前 revision (1.4s)
  ✓  269 [foundation-mobile] › tests/e2e/system-users.spec.ts:167:1 › User 删除 Dialog 重新聚焦后采用当前列表 projection 的最新 revision (478ms)
  ✓  270 [foundation-mobile] › tests/e2e/system-users.spec.ts:188:1 › Users 两个删除 409 各自保持冻结，失败重读不解冻 (1.8s)
  ✓  271 [foundation-mobile] › tests/e2e/system-users.spec.ts:221:1 › Users bulk 使用选择时 revision、custom 停用确认和 200 partial 反馈 (786ms)
  ✓  272 [foundation-mobile] › tests/e2e/system-users.spec.ts:250:1 › Users 管理员边界、四档响应式、键盘动作与无敏感响应成立 (266ms)
  -  273 [foundation-mobile] › tests/e2e/questions-real-stack.spec.ts:30:1 › 工程师创建、筛选、编辑、启停、复制与删除；刷新持久化，运行入口不可用
  -  274 [foundation-desktop] › tests/e2e/ai-channel-configuration-real-stack.spec.ts:206:1 › AI Channel Configuration 真实栈闭环
(node:40722) Warning: The 'NO_COLOR' env is ignored due to the 'FORCE_COLOR' env being set.
(Use `node --trace-warnings ...` to show where the warning was created)
  ✓  275 [foundation-desktop] › tests/e2e/ai-channel-list.spec.ts:3:1 › AI Channel List 由安全 GET projection 驱动 canonical URL、筛选与分页 (1.1s)
  ✓  276 [foundation-desktop] › tests/e2e/ai-channel-list.spec.ts:36:1 › AI Channel List 恢复历史并生成未来 Workspace href (343ms)
  ✓  277 [foundation-desktop] › tests/e2e/ai-channel-list.spec.ts:55:1 › AI Channel List 发送三类 revision command，冲突不自动重放 (2.3s)
  ✓  278 [foundation-desktop] › tests/e2e/ai-channel-list.spec.ts:97:1 › AI Channel List 删除 409 被动列表不解冻，显式刷新失败仍保留冲突 (808ms)
  ✓  279 [foundation-desktop] › tests/e2e/ai-channel-list.spec.ts:117:1 › AI Channel List 删除成功后列表刷新失败也不恢复旧行 (800ms)
  ✓  280 [foundation-desktop] › tests/e2e/ai-channel-list.spec.ts:132:1 › AI Channel List 管理员边界、移动响应式和敏感字段边界成立 (317ms)
  ✓  281 [foundation-desktop] › tests/e2e/ai-channel-workspace-models.spec.ts:3:1 › Models 完成发现、创建、冲突 reload、测试、启停与删除闭环 (2.7s)
  ✓  282 [foundation-desktop] › tests/e2e/ai-channel-workspace-models.spec.ts:70:1 › 模型命令先采用 canonical，deferred/reject refresh 只读重试且不重发 (624ms)
  ✓  283 [foundation-desktop] › tests/e2e/ai-channel-workspace-models.spec.ts:103:1 › discovery 409 关闭重开仍冻结，成功 channel reload 后拒绝未知 projection (988ms)
  ✓  284 [foundation-desktop] › tests/e2e/ai-channel-workspace-models.spec.ts:136:1 › dirty 配置进入 Models 需确认，确认后卸载表单且四档宽度无根溢出 (462ms)
  ✓  285 [foundation-desktop] › tests/e2e/ai-channel-workspace-runtime.spec.ts:9:1 › Usage canonical URL、服务端 period 与 history 恢复一致 (370ms)
  ✓  286 [foundation-desktop] › tests/e2e/ai-channel-workspace-runtime.spec.ts:40:1 › Channel 与 Model Runtime 主任务进入真实 Usage (364ms)
  ✓  287 [foundation-desktop] › tests/e2e/ai-channel-workspace-runtime.spec.ts:56:1 › Logs 保持服务端分页和 actor，详情按需读取且未知 shape 显式失败 (659ms)
  ✓  288 [foundation-desktop] › tests/e2e/ai-channel-workspace-runtime.spec.ts:114:1 › Runtime 局部错误、越界恢复与四档根溢出边界成立 (323ms)
  -  289 [foundation-desktop] › tests/e2e/catalog-real-stack.spec.ts:50:1 › 从已批准事实的 Product 建立唯一监测身份、竞品和字典，刷新及 ENGINEER 只读
  ✓  290 [foundation-desktop] › tests/e2e/catalog-ui.spec.ts:17:1 › Catalog 页面局部滚动、URL 恢复、键盘确认与焦点返回 (650ms)
  ✓  291 [foundation-desktop] › tests/e2e/catalog-ui.spec.ts:50:1 › ENGINEER 直接访问只读详情及 new URL，无配置入口或写操作 (269ms)
  -  292 [foundation-desktop] › tests/e2e/content-ai-real-stack.spec.ts:269:1 › AI Production：成功、自然化、失败详情与 exact snapshot retry
  ✓  293 [foundation-desktop] › tests/e2e/content-editor.spec.ts:6:1 › 从 List/Detail primary 进入 canonical Editor，direct/refresh 只读取 Editor Context (716ms)
  ✓  294 [foundation-desktop] › tests/e2e/content-editor.spec.ts:26:1 › no-draft 创建完整人工首稿，不创建 AI lineage，并携带 CSRF (346ms)
  ✓  295 [foundation-desktop] › tests/e2e/content-editor.spec.ts:60:1 › AI generation 按需确认 Prompt/model，terminal 后采用服务端 current pointer (3.0s)
  ✓  296 [foundation-desktop] › tests/e2e/content-editor.spec.ts:94:1 › generation failure 按需读取完整 snapshot，并只按原 job retry (5.6s)
  ✓  297 [foundation-desktop] › tests/e2e/content-editor.spec.ts:128:1 › HUMAN DRAFT DirtyGuard、Preview/Diff 与 Ctrl/Cmd+S 使用 canonical revision (1.0s)
  ✓  298 [foundation-desktop] › tests/e2e/content-editor.spec.ts:171:1 › DirtyGuard 覆盖浏览器 Back/Forward，确认离开后丢弃本地草稿 (452ms)
  ✓  299 [foundation-desktop] › tests/e2e/content-editor.spec.ts:188:1 › AI DRAFT 保持源版本只读，显示 snapshot 摘要并创建 based_on 人工 revision (303ms)
  ✓  300 [foundation-desktop] › tests/e2e/content-editor.spec.ts:217:1 › CREATE_HUMANIZATION_JOB 创建新 job/版本，源 AI DRAFT 保持只读 (3.1s)
  ✓  301 [foundation-desktop] › tests/e2e/content-editor.spec.ts:240:1 › CHANGES_REQUESTED 不原地编辑，创建 based_on 人工 revision (260ms)
  ✓  302 [foundation-desktop] › tests/e2e/content-editor.spec.ts:256:1 › 409 保留本地输入和请求 ID，只在显式 reload 后采用服务端版本 (389ms)
  ✓  303 [foundation-desktop] › tests/e2e/content-editor.spec.ts:275:1 › SUBMIT_REVIEW 409 保留 Dialog 与本地输入，失败 reload 不采用旧 cache，成功后采用 canonical context (686ms)
  ✓  304 [foundation-desktop] › tests/e2e/content-editor.spec.ts:332:1 › SUBMIT_REVIEW 冲突后取消只关闭 Dialog，不读不写并保留页面冲突 (450ms)
  ✓  305 [foundation-desktop] › tests/e2e/content-editor.spec.ts:356:1 › dirty 必须先保存再提交审核，提交后停留 Editor 且不暴露 Review actions (638ms)
  ✓  306 [foundation-desktop] › tests/e2e/content-editor.spec.ts:382:1 › DELETE 只物理删除人工草稿，并采用服务端恢复的父版本主线 (422ms)
  ✓  307 [foundation-desktop] › tests/e2e/content-editor.spec.ts:401:1 › ABANDON 保留历史且只采用服务端返回的新主线 (423ms)
  ✓  308 [foundation-desktop] › tests/e2e/content-editor.spec.ts:421:1 › 375/768/1024/1440 复用 Workspace 响应式、键盘焦点且 StickyActionBar 不遮挡正文 (329ms)
  ✓  309 [foundation-desktop] › tests/e2e/content-editor.spec.ts:450:1 › 后台主线变化保留 dirty 草稿与提交备注，显式重载才采用新主线 (442ms)
  ✓  310 [foundation-desktop] › tests/e2e/content-editor.spec.ts:476:1 › AI terminal 保留生成期间编辑的人工首稿 (3.0s)
  -  311 [foundation-desktop] › tests/e2e/content-review-real-stack.spec.ts:200:1 › Flow A：人工内容批准后进入只读版本并出现发布交接
  -  312 [foundation-desktop] › tests/e2e/content-review-real-stack.spec.ts:293:1 › Flow B：退回后创建 HUMAN revision，重新送审批准且历史不串线
  ✓  313 [foundation-desktop] › tests/e2e/content-review.spec.ts:6:1 › direct URL、refresh、Back 与 Forward 始终读取 task-scoped Review Context (660ms)
  ✓  314 [foundation-desktop] › tests/e2e/content-review.spec.ts:33:1 › 一次快照展示 canonical、blocking/warnings、fact、platform、diff 与 timeline (200ms)
  ✓  315 [foundation-desktop] › tests/e2e/content-review.spec.ts:53:3 › approved 状态只读且不从 status 推导审核动作 (193ms)
  ✓  316 [foundation-desktop] › tests/e2e/content-review.spec.ts:53:3 › changes-requested 状态只读且不从 status 推导审核动作 (185ms)
  ✓  317 [foundation-desktop] › tests/e2e/content-review.spec.ts:53:3 › readonly 状态只读且不从 status 推导审核动作 (191ms)
  ✓  318 [foundation-desktop] › tests/e2e/content-review.spec.ts:62:1 › APPROVE 携带 CSRF/expected_revision，成功后重新读取 canonical state (285ms)
  ✓  319 [foundation-desktop] › tests/e2e/content-review.spec.ts:82:1 › REQUEST_CHANGES 校验并修剪意见，Esc 后焦点返回真实触发器 (688ms)
  ✓  320 [foundation-desktop] › tests/e2e/content-review.spec.ts:114:1 › 409 保留用户输入和 request ID，刷新 canonical context 且不自动重放 (420ms)
  ✓  321 [foundation-desktop] › tests/e2e/content-review.spec.ts:132:1 › 结构化 422 回到意见字段并保留输入 (344ms)
  ✓  322 [foundation-desktop] › tests/e2e/content-review.spec.ts:146:1 › loading 完成后展示 canonical 页面 (188ms)
  ✓  323 [foundation-desktop] › tests/e2e/content-review.spec.ts:154:1 › error 展示 request ID，显式 retry 后恢复 (288ms)
  ✓  324 [foundation-desktop] › tests/e2e/content-review.spec.ts:164:1 › 375/1440 使用既有 WorkspaceShell 响应式形态 (185ms)
  ✓  325 [foundation-desktop] › tests/e2e/content-review.spec.ts:178:1 › 768/1024 保持 tabbed workspace 且内容无水平溢出 (381ms)
  ✓  326 [foundation-desktop] › tests/e2e/content-task-detail.spec.ts:7:1 › 从 Content Task List 进入，页面只以单一 Detail endpoint 绘制完整摘要 (340ms)
  ✓  327 [foundation-desktop] › tests/e2e/content-task-detail.spec.ts:25:1 › direct navigation、refresh、Back/Forward 保持 canonical Detail route (354ms)
  ✓  328 [foundation-desktop] › tests/e2e/content-task-detail.spec.ts:38:1 › compact section 没有数据时显式显示“暂无”，不触发 join API (155ms)
  ✓  329 [foundation-desktop] › tests/e2e/content-task-detail.spec.ts:46:1 › 服务端 primary_task 与 lifecycle overflow 生效，409 不重放并 canonical refetch (583ms)
  ✓  330 [foundation-desktop] › tests/e2e/content-task-detail.spec.ts:63:1 › loading、404、403 与 generic retry 都有明确状态 (647ms)
  ✓  331 [foundation-desktop] › tests/e2e/content-task-detail.spec.ts:89:1 › archived verified 与 cancelled Detail 明确只读，保留服务端 primary (333ms)
  ✓  332 [foundation-desktop] › tests/e2e/content-task-detail.spec.ts:103:1 › 375/768/1024/1440 无根横溢出，overflow 可键盘操作并返回焦点 (527ms)
  ✓  333 [foundation-desktop] › tests/e2e/content-task-list.spec.ts:5:1 › Content Tasks 由服务端 projection 驱动固定列、链接、搜索、筛选与分页 (681ms)
  ✓  334 [foundation-desktop] › tests/e2e/content-task-list.spec.ts:49:1 › Content Tasks URL 支持 direct、refresh、Back/Forward，并规范化非法参数 (434ms)
  ✓  335 [foundation-desktop] › tests/e2e/content-task-list.spec.ts:68:1 › Query Topic 两类 resolve URL 成对映射服务端筛选并可清除 (194ms)
  ✓  336 [foundation-desktop] › tests/e2e/content-task-list.spec.ts:79:1 › Content lifecycle 使用服务端 token、CSRF、comment 和 revision，409 不重放 (1.1s)
  ✓  337 [foundation-desktop] › tests/e2e/content-task-list.spec.ts:113:1 › 已归档视图使用实时永久删除 preview 和精确确认文本 (811ms)
  ✓  338 [foundation-desktop] › tests/e2e/content-task-list.spec.ts:135:1 › Content Tasks 明确呈现 loading、empty、filtered empty、error 与 retry (587ms)
  ✓  339 [foundation-desktop] › tests/e2e/content-task-list.spec.ts:157:1 › Content Tasks 在目标宽度无页面级横向溢出，键盘与 Dialog 焦点可恢复 (383ms)
  -  340 [foundation-desktop] › tests/e2e/content-version-detail-real-stack.spec.ts:135:1 › 独立真实栈：单一 detail GET 读取 HUMAN 当前版本且页面无写入口
  ✓  341 [foundation-desktop] › tests/e2e/content-version-detail.spec.ts:11:1 › 从 Content Task 以键盘进入只读详情，refresh 与 Back/Forward 保持单一 detail 数据边界 (596ms)
  ✓  342 [foundation-desktop] › tests/e2e/content-version-detail.spec.ts:67:1 › HUMAN/AI 与六种 status、当前和历史版本都不生成业务动作 (800ms)
  ✓  343 [foundation-desktop] › tests/e2e/content-version-detail.spec.ts:100:1 › 缺失 Prompt/model/generation/review snapshot 与更新时间时显示诚实空态 (190ms)
  ✓  344 [foundation-desktop] › tests/e2e/content-version-detail.spec.ts:130:1 › 覆盖 loading、404、403、通用错误与 retry (630ms)
  ✓  345 [foundation-desktop] › tests/e2e/fact-history.spec.ts:12:1 › VIEW_FACT_HISTORY 进入 canonical 列表，保持服务端顺序、URL 历史与只读详情导航 (624ms)
  ✓  346 [foundation-desktop] › tests/e2e/fact-history.spec.ts:58:1 › direct navigation 覆盖 loading、empty、404、403、通用错误与 retry (782ms)
  ✓  347 [foundation-desktop] › tests/e2e/fact-history.spec.ts:89:1 › 历史响应包含其他产品版本时阻断整张表 (149ms)
  ✓  348 [foundation-desktop] › tests/e2e/fact-history.spec.ts:104:1 › 事实历史在四档宽度无页面级横向溢出，表格区和版本链接可获得焦点 (178ms)
  ✓  349 [foundation-desktop] › tests/e2e/fact-review.spec.ts:16:1 › direct/refresh 只读一个审核 context，展示不可变 Markdown、Diff、历史并适配四档宽度 (316ms)
  ✓  350 [foundation-desktop] › tests/e2e/fact-review.spec.ts:53:1 › APPROVE 使用服务端 token、CSRF 与 expected_revision，成功后刷新 canonical context (641ms)
  ✓  351 [foundation-desktop] › tests/e2e/fact-review.spec.ts:81:1 › REQUEST_CHANGES 不从 status 推导动作，拒绝空意见并追加目标版本历史 (507ms)
  ✓  352 [foundation-desktop] › tests/e2e/fact-review.spec.ts:113:1 › 409 不重放命令，展示 request ID 并刷新最新 revision (267ms)
  ✓  353 [foundation-desktop] › tests/e2e/fact-review.spec.ts:144:1 › 覆盖 loading、empty、404、403、通用错误与 retry (713ms)
  ✓  354 [foundation-desktop] › tests/e2e/fact-version-detail.spec.ts:19:1 › 从 Product Detail 以键盘进入只读详情，refresh 保持单一 FactVersion 数据边界并适配四档宽度 (406ms)
  ✓  355 [foundation-desktop] › tests/e2e/fact-version-detail.spec.ts:66:1 › direct navigation 展示 approved、pending、changes requested，并保持返回导航与阅读焦点顺序 (422ms)
  ✓  356 [foundation-desktop] › tests/e2e/fact-version-detail.spec.ts:112:1 › productId 与 FactVersion.product_id 不一致时阻断全部 snapshot 内容 (175ms)
  ✓  357 [foundation-desktop] › tests/e2e/fact-version-detail.spec.ts:130:1 › 覆盖 loading、404、403、通用错误与 retry (617ms)
  ✘  358 [foundation-desktop] › tests/e2e/fact-workspace.spec.ts:16:1 › direct/refresh 只读取一个 workspace read model，并适配 375/768/1024/1440 (5.4s)
(node:40846) Warning: The 'NO_COLOR' env is ignored due to the 'FORCE_COLOR' env being set.
(Use `node --trace-warnings ...` to show where the warning was created)
  ✓  359 [foundation-desktop] › tests/e2e/fact-workspace.spec.ts:46:1 › DirtyGuard 保留编辑，Ctrl/Cmd+S 携带 CSRF/expected_revision 并采用 canonical response (529ms)
  ✓  360 [foundation-desktop] › tests/e2e/fact-workspace.spec.ts:73:1 › revision conflict 保留本地 Markdown，只有显式 reload 才采用服务端版本 (395ms)
  ✓  361 [foundation-desktop] › tests/e2e/fact-workspace.spec.ts:93:1 › 提交创建 PENDING_REVIEW 响应后停留工作台，并以 refetch actions 隐藏提交 (454ms)
  ✓  362 [foundation-desktop] › tests/e2e/fact-workspace.spec.ts:115:1 › 提交时 revision conflict 保留当前工作台并显示请求 ID (528ms)
  ✓  363 [foundation-desktop] › tests/e2e/fact-workspace.spec.ts:132:1 › 覆盖 loading、空 Markdown、预期错误、retry 与 RETIRED 只读状态 (679ms)
  ✓  364 [foundation-desktop] › tests/e2e/foundation-smoke.spec.ts:3:1 › production artifact 支持 App Shell 与响应式导航 (268ms)
  ✓  365 [foundation-desktop] › tests/e2e/geo-insights.spec.ts:6:1 › direct URL 映射筛选并完整呈现 read model、替代数据和精确 drill-down (218ms)
  ✓  366 [foundation-desktop] › tests/e2e/geo-insights.spec.ts:27:1 › 筛选写回 canonical URL，reset 与浏览器历史恢复 (493ms)
  ✓  367 [foundation-desktop] › tests/e2e/geo-insights.spec.ts:41:1 › loading、首次错误重试与 empty/unavailable 状态彼此区分 (490ms)
  ✓  368 [foundation-desktop] › tests/e2e/geo-insights.spec.ts:62:1 › 优化 Dialog 按需读取 options，以响应 ID 导航并携带稳定命令头 (769ms)
  ✓  369 [foundation-desktop] › tests/e2e/geo-insights.spec.ts:80:1 › 优化 POST pending 时取消、Escape 与外点都不能重建命令会话 (743ms)
  ✓  370 [foundation-desktop] › tests/e2e/geo-insights.spec.ts:100:1 › stale/409 不自动重放，保留选择并要求显式刷新 (920ms)
  ✓  371 [foundation-desktop] › tests/e2e/geo-insights.spec.ts:127:1 › stale 刷新后来源消失仍保留目标与 request ID，并禁止再次 POST (691ms)
  ✓  372 [foundation-desktop] › tests/e2e/geo-insights.spec.ts:144:1 › 后台撤销优化来源或创建选项失败时旧选择可见但不能提交 (664ms)
  ✓  373 [foundation-desktop] › tests/e2e/geo-insights.spec.ts:177:1 › 后台创建选项撤销已批准事实版本后阻止旧目标 POST (595ms)
  ✓  374 [foundation-desktop] › tests/e2e/geo-insights.spec.ts:195:1 › 打印报告使用相同查询，只呈现只读数据并调用浏览器打印 (273ms)
  ✓  375 [foundation-desktop] › tests/e2e/geo-insights.spec.ts:257:1 › Screen 打印入口完整保留七项筛选并支持浏览器历史 (300ms)
  ✓  376 [foundation-desktop] › tests/e2e/geo-insights.spec.ts:270:1 › 打印报告规范化参数，并区分 loading、error、empty 与 unavailable (507ms)
  ✓  377 [foundation-desktop] › tests/e2e/geo-observation-correction.spec.ts:48:1 › 从 Detail CORRECT 入口进入，历史 ID 先 replace 到服务端 canonical 尾 (599ms)
  ✓  378 [foundation-desktop] › tests/e2e/geo-observation-correction.spec.ts:81:1 › 校验显式事实；上传失败只重试 complete，POST 防重复并按响应 ID 交接 (1.1s)
  ✓  379 [foundation-desktop] › tests/e2e/geo-observation-correction.spec.ts:161:5 › 更正冲突 › publication-conflict 不重放；显式刷新按 ID 合并草稿、证据和新尾 (1.6s)
  ✓  380 [foundation-desktop] › tests/e2e/geo-observation-correction.spec.ts:161:5 › 更正冲突 › successor-conflict 不重放；显式刷新按 ID 合并草稿、证据和新尾 (1.6s)
  ✓  381 [foundation-desktop] › tests/e2e/geo-observation-correction.spec.ts:212:1 › successor 后显式上下文刷新失败仍冻结旧尾并保留草稿与 request ID (939ms)
  ✓  382 [foundation-desktop] › tests/e2e/geo-observation-correction.spec.ts:240:1 › 链上下文不完整后禁止重放，显式 GET 失败也不能用缓存旧数据解冻 (924ms)
  ✓  383 [foundation-desktop] › tests/e2e/geo-observation-correction.spec.ts:264:1 › upload complete 悬停跨布局时阻止 POST，成功后仅提交新证据 (938ms)
  ✓  384 [foundation-desktop] › tests/e2e/geo-observation-correction.spec.ts:290:1 › 空白草稿开始上传后，离开仍需确认 (544ms)
  ✓  385 [foundation-desktop] › tests/e2e/geo-observation-correction.spec.ts:309:1 › 后台读取撤销更正资格后冻结旧上下文与写入入口 (769ms)
  ✓  386 [foundation-desktop] › tests/e2e/geo-observation-correction.spec.ts:328:1 › loading、404、403、Legacy 与提交时权限变化均明确且保留输入 (3.2s)
  ✓  387 [foundation-desktop] › tests/e2e/geo-observation-correction.spec.ts:363:1 › DirtyGuard、键盘主动作与 375/768/1024/1440 布局可达 (455ms)
  ✓  388 [foundation-desktop] › tests/e2e/geo-observation-detail.spec.ts:8:1 › List 进入 Detail，direct URL、refresh、Back 和 Forward 保持 canonical route (411ms)
  ✓  389 [foundation-desktop] › tests/e2e/geo-observation-detail.spec.ts:28:1 › Manual 一次请求展示 selected record、完整 chain、direct evidence 和 tail actions (924ms)
  ✓  390 [foundation-desktop] › tests/e2e/geo-observation-detail.spec.ts:77:1 › Legacy 只展示合同真实存在的 recommendation、citation 与 frozen article (164ms)
  ✓  391 [foundation-desktop] › tests/e2e/geo-observation-detail.spec.ts:93:1 › loading、409、retry 与 contract error 均不回退到旧 GET (271ms)
  ✓  392 [foundation-desktop] › tests/e2e/geo-observation-detail.spec.ts:112:1 › 404、403 和普通读取失败明确展示错误，不使用旧单条 GET (690ms)
  ✓  393 [foundation-desktop] › tests/e2e/geo-observation-detail.spec.ts:130:1 › 删除确认期间后台撤销尾节点动作，确认禁用且焦点回到标题 (653ms)
  ✓  394 [foundation-desktop] › tests/e2e/geo-observation-detail.spec.ts:150:1 › DELETE 409 冻结旧确认，显式重载后需重新打开并人工确认 (1.4s)
  ✓  395 [foundation-desktop] › tests/e2e/geo-observation-detail.spec.ts:179:1 › 375/768/1024/1440 无根级横向溢出且键盘可达 (171ms)
  ✓  396 [foundation-desktop] › tests/e2e/geo-observations.spec.ts:5:1 › 八列紧凑列表只提供 canonical links 和服务端投影动作 (230ms)
  ✓  397 [foundation-desktop] › tests/e2e/geo-observations.spec.ts:31:1 › URL 参数逐项映射 API，支持排序、分页和 canonical replace (663ms)
  ✓  398 [foundation-desktop] › tests/e2e/geo-observations.spec.ts:77:1 › Query Topic resolve URL 精确映射服务端筛选并可清除 (197ms)
  ✓  399 [foundation-desktop] › tests/e2e/geo-observations.spec.ts:86:1 › loading、empty、filtered-empty、error 与 retry 诚实可见 (597ms)
  ✓  400 [foundation-desktop] › tests/e2e/geo-observations.spec.ts:108:1 › 键盘 Dialog 返回焦点，删除只发送一次且携带 CSRF (861ms)
  ✓  401 [foundation-desktop] › tests/e2e/geo-observations.spec.ts:130:1 › 375/768/1024/1440 页面根无横向溢出，表格只在区域内滚动 (171ms)
  ✓  402 [foundation-desktop] › tests/e2e/geo-observations.spec.ts:147:1 › 确认删除期间背景移除行仍保留 Dialog，取消后焦点回到标题 (738ms)
  -  403 [foundation-desktop] › tests/e2e/geo-real-stack.spec.ts:327:1 › Flow A：新建 Observation 后追加 Correction，原记录保持不可变
  -  404 [foundation-desktop] › tests/e2e/geo-real-stack.spec.ts:542:1 › Flow B：真实 Insights 复算异常并创建带不可变 GEO 来源的优化任务
  ✓  405 [foundation-desktop] › tests/e2e/geo-topics.spec.ts:5:1 › 五列只消费服务端动作，primary 携带 canonical handoff，引用链接精确可解析 (643ms)
  ✓  406 [foundation-desktop] › tests/e2e/geo-topics.spec.ts:48:1 › 引用 Dialog 从当前 exact list projection 实时更新 (356ms)
  ✓  407 [foundation-desktop] › tests/e2e/geo-topics.spec.ts:72:1 › 删除 Dialog 按最新 blocker/资格原位切换，并以最新 revision 确认 (476ms)
  ✓  408 [foundation-desktop] › tests/e2e/geo-topics.spec.ts:125:1 › 删除确认在 exact list fetching/error/目标消失时保持阻断 (525ms)
  ✓  409 [foundation-desktop] › tests/e2e/geo-topics.spec.ts:172:1 › 搜索、排序、分页进入 URL/API，direct、refresh、Back/Forward 保持 canonical (722ms)
  ✓  410 [foundation-desktop] › tests/e2e/geo-topics.spec.ts:204:1 › loading、empty、filtered-empty、error/retry 与四档根宽度状态诚实 (603ms)
  ✓  411 [foundation-desktop] › tests/e2e/geo-topics.spec.ts:237:1 › 创建与更新携带 CSRF/revision；409 保留草稿并只在显式 reload 后恢复 (1.2s)
  ✓  412 [foundation-desktop] › tests/e2e/geo-topics.spec.ts:323:1 › DELETE 只对服务端允许的行出现，确认后只发送一次 expected_revision (674ms)
  ✓  413 [foundation-desktop] › tests/e2e/geo-topics.spec.ts:350:1 › DELETE 409 不自动重放，显式 reload revision 后才允许再次确认 (689ms)
  ✓  414 [foundation-desktop] › tests/e2e/geo-topics.spec.ts:403:1 › DELETE 引用竞态显示服务端最新类型、数量和 canonical resolve links (486ms)
  ✓  415 [foundation-desktop] › tests/e2e/legacy-routing.spec.ts:10:1 › 全部登记 legacy pathname 进入唯一 canonical pathname (2.4s)
  ✓  416 [foundation-desktop] › tests/e2e/legacy-routing.spec.ts:39:1 › query 白名单、workspace 与 Publishing 优先级写入 canonical URL (1.0s)
  ✓  417 [foundation-desktop] › tests/e2e/legacy-routing.spec.ts:71:1 › replace 保留 refresh、Back 与 Forward 的 canonical 历史 (288ms)
  ✓  418 [foundation-desktop] › tests/e2e/legacy-routing.spec.ts:83:1 › 匿名 legacy deep link 登录后恢复并归一化，恶意 return-to 回安全默认 (402ms)
  ✓  419 [foundation-desktop] › tests/e2e/legacy-routing.spec.ts:103:1 › must-change 与 ENGINEER 权限由既有 boundary 裁决 (242ms)
  ✓  420 [foundation-desktop] › tests/e2e/legacy-routing.spec.ts:114:1 › 未知 path 显式 404，canonical 资源错误保留，Product Detail 保持 Facts 入口 (366ms)
  ✓  421 [foundation-desktop] › tests/e2e/new-content-task.spec.ts:27:1 › Content Task List Page Primary 进入可直达、刷新的三字段创建页 (380ms)
  ✓  422 [foundation-desktop] › tests/e2e/new-content-task.spec.ts:50:1 › Product Detail CREATE_CONTENT_TASK handoff 进入 URL 并经服务端资格确认后预选 (299ms)
  ✓  423 [foundation-desktop] › tests/e2e/new-content-task.spec.ts:65:1 › productId direct/refresh/Back/Forward 恢复，非法、不存在、停用和无事实都不静默改选 (2.4s)
  ✓  424 [foundation-desktop] › tests/e2e/new-content-task.spec.ts:120:1 › Product 只显示所属 approved facts，换 Product 清除旧事实，Platform 只显示活动具体平台 (1.1s)
  ✓  425 [foundation-desktop] › tests/e2e/new-content-task.spec.ts:141:1 › POST 发送精确 ContentTaskCreate 与稳定 Idempotency-Key，pending 防重，成功进入 canonical Detail (1.2s)
  ✓  426 [foundation-desktop] › tests/e2e/new-content-task.spec.ts:172:1 › 失败保留选择与同键重试，字段错误、403/404/409 与 IDEMPOTENCY_CONFLICT 显示 request ID (1.2s)
  ✓  427 [foundation-desktop] › tests/e2e/new-content-task.spec.ts:208:1 › options loading/error/retry/empty 均有明确恢复路径 (347ms)
  ✓  428 [foundation-desktop] › tests/e2e/new-content-task.spec.ts:225:1 › DirtyGuard 覆盖 Cancel (1.2s)
  ✓  429 [foundation-desktop] › tests/e2e/new-content-task.spec.ts:244:1 › DirtyGuard 覆盖浏览器 Back (819ms)
  ✓  430 [foundation-desktop] › tests/e2e/new-content-task.spec.ts:256:1 › 创建页在 375/768/1024/1440 无页面横溢出，键盘可选择且焦点可见 (191ms)
  ✓  431 [foundation-desktop] › tests/e2e/new-geo-observation.spec.ts:62:1 › 列表 Primary、直接访问和刷新都进入 canonical 创建 Workspace (382ms)
  ✓  432 [foundation-desktop] › tests/e2e/new-geo-observation.spec.ts:76:1 › queryTopicId 与 geoPlatform handoff 支持 direct URL 与刷新，不存在 Topic 时明确阻止提交 (371ms)
  ✓  433 [foundation-desktop] › tests/e2e/new-geo-observation.spec.ts:99:1 › 候选 loading 诚实可见且阻止创建 (431ms)
  ✓  434 [foundation-desktop] › tests/e2e/new-geo-observation.spec.ts:111:1 › 候选 empty 提供可用出口且阻止创建 (419ms)
  ✓  435 [foundation-desktop] › tests/e2e/new-geo-observation.spec.ts:124:1 › 客户端校验显式事实；上传后 POST 防重复并 canonical handoff (2.1s)
  ✓  436 [foundation-desktop] › tests/e2e/new-geo-observation.spec.ts:186:1 › 证据 complete 未结束且跨布局时不能创建，完成后才提交附件 (2.2s)
  ✓  437 [foundation-desktop] › tests/e2e/new-geo-observation.spec.ts:212:1 › 空白表单上传期间离开需确认，保留上传后可继续校验 (390ms)
  ✓  438 [foundation-desktop] › tests/e2e/new-geo-observation.spec.ts:236:1 › 候选冲突不重放创建，显式刷新后保留输入并允许人工重试 (2.2s)
  ✓  439 [foundation-desktop] › tests/e2e/new-geo-observation.spec.ts:256:1 › DirtyGuard 覆盖 Cancel，Back/Forward 可恢复 canonical 页面；四档宽度无溢出 (1.2s)
  ✓  440 [foundation-desktop] › tests/e2e/new-product.spec.ts:11:1 › Products 唯一 page Primary 进入可直达、刷新并保持导航上下文的新建页 (374ms)
  ✓  441 [foundation-desktop] › tests/e2e/new-product.spec.ts:27:1 › 客户端阻止必填和纯空白请求，并关联字段说明、错误与 ErrorSummary (203ms)
  ✓  442 [foundation-desktop] › tests/e2e/new-product.spec.ts:42:1 › POST 使用 trim body 与 CSRF，pending 防重复，成功清除 DirtyGuard 并使列表重新获取 (353ms)
  ✓  443 [foundation-desktop] › tests/e2e/new-product.spec.ts:70:1 › duplicate、字段校验与 forbidden 使用结构化位置/form summary，修正后可重试 (488ms)
  ✓  444 [foundation-desktop] › tests/e2e/new-product.spec.ts:102:1 › dirty Cancel 与浏览器返回均支持留在页面或确认离开 (767ms)
  ✓  445 [foundation-desktop] › tests/e2e/new-product.spec.ts:128:1 › 新建页在 375/1440 无页面级横向溢出，键盘可达且焦点可见 (175ms)
  ✓  446 [foundation-desktop] › tests/e2e/platform-list.spec.ts:3:1 › Platform List 由 GET projection 驱动搜索、筛选、分页与 canonical URL (894ms)
  ✓  447 [foundation-desktop] › tests/e2e/platform-list.spec.ts:40:1 › Platform List 刷新与历史恢复搜索状态，名称点击交接 canonical Workspace (346ms)
  ✓  448 [foundation-desktop] › tests/e2e/platform-list.spec.ts:59:1 › Platform List 呈现服务端 Primary、overflow、删除条件与 revision command (851ms)
  ✓  449 [foundation-desktop] › tests/e2e/platform-list.spec.ts:85:1 › Platform Profile 删除 Dialog 在 focus projection 更新后禁止陈旧提交并使用最新 revision (467ms)
  ✓  450 [foundation-desktop] › tests/e2e/platform-list.spec.ts:124:1 › Platform List 删除已接受但列表同步失败时冻结旧行，显式刷新后不重复删除 (668ms)
  ✓  451 [foundation-desktop] › tests/e2e/platform-list.spec.ts:142:1 › Platform List 删除 409 关闭重开后仍需显式成功重读 (1.1s)
  ✓  452 [foundation-desktop] › tests/e2e/platform-list.spec.ts:165:1 › Platform List 删除末页唯一行后返回上一页并恢复命令 (640ms)
  ✓  453 [foundation-desktop] › tests/e2e/platform-list.spec.ts:190:1 › Platform List 在 375/768/1024/1440 无页面级横向溢出且移动端动作可达 (205ms)
  ✓  454 [foundation-desktop] › tests/e2e/platform-types.spec.ts:5:1 › 从 Platform Settings 与 Workspace 进入 subsettings，支持 direct/refresh/back/forward (711ms)
  ✓  455 [foundation-desktop] › tests/e2e/platform-types.spec.ts:34:1 › 创建、编辑和删除只提交 Name、Slug、CSRF 与 canonical revision (1.3s)
  ✓  456 [foundation-desktop] › tests/e2e/platform-types.spec.ts:85:1 › blocker、编辑冲突和删除冲突均保留服务端权威与显式 reload (1.5s)
  ✓  457 [foundation-desktop] › tests/e2e/platform-types.spec.ts:139:1 › Platform Type 删除 Dialog 重新聚焦后采用最新 projection 与 revision (517ms)
  ✓  458 [foundation-desktop] › tests/e2e/platform-types.spec.ts:163:1 › 非管理员由 route 在业务请求前拒绝 (150ms)
  ✓  459 [foundation-desktop] › tests/e2e/platform-types.spec.ts:171:1 › error retry 与 375/768/1024/1440 production artifact 均保持四字段和动作可达 (281ms)
  ✓  460 [foundation-desktop] › tests/e2e/platform-workspace.spec.ts:5:1 › Platform List 进入 canonical Workspace，Tab URL 支持 refresh/back/forward (1.1s)
  ✓  461 [foundation-desktop] › tests/e2e/platform-workspace.spec.ts:43:1 › Overview 取消与保存只发送单个 revision PATCH，官网候选确认后才绑定 (410ms)
  ✓  462 [foundation-desktop] › tests/e2e/platform-workspace.spec.ts:82:1 › Logo 手工上传只接受图片并通过 PLATFORM_LOGO 生命周期，移除由下一次 PATCH 完成 (363ms)
  ✓  463 [foundation-desktop] › tests/e2e/platform-workspace.spec.ts:123:1 › Accounts 保持移动端可达，Generation 绑定/解绑并在 409 保留选择 (496ms)
  ✓  464 [foundation-desktop] › tests/e2e/platform-workspace.spec.ts:151:1 › Accounts 创建、编辑、停用与删除在响应式产物中保持 revision 闭环 (1.5s)
  ✓  465 [foundation-desktop] › tests/e2e/platform-workspace.spec.ts:194:1 › Accounts 删除 Dialog 只使用独立 accounts query 的 focus 最新 projection (499ms)
  ✓  466 [foundation-desktop] › tests/e2e/platform-workspace.spec.ts:217:1 › Accounts 删除 409 关闭重开仍冻结，失败 reload 不解冻且 A/B hold 隔离 (1.4s)
  ✓  467 [foundation-desktop] › tests/e2e/platform-workspace.spec.ts:248:1 › Accounts 最新 query 移除目标后关闭删除 Dialog 且不提交陈旧请求 (342ms)
  ✓  468 [foundation-desktop] › tests/e2e/platform-workspace.spec.ts:270:1 › DirtyGuard 覆盖 Tab 离开；404/403/error retry 分别呈现 (1.2s)
  ✓  469 [foundation-desktop] › tests/e2e/platform-workspace.spec.ts:302:1 › 375/768/1024/1440 无页面横向溢出，read-only projection 不加载 Prompt options (223ms)
  ✓  470 [foundation-desktop] › tests/e2e/product-detail.spec.ts:71:1 › 从 Products 名称进入单请求详情，并支持 direct URL、refresh、Back/Forward 与导航上下文 (1.5s)
  ✓  471 [foundation-desktop] › tests/e2e/product-detail.spec.ts:94:1 › 按既定顺序展示 facts/content/publishing/GEO compact summary 与服务端已排序 Activity (195ms)
  ✓  472 [foundation-desktop] › tests/e2e/product-detail.spec.ts:120:1 › 空摘要只显示“暂无”，primary/overflow 只随服务端 token 与 projection 变化 (229ms)
  ✓  473 [foundation-desktop] › tests/e2e/product-detail.spec.ts:147:1 › UPDATE 仅发送 ProductUpdate；REVISION_CONFLICT 展示请求 ID 并刷新 canonical detail (905ms)
  ✓  474 [foundation-desktop] › tests/e2e/product-detail.spec.ts:182:1 › 删除入口消费 blocker、expected_revision；冲突刷新后可按 canonical projection 重试 (1.7s)
  ✓  475 [foundation-desktop] › tests/e2e/product-detail.spec.ts:216:1 › 明确区分 404、403、普通错误 retry，并在 375/768/1024/1440 保持键盘可达且无横向溢出 (677ms)
  -  476 [foundation-desktop] › tests/e2e/product-facts-real-stack.spec.ts:134:1 › Flow A：批准事实后展示不可变版本并交接 CREATE_CONTENT_TASK
  -  477 [foundation-desktop] › tests/e2e/product-facts-real-stack.spec.ts:231:1 › Flow B：退回后修订产生新版本，审核历史严格归属当前 FactVersion
  -  478 [foundation-desktop] › tests/e2e/product-facts-real-stack.spec.ts:319:1 › Flow D：过期 revision 真实返回 409，不重放并保留服务端最新状态
  -  479 [foundation-desktop] › tests/e2e/product-facts-real-stack.spec.ts:400:1 › Flow C：独立 ContentTask 经人工首稿、保存后提交审核
  ✓  480 [foundation-desktop] › tests/e2e/products-list.spec.ts:3:1 › Products 列表仅以 GET projection 驱动 URL 搜索、筛选、排序和分页 (659ms)
  ✓  481 [foundation-desktop] › tests/e2e/products-list.spec.ts:44:1 › Products URL 可刷新和历史恢复，非法参数由 route schema 规范化 (544ms)
  ✓  482 [foundation-desktop] › tests/e2e/products-list.spec.ts:76:1 › Products 行只呈现服务端 primary、overflow 与删除条件 (398ms)
  ✓  483 [foundation-desktop] › tests/e2e/products-list.spec.ts:94:1 › Products 明确呈现 loading、empty、filtered empty、error 与 retry (665ms)
  ✓  484 [foundation-desktop] › tests/e2e/products-list.spec.ts:117:1 › Products 在目标宽度无页面级横向溢出且键盘焦点可操作 (250ms)
  ✓  485 [foundation-desktop] › tests/e2e/prompt-workspace.spec.ts:14:1 › 管理员从导航进入 Prompt Workspace，并完成 create/update/delete revision 闭环 (1.4s)
  ✓  486 [foundation-desktop] › tests/e2e/prompt-workspace.spec.ts:78:1 › 新建 Prompt 后仅修改名称即可保存并采用 canonical revision (479ms)
  ✓  487 [foundation-desktop] › tests/e2e/prompt-workspace.spec.ts:115:1 › Preview 显式选择并确认真实首稿，按返回 Job 轮询到不可变版本 (3.5s)
  ✓  488 [foundation-desktop] › tests/e2e/prompt-workspace.spec.ts:160:1 › Preview 明确处理 empty、options error 和公开失败，且不提供自动重试 (3.7s)
  ✓  489 [foundation-desktop] › tests/e2e/prompt-workspace.spec.ts:196:1 › q-only 导航保留草稿，切换 Prompt 被阻断，四档宽度无页面横向溢出 (493ms)
  ✓  490 [foundation-desktop] › tests/e2e/prompt-workspace.spec.ts:232:1 › 创建和删除成功后，列表刷新挂起也立即完成 URL handoff 与关闭 Dialog (668ms)
  ✓  491 [foundation-desktop] › tests/e2e/prompt-workspace.spec.ts:283:3 › create 等待响应期间 Markdown 只读，键盘输入不会被成功响应覆盖 (309ms)
  ✓  492 [foundation-desktop] › tests/e2e/prompt-workspace.spec.ts:283:3 › update 等待响应期间 Markdown 只读，键盘输入不会被成功响应覆盖 (535ms)
  ✓  493 [foundation-desktop] › tests/e2e/publication-work-list.spec.ts:5:1 › Publishing Work 以三个窄 endpoint 绘制四指标、Ready Queue 与固定六列 (201ms)
  ✓  494 [foundation-desktop] › tests/e2e/publication-work-list.spec.ts:28:1 › URL 支持 direct、refresh、status、pagination 与 Back/Forward，并归一非法分页和额外参数 (501ms)
  ✓  495 [foundation-desktop] › tests/e2e/publication-work-list.spec.ts:50:1 › START 明确选账号、携带 CSRF/稳定 key；409 不重放，人工重试采用 canonical ID (822ms)
  ✓  496 [foundation-desktop] › tests/e2e/publication-work-list.spec.ts:81:1 › 三个 surface 状态独立，目标宽度只允许 TableRegion 局部滚动，Dialog 焦点返回 (861ms)
  ✓  497 [foundation-desktop] › tests/e2e/publication-work-list.spec.ts:122:1 › 成功缓存经 hidden→visible focus 刷新失败时保留投影，并按区块独立恢复 (534ms)
  -  498 [foundation-desktop] › tests/e2e/publication-workspace-real-stack.spec.ts:145:1 › Flow A：V2 UI 从开始发布连续完成成果、修复任务与问题解决
  -  499 [foundation-desktop] › tests/e2e/publication-workspace-real-stack.spec.ts:466:1 › Flow B：失败核验经内容修订审批、换版和重登记后完成发布
  -  500 [foundation-desktop] › tests/e2e/publication-workspace-real-stack.spec.ts:653:1 › Published Article：真实栈列表进入单请求只读详情
  ✓  501 [foundation-desktop] › tests/e2e/publication-workspace.spec.ts:5:1 › Workspace direct/refresh/Back/Forward 只使用六个 canonical hash (278ms)
  ✓  502 [foundation-desktop] › tests/e2e/publication-workspace.spec.ts:26:1 › Package 按点击读取，Core UI 完成 preparation/review/upload/result 并明确交接 (1.2s)
  ✓  503 [foundation-desktop] › tests/e2e/publication-workspace.spec.ts:72:1 › 409 保留输入且不重放；pending 禁止双提交 (1.5s)
  ✓  504 [foundation-desktop] › tests/e2e/publication-workspace.spec.ts:103:1 › 证据上传完成前禁止登记，完成后携带已校验文件 ID (653ms)
  ✓  505 [foundation-desktop] › tests/e2e/publication-workspace.spec.ts:146:1 › Verification 完成 fail → candidate → switch → result → pass 只读闭环 (2.9s)
  ✓  506 [foundation-desktop] › tests/e2e/publication-workspace.spec.ts:231:1 › typed 初始错误与目标宽度不产生页面横向溢出 (690ms)
  ✓  507 [foundation-desktop] › tests/e2e/published-articles.spec.ts:11:1 › 从五列成果表以键盘进入单请求只读详情 (307ms)
  ✓  508 [foundation-desktop] › tests/e2e/published-articles.spec.ts:39:1 › canonical URL 支持 search/sort/pagination、refresh 与 Back/Forward (653ms)
  ✓  509 [foundation-desktop] › tests/e2e/published-articles.spec.ts:68:1 › 列表与详情诚实处理 empty/error，四档宽度保持 readonly (823ms)
  ✓  510 [foundation-desktop] › tests/e2e/published-content-issues.spec.ts:11:1 › Issues 六列表与 Workspace 使用 canonical 单读边界 (301ms)
  ✓  511 [foundation-desktop] › tests/e2e/published-content-issues.spec.ts:27:1 › Article 登记后交接 Workspace，repair 与 resolve 保持独立 (2.0s)
  ✓  512 [foundation-desktop] › tests/e2e/published-content-issues.spec.ts:91:1 › 非法列表状态与未知 Workspace hash 被 canonicalize，页面无根横向溢出 (285ms)
  ✓  513 [foundation-desktop] › tests/e2e/workbench.spec.ts:3:1 › 单一 aggregate 完整绘制 Operations Inbox、canonical links 和四档布局 (263ms)
  ✓  514 [foundation-desktop] › tests/e2e/workbench.spec.ts:61:1 › loading、fatal error、retry、empty、zero 与 nullable rate 彼此区分 (468ms)
(node:41067) Warning: The 'NO_COLOR' env is ignored due to the 'FORCE_COLOR' env being set.
(Use `node --trace-warnings ...` to show where the warning was created)
  ✓  515 [foundation-desktop] › tests/e2e/ai-channel-workspace-core.spec.ts:7:1 › List 创建后进入 canonical Workspace，并支持 direct/refresh/history (718ms)
  ✓  516 [foundation-desktop] › tests/e2e/ai-channel-workspace-core.spec.ts:54:1 › Basic/Request 共享草稿，dirty guard 与 409 显式 reload 成立 (944ms)
  ✓  517 [foundation-desktop] › tests/e2e/ai-channel-workspace-core.spec.ts:96:1 › API Key 与 Header 只写不回显，Header 删除提交渠道 revision 并恢复焦点 (1.0s)
  ✓  518 [foundation-desktop] › tests/e2e/ai-channel-workspace-core.spec.ts:135:1 › Workspace 保持 ADMIN 边界、键盘可达且根节点无响应式溢出 (274ms)
  -  519 [foundation-desktop] › tests/e2e/auth-session-real-stack.spec.ts:101:1 › 同一 BrowserContext 双页面以 session binding 封闭 A→B→A 的迟到 mutation
  -  520 [foundation-desktop] › tests/e2e/auth-session-real-stack.spec.ts:257:1 › 退出已由服务端提交但响应丢失时发送页与同源页各自只做一次 canonical recovery
  -  521 [foundation-desktop] › tests/e2e/auth-session-real-stack.spec.ts:333:1 › 跨标签页 owner 终止后由 lease 回收存活页与全页面重载
  -  522 [foundation-desktop] › tests/e2e/auth-session-real-stack.spec.ts:445:1 › durable terminal reconciliation 与异常协议 marker 保持 fail-closed
  -  523 [foundation-desktop] › tests/e2e/auth-session-real-stack.spec.ts:624:1 › Auth 真实栈完成 login → forced change → admin 403 → logout
  ✓  524 [foundation-desktop] › tests/e2e/auth-session.spec.ts:115:1 › 匿名登录在权威生产 CSP 下无违规与运行时错误 (188ms)
  ✓  525 [foundation-desktop] › tests/e2e/auth-session.spec.ts:163:1 › 登录关键控件在移动端满足触控目标且桌面保持紧凑高度 (170ms)
  ✓  526 [foundation-desktop] › tests/e2e/auth-session.spec.ts:194:1 › Auth production artifact 完成强制改密、自助改密、ENGINEER 403 与退出 (993ms)
  -  527 [foundation-desktop] › tests/e2e/system-admin-real-stack.spec.ts:289:1 › 当前管理员自降权与自停用通过同一 BrowserContext principal boundary 收敛双页面
  -  528 [foundation-desktop] › tests/e2e/system-admin-real-stack.spec.ts:864:1 › System Admin 真实栈完成用户、权限、会话与审计闭环
  ✓  529 [foundation-desktop] › tests/e2e/system-audit.spec.ts:9:1 › canonical URL、七列、导航与全部 server 参数映射成立 (255ms)
  -  530 [foundation-desktop] › tests/e2e/system-audit.spec.ts:38:1 › 移动端筛选空态在 TableShell 初始可见区内且页面根无溢出
  ✓  531 [foundation-desktop] › tests/e2e/system-audit.spec.ts:89:1 › 详情严格 lazy，并由 row click/Enter/Space 驱动自适应容器与焦点恢复 (324ms)
  ✓  532 [foundation-desktop] › tests/e2e/system-audit.spec.ts:118:1 › deleted actor、三态结果、相关对象三态与安全投影错误均不泄漏 (1.4s)
  ✓  533 [foundation-desktop] › tests/e2e/system-audit.spec.ts:169:1 › 未知动作筛选项与当前 URL 筛选保持局部且可明确清除 (307ms)
  ✓  534 [foundation-desktop] › tests/e2e/system-audit.spec.ts:189:1 › 详情对象、嵌套数组与原型字段由局部严格投影拒绝且不进入 DOM (260ms)
  ✓  535 [foundation-desktop] › tests/e2e/system-audit.spec.ts:202:1 › 非法 related registry/status/parent 被拒绝且 sentinel 不进入 cache 可见面 (280ms)
  ✓  536 [foundation-desktop] › tests/e2e/system-audit.spec.ts:215:1 › AVAILABLE 非法 target UUID 被拒绝且 sentinel 不进入 DOM、链接或 URL (264ms)
  ✓  537 [foundation-desktop] › tests/e2e/system-audit.spec.ts:228:1 › 列表失败可重试、越界自动规范、四档无页面根溢出且 ENGINEER 被拒绝 (484ms)
  ✓  538 [foundation-desktop] › tests/e2e/system-users.spec.ts:6:1 › Users 由 canonical URL 与单次 UserList projection 驱动筛选、分页和历史 (545ms)
  ✓  539 [foundation-desktop] › tests/e2e/system-users.spec.ts:46:1 › Users 创建、编辑、reset 冲突与 blocker 均遵守 revision 和敏感字段边界 (1.3s)
  ✓  540 [foundation-desktop] › tests/e2e/system-users.spec.ts:108:1 › Users loading、空态、失败重试与越界页均由 UserList 合同驱动 (985ms)
  ✓  541 [foundation-desktop] › tests/e2e/system-users.spec.ts:133:1 › Users export、启用、停用和删除传递 CSRF 与当前 revision (1.5s)
  ✓  542 [foundation-desktop] › tests/e2e/system-users.spec.ts:167:1 › User 删除 Dialog 重新聚焦后采用当前列表 projection 的最新 revision (480ms)
  ✓  543 [foundation-desktop] › tests/e2e/system-users.spec.ts:188:1 › Users 两个删除 409 各自保持冻结，失败重读不解冻 (1.6s)
  ✓  544 [foundation-desktop] › tests/e2e/system-users.spec.ts:221:1 › Users bulk 使用选择时 revision、custom 停用确认和 200 partial 反馈 (656ms)
  ✓  545 [foundation-desktop] › tests/e2e/system-users.spec.ts:250:1 › Users 管理员边界、四档响应式、键盘动作与无敏感响应成立 (277ms)
  -  546 [foundation-desktop] › tests/e2e/questions-real-stack.spec.ts:30:1 › 工程师创建、筛选、编辑、启停、复制与删除；刷新持久化，运行入口不可用


  1) [foundation-desktop] › tests/e2e/fact-workspace.spec.ts:16:1 › direct/refresh 只读取一个 workspace read model，并适配 375/768/1024/1440 

    Error: expect(locator).toBeFocused() failed

    Locator:  getByRole('textbox', { name: '事实 Markdown' })
    Expected: focused
    Received: inactive
    Timeout:  5000ms

    Call log:
      - Expect "toBeFocused" with timeout 5000ms
      - waiting for getByRole('textbox', { name: '事实 Markdown' })
        14 × locator resolved to <div translate="no" role="textbox" autocorrect="off" spellcheck="false" autocapitalize="off" aria-multiline="true" contenteditable="true" aria-label="事实 Markdown" id="fact-workspace-body" data-language="markdown" writingsuggestions="false" class="cm-content cm-lineWrapping" aria-describedby="fact-workspace-body-description">…</div>
           - unexpected value "inactive"


      41 |   const editor = page.getByRole('textbox', { name: '事实 Markdown' });
      42 |   await editor.focus();
    > 43 |   await expect(editor).toBeFocused();
         |                        ^
      44 | });
      45 |
      46 | test('DirtyGuard 保留编辑，Ctrl/Cmd+S 携带 CSRF/expected_revision 并采用 canonical response', async ({ page, productsApi }, testInfo) => {
        at /Users/sc/PycharmProjects/partsignal/frontend/tests/e2e/fact-workspace.spec.ts:43:24

    Error Context: .cache/playwright-results/fact-workspace-direct-refr-c8458-model，并适配-375-768-1024-1440-foundation-desktop/error-context.md

    attachment #2: trace (application/zip) ─────────────────────────────────────────────────────────
    .cache/playwright-results/fact-workspace-direct-refr-c8458-model，并适配-375-768-1024-1440-foundation-desktop/trace.zip
    Usage:

        npx playwright show-trace .cache/playwright-results/fact-workspace-direct-refr-c8458-model，并适配-375-768-1024-1440-foundation-desktop/trace.zip

    ────────────────────────────────────────────────────────────────────────────────────────────────

  1 failed
    [foundation-desktop] › tests/e2e/fact-workspace.spec.ts:16:1 › direct/refresh 只读取一个 workspace read model，并适配 375/768/1024/1440 
  48 skipped
  497 passed (6.4m)
E2E_SECRET_SCAN status=clean
E2E_RESULT playwright=1 secret_scan=0
