E2E_SECRET_REGISTRATION status=ready
INFO  [alembic.runtime.migration] Context impl PostgresqlImpl.
INFO  [alembic.runtime.migration] Will assume transactional DDL.
INFO  [alembic.runtime.migration] Running upgrade  -> 0001_identity_audit, 创建身份、会话和审计表。
INFO  [alembic.runtime.migration] Running upgrade 0001_identity_audit -> 0002_product_facts, 创建规范化产品事实和不可变事实版本。
INFO  [alembic.runtime.migration] Running upgrade 0002_product_facts -> 0003_content_planning, 创建目标问题、平台规则版本和内容任务。
INFO  [alembic.runtime.migration] Running upgrade 0003_content_planning -> 0004_content_production, 创建 PostgreSQL 权威生成作业和不可变 Markdown 内容版本。
INFO  [alembic.runtime.migration] Running upgrade 0004_content_production -> 0005_content_review, 创建追加式内容审核记录。
INFO  [alembic.runtime.migration] Running upgrade 0005_content_review -> 0006_publication, 创建平台账号、人工发布记录和状态事件。
INFO  [alembic.runtime.migration] Running upgrade 0006_publication -> 0007_geo_observation, 创建追加式 GEO 观测及引用关联。
INFO  [alembic.runtime.migration] Running upgrade 0007_geo_observation -> 0008_files, 创建文件生命周期、附件关联并补加证据文件外键。
INFO  [alembic.runtime.migration] Running upgrade 0008_files -> 0009_config_center, 迁移账号类型、配置中心与真实 AI 生成字段。
INFO  [alembic.runtime.migration] Running upgrade 0009_config_center -> 0010_user_cleanup, 清理旧版职责账号并强制既有内容工程师改密。
INFO  [alembic.runtime.migration] Running upgrade 0010_user_cleanup -> 0011_generation_reliability, 增加生成作业补投递诊断字段与到期扫描索引。
INFO  [alembic.runtime.migration] Running upgrade 0011_generation_reliability -> 0012_ai_data_classification, 为生成输入增加显式数据分级与责任人记录。
INFO  [alembic.runtime.migration] Running upgrade 0012_ai_data_classification -> 0013_publication_closure, 增加发布异常待办、修复任务来源和发布平台一致性门禁。
INFO  [alembic.runtime.migration] Running upgrade 0013_publication_closure -> 0014_platform_prompt_ownership, 将当前 Prompt 所有权从平台类型迁移到具体平台。
INFO  [alembic.runtime.migration] Running upgrade 0014_platform_prompt_ownership -> 0015_platform_rule_draft_editing, 允许按修订号编辑平台规则草稿，并继续冻结已激活或退役正文。
INFO  [alembic.runtime.migration] Running upgrade 0015_platform_rule_draft_editing -> 0016_fact_review_cleanup, 允许受约束删除事实版本时清理其从属审核记录。
INFO  [alembic.runtime.migration] Running upgrade 0016_fact_review_cleanup -> 0017_content_humanization, 增加全局自然化 Prompt，并让现有 AI 作业承载自然化修订。
INFO  [alembic.runtime.migration] Running upgrade 0017_content_humanization -> 0018_manual_geo_observation, 增加产品级人工 GEO 观测，并保留旧模型观测历史。
INFO  [alembic.runtime.migration] Running upgrade 0018_manual_geo_observation -> 0019_product_driven_tasks, 允许新内容任务直接围绕产品创建，同时保留历史目标问题关联。
INFO  [alembic.runtime.migration] Running upgrade 0019_product_driven_tasks -> 0020_platform_branding_task_list, 为具体平台增加官网与单一来源 Logo。
INFO  [alembic.runtime.migration] Running upgrade 0020_platform_branding_task_list -> 0021_ai_channel_model_management, 补齐 AI 渠道身份字段与使用统计索引。
INFO  [alembic.runtime.migration] Running upgrade 0021_ai_channel_model_management -> 0022_geo_observation_insights, 补充人工 GEO 逐篇阶段事实与问题主题约束。
INFO  [alembic.runtime.migration] Running upgrade 0022_geo_observation_insights -> 0023_platform_management, 增加具体平台启停状态与管理聚合索引。
INFO  [alembic.runtime.migration] Running upgrade 0023_platform_management -> 0024_audit_outcome, 补齐审计模块、命令结果和安全结果说明。
INFO  [alembic.runtime.migration] Running upgrade 0024_audit_outcome -> 0025_markdown_facts, 将结构化产品事实收敛为 Markdown，并让内容任务直接绑定平台。
INFO  [alembic.runtime.migration] Running upgrade 0025_markdown_facts -> 0026_publication_account_dedup, 补齐发布账号修订约束，并阻止同平台规范化账号标识重复。
INFO  [alembic.runtime.migration] Running upgrade 0026_publication_account_dedup -> 0027_audit_user_delete_guard, 只允许受约束用户删除把匹配审计操作者置空。
INFO  [alembic.runtime.migration] Running upgrade 0027_audit_user_delete_guard -> 0028_platform_logo_lifecycle, 增加平台 Logo 的未引用保留、幂等删除状态与数据库门禁。
INFO  [alembic.runtime.migration] Running upgrade 0028_platform_logo_lifecycle -> 0029_geo_evidence_management, 收敛人工 GEO 独立事实，并为完整更正链删除增加事务门禁。
INFO  [alembic.runtime.migration] Running upgrade 0029_geo_evidence_management -> 0030_publication_record_delete, 为从未公开的发布聚合增加事务级受控删除门禁。
INFO  [alembic.runtime.migration] Running upgrade 0030_publication_record_delete -> 0031_reusable_platform_prompts, 把平台私有 Prompt 收敛为可复用模板和平台当前绑定。
INFO  [alembic.runtime.migration] Running upgrade 0031_reusable_platform_prompts -> 0032_content_task_idempotency, 为普通内容任务创建增加持久化请求键幂等约束。
INFO  [alembic.runtime.migration] Running upgrade 0032_content_task_idempotency -> 0033_task_owned_history_delete, 允许受控删除已取消任务自有的未批准生产历史。
INFO  [alembic.runtime.migration] Running upgrade 0033_task_owned_history_delete -> 0034_publication_redesign, 以发布工作、首次核验成果和发布后内容问题替换旧发布记录。
INFO  [alembic.runtime.migration] Running upgrade 0034_publication_redesign -> 0035_business_workflow, 建立事实提交、内容单主线、发布版本快照与 GEO 来源合同。
INFO  [alembic.runtime.migration] Running upgrade 0035_business_workflow -> 0036_remove_section_url, 删除没有稳定业务含义的发布栏目地址。
INFO  [alembic.runtime.migration] Running upgrade 0036_remove_section_url -> 0037_simplify_deletion_lifecycle, 收缩任务、配置与审计的删除生命周期。
INFO  [alembic.runtime.migration] Running upgrade 0037_simplify_deletion_lifecycle -> 0038_published_article_delete, 允许受控删除无 GEO 引用的发布成果聚合。
INFO  [alembic.runtime.migration] Running upgrade 0038_published_article_delete -> 0039_article_delete_platform, 允许归档任务在删除失效平台的发布成果后转为已取消。
INFO  [alembic.runtime.migration] Running upgrade 0039_article_delete_platform -> 0040_content_draft_management, 允许当前人工未审核草稿受控保存和彻底删除。
INFO  [alembic.runtime.migration] Running upgrade 0040_content_draft_management -> 0041_content_task_list, 补齐内容任务列表的稳定更新时间与排序索引。
INFO  [alembic.runtime.migration] Running upgrade 0041_content_task_list -> 0042_content_version_detail, 记录内容版本自身的真实更新时间。
INFO  [alembic.runtime.migration] Running upgrade 0042_content_version_detail -> 0043_geo_platform_identity, 冻结发布工作的平台 UUID，避免配置删除后 GEO 历史失去身份。
INFO  [alembic.runtime.migration] Running upgrade 0043_geo_platform_identity -> 0044_geo_catalog, 新增 GEO Catalog 三表；冻结本 revision，不读取运行时 ORM。
INFO  [alembic.runtime.migration] Running upgrade 0044_geo_catalog -> 0045_geo_prompt_variants, 仅新增问题变体，冻结规范化及历史锁存，不回填旧问题数组。

> partsignal-frontend-v2@0.1.0 build
> tsc -b && vite build --config vite.config.ts

vite v8.2.1 building client environment for production...
[2Ktransforming...✓ 2909 modules transformed.
rendering chunks...
computing gzip size...
dist/index.html                                                    0.57 kB │ gzip:   0.34 kB
dist/assets/index-D0O1XKEr.css                                    79.61 kB │ gzip:  13.81 kB
dist/assets/queryOptions-Dfvzj6n2.js                               0.03 kB │ gzip:   0.05 kB
dist/assets/route-3YAM3tuL.js                                      0.07 kB │ gzip:   0.08 kB
dist/assets/route-B2aZ3QBi.js                                      0.07 kB │ gzip:   0.08 kB
dist/assets/route-B41ZhOLB.js                                      0.07 kB │ gzip:   0.08 kB
dist/assets/route-BQmWoCus.js                                      0.07 kB │ gzip:   0.08 kB
dist/assets/route-C5cBrTK3.js                                      0.07 kB │ gzip:   0.08 kB
dist/assets/route-COvhN9v6.js                                      0.07 kB │ gzip:   0.08 kB
dist/assets/route-CW62_yWg.js                                      0.07 kB │ gzip:   0.08 kB
dist/assets/route-DEzmN659.js                                      0.07 kB │ gzip:   0.08 kB
dist/assets/route-DQwB-ZOv.js                                      0.07 kB │ gzip:   0.08 kB
dist/assets/route-DYSd7FA3.js                                      0.07 kB │ gzip:   0.08 kB
dist/assets/route-DYSd7FA32.js                                     0.07 kB │ gzip:   0.08 kB
dist/assets/route-DrPtIM3S.js                                      0.07 kB │ gzip:   0.08 kB
dist/assets/route-DsXtGSAg.js                                      0.07 kB │ gzip:   0.08 kB
dist/assets/route-TEQwWL7Y.js                                      0.07 kB │ gzip:   0.08 kB
dist/assets/coerce-D9loWJsW.js                                     0.08 kB │ gzip:   0.10 kB
dist/assets/isElementDisabled-KSuuBj8D.js                          0.11 kB │ gzip:   0.11 kB
dist/assets/chevron-right-zTMhiqmy.js                              0.13 kB │ gzip:   0.14 kB
dist/assets/canonical-uuid-BEi6AC59.js                             0.13 kB │ gzip:   0.13 kB
dist/assets/settings.ai-CipVaq6G.js                                0.21 kB │ gzip:   0.20 kB
dist/assets/_taskId_.editor-_qjLAkbp.js                            0.22 kB │ gzip:   0.20 kB
dist/assets/_taskId_.review-zeX8OAEE.js                            0.22 kB │ gzip:   0.20 kB
dist/assets/route-DFljbmbX.js                                      0.22 kB │ gzip:   0.20 kB
dist/assets/system.audit-qBeF2bb1.js                               0.22 kB │ gzip:   0.20 kB
dist/assets/system.users-0TM8kiXu.js                               0.22 kB │ gzip:   0.20 kB
dist/assets/settings.prompts-9jQdIs2s.js                           0.22 kB │ gzip:   0.20 kB
dist/assets/_taskId-Vsd3-0WC.js                                    0.22 kB │ gzip:   0.21 kB
dist/assets/settings.platforms.types-C4NjYBws.js                   0.22 kB │ gzip:   0.21 kB
dist/assets/versions_._versionId-BW6wP3pa.js                       0.22 kB │ gzip:   0.21 kB
dist/assets/_platformId-BeKfjBVf.js                                0.22 kB │ gzip:   0.20 kB
dist/assets/settings.ai_._channelId-Z_MUrH5D.js                    0.22 kB │ gzip:   0.20 kB
dist/assets/_observationId-B3QjNhkV.js                             0.23 kB │ gzip:   0.21 kB
dist/assets/useControlled-DMK4Pb-8.js                              0.24 kB │ gzip:   0.21 kB
dist/assets/skeleton-Ged3Zc9T.js                                   0.24 kB │ gzip:   0.20 kB
dist/assets/table-shell-BGuXgMNH.js                                0.33 kB │ gzip:   0.24 kB
dist/assets/usePopupHandleStore-D9Ys5NRI.js                        0.35 kB │ gzip:   0.25 kB
dist/assets/table-toolbar-JNNhOzlg.js                              0.42 kB │ gzip:   0.27 kB
dist/assets/route-error-Bl0menBv.js                                0.46 kB │ gzip:   0.31 kB
dist/assets/_productId-Cu3oT6KN.js                                 0.49 kB │ gzip:   0.35 kB
dist/assets/_productId_.facts-C-S7KVKf.js                          0.50 kB │ gzip:   0.36 kB
dist/assets/_productId_.facts_.versions_._versionId-996oc21h.js    0.50 kB │ gzip:   0.36 kB
dist/assets/_productId_.facts_.review-CtF33cCX.js                  0.50 kB │ gzip:   0.37 kB
dist/assets/_observationId_.correct-B4-Bd4W5.js                    0.51 kB │ gzip:   0.37 kB
dist/assets/useCompositeItem-BGClVRCY.js                           0.54 kB │ gzip:   0.37 kB
dist/assets/_observationId_.correct-Cd5Kbfmt.js                    0.58 kB │ gzip:   0.31 kB
dist/assets/content-version.model-BVKgM5xI.js                      0.61 kB │ gzip:   0.43 kB
dist/assets/detail-section-Dm8gVxQG.js                             0.63 kB │ gzip:   0.34 kB
dist/assets/return-to-BzbJXkRi.js                                  0.63 kB │ gzip:   0.39 kB
dist/assets/workbench.api-Cm9VqJUK.js                              0.71 kB │ gzip:   0.46 kB
dist/assets/route-Do6Dxmmm.js                                      0.72 kB │ gzip:   0.50 kB
dist/assets/textarea-CPcbKIlY.js                                   0.83 kB │ gzip:   0.43 kB
dist/assets/table-skeleton-DhD_SVns.js                             0.94 kB │ gzip:   0.54 kB
dist/assets/timeline-BSjJ8olh.js                                   0.94 kB │ gzip:   0.49 kB
dist/assets/form-field-Dwoq3h4m.js                                 0.97 kB │ gzip:   0.54 kB
dist/assets/rowSortingFeature-CpyLjxry.js                          1.02 kB │ gzip:   0.49 kB
dist/assets/security-BJrYogDc.js                                   1.08 kB │ gzip:   0.59 kB
dist/assets/geo-observation-actions-C2i_qn8N.js                    1.09 kB │ gzip:   0.67 kB
dist/assets/login-hVyEm_Ig.js                                      1.17 kB │ gzip:   0.64 kB
dist/assets/print-B55JbsFo.js                                      1.20 kB │ gzip:   0.67 kB
dist/assets/product-deletion-dialog-CalFXwQz.js                    1.20 kB │ gzip:   0.76 kB
dist/assets/filter-bar-CcRbj5Qr.js                                 1.23 kB │ gzip:   0.72 kB
dist/assets/new-DjO83lit.js                                        1.23 kB │ gzip:   0.71 kB
dist/assets/form-layout-B0Bgsdpq.js                                1.29 kB │ gzip:   0.69 kB
dist/assets/file-transfer-bcVkqTxX.js                              1.41 kB │ gzip:   0.83 kB
dist/assets/useBaseUiId-C9V7pCeo.js                                1.42 kB │ gzip:   0.80 kB
dist/assets/table-pagination-DnECnZbj.js                           1.48 kB │ gzip:   0.81 kB
dist/assets/badge-DofVsWMx.js                                      1.57 kB │ gzip:   0.70 kB
dist/assets/audit.api-By--bjEh.js                                  1.62 kB │ gzip:   0.76 kB
dist/assets/sticky-action-bar-DVH16p7g.js                          1.62 kB │ gzip:   0.86 kB
dist/assets/versions_._versionId-ByPJ8Gn5.js                       1.72 kB │ gzip:   0.89 kB
dist/assets/_productId_.facts_.versions_._versionId-Cb3H9RCj.js    1.77 kB │ gzip:   0.89 kB
dist/assets/workspace-shell-D3aULXlD.js                            1.77 kB │ gzip:   0.83 kB
dist/assets/insights-D7ARFfu7.js                                   1.78 kB │ gzip:   0.95 kB
dist/assets/articles-BejnNfzW.js                                   1.79 kB │ gzip:   0.95 kB
dist/assets/_productId_.facts_.versions-CvvjPuhe.js                1.92 kB │ gzip:   1.04 kB
dist/assets/new-OmhKCwzN.js                                        1.94 kB │ gzip:   1.05 kB
dist/assets/_articleId-Bcx7-og-.js                                 1.96 kB │ gzip:   1.08 kB
dist/assets/issues-VWFJB3d-.js                                     1.96 kB │ gzip:   1.03 kB
dist/assets/settings.platforms.types-DapC7aIb.js                   1.98 kB │ gzip:   1.00 kB
dist/assets/_taskId-DEltPiES.js                                    2.00 kB │ gzip:   1.05 kB
dist/assets/work-DI-mMT8E.js                                       2.07 kB │ gzip:   1.08 kB
dist/assets/new-Bp6c5sxV.js                                        2.08 kB │ gzip:   1.17 kB
dist/assets/_observationId-fwveXiVD.js                             2.09 kB │ gzip:   1.08 kB
dist/assets/_productId-DPP1pzqe.js                                 2.14 kB │ gzip:   1.10 kB
dist/assets/platforms-3R1g6o1b.js                                  2.15 kB │ gzip:   1.12 kB
dist/assets/_taskId_.review-D5cFQ5GJ.js                            2.16 kB │ gzip:   1.12 kB
dist/assets/_productId_.facts_.review-ClGs85yt.js                  2.17 kB │ gzip:   1.11 kB
dist/assets/_productId_.facts-CSoSreXZ.js                          2.22 kB │ gzip:   1.15 kB
dist/assets/tasks-DmSO0brK.js                                      2.23 kB │ gzip:   1.15 kB
dist/assets/observations-CNHaPHde.js                               2.24 kB │ gzip:   1.15 kB
dist/assets/useRegisterFieldControl-BcstcGLC.js                    2.25 kB │ gzip:   1.07 kB
dist/assets/_issueId-iUi1Rg1L.js                                   2.27 kB │ gzip:   1.25 kB
dist/assets/useStore-VZN0-5bO.js                                   2.27 kB │ gzip:   0.97 kB
dist/assets/_taskId_.editor-BD9uyHpK.js                            2.27 kB │ gzip:   1.17 kB
dist/assets/topics-BWVVZgbD.js                                     2.30 kB │ gzip:   1.19 kB
dist/assets/system.audit-mrSHow8m.js                               2.31 kB │ gzip:   1.16 kB
dist/assets/dialog-a6fsxgj0.js                                     2.33 kB │ gzip:   0.91 kB
dist/assets/input-BctqO2IH.js                                      2.47 kB │ gzip:   1.25 kB
dist/assets/settings.ai-D5VlfzeM.js                                2.57 kB │ gzip:   1.31 kB
dist/assets/dirty-guard-BMZyDU3c.js                                2.58 kB │ gzip:   1.23 kB
dist/assets/prompt.api-DzGm0lBb.js                                 2.65 kB │ gzip:   1.01 kB
dist/assets/products-BXOi0QQi.js                                   2.69 kB │ gzip:   1.38 kB
dist/assets/security-BnF0HRgs.js                                   3.03 kB │ gzip:   1.48 kB
dist/assets/login-DE1D1623.js                                      3.04 kB │ gzip:   1.48 kB
dist/assets/useCompositeListItem-u8lPl9Q5.js                       3.11 kB │ gzip:   1.41 kB
dist/assets/settings.ai_._channelId-WVS8bdqG.js                    3.11 kB │ gzip:   1.54 kB
dist/assets/sheet-D9uPFrTH.js                                      3.73 kB │ gzip:   1.45 kB
dist/assets/audit-detail-content-DArYiXgE.js                       3.90 kB │ gzip:   1.61 kB
dist/assets/print-CKKFG2ep.js                                      4.13 kB │ gzip:   1.66 kB
dist/assets/product.model-XapFGIaV.js                              4.40 kB │ gzip:   2.01 kB
dist/assets/Match-CvdDQUn7.js                                      4.41 kB │ gzip:   1.72 kB
dist/assets/new-BixprMd8.js                                        4.45 kB │ gzip:   1.94 kB
dist/assets/_workId-BjC7S9ic.js                                    4.72 kB │ gzip:   2.42 kB
dist/assets/settings.prompts-CR0ay5V3.js                           4.89 kB │ gzip:   2.40 kB
dist/assets/issues-DVcfzujI.js                                     5.06 kB │ gzip:   2.12 kB
dist/assets/_productId_.facts_.versions-Cpjslvyp.js                5.23 kB │ gzip:   2.34 kB
dist/assets/composite-CkIclNEs.js                                  5.88 kB │ gzip:   2.28 kB
dist/assets/articles-yXHALOnt.js                                   5.92 kB │ gzip:   2.40 kB
dist/assets/geo-evidence-upload-CnXcmtbC.js                        6.15 kB │ gzip:   2.66 kB
dist/assets/client-C6dNGmfD.js                                     6.59 kB │ gzip:   2.58 kB
dist/assets/principal-epoch-C10oPH-p.js                            6.87 kB │ gzip:   2.33 kB
dist/assets/globalFilteringFeature-DEAkjI5G.js                     6.95 kB │ gzip:   1.98 kB
dist/assets/_platformId-rBwyXJze.js                                7.70 kB │ gzip:   3.45 kB
dist/assets/_app-C3MxuYtA.js                                       7.72 kB │ gzip:   2.58 kB
dist/assets/QueryClientProvider-CWfwOWtR.js                        7.80 kB │ gzip:   3.04 kB
dist/assets/product.api-CqClZm6j.js                                7.94 kB │ gzip:   2.60 kB
dist/assets/_productId_.facts_.versions_._versionId-DF0GS9Wv.js    8.18 kB │ gzip:   2.62 kB
dist/assets/jsx-runtime-B-hcVAMW.js                                8.55 kB │ gzip:   3.26 kB
dist/assets/x-BNbVl6Pn.js                                          8.72 kB │ gzip:   3.14 kB
dist/assets/questions-DF2r1B0V.js                                  8.73 kB │ gzip:   3.85 kB
dist/assets/new-DtVcglvo.js                                        8.95 kB │ gzip:   3.78 kB
dist/assets/geo-entities-FPTzdjJr.js                               8.99 kB │ gzip:   3.57 kB
dist/assets/products-DYN4Do-7.js                                   9.21 kB │ gzip:   3.69 kB
dist/assets/tasks-CkGoh84s.js                                      9.23 kB │ gzip:   3.55 kB
dist/assets/platform.api-B5uRJJk3.js                               9.71 kB │ gzip:   3.25 kB
dist/assets/geo-insights-report-C0Zk2Ke5.js                       10.34 kB │ gzip:   2.88 kB
dist/assets/versions_._versionId-BvvezRD7.js                      12.02 kB │ gzip:   3.82 kB
dist/assets/tabs-CUfkZXFO.js                                      12.50 kB │ gzip:   4.72 kB
dist/assets/system.audit-Ll7CwOXv.js                              12.50 kB │ gzip:   4.37 kB
dist/assets/content-task-lifecycle-DHJ72vyQ.js                    12.51 kB │ gzip:   4.65 kB
dist/assets/observations-DP9QC9lN.js                              12.51 kB │ gzip:   4.85 kB
dist/assets/system.users-uWquFqwh.js                              12.83 kB │ gzip:   5.46 kB
dist/assets/route-BnZ3-mUB2.js                                    13.31 kB │ gzip:   5.06 kB
dist/assets/insights-CRCCg-Y9.js                                  13.39 kB │ gzip:   4.90 kB
dist/assets/_taskId-C_mFRVm0.js                                   14.87 kB │ gzip:   4.63 kB
dist/assets/content.api-BDRL7hz6.js                               14.90 kB │ gzip:   4.32 kB
dist/assets/_productId_.facts_.review-D7KGvewZ.js                 15.83 kB │ gzip:   5.63 kB
dist/assets/work-64UkhBW5.js                                      15.88 kB │ gzip:   5.19 kB
dist/assets/publication.api-CnBkze8k.js                           16.20 kB │ gzip:   4.80 kB
dist/assets/_articleId-CAe4XgZ5.js                                16.27 kB │ gzip:   5.43 kB
dist/assets/useQuery-fTBak1Kd.js                                  16.32 kB │ gzip:   5.46 kB
dist/assets/settings.platforms.types-FXs6yLKR.js                  16.38 kB │ gzip:   5.90 kB
dist/assets/audit.model-CVkfEHI3.js                               16.84 kB │ gzip:   5.40 kB
dist/assets/new-BRy_OU2L.js                                       16.94 kB │ gzip:   6.03 kB
dist/assets/platforms-foJcRhbu.js                                 17.03 kB │ gzip:   6.17 kB
dist/assets/_productId_.facts-CVO21zts.js                         17.33 kB │ gzip:   5.82 kB
dist/assets/settings.ai-UomhMVrC.js                               17.46 kB │ gzip:   6.30 kB
dist/assets/_taskId_.review-CFpEg8ED.js                           17.48 kB │ gzip:   6.06 kB
dist/assets/_productId-Az4gEq9d.js                                17.55 kB │ gzip:   5.89 kB
dist/assets/row-actions-8nM3BcLn.js                               17.90 kB │ gzip:   6.59 kB
dist/assets/_observationId-Bf2chXpn.js                            18.05 kB │ gzip:   5.76 kB
dist/assets/auth-provider-DSn79FIM.js                             18.50 kB │ gzip:   6.78 kB
dist/assets/geo.api-CWeaevDs.js                                   18.53 kB │ gzip:   5.93 kB
dist/assets/_issueId-RkHCuxtD.js                                  19.62 kB │ gzip:   6.52 kB
dist/assets/topics-BNilTsbc.js                                    19.94 kB │ gzip:   7.03 kB
dist/assets/ai-channel-workspace.model-DKxchzvp.js                20.72 kB │ gzip:   6.32 kB
dist/assets/lazyRouteComponent-COcJ2Adl.js                        24.20 kB │ gzip:   8.98 kB
dist/assets/_observationId_.correct-FoTF1xN8.js                   24.42 kB │ gzip:   8.23 kB
dist/assets/_workId-Dgm5vuyS.js                                   28.51 kB │ gzip:   8.89 kB
dist/assets/questions-DzhsR-hb.js                                 28.54 kB │ gzip:   9.12 kB
dist/assets/select-yJLUltTh.js                                    30.10 kB │ gzip:  10.91 kB
dist/assets/settings.prompts-BD1-6Dzm.js                          30.81 kB │ gzip:   9.97 kB
dist/assets/system.users-DuzEJqPU.js                              30.96 kB │ gzip:   9.73 kB
dist/assets/providers-DX_8tetD.js                                 34.76 kB │ gzip:  10.38 kB
dist/assets/icon-button-BS5faQ5W.js                               36.26 kB │ gzip:  12.08 kB
dist/assets/column-header-KGGGGhkT.js                             36.45 kB │ gzip:  11.43 kB
dist/assets/ToolbarRootContext-lsmU7-Q8.js                        36.62 kB │ gzip:  14.02 kB
dist/assets/geo-entities-IIhi8XXP.js                              36.97 kB │ gzip:  11.37 kB
dist/assets/_taskId_.editor-IYH7urQ5.js                           37.91 kB │ gzip:  11.54 kB
dist/assets/_platformId-DUaxt8Z7.js                               38.91 kB │ gzip:  11.58 kB
dist/assets/createLucideIcon-B_YECJca.js                          39.80 kB │ gzip:  14.03 kB
dist/assets/button-BZhX1_Og.js                                    40.12 kB │ gzip:  13.54 kB
dist/assets/zod-CS-qYe1E.js                                       40.85 kB │ gzip:  14.09 kB
dist/assets/route-BFQj1He8.js                                     43.50 kB │ gzip:  15.66 kB
dist/assets/settings.ai_._channelId-DFQ-0cti.js                   49.67 kB │ gzip:  13.69 kB
dist/assets/schemas-S3sxCJrX.js                                   69.76 kB │ gzip:  18.62 kB
dist/assets/index-Bf4-tTF1.js                                    188.48 kB │ gzip:  60.22 kB
dist/assets/markdown-editor-CBfmug1M.js                          729.88 kB │ gzip: 245.01 kB

✓ built in 421ms
[plugin builtin:vite-reporter] 
(!) Some chunks are larger than 500 kB after minification. Consider:
- Using dynamic import() to code-split the application
- Use build.rolldownOptions.output.codeSplitting to improve chunking: https://rolldown.rs/reference/OutputOptions.codeSplitting
- Adjust chunk size limit for this warning via build.chunkSizeWarningLimit.
已创建或确认管理员和内容工程师账号。
INFO:     Started server process [39761]
INFO:     Waiting for application startup.
INFO:     Application startup complete.
INFO:     Uvicorn running on http://127.0.0.1:9001 (Press CTRL+C to quit)
INFO:     Started server process [39760]
INFO:     Waiting for application startup.
INFO:     Application startup complete.
INFO:     Uvicorn running on http://127.0.0.1:19009 (Press CTRL+C to quit)
  ➜  Local:   http://127.0.0.1:4174/
INFO:     Started server process [39759]
INFO:     Waiting for application startup.
INFO:     Application startup complete.
INFO:     Uvicorn running on http://127.0.0.1:8000 (Press CTRL+C to quit)
INFO:     127.0.0.1:59607 - "GET /api/health/ready HTTP/1.1" 200 OK
INFO:     127.0.0.1:59610 - "GET /v1/models HTTP/1.1" 200 OK

> partsignal-frontend-v2@0.1.0 e2e:raw
> playwright test tests/e2e/questions-real-stack.spec.ts --project=foundation-desktop


Running 1 test using 1 worker

(node:39788) Warning: The 'NO_COLOR' env is ignored due to the 'FORCE_COLOR' env being set.
(Use `node --trace-warnings ...` to show where the warning was created)
INFO:     127.0.0.1:59623 - "POST /api/v1/auth/login HTTP/1.1" 200 OK
INFO:     127.0.0.1:59623 - "POST /api/v1/users HTTP/1.1" 201 Created
INFO:     127.0.0.1:59623 - "POST /api/v1/auth/login HTTP/1.1" 200 OK
INFO:     127.0.0.1:59623 - "POST /api/v1/auth/change-password HTTP/1.1" 204 No Content
INFO:     127.0.0.1:59630 - "GET /api/v1/auth/session HTTP/1.1" 200 OK
INFO:     127.0.0.1:59630 - "GET /api/v1/query-topics/list-items?sort=QUESTION_ASC&page=1&page_size=20 HTTP/1.1" 200 OK
INFO:     127.0.0.1:59631 - "OPTIONS /api/v1/query-topics HTTP/1.1" 200 OK
INFO:     127.0.0.1:59630 - "POST /api/v1/query-topics HTTP/1.1" 201 Created
INFO:     127.0.0.1:59632 - "GET /api/v1/auth/session HTTP/1.1" 200 OK
INFO:     127.0.0.1:59632 - "GET /api/v1/geo/prompt-variants?page=1&page_size=20&sort=UPDATED_DESC HTTP/1.1" 200 OK
INFO:     127.0.0.1:59632 - "GET /api/v1/query-topics HTTP/1.1" 200 OK
INFO:     127.0.0.1:59631 - "OPTIONS /api/v1/geo/query-topics/ae82fc11-f93d-4373-9ead-35468b052a21/prompt-variants HTTP/1.1" 200 OK
INFO:     127.0.0.1:59632 - "POST /api/v1/geo/query-topics/ae82fc11-f93d-4373-9ead-35468b052a21/prompt-variants HTTP/1.1" 201 Created
INFO:     127.0.0.1:59632 - "GET /api/v1/geo/prompt-variants?page=1&page_size=20&sort=UPDATED_DESC HTTP/1.1" 200 OK
INFO:     127.0.0.1:59632 - "GET /api/v1/geo/prompt-variants?q=6ff0b0db&query_topic_id=ae82fc11-f93d-4373-9ead-35468b052a21&page=1&page_size=20&sort=UPDATED_DESC HTTP/1.1" 200 OK
INFO:     127.0.0.1:59632 - "GET /api/v1/geo/prompt-variants?q=6ff0b0db&query_topic_id=ae82fc11-f93d-4373-9ead-35468b052a21&mention_mode=UNBRANDED&page=1&page_size=20&sort=UPDATED_DESC HTTP/1.1" 200 OK
INFO:     127.0.0.1:59632 - "GET /api/v1/geo/prompt-variants?q=6ff0b0db&query_topic_id=ae82fc11-f93d-4373-9ead-35468b052a21&mention_mode=UNBRANDED&priority=CORE&page=1&page_size=20&sort=UPDATED_DESC HTTP/1.1" 200 OK
INFO:     127.0.0.1:59633 - "GET /api/v1/auth/session HTTP/1.1" 200 OK
INFO:     127.0.0.1:59633 - "GET /api/v1/geo/prompt-variants?q=6ff0b0db&query_topic_id=ae82fc11-f93d-4373-9ead-35468b052a21&mention_mode=UNBRANDED&priority=CORE&is_active=true&page=1&page_size=20&sort=UPDATED_DESC HTTP/1.1" 200 OK
INFO:     127.0.0.1:59633 - "GET /api/v1/query-topics HTTP/1.1" 200 OK
INFO:     127.0.0.1:59633 - "GET /api/v1/geo/prompt-variants/d6c97a65-3dcf-47b3-bb85-2667e4904847 HTTP/1.1" 200 OK
INFO:     127.0.0.1:59631 - "OPTIONS /api/v1/geo/prompt-variants/d6c97a65-3dcf-47b3-bb85-2667e4904847 HTTP/1.1" 200 OK
INFO:     127.0.0.1:59633 - "PATCH /api/v1/geo/prompt-variants/d6c97a65-3dcf-47b3-bb85-2667e4904847 HTTP/1.1" 200 OK
INFO:     127.0.0.1:59633 - "GET /api/v1/geo/prompt-variants?q=6ff0b0db&query_topic_id=ae82fc11-f93d-4373-9ead-35468b052a21&mention_mode=UNBRANDED&priority=CORE&is_active=true&page=1&page_size=20&sort=UPDATED_DESC HTTP/1.1" 200 OK
INFO:     127.0.0.1:59631 - "OPTIONS /api/v1/geo/prompt-variants/d6c97a65-3dcf-47b3-bb85-2667e4904847/disable HTTP/1.1" 200 OK
INFO:     127.0.0.1:59633 - "POST /api/v1/geo/prompt-variants/d6c97a65-3dcf-47b3-bb85-2667e4904847/disable HTTP/1.1" 200 OK
INFO:     127.0.0.1:59633 - "GET /api/v1/geo/prompt-variants?q=6ff0b0db&query_topic_id=ae82fc11-f93d-4373-9ead-35468b052a21&mention_mode=UNBRANDED&priority=CORE&is_active=true&page=1&page_size=20&sort=UPDATED_DESC HTTP/1.1" 200 OK
INFO:     127.0.0.1:59631 - "OPTIONS /api/v1/geo/prompt-variants/d6c97a65-3dcf-47b3-bb85-2667e4904847/enable HTTP/1.1" 200 OK
INFO:     127.0.0.1:59633 - "POST /api/v1/geo/prompt-variants/d6c97a65-3dcf-47b3-bb85-2667e4904847/enable HTTP/1.1" 200 OK
INFO:     127.0.0.1:59634 - "GET /api/v1/auth/session HTTP/1.1" 200 OK
INFO:     127.0.0.1:59634 - "GET /api/v1/geo/prompt-variants?q=6ff0b0db&query_topic_id=ae82fc11-f93d-4373-9ead-35468b052a21&mention_mode=UNBRANDED&priority=CORE&is_active=true&page=1&page_size=20&sort=UPDATED_DESC HTTP/1.1" 200 OK
INFO:     127.0.0.1:59635 - "GET /api/v1/geo/prompt-variants/d6c97a65-3dcf-47b3-bb85-2667e4904847 HTTP/1.1" 200 OK
INFO:     127.0.0.1:59637 - "GET /api/v1/query-topics HTTP/1.1" 200 OK
INFO:     127.0.0.1:59637 - "POST /api/v1/geo/query-topics/ae82fc11-f93d-4373-9ead-35468b052a21/prompt-variants HTTP/1.1" 409 Conflict
INFO:     127.0.0.1:59637 - "POST /api/v1/geo/query-topics/ae82fc11-f93d-4373-9ead-35468b052a21/prompt-variants HTTP/1.1" 201 Created
INFO:     127.0.0.1:59637 - "GET /api/v1/geo/prompt-variants?q=6ff0b0db&query_topic_id=ae82fc11-f93d-4373-9ead-35468b052a21&mention_mode=UNBRANDED&priority=CORE&is_active=true&page=1&page_size=20&sort=UPDATED_DESC HTTP/1.1" 200 OK
INFO:     127.0.0.1:59631 - "OPTIONS /api/v1/geo/prompt-variants/e7cd36aa-d756-47cf-9d83-1fb46e3c4d77?expected_revision=0 HTTP/1.1" 200 OK
INFO:     127.0.0.1:59637 - "DELETE /api/v1/geo/prompt-variants/e7cd36aa-d756-47cf-9d83-1fb46e3c4d77?expected_revision=0 HTTP/1.1" 204 No Content
INFO:     127.0.0.1:59637 - "GET /api/v1/geo/prompt-variants?q=6ff0b0db&query_topic_id=ae82fc11-f93d-4373-9ead-35468b052a21&mention_mode=UNBRANDED&priority=CORE&is_active=true&page=1&page_size=20&sort=UPDATED_DESC HTTP/1.1" 200 OK
INFO:     127.0.0.1:59637 - "GET /api/v1/auth/session HTTP/1.1" 200 OK
INFO:     127.0.0.1:59635 - "GET /api/v1/geo/prompt-variants/d6c97a65-3dcf-47b3-bb85-2667e4904847 HTTP/1.1" 200 OK
INFO:     127.0.0.1:59637 - "GET /api/v1/geo/prompt-variants?q=6ff0b0db&page=1&page_size=20&sort=UPDATED_DESC HTTP/1.1" 200 OK
INFO:     127.0.0.1:59637 - "GET /api/v1/query-topics HTTP/1.1" 200 OK
INFO:     127.0.0.1:59631 - "OPTIONS /api/v1/geo/prompt-variants/d6c97a65-3dcf-47b3-bb85-2667e4904847?expected_revision=3 HTTP/1.1" 200 OK
INFO:     127.0.0.1:59637 - "DELETE /api/v1/geo/prompt-variants/d6c97a65-3dcf-47b3-bb85-2667e4904847?expected_revision=3 HTTP/1.1" 204 No Content
INFO:     127.0.0.1:59637 - "GET /api/v1/geo/prompt-variants?q=6ff0b0db&page=1&page_size=20&sort=UPDATED_DESC HTTP/1.1" 200 OK
INFO:     127.0.0.1:59637 - "GET /api/v1/auth/session HTTP/1.1" 200 OK
INFO:     127.0.0.1:59637 - "GET /api/v1/geo/prompt-variants?q=6ff0b0db&page=1&page_size=20&sort=UPDATED_DESC HTTP/1.1" 200 OK
INFO:     127.0.0.1:59637 - "GET /api/v1/query-topics HTTP/1.1" 200 OK
INFO:     127.0.0.1:59639 - "GET /api/v1/geo/prompt-variants?query_topic_id=ae82fc11-f93d-4373-9ead-35468b052a21 HTTP/1.1" 200 OK
  ✓  1 [foundation-desktop] › tests/e2e/questions-real-stack.spec.ts:30:1 › 工程师创建、筛选、编辑、启停、复制与删除；刷新持久化，运行入口不可用 (6.1s)

  1 passed (6.4s)
E2E_SECRET_SCAN status=clean
E2E_RESULT playwright=0 secret_scan=0
INFO:     Shutting down
INFO:     Waiting for application shutdown.
INFO:     Application shutdown complete.
INFO:     Finished server process [39761]

worker: Warm shutdown (MainProcess)
INFO:     Shutting down
INFO:     Waiting for application shutdown.
INFO:     Application shutdown complete.
INFO:     Finished server process [39760]
INFO:     Shutting down
INFO:     Waiting for application shutdown.
INFO:     Application shutdown complete.
INFO:     Finished server process [39759]
E2E_CLEANUP redis_db=14 keys=1 status=deleted
E2E_CLEANUP ports=8000,9001,4174,19009 status=released
E2E_CLEANUP database=partsignal_e2e_20261002_74df55a4e5bd90b667695e833ec56ffa status=dropped
E2E_CLEANUP storage=/var/folders/m5/j06tv2sn1hn93d6f33j559jm0000gn/T//partsignal-e2e-storage.GjciAI status=removed
