F                                                                        [100%]
=================================== FAILURES ===================================
_ test_same_cookie_password_change_and_variant_create_have_no_session_user_cycle _

self = <sqlalchemy.engine.base.Connection object at 0x110c5a330>
dialect = <sqlalchemy.dialects.postgresql.psycopg.PGDialect_psycopg object at 0x110aa61b0>
context = <sqlalchemy.dialects.postgresql.psycopg.PGExecutionContext_psycopg object at 0x110c7df10>
statement = <sqlalchemy.dialects.postgresql.psycopg.PGCompiler_psycopg object at 0x110c7cef0>
parameters = [{'id_1': UUID('c4c81cde-01ec-4446-bdce-0de1f41071d1')}]

    def _exec_single_context(
        self,
        dialect: Dialect,
        context: ExecutionContext,
        statement: Union[str, Compiled],
        parameters: Optional[_AnyMultiExecuteParams],
    ) -> CursorResult[Any]:
        """continue the _execute_context() method for a single DBAPI
        cursor.execute() or cursor.executemany() call.
    
        """
        if dialect.bind_typing is BindTyping.SETINPUTSIZES:
            generic_setinputsizes = context._prepare_set_input_sizes()
    
            if generic_setinputsizes:
                try:
                    dialect.do_set_input_sizes(
                        context.cursor, generic_setinputsizes, context
                    )
                except BaseException as e:
                    self._handle_dbapi_exception(
                        e, str(statement), parameters, None, context
                    )
    
        cursor, str_statement, parameters = (
            context.cursor,
            context.statement,
            context.parameters,
        )
    
        effective_parameters: Optional[_AnyExecuteParams]
    
        if not context.executemany:
            effective_parameters = parameters[0]
        else:
            effective_parameters = parameters
    
        if self._has_events or self.engine._has_events:
            for fn in self.dispatch.before_cursor_execute:
                str_statement, effective_parameters = fn(
                    self,
                    cursor,
                    str_statement,
                    effective_parameters,
                    context,
                    context.executemany,
                )
    
        if self._echo:
            self._log_info(str_statement)
    
            stats = context._get_cache_stats()
    
            if not self.engine.hide_parameters:
                self._log_info(
                    "[%s] %r",
                    stats,
                    sql_util._repr_params(
                        effective_parameters,
                        batches=10,
                        ismulti=context.executemany,
                    ),
                )
            else:
                self._log_info(
                    "[%s] [SQL parameters hidden due to hide_parameters=True]",
                    stats,
                )
    
        evt_handled: bool = False
        try:
            if context.execute_style is ExecuteStyle.EXECUTEMANY:
                effective_parameters = cast(
                    "_CoreMultiExecuteParams", effective_parameters
                )
                if self.dialect._has_events:
                    for fn in self.dialect.dispatch.do_executemany:
                        if fn(
                            cursor,
                            str_statement,
                            effective_parameters,
                            context,
                        ):
                            evt_handled = True
                            break
                if not evt_handled:
                    self.dialect.do_executemany(
                        cursor,
                        str_statement,
                        effective_parameters,
                        context,
                    )
            elif not effective_parameters and context.no_parameters:
                if self.dialect._has_events:
                    for fn in self.dialect.dispatch.do_execute_no_params:
                        if fn(cursor, str_statement, context):
                            evt_handled = True
                            break
                if not evt_handled:
                    self.dialect.do_execute_no_params(
                        cursor, str_statement, context
                    )
            else:
                effective_parameters = cast(
                    "_CoreSingleExecuteParams", effective_parameters
                )
                if self.dialect._has_events:
                    for fn in self.dialect.dispatch.do_execute:
                        if fn(
                            cursor,
                            str_statement,
                            effective_parameters,
                            context,
                        ):
                            evt_handled = True
                            break
                if not evt_handled:
>                   self.dialect.do_execute(
                        cursor, str_statement, effective_parameters, context
                    )

backend/.venv/lib/python3.12/site-packages/sqlalchemy/engine/base.py:1969: 
_ _ _ _ _ _ _ _ _ _ _ _ _ _ _ _ _ _ _ _ _ _ _ _ _ _ _ _ _ _ _ _ _ _ _ _ _ _ _ _ 
backend/.venv/lib/python3.12/site-packages/sqlalchemy/engine/default.py:952: in do_execute
    cursor.execute(statement, parameters)
_ _ _ _ _ _ _ _ _ _ _ _ _ _ _ _ _ _ _ _ _ _ _ _ _ _ _ _ _ _ _ _ _ _ _ _ _ _ _ _ 

self = <psycopg.Cursor [closed] [IDLE] (host=127.0.0.1 port=55441 user=geo202 database=partsignal_geo202_5c0d7a5807) at 0x110b2ee10>
query = 'SELECT users.id, users.username, users.display_name, users.password_hash, users.account_type, users.is_active, users.must_change_password, users.revision, users.created_at \nFROM users \nWHERE users.id = %(id_1)s::UUID FOR UPDATE'
params = {'id_1': UUID('c4c81cde-01ec-4446-bdce-0de1f41071d1')}

    def execute(
        self,
        query: Query,
        params: Params | None = None,
        *,
        prepare: bool | None = None,
        binary: bool | None = None,
    ) -> Self:
        """
        Execute a query or command to the database.
        """
        try:
            with self._conn.lock:
                self._conn.wait(
                    self._execute_gen(query, params, prepare=prepare, binary=binary)
                )
        except e._NO_TRACEBACK as ex:
>           raise ex.with_traceback(None)
E           psycopg.errors.DeadlockDetected: deadlock detected
E           DETAIL:  Process 8160 waits for ShareLock on transaction 3934; blocked by process 8161.
E           Process 8161 waits for ShareLock on transaction 3933; blocked by process 8160.
E           HINT:  See server log for query details.
E           CONTEXT:  while locking tuple (0,3) in relation "users"

backend/.venv/lib/python3.12/site-packages/psycopg/cursor.py:117: DeadlockDetected

The above exception was the direct cause of the following exception:

questions_api = QuestionsAPI(engine=Engine(postgresql+psycopg://geo202:***@127.0.0.1:55441/partsignal_geo202_5c0d7a5807), factory=sess...arlette.testclient.TestClient object at 0x10fb0d640>, engineer=<starlette.testclient.TestClient object at 0x110c3d5e0>)
monkeypatch = <_pytest.monkeypatch.MonkeyPatch object at 0x110b4c530>

    def test_same_cookie_password_change_and_variant_create_have_no_session_user_cycle(
        questions_api: QuestionsAPI, monkeypatch: pytest.MonkeyPatch
    ) -> None:
        """真实改密命令与认证 heartbeat 不能形成 Session→User 的反向锁环。"""
        from datetime import UTC, datetime
    
        from app.models.identity import SessionRecord
        from app.schemas.common import ChangePasswordRequest
        from app.security import hash_password
        from app.services.identity import change_password
    
        api = questions_api
        with api.factory() as setup:
            setup.get(User, api.admin_id).password_hash = hash_password("geo202-old-fake-password")
            setup.commit()
        actor_locked = Event()
        original = commands._lock_topic
    
        def observed_topic_lock(db, topic_id):
            actor_locked.set()
            return original(db, topic_id)
    
        monkeypatch.setattr(commands, "_lock_topic", observed_topic_lock)
    
        def create():
            with api.factory() as db:
                db.execute(text("SET LOCAL statement_timeout = '5s'"))
                current = db.scalar(select(SessionRecord).where(SessionRecord.user_id == api.admin_id))
                current.last_seen_at = datetime.now(UTC)  # 与真实认证依赖相同的 pending write。
                return commands.create_variant(
                    db=db,
                    query_topic_id=api.topic,
                    payload=GeoPromptVariantCreate.model_validate(api.payload()),
                    actor=current.user,
                    request_id="geo202-same-cookie-create",
                )
    
        with api.factory() as password_db, ThreadPoolExecutor(1) as pool:
            password_db.execute(text("SET LOCAL statement_timeout = '5s'"))
            current = password_db.scalar(
                select(SessionRecord)
                .where(SessionRecord.user_id == api.admin_id)
                .with_for_update(of=SessionRecord)
            )
            current.last_seen_at = datetime.now(UTC)
            future = pool.submit(create)
            assert actor_locked.wait(timeout=5)
>           change_password(
                db=password_db,
                current=current,
                payload=ChangePasswordRequest(
                    old_password="geo202-old-fake-password", new_password="geo202-new-fake-password"
                ),
                request_id="geo202-same-cookie-password",
            )

backend/tests/integration/test_geo_questions_transactions.py:305: 
_ _ _ _ _ _ _ _ _ _ _ _ _ _ _ _ _ _ _ _ _ _ _ _ _ _ _ _ _ _ _ _ _ _ _ _ _ _ _ _ 
backend/app/services/identity.py:371: in change_password
    user = db.scalar(select(User).where(User.id == current.user_id).with_for_update())
           ^^^^^^^^^^^^^^^^^^^^^^^^^^^^^^^^^^^^^^^^^^^^^^^^^^^^^^^^^^^^^^^^^^^^^^^^^^^
backend/.venv/lib/python3.12/site-packages/sqlalchemy/orm/session.py:2421: in scalar
    return self._execute_internal(
backend/.venv/lib/python3.12/site-packages/sqlalchemy/orm/session.py:2271: in _execute_internal
    result: Result[Any] = compile_state_cls.orm_execute_statement(
backend/.venv/lib/python3.12/site-packages/sqlalchemy/orm/context.py:306: in orm_execute_statement
    result = conn.execute(
backend/.venv/lib/python3.12/site-packages/sqlalchemy/engine/base.py:1421: in execute
    return meth(
backend/.venv/lib/python3.12/site-packages/sqlalchemy/sql/elements.py:526: in _execute_on_connection
    return connection._execute_clauseelement(
backend/.venv/lib/python3.12/site-packages/sqlalchemy/engine/base.py:1643: in _execute_clauseelement
    ret = self._execute_context(
backend/.venv/lib/python3.12/site-packages/sqlalchemy/engine/base.py:1848: in _execute_context
    return self._exec_single_context(
backend/.venv/lib/python3.12/site-packages/sqlalchemy/engine/base.py:1988: in _exec_single_context
    self._handle_dbapi_exception(
backend/.venv/lib/python3.12/site-packages/sqlalchemy/engine/base.py:2365: in _handle_dbapi_exception
    raise sqlalchemy_exception.with_traceback(exc_info[2]) from e
backend/.venv/lib/python3.12/site-packages/sqlalchemy/engine/base.py:1969: in _exec_single_context
    self.dialect.do_execute(
backend/.venv/lib/python3.12/site-packages/sqlalchemy/engine/default.py:952: in do_execute
    cursor.execute(statement, parameters)
_ _ _ _ _ _ _ _ _ _ _ _ _ _ _ _ _ _ _ _ _ _ _ _ _ _ _ _ _ _ _ _ _ _ _ _ _ _ _ _ 

self = <psycopg.Cursor [closed] [IDLE] (host=127.0.0.1 port=55441 user=geo202 database=partsignal_geo202_5c0d7a5807) at 0x110b2ee10>
query = 'SELECT users.id, users.username, users.display_name, users.password_hash, users.account_type, users.is_active, users.must_change_password, users.revision, users.created_at \nFROM users \nWHERE users.id = %(id_1)s::UUID FOR UPDATE'
params = {'id_1': UUID('c4c81cde-01ec-4446-bdce-0de1f41071d1')}

    def execute(
        self,
        query: Query,
        params: Params | None = None,
        *,
        prepare: bool | None = None,
        binary: bool | None = None,
    ) -> Self:
        """
        Execute a query or command to the database.
        """
        try:
            with self._conn.lock:
                self._conn.wait(
                    self._execute_gen(query, params, prepare=prepare, binary=binary)
                )
        except e._NO_TRACEBACK as ex:
>           raise ex.with_traceback(None)
E           sqlalchemy.exc.OperationalError: (psycopg.errors.DeadlockDetected) deadlock detected
E           DETAIL:  Process 8160 waits for ShareLock on transaction 3934; blocked by process 8161.
E           Process 8161 waits for ShareLock on transaction 3933; blocked by process 8160.
E           HINT:  See server log for query details.
E           CONTEXT:  while locking tuple (0,3) in relation "users"
E           [SQL: SELECT users.id, users.username, users.display_name, users.password_hash, users.account_type, users.is_active, users.must_change_password, users.revision, users.created_at 
E           FROM users 
E           WHERE users.id = %(id_1)s::UUID FOR UPDATE]
E           [parameters: {'id_1': UUID('c4c81cde-01ec-4446-bdce-0de1f41071d1')}]
E           (Background on this error at: https://sqlalche.me/e/20/e3q8)

backend/.venv/lib/python3.12/site-packages/psycopg/cursor.py:117: OperationalError
---------------------------- Captured stderr setup -----------------------------
INFO  [alembic.runtime.migration] Context impl PostgresqlImpl.
INFO  [alembic.runtime.migration] Will assume transactional DDL.
INFO  [alembic.runtime.migration] Running upgrade  -> 0001_identity_audit, 创建身份、会话和审计表。
INFO  [alembic.runtime.migration] Running upgrade 0001_identity_audit -> 0002_product_facts, 创建规范化产品事实和不可变事实版本。
INFO  [alembic.runtime.migration] Running upgrade 0002_product_facts -> 0003_content_planning, 创建目标问题、平台规则版本和内容任务。
INFO  [alembic.runtime.migration] Running upgrade 0003_content_planning -> 0004_content_production, 创建 PostgreSQL 权威生成作业和不可变 Markdown 内容版本。
INFO  [alembic.runtime.migration] Running upgrade 0004_content_production -> 0005_content_review, 创建追加式内容审核记录。
INFO  [alembic.runtime.migration] Running upgrade 0005_content_review -> 0006_publication, 创建平台账号、人工发布记录和状态事件。
INFO  [alembic.runtime.migration] Running upgrade 0006_publication -> 0007_geo_observation, 创建追加式 GEO 观测及引用关联。
INFO  [alembic.runtime.migration] Running upgrade 0007_geo_observation -> 0008_files, 创建文件生命周期、附件关联并补加证据文件外键。
INFO  [alembic.runtime.migration] Running upgrade 0008_files -> 0009_config_center, 迁移账号类型、配置中心与真实 AI 生成字段。
INFO  [alembic.runtime.migration] Running upgrade 0009_config_center -> 0010_user_cleanup, 清理旧版职责账号并强制既有内容工程师改密。
INFO  [alembic.runtime.migration] Running upgrade 0010_user_cleanup -> 0011_generation_reliability, 增加生成作业补投递诊断字段与到期扫描索引。
INFO  [alembic.runtime.migration] Running upgrade 0011_generation_reliability -> 0012_ai_data_classification, 为生成输入增加显式数据分级与责任人记录。
INFO  [alembic.runtime.migration] Running upgrade 0012_ai_data_classification -> 0013_publication_closure, 增加发布异常待办、修复任务来源和发布平台一致性门禁。
INFO  [alembic.runtime.migration] Running upgrade 0013_publication_closure -> 0014_platform_prompt_ownership, 将当前 Prompt 所有权从平台类型迁移到具体平台。
INFO  [alembic.runtime.migration] Running upgrade 0014_platform_prompt_ownership -> 0015_platform_rule_draft_editing, 允许按修订号编辑平台规则草稿，并继续冻结已激活或退役正文。
INFO  [alembic.runtime.migration] Running upgrade 0015_platform_rule_draft_editing -> 0016_fact_review_cleanup, 允许受约束删除事实版本时清理其从属审核记录。
INFO  [alembic.runtime.migration] Running upgrade 0016_fact_review_cleanup -> 0017_content_humanization, 增加全局自然化 Prompt，并让现有 AI 作业承载自然化修订。
INFO  [alembic.runtime.migration] Running upgrade 0017_content_humanization -> 0018_manual_geo_observation, 增加产品级人工 GEO 观测，并保留旧模型观测历史。
INFO  [alembic.runtime.migration] Running upgrade 0018_manual_geo_observation -> 0019_product_driven_tasks, 允许新内容任务直接围绕产品创建，同时保留历史目标问题关联。
INFO  [alembic.runtime.migration] Running upgrade 0019_product_driven_tasks -> 0020_platform_branding_task_list, 为具体平台增加官网与单一来源 Logo。
INFO  [alembic.runtime.migration] Running upgrade 0020_platform_branding_task_list -> 0021_ai_channel_model_management, 补齐 AI 渠道身份字段与使用统计索引。
INFO  [alembic.runtime.migration] Running upgrade 0021_ai_channel_model_management -> 0022_geo_observation_insights, 补充人工 GEO 逐篇阶段事实与问题主题约束。
INFO  [alembic.runtime.migration] Running upgrade 0022_geo_observation_insights -> 0023_platform_management, 增加具体平台启停状态与管理聚合索引。
INFO  [alembic.runtime.migration] Running upgrade 0023_platform_management -> 0024_audit_outcome, 补齐审计模块、命令结果和安全结果说明。
INFO  [alembic.runtime.migration] Running upgrade 0024_audit_outcome -> 0025_markdown_facts, 将结构化产品事实收敛为 Markdown，并让内容任务直接绑定平台。
INFO  [alembic.runtime.migration] Running upgrade 0025_markdown_facts -> 0026_publication_account_dedup, 补齐发布账号修订约束，并阻止同平台规范化账号标识重复。
INFO  [alembic.runtime.migration] Running upgrade 0026_publication_account_dedup -> 0027_audit_user_delete_guard, 只允许受约束用户删除把匹配审计操作者置空。
INFO  [alembic.runtime.migration] Running upgrade 0027_audit_user_delete_guard -> 0028_platform_logo_lifecycle, 增加平台 Logo 的未引用保留、幂等删除状态与数据库门禁。
INFO  [alembic.runtime.migration] Running upgrade 0028_platform_logo_lifecycle -> 0029_geo_evidence_management, 收敛人工 GEO 独立事实，并为完整更正链删除增加事务门禁。
INFO  [alembic.runtime.migration] Running upgrade 0029_geo_evidence_management -> 0030_publication_record_delete, 为从未公开的发布聚合增加事务级受控删除门禁。
INFO  [alembic.runtime.migration] Running upgrade 0030_publication_record_delete -> 0031_reusable_platform_prompts, 把平台私有 Prompt 收敛为可复用模板和平台当前绑定。
INFO  [alembic.runtime.migration] Running upgrade 0031_reusable_platform_prompts -> 0032_content_task_idempotency, 为普通内容任务创建增加持久化请求键幂等约束。
INFO  [alembic.runtime.migration] Running upgrade 0032_content_task_idempotency -> 0033_task_owned_history_delete, 允许受控删除已取消任务自有的未批准生产历史。
INFO  [alembic.runtime.migration] Running upgrade 0033_task_owned_history_delete -> 0034_publication_redesign, 以发布工作、首次核验成果和发布后内容问题替换旧发布记录。
INFO  [alembic.runtime.migration] Running upgrade 0034_publication_redesign -> 0035_business_workflow, 建立事实提交、内容单主线、发布版本快照与 GEO 来源合同。
INFO  [alembic.runtime.migration] Running upgrade 0035_business_workflow -> 0036_remove_section_url, 删除没有稳定业务含义的发布栏目地址。
INFO  [alembic.runtime.migration] Running upgrade 0036_remove_section_url -> 0037_simplify_deletion_lifecycle, 收缩任务、配置与审计的删除生命周期。
INFO  [alembic.runtime.migration] Running upgrade 0037_simplify_deletion_lifecycle -> 0038_published_article_delete, 允许受控删除无 GEO 引用的发布成果聚合。
INFO  [alembic.runtime.migration] Running upgrade 0038_published_article_delete -> 0039_article_delete_platform, 允许归档任务在删除失效平台的发布成果后转为已取消。
INFO  [alembic.runtime.migration] Running upgrade 0039_article_delete_platform -> 0040_content_draft_management, 允许当前人工未审核草稿受控保存和彻底删除。
INFO  [alembic.runtime.migration] Running upgrade 0040_content_draft_management -> 0041_content_task_list, 补齐内容任务列表的稳定更新时间与排序索引。
INFO  [alembic.runtime.migration] Running upgrade 0041_content_task_list -> 0042_content_version_detail, 记录内容版本自身的真实更新时间。
INFO  [alembic.runtime.migration] Running upgrade 0042_content_version_detail -> 0043_geo_platform_identity, 冻结发布工作的平台 UUID，避免配置删除后 GEO 历史失去身份。
INFO  [alembic.runtime.migration] Running upgrade 0043_geo_platform_identity -> 0044_geo_catalog, 新增 GEO Catalog 三表；冻结本 revision，不读取运行时 ORM。
INFO  [alembic.runtime.migration] Running upgrade 0044_geo_catalog -> 0045_geo_prompt_variants, 仅新增问题变体，冻结规范化及历史锁存，不回填旧问题数组。
=========================== short test summary info ============================
FAILED backend/tests/integration/test_geo_questions_transactions.py::test_same_cookie_password_change_and_variant_create_have_no_session_user_cycle
1 failed, 7 deselected in 2.42s
