
> partsignal-frontend-v2@0.1.0 build
> tsc -b && vite build --config vite.config.ts

vite v8.2.1 building client environment for production...
[2K
transforming...✓ 2951 modules transformed.
rendering chunks...
computing gzip size...
dist/index.html                                                    0.57 kB │ gzip:   0.34 kB
dist/assets/index-aDRwmOVp.css                                    81.52 kB │ gzip:  14.12 kB
dist/assets/queryOptions-Dfvzj6n2.js                               0.03 kB │ gzip:   0.05 kB
dist/assets/route-3YAM3tuL.js                                      0.07 kB │ gzip:   0.08 kB
dist/assets/route-B2aZ3QBi.js                                      0.07 kB │ gzip:   0.08 kB
dist/assets/route-B41ZhOLB.js                                      0.07 kB │ gzip:   0.08 kB
dist/assets/route-BQmWoCus.js                                      0.07 kB │ gzip:   0.08 kB
dist/assets/route-C5cBrTK3.js                                      0.07 kB │ gzip:   0.08 kB
dist/assets/route-COvhN9v6.js                                      0.07 kB │ gzip:   0.08 kB
dist/assets/route-CW62_yWg.js                                      0.07 kB │ gzip:   0.08 kB
dist/assets/route-DEzmN659.js                                      0.07 kB │ gzip:   0.08 kB
dist/assets/route-DQwB-ZOv.js                                      0.07 kB │ gzip:   0.08 kB
dist/assets/route-DYSd7FA3.js                                      0.07 kB │ gzip:   0.08 kB
dist/assets/route-DoTyqfYj.js                                      0.07 kB │ gzip:   0.08 kB
dist/assets/route-DrPtIM3S.js                                      0.07 kB │ gzip:   0.08 kB
dist/assets/route-DsXtGSAg.js                                      0.07 kB │ gzip:   0.08 kB
dist/assets/route-TEQwWL7Y.js                                      0.07 kB │ gzip:   0.08 kB
dist/assets/coerce-BOdZ2kCx.js                                     0.08 kB │ gzip:   0.10 kB
dist/assets/isElementDisabled-KSuuBj8D.js                          0.11 kB │ gzip:   0.11 kB
dist/assets/chevron-right-CYv5QI8Q.js                              0.13 kB │ gzip:   0.14 kB
dist/assets/canonical-uuid-CjIE684g.js                             0.13 kB │ gzip:   0.13 kB
dist/assets/settings.ai-CipVaq6G.js                                0.21 kB │ gzip:   0.20 kB
dist/assets/_taskId_.editor-_qjLAkbp.js                            0.22 kB │ gzip:   0.20 kB
dist/assets/_taskId_.review-zeX8OAEE.js                            0.22 kB │ gzip:   0.20 kB
dist/assets/route-DFljbmbX.js                                      0.22 kB │ gzip:   0.20 kB
dist/assets/system.audit-qBeF2bb1.js                               0.22 kB │ gzip:   0.20 kB
dist/assets/system.users-0TM8kiXu.js                               0.22 kB │ gzip:   0.20 kB
dist/assets/settings.prompts-9jQdIs2s.js                           0.22 kB │ gzip:   0.20 kB
dist/assets/_taskId-Vsd3-0WC.js                                    0.22 kB │ gzip:   0.21 kB
dist/assets/settings.platforms.types-C4NjYBws.js                   0.22 kB │ gzip:   0.21 kB
dist/assets/versions_._versionId-BW6wP3pa.js                       0.22 kB │ gzip:   0.21 kB
dist/assets/_platformId-BeKfjBVf.js                                0.22 kB │ gzip:   0.20 kB
dist/assets/settings.ai_._channelId-Z_MUrH5D.js                    0.22 kB │ gzip:   0.20 kB
dist/assets/_observationId-B3QjNhkV.js                             0.23 kB │ gzip:   0.21 kB
dist/assets/useControlled-DMK4Pb-8.js                              0.24 kB │ gzip:   0.21 kB
dist/assets/skeleton-Ged3Zc9T.js                                   0.24 kB │ gzip:   0.20 kB
dist/assets/table-shell-BGuXgMNH.js                                0.33 kB │ gzip:   0.24 kB
dist/assets/usePopupHandleStore-D9Ys5NRI.js                        0.35 kB │ gzip:   0.25 kB
dist/assets/table-toolbar-JNNhOzlg.js                              0.42 kB │ gzip:   0.27 kB
dist/assets/table-skeleton-G-FjuOli.js                             0.45 kB │ gzip:   0.35 kB
dist/assets/route-error-Bl0menBv.js                                0.46 kB │ gzip:   0.31 kB
dist/assets/_productId-Cu3oT6KN.js                                 0.49 kB │ gzip:   0.35 kB
dist/assets/_productId_.facts-C-S7KVKf.js                          0.50 kB │ gzip:   0.36 kB
dist/assets/_productId_.facts_.versions_._versionId-996oc21h.js    0.50 kB │ gzip:   0.36 kB
dist/assets/_productId_.facts_.review-CtF33cCX.js                  0.50 kB │ gzip:   0.37 kB
dist/assets/_observationId_.correct-Box2qt_s.js                    0.51 kB │ gzip:   0.37 kB
dist/assets/useCompositeItem-BGClVRCY.js                           0.54 kB │ gzip:   0.37 kB
dist/assets/empty-table-DARB4g0g.js                                0.55 kB │ gzip:   0.33 kB
dist/assets/_observationId_.correct-DBB54UOz.js                    0.58 kB │ gzip:   0.31 kB
dist/assets/content-version.model-BVKgM5xI.js                      0.61 kB │ gzip:   0.43 kB
dist/assets/detail-section-Dm8gVxQG.js                             0.63 kB │ gzip:   0.34 kB
dist/assets/return-to-BzbJXkRi.js                                  0.63 kB │ gzip:   0.39 kB
dist/assets/workbench.api-BODcO5uB.js                              0.71 kB │ gzip:   0.46 kB
dist/assets/route-Do6Dxmmm.js                                      0.72 kB │ gzip:   0.50 kB
dist/assets/textarea-CPcbKIlY.js                                   0.83 kB │ gzip:   0.43 kB
dist/assets/timeline-BSjJ8olh.js                                   0.94 kB │ gzip:   0.49 kB
dist/assets/form-field-Dwoq3h4m.js                                 0.97 kB │ gzip:   0.54 kB
dist/assets/rowSortingFeature-clERKe6A.js                          1.02 kB │ gzip:   0.49 kB
dist/assets/security-BRi3eq4H.js                                   1.08 kB │ gzip:   0.59 kB
dist/assets/geo-observation-actions-C2i_qn8N.js                    1.09 kB │ gzip:   0.67 kB
dist/assets/login-DQLeIOVR.js                                      1.17 kB │ gzip:   0.64 kB
dist/assets/print-DHzc7D9S.js                                      1.20 kB │ gzip:   0.68 kB
dist/assets/product-deletion-dialog-Bd7gujl7.js                    1.20 kB │ gzip:   0.76 kB
dist/assets/filter-bar-CZ1zu97q.js                                 1.23 kB │ gzip:   0.72 kB
dist/assets/new-BXNGy8UU.js                                        1.23 kB │ gzip:   0.71 kB
dist/assets/form-layout-B0Bgsdpq.js                                1.29 kB │ gzip:   0.69 kB
dist/assets/file-transfer-CkO3-a8I.js                              1.41 kB │ gzip:   0.83 kB
dist/assets/useBaseUiId-C9V7pCeo.js                                1.42 kB │ gzip:   0.80 kB
dist/assets/table-pagination-Cu1UjEGA.js                           1.48 kB │ gzip:   0.81 kB
dist/assets/badge-DofVsWMx.js                                      1.57 kB │ gzip:   0.70 kB
dist/assets/audit.api-8nga8p1D.js                                  1.62 kB │ gzip:   0.76 kB
dist/assets/sticky-action-bar-B0wYCkK8.js                          1.62 kB │ gzip:   0.86 kB
dist/assets/versions_._versionId-BH4Vqvw1.js                       1.72 kB │ gzip:   0.89 kB
dist/assets/_productId_.facts_.versions_._versionId-DOAK13tG.js    1.77 kB │ gzip:   0.89 kB
dist/assets/workspace-shell-DAsOqVUf.js                            1.77 kB │ gzip:   0.83 kB
dist/assets/insights-npCZtccx.js                                   1.78 kB │ gzip:   0.96 kB
dist/assets/articles-DWIoCJUp.js                                   1.82 kB │ gzip:   0.97 kB
dist/assets/new-DLkQONe9.js                                        1.94 kB │ gzip:   1.06 kB
dist/assets/_articleId-BEDWkZVc.js                                 1.96 kB │ gzip:   1.09 kB
dist/assets/_productId_.facts_.versions-BqJv6Ebo.js                1.96 kB │ gzip:   1.06 kB
dist/assets/catalog-controls-BIJmaFcO.js                           1.97 kB │ gzip:   0.88 kB
dist/assets/issues-BrtJfYFR.js                                     2.00 kB │ gzip:   1.05 kB
dist/assets/_taskId-ChTVJkYm.js                                    2.00 kB │ gzip:   1.06 kB
dist/assets/settings.platforms.types-CiTVFAhN.js                   2.01 kB │ gzip:   1.02 kB
dist/assets/new-C9U7oGK1.js                                        2.08 kB │ gzip:   1.17 kB
dist/assets/_observationId-CRfxgHpu.js                             2.09 kB │ gzip:   1.09 kB
dist/assets/work-CPNSCpGE.js                                       2.11 kB │ gzip:   1.10 kB
dist/assets/_productId-jQ07HLM8.js                                 2.14 kB │ gzip:   1.11 kB
dist/assets/_taskId_.review-DWEqHj_j.js                            2.16 kB │ gzip:   1.13 kB
dist/assets/_productId_.facts_.review-GjsNj2_F.js                  2.17 kB │ gzip:   1.12 kB
dist/assets/platforms-BZ2dhcU-.js                                  2.18 kB │ gzip:   1.14 kB
dist/assets/_productId_.facts-BXVn5Gvo.js                          2.22 kB │ gzip:   1.15 kB
dist/assets/useRegisterFieldControl-BcstcGLC.js                    2.25 kB │ gzip:   1.07 kB
dist/assets/tasks-egx8J-Yb.js                                      2.26 kB │ gzip:   1.17 kB
dist/assets/_issueId-DMsn6JBm.js                                   2.27 kB │ gzip:   1.25 kB
dist/assets/useStore-VZN0-5bO.js                                   2.27 kB │ gzip:   0.97 kB
dist/assets/_taskId_.editor-33Gub88k.js                            2.27 kB │ gzip:   1.17 kB
dist/assets/observations-C5q1KBX9.js                               2.28 kB │ gzip:   1.17 kB
dist/assets/plans-KG691ihN.js                                      2.32 kB │ gzip:   1.23 kB
dist/assets/dialog-BUW2_bCD.js                                     2.33 kB │ gzip:   0.91 kB
dist/assets/topics-BtsJeHRu.js                                     2.34 kB │ gzip:   1.22 kB
dist/assets/system.audit-DbmYyxE0.js                               2.35 kB │ gzip:   1.18 kB
dist/assets/input-BctqO2IH.js                                      2.47 kB │ gzip:   1.25 kB
dist/assets/dirty-guard-Dkn1een8.js                                2.58 kB │ gzip:   1.23 kB
dist/assets/settings.ai-nWrKKCy-.js                                2.60 kB │ gzip:   1.33 kB
dist/assets/prompt.api-ClmNqhO5.js                                 2.65 kB │ gzip:   1.01 kB
dist/assets/products-Bmof7hZ3.js                                   2.73 kB │ gzip:   1.40 kB
dist/assets/security-BNDjBG7v.js                                   3.03 kB │ gzip:   1.47 kB
dist/assets/login-DhGzi1Ue.js                                      3.04 kB │ gzip:   1.48 kB
dist/assets/useCompositeListItem-u8lPl9Q5.js                       3.11 kB │ gzip:   1.41 kB
dist/assets/settings.ai_._channelId-CJW8Ulfv.js                    3.11 kB │ gzip:   1.55 kB
dist/assets/sheet-BlvGRDjN.js                                      3.73 kB │ gzip:   1.45 kB
dist/assets/audit-detail-content-CVyzJLu3.js                       3.90 kB │ gzip:   1.61 kB
dist/assets/print-BHlJbSgC.js                                      4.13 kB │ gzip:   1.66 kB
dist/assets/product.model-C2w62KBI.js                              4.40 kB │ gzip:   2.01 kB
dist/assets/Match-CvdDQUn7.js                                      4.41 kB │ gzip:   1.72 kB
dist/assets/new-BVDmXzp3.js                                        4.45 kB │ gzip:   1.95 kB
dist/assets/_workId-DEe2fDo5.js                                    4.72 kB │ gzip:   2.41 kB
dist/assets/settings.prompts-x3WHnof7.js                           4.89 kB │ gzip:   2.40 kB
dist/assets/issues-JufGHzYO.js                                     5.10 kB │ gzip:   2.13 kB
dist/assets/_productId_.facts_.versions-yVcIS9GK.js                5.26 kB │ gzip:   2.36 kB
dist/assets/composite-DT0scx1L.js                                  5.88 kB │ gzip:   2.28 kB
dist/assets/articles-TAgxd3sz.js                                   5.96 kB │ gzip:   2.41 kB
dist/assets/geo-evidence-upload-CjJUp6g7.js                        6.15 kB │ gzip:   2.67 kB
dist/assets/client-_ADlmVAQ.js                                     6.60 kB │ gzip:   2.57 kB
dist/assets/principal-epoch-C10oPH-p.js                            6.87 kB │ gzip:   2.33 kB
dist/assets/globalFilteringFeature-DEYOKZp3.js                     6.95 kB │ gzip:   1.98 kB
dist/assets/plans.api-Cu14d8jm.js                                  7.47 kB │ gzip:   3.16 kB
dist/assets/_platformId-CGqiOQR3.js                                7.70 kB │ gzip:   3.45 kB
dist/assets/_app--fc4GM5f.js                                       7.72 kB │ gzip:   2.58 kB
dist/assets/QueryClientProvider-CWfwOWtR.js                        7.80 kB │ gzip:   3.04 kB
dist/assets/product.api-_NYo4N8P.js                                7.94 kB │ gzip:   2.60 kB
dist/assets/_productId_.facts_.versions_._versionId-BF82Qls_.js    8.18 kB │ gzip:   2.62 kB
dist/assets/jsx-runtime-B-hcVAMW.js                                8.55 kB │ gzip:   3.26 kB
dist/assets/x-B6EM-pkF.js                                          8.72 kB │ gzip:   3.14 kB
dist/assets/questions-BBQnV4Q5.js                                  8.77 kB │ gzip:   3.87 kB
dist/assets/new-D52fSWYf.js                                        8.95 kB │ gzip:   3.78 kB
dist/assets/geo-entities-qTgYseNC.js                               9.07 kB │ gzip:   3.61 kB
dist/assets/products-BLMNtmdI.js                                   9.25 kB │ gzip:   3.72 kB
dist/assets/tasks-DcTDg4Mp.js                                      9.27 kB │ gzip:   3.58 kB
dist/assets/platform.api-CvfWfoz0.js                               9.71 kB │ gzip:   3.25 kB
dist/assets/geo-insights-report-DfN4lgFP.js                       10.34 kB │ gzip:   2.88 kB
dist/assets/runs-CIAaMXtW.js                                      11.79 kB │ gzip:   4.63 kB
dist/assets/versions_._versionId-7itwcbVM.js                      12.02 kB │ gzip:   3.82 kB
dist/assets/tabs-CxtP7TrS.js                                      12.50 kB │ gzip:   4.72 kB
dist/assets/content-task-lifecycle-loDF_BRo.js                    12.51 kB │ gzip:   4.65 kB
dist/assets/system.audit-py_FWDX5.js                              12.54 kB │ gzip:   4.38 kB
dist/assets/observations-DfnD_o1d.js                              12.54 kB │ gzip:   4.87 kB
dist/assets/system.users-Dw2LD_ro.js                              12.87 kB │ gzip:   5.48 kB
dist/assets/insights-_KFCJVjY.js                                  13.39 kB │ gzip:   4.90 kB
dist/assets/route-BZyLl4ql2.js                                    13.54 kB │ gzip:   5.13 kB
dist/assets/_taskId-BMlC6nM4.js                                   14.87 kB │ gzip:   4.63 kB
dist/assets/content.api-DTb7oKK4.js                               14.90 kB │ gzip:   4.32 kB
dist/assets/_productId_.facts_.review-D-xQpIfa.js                 15.83 kB │ gzip:   5.63 kB
dist/assets/work-Ct_zvF_q.js                                      15.92 kB │ gzip:   5.20 kB
dist/assets/publication.api-moLInCv2.js                           16.20 kB │ gzip:   4.80 kB
dist/assets/_articleId-DFml3bgP.js                                16.27 kB │ gzip:   5.43 kB
dist/assets/useQuery-fTBak1Kd.js                                  16.32 kB │ gzip:   5.46 kB
dist/assets/settings.platforms.types-CVj09UCK.js                  16.42 kB │ gzip:   5.92 kB
dist/assets/new-DWeL8Iee.js                                       16.94 kB │ gzip:   6.04 kB
dist/assets/platforms-BgZ3IA4G.js                                 17.07 kB │ gzip:   6.19 kB
dist/assets/_productId_.facts-DkRZqyUS.js                         17.33 kB │ gzip:   5.82 kB
dist/assets/_taskId_.review-BBjtQcDI.js                           17.48 kB │ gzip:   6.06 kB
dist/assets/settings.ai-C5cicupX.js                               17.50 kB │ gzip:   6.32 kB
dist/assets/_productId-_lP8rKJu.js                                17.55 kB │ gzip:   5.89 kB
dist/assets/audit.model-BrgI1MCv.js                               17.75 kB │ gzip:   5.57 kB
dist/assets/row-actions-CYjMR16w.js                               17.90 kB │ gzip:   6.59 kB
dist/assets/geo-surfaces-DMIqGlhz.js                              17.97 kB │ gzip:   6.74 kB
dist/assets/_observationId-D9EjjgEE.js                            18.05 kB │ gzip:   5.76 kB
dist/assets/auth-provider-CnjStbSM.js                             18.50 kB │ gzip:   6.78 kB
dist/assets/geo.api-1L0vdYjJ.js                                   18.53 kB │ gzip:   5.93 kB
dist/assets/_issueId-BUGi7tTC.js                                  19.62 kB │ gzip:   6.52 kB
dist/assets/topics-BIDnihY2.js                                    19.98 kB │ gzip:   7.04 kB
dist/assets/ai-channel-workspace.model-Byqh39Y7.js                20.72 kB │ gzip:   6.32 kB
dist/assets/lazyRouteComponent-C86nnTuN.js                        24.20 kB │ gzip:   8.98 kB
dist/assets/_observationId_.correct-D0Z_Iprx.js                   24.42 kB │ gzip:   8.24 kB
dist/assets/_workId-BYIfCY5R.js                                   28.51 kB │ gzip:   8.89 kB
dist/assets/questions-CNdto8sb.js                                 28.82 kB │ gzip:   9.22 kB
dist/assets/select-CH5Eaqgx.js                                    30.10 kB │ gzip:  10.91 kB
dist/assets/settings.prompts-AH0-HT0b.js                          30.81 kB │ gzip:   9.97 kB
dist/assets/system.users-CpD6vIB_.js                              31.00 kB │ gzip:   9.75 kB
dist/assets/providers-CulCUQE7.js                                 35.19 kB │ gzip:  10.51 kB
dist/assets/geo-entities-Dl4VE-N8.js                              35.31 kB │ gzip:  10.93 kB
dist/assets/geo-surfaces-BUflWx9L.js                              35.75 kB │ gzip:  11.04 kB
dist/assets/icon-button-BMOuFdHK.js                               36.26 kB │ gzip:  12.08 kB
dist/assets/column-header-DjdBOB5z.js                             36.45 kB │ gzip:  11.43 kB
dist/assets/ToolbarRootContext-BeSvMud0.js                        36.62 kB │ gzip:  14.02 kB
dist/assets/_taskId_.editor-MNYcNyhT.js                           37.91 kB │ gzip:  11.54 kB
dist/assets/_platformId-B8uAXFGp.js                               38.91 kB │ gzip:  11.58 kB
dist/assets/createLucideIcon-DFF2P-ft.js                          39.80 kB │ gzip:  14.03 kB
dist/assets/button-BZhX1_Og.js                                    40.12 kB │ gzip:  13.54 kB
dist/assets/zod-CS-qYe1E.js                                       40.85 kB │ gzip:  14.09 kB
dist/assets/route-CvJsKKw_.js                                     43.50 kB │ gzip:  15.66 kB
dist/assets/settings.ai_._channelId-i-mxm9wb.js                   49.67 kB │ gzip:  13.69 kB
dist/assets/plans-8XPNkxSJ.js                                     50.92 kB │ gzip:  15.77 kB
dist/assets/runs-CvzGHnrm.js                                      56.55 kB │ gzip:  16.72 kB
dist/assets/schemas-DWZFmgSj.js                                   69.76 kB │ gzip:  18.62 kB
dist/assets/index-B8asPBL_.js                                    188.61 kB │ gzip:  60.28 kB
dist/assets/markdown-editor-IBMAzhrF.js                          729.88 kB │ gzip: 245.01 kB

✓ built in 465ms
[plugin builtin:vite-reporter] 
(!) Some chunks are larger than 500 kB after minification. Consider:
- Using dynamic import() to code-split the application
- Use build.rolldownOptions.output.codeSplitting to improve chunking: https://rolldown.rs/reference/OutputOptions.codeSplitting
- Adjust chunk size limit for this warning via build.chunkSizeWarningLimit.
