 Image partsignal-geo405-backend-test Pulling 
 Image partsignal-geo405-backend-test pull access denied for partsignal-geo405-backend-test, repository does not exist or may require 'docker login' 
 Image partsignal-geo405-backend-test Building 
#1 [internal] load local bake definitions
#1 reading from stdin 596B done
#1 DONE 0.0s

#2 [internal] load build definition from Dockerfile
#2 transferring dockerfile: 594B done
#2 DONE 0.0s

#3 [internal] load metadata for docker.io/library/python:3.12-slim
#3 ...

#4 [auth] astral-sh/uv:pull token for ghcr.io
#4 DONE 0.0s

#5 [internal] load metadata for ghcr.io/astral-sh/uv:0.7.13
#5 ...

#3 [internal] load metadata for docker.io/library/python:3.12-slim
#3 DONE 1.7s

#5 [internal] load metadata for ghcr.io/astral-sh/uv:0.7.13
#5 DONE 1.7s

#6 [internal] load .dockerignore
#6 transferring context: 152B done
#6 DONE 0.0s

#7 FROM ghcr.io/astral-sh/uv:0.7.13@sha256:6c1e19020ec221986a210027040044a5df8de762eb36d5240e382bc41d7a9043
#7 resolve ghcr.io/astral-sh/uv:0.7.13@sha256:6c1e19020ec221986a210027040044a5df8de762eb36d5240e382bc41d7a9043 done
#7 DONE 0.0s

#8 [runtime 1/7] FROM docker.io/library/python:3.12-slim@sha256:dddfd7e07f9d15aeeca61529320492139d21cac7f0070c00609243e51e4e0016
#8 resolve docker.io/library/python:3.12-slim@sha256:dddfd7e07f9d15aeeca61529320492139d21cac7f0070c00609243e51e4e0016 done
#8 DONE 0.0s

#9 [internal] load build context
#9 transferring context: 3.00MB 0.0s done
#9 DONE 0.0s

#10 [runtime 3/7] COPY --from=ghcr.io/astral-sh/uv:0.7.13 /uv /uvx /bin/
#10 CACHED

#11 [runtime 2/7] WORKDIR /app
#11 CACHED

#12 [runtime 4/7] COPY pyproject.toml uv.lock* ./
#12 CACHED

#13 [runtime 5/7] RUN uv sync --no-dev --no-install-project
#13 CACHED

#14 [runtime 6/7] COPY . .
#14 DONE 0.1s

#15 [runtime 7/7] RUN uv sync --no-dev
#15 0.199 Resolved 88 packages in 3ms
#15 0.209    Building partsignal-backend @ file:///app
#15 3.705       Built partsignal-backend @ file:///app
#15 3.706 Prepared 1 package in 3.49s
#15 3.708 Installed 1 package in 2ms
#15 3.906 Bytecode compiled 2466 files in 197ms
#15 3.906  + partsignal-backend==0.1.0 (from file:///app)
#15 DONE 3.9s

#16 [test 1/1] RUN uv sync --all-extras
#16 0.072 Resolved 88 packages in 0.28ms
#16 1.042 Downloading pygments (1.2MiB)
#16 1.043 Downloading mypy (13.1MiB)
#16 1.043 Downloading ruff (10.5MiB)
#16 1.678  Downloading pygments
#16 2.560  Downloading ruff
#16 2.836  Downloading mypy
#16 2.836 Prepared 20 packages in 2.76s
#16 2.896 Installed 20 packages in 59ms
#16 3.423 Bytecode compiled 3437 files in 527ms
#16 3.423  + attrs==26.1.0
#16 3.423  + coverage==7.15.0
#16 3.423  + httpcore2==2.9.1
#16 3.423  + httpx2==2.9.1
#16 3.423  + iniconfig==2.3.0
#16 3.423  + jsonschema==4.26.0
#16 3.423  + jsonschema-specifications==2025.9.1
#16 3.423  + librt==0.13.0
#16 3.423  + mypy==1.20.2
#16 3.423  + mypy-extensions==1.1.0
#16 3.423  + pathspec==1.1.1
#16 3.423  + pluggy==1.6.0
#16 3.423  + pygments==2.20.0
#16 3.423  + pytest==8.4.2
#16 3.423  + pytest-cov==6.3.0
#16 3.423  + referencing==0.37.0
#16 3.423  + rpds-py==2026.6.3
#16 3.423  + ruff==0.15.21
#16 3.423  + truststore==0.10.4
#16 3.423  + types-pyyaml==6.0.12.20260518
#16 DONE 3.5s

#17 exporting to image
#17 exporting layers
#17 exporting layers 3.0s done
#17 exporting manifest sha256:e7c2fad6a9c0d42f3fae92a7fe73d7153efd283a82be99445d6e17f42d1b8a7e
#17 exporting manifest sha256:e7c2fad6a9c0d42f3fae92a7fe73d7153efd283a82be99445d6e17f42d1b8a7e done
#17 exporting config sha256:f0f7c18586514c307fd6d8152663f7b2630ad7d1967aca38dcf02773ca17793f done
#17 exporting attestation manifest sha256:50f060dfa17f1e1873b1214e6f151554208a5c23be82e6564e6921f4b712847c done
#17 exporting manifest list sha256:4800cbc141c2f6e5ae442cf4cd32115471412282a0414a9d1e7a8fc516e5ac16 done
#17 naming to docker.io/library/partsignal-geo405-backend-test:latest done
#17 unpacking to docker.io/library/partsignal-geo405-backend-test:latest
#17 unpacking to docker.io/library/partsignal-geo405-backend-test:latest 0.7s done
#17 DONE 3.7s

#18 resolving provenance for metadata file
#18 DONE 0.0s
 Image partsignal-geo405-backend-test Built 
 Network partsignal-geo405_default Creating 
 Network partsignal-geo405_default Created 
 Volume partsignal-geo405_geo405-postgres Creating 
 Volume partsignal-geo405_geo405-postgres Created 
 Volume partsignal-geo405_geo405-oss Creating 
 Volume partsignal-geo405_geo405-oss Created 
 Container partsignal-geo405-redis-1 Creating 
 Container partsignal-geo405-postgres-1 Creating 
 Container partsignal-geo405-fake-oss-1 Creating 
 Container partsignal-geo405-redis-1 Created 
 Container partsignal-geo405-fake-oss-1 Created 
 Container partsignal-geo405-postgres-1 Created 
 Container partsignal-geo405-fake-oss-1 Starting 
 Container partsignal-geo405-postgres-1 Starting 
 Container partsignal-geo405-redis-1 Starting 
 Container partsignal-geo405-postgres-1 Started 
 Container partsignal-geo405-redis-1 Started 
 Container partsignal-geo405-fake-oss-1 Started 
 Container partsignal-geo405-postgres-1 Waiting 
 Container partsignal-geo405-postgres-1 Healthy 
 Container partsignal-geo405-backend-test-run-860ddc868017 Creating 
 Container partsignal-geo405-backend-test-run-860ddc868017 Created 

no tests ran in 0.01s
ERROR: file or directory not found: tests/integration/test_geo_answer_evidence.py


