 Container geo607-validation-redis-1 Running 
 Container geo607-validation-fake-oss-1 Running 
 Container geo607-validation-postgres-1 Running 
 Container geo607-validation-postgres-1 Waiting 
 Container geo607-validation-postgres-1 Healthy 
 Container geo607-validation-backend-test-run-0a3b90e6e39b Creating 
 Container geo607-validation-backend-test-run-0a3b90e6e39b Created 
INFO  [alembic.runtime.migration] Context impl PostgresqlImpl.
INFO  [alembic.runtime.migration] Will assume transactional DDL.
INFO  [alembic.runtime.migration] Running upgrade  -> 0001_identity_audit, 创建身份、会话和审计表。
INFO  [alembic.runtime.migration] Running upgrade 0001_identity_audit -> 0002_product_facts, 创建规范化产品事实和不可变事实版本。
INFO  [alembic.runtime.migration] Running upgrade 0002_product_facts -> 0003_content_planning, 创建目标问题、平台规则版本和内容任务。
INFO  [alembic.runtime.migration] Running upgrade 0003_content_planning -> 0004_content_production, 创建 PostgreSQL 权威生成作业和不可变 Markdown 内容版本。
INFO  [alembic.runtime.migration] Running upgrade 0004_content_production -> 0005_content_review, 创建追加式内容审核记录。
INFO  [alembic.runtime.migration] Running upgrade 0005_content_review -> 0006_publication, 创建平台账号、人工发布记录和状态事件。
INFO  [alembic.runtime.migration] Running upgrade 0006_publication -> 0007_geo_observation, 创建追加式 GEO 观测及引用关联。
INFO  [alembic.runtime.migration] Running upgrade 0007_geo_observation -> 0008_files, 创建文件生命周期、附件关联并补加证据文件外键。
INFO  [alembic.runtime.migration] Running upgrade 0008_files -> 0009_config_center, 迁移账号类型、配置中心与真实 AI 生成字段。
INFO  [alembic.runtime.migration] Running upgrade 0009_config_center -> 0010_user_cleanup, 清理旧版职责账号并强制既有内容工程师改密。
INFO  [alembic.runtime.migration] Running upgrade 0010_user_cleanup -> 0011_generation_reliability, 增加生成作业补投递诊断字段与到期扫描索引。
INFO  [alembic.runtime.migration] Running upgrade 0011_generation_reliability -> 0012_ai_data_classification, 为生成输入增加显式数据分级与责任人记录。
INFO  [alembic.runtime.migration] Running upgrade 0012_ai_data_classification -> 0013_publication_closure, 增加发布异常待办、修复任务来源和发布平台一致性门禁。
INFO  [alembic.runtime.migration] Running upgrade 0013_publication_closure -> 0014_platform_prompt_ownership, 将当前 Prompt 所有权从平台类型迁移到具体平台。
INFO  [alembic.runtime.migration] Running upgrade 0014_platform_prompt_ownership -> 0015_platform_rule_draft_editing, 允许按修订号编辑平台规则草稿，并继续冻结已激活或退役正文。
INFO  [alembic.runtime.migration] Running upgrade 0015_platform_rule_draft_editing -> 0016_fact_review_cleanup, 允许受约束删除事实版本时清理其从属审核记录。
INFO  [alembic.runtime.migration] Running upgrade 0016_fact_review_cleanup -> 0017_content_humanization, 增加全局自然化 Prompt，并让现有 AI 作业承载自然化修订。
INFO  [alembic.runtime.migration] Running upgrade 0017_content_humanization -> 0018_manual_geo_observation, 增加产品级人工 GEO 观测，并保留旧模型观测历史。
INFO  [alembic.runtime.migration] Running upgrade 0018_manual_geo_observation -> 0019_product_driven_tasks, 允许新内容任务直接围绕产品创建，同时保留历史目标问题关联。
INFO  [alembic.runtime.migration] Running upgrade 0019_product_driven_tasks -> 0020_platform_branding_task_list, 为具体平台增加官网与单一来源 Logo。
INFO  [alembic.runtime.migration] Running upgrade 0020_platform_branding_task_list -> 0021_ai_channel_model_management, 补齐 AI 渠道身份字段与使用统计索引。
INFO  [alembic.runtime.migration] Running upgrade 0021_ai_channel_model_management -> 0022_geo_observation_insights, 补充人工 GEO 逐篇阶段事实与问题主题约束。
INFO  [alembic.runtime.migration] Running upgrade 0022_geo_observation_insights -> 0023_platform_management, 增加具体平台启停状态与管理聚合索引。
INFO  [alembic.runtime.migration] Running upgrade 0023_platform_management -> 0024_audit_outcome, 补齐审计模块、命令结果和安全结果说明。
INFO  [alembic.runtime.migration] Running upgrade 0024_audit_outcome -> 0025_markdown_facts, 将结构化产品事实收敛为 Markdown，并让内容任务直接绑定平台。
INFO  [alembic.runtime.migration] Running upgrade 0025_markdown_facts -> 0026_publication_account_dedup, 补齐发布账号修订约束，并阻止同平台规范化账号标识重复。
INFO  [alembic.runtime.migration] Running upgrade 0026_publication_account_dedup -> 0027_audit_user_delete_guard, 只允许受约束用户删除把匹配审计操作者置空。
INFO  [alembic.runtime.migration] Running upgrade 0027_audit_user_delete_guard -> 0028_platform_logo_lifecycle, 增加平台 Logo 的未引用保留、幂等删除状态与数据库门禁。
INFO  [alembic.runtime.migration] Running upgrade 0028_platform_logo_lifecycle -> 0029_geo_evidence_management, 收敛人工 GEO 独立事实，并为完整更正链删除增加事务门禁。
INFO  [alembic.runtime.migration] Running upgrade 0029_geo_evidence_management -> 0030_publication_record_delete, 为从未公开的发布聚合增加事务级受控删除门禁。
INFO  [alembic.runtime.migration] Running upgrade 0030_publication_record_delete -> 0031_reusable_platform_prompts, 把平台私有 Prompt 收敛为可复用模板和平台当前绑定。
INFO  [alembic.runtime.migration] Running upgrade 0031_reusable_platform_prompts -> 0032_content_task_idempotency, 为普通内容任务创建增加持久化请求键幂等约束。
INFO  [alembic.runtime.migration] Running upgrade 0032_content_task_idempotency -> 0033_task_owned_history_delete, 允许受控删除已取消任务自有的未批准生产历史。
INFO  [alembic.runtime.migration] Running upgrade 0033_task_owned_history_delete -> 0034_publication_redesign, 以发布工作、首次核验成果和发布后内容问题替换旧发布记录。
INFO  [alembic.runtime.migration] Running upgrade 0034_publication_redesign -> 0035_business_workflow, 建立事实提交、内容单主线、发布版本快照与 GEO 来源合同。
INFO  [alembic.runtime.migration] Running upgrade 0035_business_workflow -> 0036_remove_section_url, 删除没有稳定业务含义的发布栏目地址。
INFO  [alembic.runtime.migration] Running upgrade 0036_remove_section_url -> 0037_simplify_deletion_lifecycle, 收缩任务、配置与审计的删除生命周期。
INFO  [alembic.runtime.migration] Running upgrade 0037_simplify_deletion_lifecycle -> 0038_published_article_delete, 允许受控删除无 GEO 引用的发布成果聚合。
INFO  [alembic.runtime.migration] Running upgrade 0038_published_article_delete -> 0039_article_delete_platform, 允许归档任务在删除失效平台的发布成果后转为已取消。
INFO  [alembic.runtime.migration] Running upgrade 0039_article_delete_platform -> 0040_content_draft_management, 允许当前人工未审核草稿受控保存和彻底删除。
INFO  [alembic.runtime.migration] Running upgrade 0040_content_draft_management -> 0041_content_task_list, 补齐内容任务列表的稳定更新时间与排序索引。
INFO  [alembic.runtime.migration] Running upgrade 0041_content_task_list -> 0042_content_version_detail, 记录内容版本自身的真实更新时间。
INFO  [alembic.runtime.migration] Running upgrade 0042_content_version_detail -> 0043_geo_platform_identity, 冻结发布工作的平台 UUID，避免配置删除后 GEO 历史失去身份。
INFO  [alembic.runtime.migration] Running upgrade 0043_geo_platform_identity -> 0044_geo_catalog, 新增 GEO Catalog 三表；冻结本 revision，不读取运行时 ORM。
INFO  [alembic.runtime.migration] Running upgrade 0044_geo_catalog -> 0045_geo_prompt_variants, 仅新增问题变体，冻结规范化及历史锁存，不回填旧问题数组。
INFO  [alembic.runtime.migration] Running upgrade 0045_geo_prompt_variants -> 0046_geo_surfaces_profiles, 新增观测配置与闭合JSON合同；不回填旧GEO或实现运行资格。
INFO  [alembic.runtime.migration] Context impl PostgresqlImpl.
INFO  [alembic.runtime.migration] Will assume transactional DDL.
INFO  [alembic.runtime.migration] Running upgrade 0046_geo_surfaces_profiles -> 0047_geo_monitoring_plans, 仅增加计划配置聚合；不创建批次、运行或改写历史观测。
INFO  [alembic.runtime.migration] Context impl PostgresqlImpl.
INFO  [alembic.runtime.migration] Will assume transactional DDL.
INFO  [alembic.runtime.migration] Running upgrade 0047_geo_monitoring_plans -> 0048_geo_batches_runs, 新增独立回答级 Batch/Run，冻结 DDL 与快照/写入守卫，不迁移旧 GEO。
INFO  [alembic.runtime.migration] Context impl PostgresqlImpl.
INFO  [alembic.runtime.migration] Will assume transactional DDL.
INFO  [alembic.runtime.migration] Running upgrade 0048_geo_batches_runs -> 0049_geo_batch_creation, 创建幂等与批次主体引用；不修改已冻结的 Batch/Run 输入。
INFO  [alembic.runtime.migration] Context impl PostgresqlImpl.
INFO  [alembic.runtime.migration] Will assume transactional DDL.
INFO  [alembic.runtime.migration] Running upgrade 0049_geo_batch_creation -> 0050_geo_answer_evidence, 新增不可变原始回答、引用和受控文件关系；不实现采集命令。
INFO  [alembic.runtime.migration] Running upgrade 0050_geo_answer_evidence -> 0051_geo_manual_collection, 人工草稿和不可变提交身份；不回填或修改已提交证据。
INFO  [alembic.runtime.migration] Running upgrade 0051_geo_manual_collection -> 0052_geo_profile_tests, API Profile 当前诊断资格与依赖失效；不修改业务历史。
INFO  [alembic.runtime.migration] Running upgrade 0052_geo_profile_tests -> 0053_geo_collection_admission, 加法保存预算预留与发送限速事实，历史 Run 和原始证据保持不变。
INFO  [alembic.runtime.migration] Running upgrade 0053_geo_collection_admission -> 0054_geo_analysis_contract, 分析输入/结果、追加复核与限定 current pointer；不回填历史证据。
INFO  [alembic.runtime.migration] Running upgrade 0054_geo_analysis_contract -> 0055_geo_analysis_worker, 分析执行租约与引用结果；不回填或重写已有 revision。
INFO  [alembic.runtime.migration] Running upgrade 0055_geo_analysis_worker -> 0056_geo_run_review, 受控人工复核发布；历史机器结果与Review不回填、不改写。
INFO  [alembic.runtime.migration] Running upgrade 0056_geo_run_review -> 0057_geo_insight_indexes, GEO-607：洞察日期候选索引，不改变历史数据或业务约束。
GEO-607 fixture: 5000/100000
GEO-607 fixture: 10000/100000
GEO-607 fixture: 15000/100000
GEO-607 fixture: 20000/100000
GEO-607 fixture: 25000/100000
GEO-607 fixture: 30000/100000
GEO-607 fixture: 35000/100000
GEO-607 fixture: 40000/100000
GEO-607 fixture: 45000/100000
GEO-607 fixture: 50000/100000
GEO-607 fixture: 55000/100000
GEO-607 fixture: 60000/100000
GEO-607 fixture: 65000/100000
GEO-607 fixture: 70000/100000
GEO-607 fixture: 75000/100000
GEO-607 fixture: 80000/100000
GEO-607 fixture: 85000/100000
GEO-607 fixture: 90000/100000
GEO-607 fixture: 95000/100000
GEO-607 fixture: 100000/100000
overview_product_30d: P95=0.149s, SELECT=15
insights_product_30d: P95=0.295s, SELECT=15
report_product_30d: P95=0.272s, SELECT=16
insights_all_30d: P95=3.069s, SELECT=15
overview_all_30d: P95=1.571s, SELECT=15
F
=================================== FAILURES ===================================
________________________ test_100k_thirty_day_insights _________________________

overview_api = ReviewAPI(harness=AnalysisHarness(database=AnswerDatabase(runs=RunDatabase(plan=PlanDatabase(url='postgresql://partsig...s=<starlette.testclient.TestClient object at 0xff901060fb30>, engineer_id=UUID('c2b4844d-ca3f-4103-abea-ddbaa5e40d74'))

    def test_100k_thirty_day_insights(overview_api):
        api = overview_api
        output = Path(os.environ.get("GEO_PERF_OUTPUT", "/tmp/geo607-performance"))
        phase = os.environ.get("GEO_PERF_PHASE", "candidate")
        samples = int(os.environ.get("GEO_PERF_SAMPLES", "20"))
        assert samples >= 20, "P95至少需要20个完整HTTP样本"
        cases = seed(api, output)
        if os.environ.get("GEO_PERF_PROFILE") == "1":
            from tests.performance.profile_insights import profile
    
            profile(api.harness.database.url.replace("postgresql://", "postgresql+psycopg://", 1),
                    output / "cpu-profile.txt")
        engine = api.harness.factory.kw["bind"]
        captured = []
    
        def capture(_conn, _cursor, statement, parameters, _context, _executemany):
            if statement.lstrip().upper().startswith("SELECT"):
                captured.append((statement, parameters))
    
        base = {"date_from": "2026-09-02T00:00:00Z", "date_to": "2026-10-02T00:00:00Z"}
        product = next(s["product_id"] for s in cases[0].input["subjects"] if s["product_id"])
        scenarios = [
            ("overview_product_30d", "/api/v1/geo/overview", base | {"product_ids": product}, 3.0),
            ("insights_product_30d", "/api/v1/geo/insights", base | {"product_ids": product}, 3.0),
            ("report_product_30d", "/api/v1/geo/reports/preview", base | {"product_ids": product}, 3.0),
            ("insights_all_30d", "/api/v1/geo/insights", base, 3.0),
            ("overview_all_30d", "/api/v1/geo/overview", base, 3.0),
        ]
        results = {}
        plans = {}
        event.listen(engine, "before_cursor_execute", capture)
        try:
            for name, path, query, limit in scenarios:
                timings, counts = [], []
                for iteration in range(samples + 2):
                    captured.clear()
                    started = time.perf_counter()
                    response = api.engineer.get(path, params=query)
                    assert response.status_code == 200, response.text
                    value = response.json()
                    elapsed = time.perf_counter() - started
                    assert response.headers["Cache-Control"] == "no-store"
                    payload = value.get("insights", value)
                    quality = payload["data_quality"]
                    if "overview" in quality:
                        quality = quality["overview"]
                    expected = 600 if "product" in name else 8400
                    # 由生成分布独立枚举得出；200/响应大小不能证明窗口内有密集样本。
                    assert quality["candidate_run_count"] == expected
                    if "current_cells" in payload:
                        assert payload["current_cells"] and payload["previous_cells"]
                    if iteration >= 2:
                        timings.append(elapsed)
                        counts.append(len(captured))
                expected_selects = (13 if phase == "baseline" else 15) + int("/reports/" in path)
                assert set(counts) == {expected_selects}, f"{name}查询数漂移: {counts}"
                p95 = sorted(timings)[math.ceil(len(timings) * .95) - 1]
                results[name] = {
                    "p95_seconds": p95, "target_seconds": limit, "passed": p95 <= limit,
                    "samples_seconds": timings, "select_counts": counts,
                    "response_bytes": len(response.content),
                }
                # 参数只来自专用虚构数据库。认证查询不导出，避免会话散列进入证据。
                with psycopg.connect(api.harness.database.url) as conn:
                    postgres_version = conn.info.server_version
                    plans[name] = [
                        conn.execute("EXPLAIN (ANALYZE, BUFFERS, FORMAT JSON) " + statement, parameters)
                        .fetchone()[0][0]
                        for statement, parameters in captured
                        if "geo_" in statement
                    ]
                # now、文件状态及认证查询不包含geo表。
                assert len(plans[name]) == (10 if phase == "baseline" else 12)
                sql_candidates = 8400 if phase == "baseline" else expected
                expected_rows = sql_candidates * (2 if "/overview" not in path else 1)
                assert plans[name][0]["Plan"]["Actual Rows"] == expected_rows
                (output / "benchmarks.json").write_text(json.dumps({
                    "phase": phase, "samples": samples, "warmups": 2, "percentile": "nearest-rank",
                    "python": platform.python_version(), "platform": platform.platform(),
                    "postgres": postgres_version, "scenarios": results,
                }, ensure_ascii=False, indent=2) + "\n")
                (output / "plans.json").write_text(json.dumps(plans, indent=2, default=str) + "\n")
                print(f"{name}: P95={p95:.3f}s, SELECT={expected_selects}", flush=True)
            # 相同数据库的空/单产品/全对象候选均保持固定SQL；空结果不是N+1证据的替身。
            if phase != "baseline":
>               assert all(item["passed"] for item in results.values()), results
E               AssertionError: {'insights_all_30d': {'p95_seconds': 3.068766627009609, 'passed': False, 'response_bytes': 1981098, 'samples_seconds':...10624087500036694, 0.10566595899581444, 0.14887562500371132, 0.10552087500400376, 0.14840574999107048, ...], ...}, ...}
E               assert False
E                +  where False = all(<generator object test_100k_thirty_day_insights.<locals>.<genexpr> at 0xff8ff190ec20>)

tests/performance/test_geo_insight_performance.py:117: AssertionError
=========================== short test summary info ============================
FAILED tests/performance/test_geo_insight_performance.py::test_100k_thirty_day_insights
1 failed in 563.63s (0:09:23)

