 Image partsignal-geo203-backend-test Building 
#1 [internal] load local bake definitions
#1 reading from stdin 607B done
#1 DONE 0.0s

#2 [internal] load build definition from Dockerfile
#2 transferring dockerfile: 594B done
#2 DONE 0.0s

#3 [internal] load metadata for ghcr.io/astral-sh/uv:0.7.13
#3 ...

#4 [auth] astral-sh/uv:pull token for ghcr.io
#4 DONE 0.0s

#5 [internal] load metadata for docker.io/library/python:3.12-slim
#5 DONE 1.7s

#3 [internal] load metadata for ghcr.io/astral-sh/uv:0.7.13
#3 DONE 1.9s

#6 [internal] load .dockerignore
#6 transferring context: 152B done
#6 DONE 0.0s

#7 [runtime 1/7] FROM docker.io/library/python:3.12-slim@sha256:dddfd7e07f9d15aeeca61529320492139d21cac7f0070c00609243e51e4e0016
#7 resolve docker.io/library/python:3.12-slim@sha256:dddfd7e07f9d15aeeca61529320492139d21cac7f0070c00609243e51e4e0016 done
#7 DONE 0.0s

#8 FROM ghcr.io/astral-sh/uv:0.7.13@sha256:6c1e19020ec221986a210027040044a5df8de762eb36d5240e382bc41d7a9043
#8 resolve ghcr.io/astral-sh/uv:0.7.13@sha256:6c1e19020ec221986a210027040044a5df8de762eb36d5240e382bc41d7a9043 done
#8 DONE 0.0s

#9 [internal] load build context
#9 transferring context: 161.89kB 0.0s done
#9 DONE 0.0s

#10 [runtime 4/7] COPY pyproject.toml uv.lock* ./
#10 CACHED

#11 [runtime 2/7] WORKDIR /app
#11 CACHED

#12 [runtime 3/7] COPY --from=ghcr.io/astral-sh/uv:0.7.13 /uv /uvx /bin/
#12 CACHED

#13 [runtime 5/7] RUN uv sync --no-dev --no-install-project
#13 CACHED

#14 [runtime 6/7] COPY . .
#14 DONE 0.1s

#15 [runtime 7/7] RUN uv sync --no-dev
#15 0.201 Resolved 88 packages in 4ms
#15 0.211    Building partsignal-backend @ file:///app
#15 3.554       Built partsignal-backend @ file:///app
#15 3.555 Prepared 1 package in 3.34s
#15 3.557 Installed 1 package in 2ms
#15 3.755 Bytecode compiled 2466 files in 197ms
#15 3.755  + partsignal-backend==0.1.0 (from file:///app)
#15 DONE 3.8s

#16 [test 1/1] RUN uv sync --all-extras
#16 0.077 Resolved 88 packages in 0.30ms
#16 1.018 Downloading mypy (13.1MiB)
#16 1.087 Downloading pygments (1.2MiB)
#16 1.243 Downloading ruff (10.5MiB)
#16 1.625  Downloading pygments
#16 2.540  Downloading ruff
#16 2.771  Downloading mypy
#16 2.771 Prepared 20 packages in 2.69s
#16 2.828 Installed 20 packages in 56ms
#16 3.380 Bytecode compiled 3437 files in 552ms
#16 3.380  + attrs==26.1.0
#16 3.380  + coverage==7.15.0
#16 3.380  + httpcore2==2.9.1
#16 3.380  + httpx2==2.9.1
#16 3.380  + iniconfig==2.3.0
#16 3.380  + jsonschema==4.26.0
#16 3.380  + jsonschema-specifications==2025.9.1
#16 3.380  + librt==0.13.0
#16 3.380  + mypy==1.20.2
#16 3.380  + mypy-extensions==1.1.0
#16 3.380  + pathspec==1.1.1
#16 3.380  + pluggy==1.6.0
#16 3.380  + pygments==2.20.0
#16 3.380  + pytest==8.4.2
#16 3.380  + pytest-cov==6.3.0
#16 3.380  + referencing==0.37.0
#16 3.380  + rpds-py==2026.6.3
#16 3.380  + ruff==0.15.21
#16 3.380  + truststore==0.10.4
#16 3.380  + types-pyyaml==6.0.12.20260518
#16 DONE 3.5s

#17 exporting to image
#17 exporting layers
#17 exporting layers 2.8s done
#17 exporting manifest sha256:3ff46b35dfb4bae4f69c631e824c0920c85c0c00c4f80f473f9d4892c9917e8d done
#17 exporting config sha256:9f28ea9199e4c7c3436c7ca1e6c7be2248d27c3acdc20f8a13f54a1d008e8a00 done
#17 exporting attestation manifest sha256:61b21a37312b5ad86d9de2e855d4a3cb8ccfd0ac589c6914938bc7c935c9aa37 0.0s done
#17 exporting manifest list sha256:caf61771918184df5d8113377449b8a732b25ee257c60e84c20ad3bf51b928be done
#17 naming to docker.io/library/partsignal-geo203-backend-test:latest done
#17 unpacking to docker.io/library/partsignal-geo203-backend-test:latest
#17 unpacking to docker.io/library/partsignal-geo203-backend-test:latest 0.7s done
#17 DONE 3.6s

#18 resolving provenance for metadata file
#18 DONE 0.0s
 Image partsignal-geo203-backend-test Built 
 Network partsignal-geo203-validation_default Creating 
 Network partsignal-geo203-validation_default Created 
 Volume partsignal-geo203-validation_geo203-postgres Creating 
 Volume partsignal-geo203-validation_geo203-postgres Created 
 Volume partsignal-geo203-validation_geo203-oss Creating 
 Volume partsignal-geo203-validation_geo203-oss Created 
 Container partsignal-geo203-validation-redis-1 Creating 
 Container partsignal-geo203-validation-fake-oss-1 Creating 
 Container partsignal-geo203-validation-postgres-1 Creating 
 Container partsignal-geo203-validation-fake-oss-1 Created 
 Container partsignal-geo203-validation-redis-1 Created 
 Container partsignal-geo203-validation-postgres-1 Created 
 Container partsignal-geo203-validation-redis-1 Starting 
 Container partsignal-geo203-validation-fake-oss-1 Starting 
 Container partsignal-geo203-validation-postgres-1 Starting 
 Container partsignal-geo203-validation-redis-1 Started 
 Container partsignal-geo203-validation-fake-oss-1 Started 
 Container partsignal-geo203-validation-postgres-1 Started 
