 Container geo901-validation-backend-test-run-232b6f85400f Creating 
 Container geo901-validation-backend-test-run-232b6f85400f Created 
.........F......................................                         [100%]
=================================== FAILURES ===================================
_____________________ test_retention_schema_matches_models _____________________

factory = sessionmaker(class_='Session', bind=Engine(postgresql+psycopg://partsignal:***@postgres:5432/partsignal_geo206_16afeeef0d), autoflush=True, expire_on_commit=False)

    def test_retention_schema_matches_models(factory):
        tables = {"geo_manual_draft_tombstones", "geo_manual_drafts", "file_records"}
        with factory() as session:
            context = MigrationContext.configure(session.connection(), opts={
                "compare_type": True, "compare_server_default": True,
                "include_object": lambda obj, name, kind, reflected, compared: (
                    obj.name in tables if kind == "table" else obj.table.name in tables
                ),
            })
>           assert compare_metadata(context, Base.metadata) == []
E           AssertionError: assert [('remove_ind...able=False)))] == []
E             
E             Left contains 2 more items, first extra item: ('remove_index', Index('ix_file_records_cleanup', Column('status', VARCHAR(length=24), table=<file_records>, nullable=...), table=<file_records>), Column('upload_expires_at', TIMESTAMP(timezone=True), table=<file_records>, nullable=False)))
E             Use -v to get more diff

tests/integration/test_geo_retention.py:371: AssertionError
=============================== warnings summary ===============================
tests/integration/test_geo_retention.py::test_retention_schema_matches_models
  /app/tests/integration/test_geo_retention.py:371: SAWarning: Cannot correctly sort tables; there are unresolvable cycles between tables "content_tasks, content_versions, generation_jobs, publication_verifications, publication_works, published_articles, published_content_issues", which is usually caused by mutually dependent foreign key constraints.  Foreign key constraints involving these tables will not be considered; this warning may raise an error in a future release.
    assert compare_metadata(context, Base.metadata) == []

tests/integration/test_geo_retention.py::test_retention_schema_matches_models
  /app/tests/integration/test_geo_retention.py:371: SAWarning: Can't validate argument 'dialect_options'; can't locate any SQLAlchemy dialect named 'dialect'
    assert compare_metadata(context, Base.metadata) == []

tests/integration/test_geo_answer_migration.py::test_forward_keeps_nonempty_history_and_matches_models
  /app/tests/integration/test_geo_answer_migration.py:54: SAWarning: Cannot correctly sort tables; there are unresolvable cycles between tables "content_tasks, content_versions, generation_jobs, publication_verifications, publication_works, published_articles, published_content_issues", which is usually caused by mutually dependent foreign key constraints.  Foreign key constraints involving these tables will not be considered; this warning may raise an error in a future release.
    assert compare_metadata(context, Base.metadata) == []

tests/integration/test_geo_answer_migration.py::test_forward_keeps_nonempty_history_and_matches_models
  /app/tests/integration/test_geo_answer_migration.py:54: SAWarning: Can't validate argument 'dialect_options'; can't locate any SQLAlchemy dialect named 'dialect'
    assert compare_metadata(context, Base.metadata) == []

tests/integration/test_geo_admission_migration.py::test_0053_preserves_run_history_and_backfills_unknown
  /app/tests/integration/test_geo_admission_migration.py:148: SAWarning: Cannot correctly sort tables; there are unresolvable cycles between tables "content_tasks, content_versions, generation_jobs, publication_verifications, publication_works, published_articles, published_content_issues", which is usually caused by mutually dependent foreign key constraints.  Foreign key constraints involving these tables will not be considered; this warning may raise an error in a future release.
    assert compare_metadata(context, Base.metadata) == []

tests/integration/test_geo_admission_migration.py::test_0053_preserves_run_history_and_backfills_unknown
  /app/tests/integration/test_geo_admission_migration.py:148: SAWarning: Can't validate argument 'dialect_options'; can't locate any SQLAlchemy dialect named 'dialect'
    assert compare_metadata(context, Base.metadata) == []

tests/integration/test_geo_decision_migration.py::test_nonempty_0061_upgrade_keeps_every_history_and_matches_metadata
  /app/tests/integration/test_geo_decision_migration.py:74: SAWarning: Cannot correctly sort tables; there are unresolvable cycles between tables "content_tasks, content_versions, generation_jobs, publication_verifications, publication_works, published_articles, published_content_issues", which is usually caused by mutually dependent foreign key constraints.  Foreign key constraints involving these tables will not be considered; this warning may raise an error in a future release.
    assert compare_metadata(context, Base.metadata) == []

tests/integration/test_geo_decision_migration.py::test_nonempty_0061_upgrade_keeps_every_history_and_matches_metadata
  /app/tests/integration/test_geo_decision_migration.py:74: SAWarning: Can't validate argument 'dialect_options'; can't locate any SQLAlchemy dialect named 'dialect'
    assert compare_metadata(context, Base.metadata) == []

tests/integration/test_geo_browser_session_migration.py::test_empty_database_installs_0063_and_matches_models
tests/integration/test_geo_browser_session_migration.py::test_nonempty_0062_forward_keeps_history_and_refuses_destructive_downgrade
  /app/tests/integration/test_geo_browser_session_migration.py:36: SAWarning: Cannot correctly sort tables; there are unresolvable cycles between tables "content_tasks, content_versions, generation_jobs, publication_verifications, publication_works, published_articles, published_content_issues", which is usually caused by mutually dependent foreign key constraints.  Foreign key constraints involving these tables will not be considered; this warning may raise an error in a future release.
    assert compare_metadata(context, Base.metadata) == []

tests/integration/test_geo_browser_session_migration.py::test_empty_database_installs_0063_and_matches_models
tests/integration/test_geo_browser_session_migration.py::test_nonempty_0062_forward_keeps_history_and_refuses_destructive_downgrade
  /app/tests/integration/test_geo_browser_session_migration.py:36: SAWarning: Can't validate argument 'dialect_options'; can't locate any SQLAlchemy dialect named 'dialect'
    assert compare_metadata(context, Base.metadata) == []

tests/integration/test_geo_manual_migration.py::test_0051_preserves_nonempty_0050_evidence_and_safe_stop
  /app/tests/integration/test_geo_manual_migration.py:73: SAWarning: Cannot correctly sort tables; there are unresolvable cycles between tables "content_tasks, content_versions, generation_jobs, publication_verifications, publication_works, published_articles, published_content_issues", which is usually caused by mutually dependent foreign key constraints.  Foreign key constraints involving these tables will not be considered; this warning may raise an error in a future release.
    assert compare_metadata(context, Base.metadata) == []

tests/integration/test_geo_manual_migration.py::test_0051_preserves_nonempty_0050_evidence_and_safe_stop
  /app/tests/integration/test_geo_manual_migration.py:73: SAWarning: Can't validate argument 'dialect_options'; can't locate any SQLAlchemy dialect named 'dialect'
    assert compare_metadata(context, Base.metadata) == []

-- Docs: https://docs.pytest.org/en/stable/how-to/capture-warnings.html
=========================== short test summary info ============================
FAILED tests/integration/test_geo_retention.py::test_retention_schema_matches_models
1 failed, 47 passed, 14 warnings in 35.80s

