npm --prefix browser-collector test

> partsignal-browser-collector@0.1.0 test
> node --test tests/*.test.mjs

✔ 默认关闭与父子配置拒绝；未知值不回退 (0.505917ms)
✔ 仅 UUID 入口；开关和热停止不领取 lease；未实现采集显式拒绝 (0.755583ms)
✔ 健康需要实际 runtime 结果；失败摘要不暴露异常；无任务 HTTP 入口 (17.439333ms)
✔ RSA-OAEP SHA256/AES-GCM 封装在内存恢复相同 storage state (4.868375ms)
✔ 错误私钥和跨 reference/profile/expiry 绑定全部拒绝 (2.0345ms)
✔ nonce/wrapped key/ciphertext/tag/AAD 篡改均无法恢复 (7.341791ms)
✔ 算法、封装闭合、重复 JSON 键和非标准 Base64 被拒绝 (0.824875ms)
✔ 过期材料、非法日期和过期 Cookie 不进入 consumer (1.85325ms)
✔ 恢复资料仍检查 storage state 的结构与秘密错误边界 (5.440875ms)
✔ 每次消费重新授权；撤销拒绝先于读取私钥，保留的资料在 finally 清空 (4.249292ms)
✔ consumer 失败也清空引用且摘要不泄露秘密 (2.907584ms)
✔ 私钥权限、缺失、目录和任意层 symlink 均拒绝 (2.725166ms)
✔ 授权返回损坏材料时不调用 consumer 且错误不带异常正文 (0.906042ms)
ℹ tests 13
ℹ suites 0
ℹ pass 13
ℹ fail 0
ℹ cancelled 0
ℹ skipped 0
ℹ todo 0
ℹ duration_ms 335.0815
UV_CACHE_DIR=/Users/sc/PycharmProjects/partsignal/.cache/uv uv run --project backend pytest backend/tests/unit
........................................................................ [  1%]
........................................................................ [  3%]
........................................................................ [  5%]
........................................................................ [  7%]
........................................................................ [  9%]
........................................................................ [ 11%]
........................................................................ [ 13%]
........................................................................ [ 15%]
........................................................................ [ 17%]
........................................................................ [ 19%]
........................................................................ [ 21%]
........................................................................ [ 23%]
........................................................................ [ 25%]
........................................................................ [ 26%]
........................................................................ [ 28%]
........................................................................ [ 30%]
........................................................................ [ 32%]
........................................................................ [ 34%]
........................................................................ [ 36%]
........................................................................ [ 38%]
........................................................................ [ 40%]
........................................................................ [ 42%]
........................................................................ [ 44%]
........................................................................ [ 46%]
........................................................................ [ 48%]
........................................................................ [ 50%]
........................................................................ [ 52%]
........................................................................ [ 53%]
........................................................................ [ 55%]
........................................................................ [ 57%]
........................................................................ [ 59%]
........................................................................ [ 61%]
........................................................................ [ 63%]
........................................................................ [ 65%]
........................................................................ [ 67%]
........................................................................ [ 69%]
........................................................................ [ 71%]
........................................................................ [ 73%]
........................................................................ [ 75%]
........................................................................ [ 77%]
........................................................................ [ 79%]
........................................................................ [ 80%]
........................................................................ [ 82%]
........................................................................ [ 84%]
........................................................................ [ 86%]
........................................................................ [ 88%]
........................................................................ [ 90%]
........................................................................ [ 92%]
........................................................................ [ 94%]
........................................................................ [ 96%]
........................................................................ [ 98%]
................................................................         [100%]
3736 passed in 66.66s (0:01:06)
npm --prefix frontend run test

> partsignal-frontend-v2@0.1.0 test
> vitest run


 RUN  v4.1.10 /Users/sc/PycharmProjects/partsignal/frontend


 Test Files  135 passed (135)
      Tests  1285 passed (1285)
   Start at  07:28:47
   Duration  31.85s (transform 12.74s, setup 10.94s, import 48.68s, tests 160.16s, environment 52.67s)

