E2E_SECRET_REGISTRATION status=ready
INFO  [alembic.runtime.migration] Context impl PostgresqlImpl.
INFO  [alembic.runtime.migration] Will assume transactional DDL.
INFO  [alembic.runtime.migration] Running upgrade  -> 0001_identity_audit, 创建身份、会话和审计表。
INFO  [alembic.runtime.migration] Running upgrade 0001_identity_audit -> 0002_product_facts, 创建规范化产品事实和不可变事实版本。
INFO  [alembic.runtime.migration] Running upgrade 0002_product_facts -> 0003_content_planning, 创建目标问题、平台规则版本和内容任务。
INFO  [alembic.runtime.migration] Running upgrade 0003_content_planning -> 0004_content_production, 创建 PostgreSQL 权威生成作业和不可变 Markdown 内容版本。
INFO  [alembic.runtime.migration] Running upgrade 0004_content_production -> 0005_content_review, 创建追加式内容审核记录。
INFO  [alembic.runtime.migration] Running upgrade 0005_content_review -> 0006_publication, 创建平台账号、人工发布记录和状态事件。
INFO  [alembic.runtime.migration] Running upgrade 0006_publication -> 0007_geo_observation, 创建追加式 GEO 观测及引用关联。
INFO  [alembic.runtime.migration] Running upgrade 0007_geo_observation -> 0008_files, 创建文件生命周期、附件关联并补加证据文件外键。
INFO  [alembic.runtime.migration] Running upgrade 0008_files -> 0009_config_center, 迁移账号类型、配置中心与真实 AI 生成字段。
INFO  [alembic.runtime.migration] Running upgrade 0009_config_center -> 0010_user_cleanup, 清理旧版职责账号并强制既有内容工程师改密。
INFO  [alembic.runtime.migration] Running upgrade 0010_user_cleanup -> 0011_generation_reliability, 增加生成作业补投递诊断字段与到期扫描索引。
INFO  [alembic.runtime.migration] Running upgrade 0011_generation_reliability -> 0012_ai_data_classification, 为生成输入增加显式数据分级与责任人记录。
INFO  [alembic.runtime.migration] Running upgrade 0012_ai_data_classification -> 0013_publication_closure, 增加发布异常待办、修复任务来源和发布平台一致性门禁。
INFO  [alembic.runtime.migration] Running upgrade 0013_publication_closure -> 0014_platform_prompt_ownership, 将当前 Prompt 所有权从平台类型迁移到具体平台。
INFO  [alembic.runtime.migration] Running upgrade 0014_platform_prompt_ownership -> 0015_platform_rule_draft_editing, 允许按修订号编辑平台规则草稿，并继续冻结已激活或退役正文。
INFO  [alembic.runtime.migration] Running upgrade 0015_platform_rule_draft_editing -> 0016_fact_review_cleanup, 允许受约束删除事实版本时清理其从属审核记录。
INFO  [alembic.runtime.migration] Running upgrade 0016_fact_review_cleanup -> 0017_content_humanization, 增加全局自然化 Prompt，并让现有 AI 作业承载自然化修订。
INFO  [alembic.runtime.migration] Running upgrade 0017_content_humanization -> 0018_manual_geo_observation, 增加产品级人工 GEO 观测，并保留旧模型观测历史。
INFO  [alembic.runtime.migration] Running upgrade 0018_manual_geo_observation -> 0019_product_driven_tasks, 允许新内容任务直接围绕产品创建，同时保留历史目标问题关联。
INFO  [alembic.runtime.migration] Running upgrade 0019_product_driven_tasks -> 0020_platform_branding_task_list, 为具体平台增加官网与单一来源 Logo。
INFO  [alembic.runtime.migration] Running upgrade 0020_platform_branding_task_list -> 0021_ai_channel_model_management, 补齐 AI 渠道身份字段与使用统计索引。
INFO  [alembic.runtime.migration] Running upgrade 0021_ai_channel_model_management -> 0022_geo_observation_insights, 补充人工 GEO 逐篇阶段事实与问题主题约束。
INFO  [alembic.runtime.migration] Running upgrade 0022_geo_observation_insights -> 0023_platform_management, 增加具体平台启停状态与管理聚合索引。
INFO  [alembic.runtime.migration] Running upgrade 0023_platform_management -> 0024_audit_outcome, 补齐审计模块、命令结果和安全结果说明。
INFO  [alembic.runtime.migration] Running upgrade 0024_audit_outcome -> 0025_markdown_facts, 将结构化产品事实收敛为 Markdown，并让内容任务直接绑定平台。
INFO  [alembic.runtime.migration] Running upgrade 0025_markdown_facts -> 0026_publication_account_dedup, 补齐发布账号修订约束，并阻止同平台规范化账号标识重复。
INFO  [alembic.runtime.migration] Running upgrade 0026_publication_account_dedup -> 0027_audit_user_delete_guard, 只允许受约束用户删除把匹配审计操作者置空。
INFO  [alembic.runtime.migration] Running upgrade 0027_audit_user_delete_guard -> 0028_platform_logo_lifecycle, 增加平台 Logo 的未引用保留、幂等删除状态与数据库门禁。
INFO  [alembic.runtime.migration] Running upgrade 0028_platform_logo_lifecycle -> 0029_geo_evidence_management, 收敛人工 GEO 独立事实，并为完整更正链删除增加事务门禁。
INFO  [alembic.runtime.migration] Running upgrade 0029_geo_evidence_management -> 0030_publication_record_delete, 为从未公开的发布聚合增加事务级受控删除门禁。
INFO  [alembic.runtime.migration] Running upgrade 0030_publication_record_delete -> 0031_reusable_platform_prompts, 把平台私有 Prompt 收敛为可复用模板和平台当前绑定。
INFO  [alembic.runtime.migration] Running upgrade 0031_reusable_platform_prompts -> 0032_content_task_idempotency, 为普通内容任务创建增加持久化请求键幂等约束。
INFO  [alembic.runtime.migration] Running upgrade 0032_content_task_idempotency -> 0033_task_owned_history_delete, 允许受控删除已取消任务自有的未批准生产历史。
INFO  [alembic.runtime.migration] Running upgrade 0033_task_owned_history_delete -> 0034_publication_redesign, 以发布工作、首次核验成果和发布后内容问题替换旧发布记录。
INFO  [alembic.runtime.migration] Running upgrade 0034_publication_redesign -> 0035_business_workflow, 建立事实提交、内容单主线、发布版本快照与 GEO 来源合同。
INFO  [alembic.runtime.migration] Running upgrade 0035_business_workflow -> 0036_remove_section_url, 删除没有稳定业务含义的发布栏目地址。
INFO  [alembic.runtime.migration] Running upgrade 0036_remove_section_url -> 0037_simplify_deletion_lifecycle, 收缩任务、配置与审计的删除生命周期。
INFO  [alembic.runtime.migration] Running upgrade 0037_simplify_deletion_lifecycle -> 0038_published_article_delete, 允许受控删除无 GEO 引用的发布成果聚合。
INFO  [alembic.runtime.migration] Running upgrade 0038_published_article_delete -> 0039_article_delete_platform, 允许归档任务在删除失效平台的发布成果后转为已取消。
INFO  [alembic.runtime.migration] Running upgrade 0039_article_delete_platform -> 0040_content_draft_management, 允许当前人工未审核草稿受控保存和彻底删除。
INFO  [alembic.runtime.migration] Running upgrade 0040_content_draft_management -> 0041_content_task_list, 补齐内容任务列表的稳定更新时间与排序索引。
INFO  [alembic.runtime.migration] Running upgrade 0041_content_task_list -> 0042_content_version_detail, 记录内容版本自身的真实更新时间。
INFO  [alembic.runtime.migration] Running upgrade 0042_content_version_detail -> 0043_geo_platform_identity, 冻结发布工作的平台 UUID，避免配置删除后 GEO 历史失去身份。
INFO  [alembic.runtime.migration] Running upgrade 0043_geo_platform_identity -> 0044_geo_catalog, 新增 GEO Catalog 三表；冻结本 revision，不读取运行时 ORM。
INFO  [alembic.runtime.migration] Running upgrade 0044_geo_catalog -> 0045_geo_prompt_variants, 仅新增问题变体，冻结规范化及历史锁存，不回填旧问题数组。
INFO  [alembic.runtime.migration] Running upgrade 0045_geo_prompt_variants -> 0046_geo_surfaces_profiles, 新增观测配置与闭合JSON合同；不回填旧GEO或实现运行资格。

> partsignal-frontend-v2@0.1.0 build
> tsc -b && vite build --config vite.config.ts

vite v8.2.1 building client environment for production...
[2Ktransforming...✓ 2923 modules transformed.
rendering chunks...
computing gzip size...
dist/index.html                                                    0.57 kB │ gzip:   0.34 kB
dist/assets/index-Fs_8BXJr.css                                    79.69 kB │ gzip:  13.83 kB
dist/assets/queryOptions-Dfvzj6n2.js                               0.03 kB │ gzip:   0.05 kB
dist/assets/route-3YAM3tuL.js                                      0.07 kB │ gzip:   0.08 kB
dist/assets/route-B2aZ3QBi.js                                      0.07 kB │ gzip:   0.08 kB
dist/assets/route-B41ZhOLB.js                                      0.07 kB │ gzip:   0.08 kB
dist/assets/route-BQmWoCus.js                                      0.07 kB │ gzip:   0.08 kB
dist/assets/route-C5cBrTK3.js                                      0.07 kB │ gzip:   0.08 kB
dist/assets/route-COvhN9v6.js                                      0.07 kB │ gzip:   0.08 kB
dist/assets/route-CW62_yWg.js                                      0.07 kB │ gzip:   0.08 kB
dist/assets/route-DEzmN659.js                                      0.07 kB │ gzip:   0.08 kB
dist/assets/route-DQwB-ZOv.js                                      0.07 kB │ gzip:   0.08 kB
dist/assets/route-DYSd7FA3.js                                      0.07 kB │ gzip:   0.08 kB
dist/assets/route-DYSd7FA32.js                                     0.07 kB │ gzip:   0.08 kB
dist/assets/route-DrPtIM3S.js                                      0.07 kB │ gzip:   0.08 kB
dist/assets/route-DsXtGSAg.js                                      0.07 kB │ gzip:   0.08 kB
dist/assets/route-TEQwWL7Y.js                                      0.07 kB │ gzip:   0.08 kB
dist/assets/coerce-Ddcycgf4.js                                     0.08 kB │ gzip:   0.10 kB
dist/assets/isElementDisabled-KSuuBj8D.js                          0.11 kB │ gzip:   0.11 kB
dist/assets/chevron-right-C3RkCiPj.js                              0.13 kB │ gzip:   0.14 kB
dist/assets/canonical-uuid-Q5ApWaOg.js                             0.13 kB │ gzip:   0.13 kB
dist/assets/settings.ai-CipVaq6G.js                                0.21 kB │ gzip:   0.20 kB
dist/assets/_taskId_.editor-_qjLAkbp.js                            0.22 kB │ gzip:   0.20 kB
dist/assets/_taskId_.review-zeX8OAEE.js                            0.22 kB │ gzip:   0.20 kB
dist/assets/route-DFljbmbX.js                                      0.22 kB │ gzip:   0.20 kB
dist/assets/system.audit-qBeF2bb1.js                               0.22 kB │ gzip:   0.20 kB
dist/assets/system.users-0TM8kiXu.js                               0.22 kB │ gzip:   0.20 kB
dist/assets/settings.prompts-9jQdIs2s.js                           0.22 kB │ gzip:   0.20 kB
dist/assets/_taskId-Vsd3-0WC.js                                    0.22 kB │ gzip:   0.21 kB
dist/assets/settings.platforms.types-C4NjYBws.js                   0.22 kB │ gzip:   0.21 kB
dist/assets/versions_._versionId-BW6wP3pa.js                       0.22 kB │ gzip:   0.21 kB
dist/assets/_platformId-BeKfjBVf.js                                0.22 kB │ gzip:   0.20 kB
dist/assets/settings.ai_._channelId-Z_MUrH5D.js                    0.22 kB │ gzip:   0.20 kB
dist/assets/_observationId-B3QjNhkV.js                             0.23 kB │ gzip:   0.21 kB
dist/assets/useControlled-DMK4Pb-8.js                              0.24 kB │ gzip:   0.21 kB
dist/assets/skeleton-Ged3Zc9T.js                                   0.24 kB │ gzip:   0.20 kB
dist/assets/table-shell-BGuXgMNH.js                                0.33 kB │ gzip:   0.24 kB
dist/assets/usePopupHandleStore-D9Ys5NRI.js                        0.35 kB │ gzip:   0.25 kB
dist/assets/table-toolbar-JNNhOzlg.js                              0.42 kB │ gzip:   0.27 kB
dist/assets/route-error-Bl0menBv.js                                0.46 kB │ gzip:   0.31 kB
dist/assets/_productId-Cu3oT6KN.js                                 0.49 kB │ gzip:   0.35 kB
dist/assets/_productId_.facts-C-S7KVKf.js                          0.50 kB │ gzip:   0.36 kB
dist/assets/_productId_.facts_.versions_._versionId-996oc21h.js    0.50 kB │ gzip:   0.36 kB
dist/assets/_productId_.facts_.review-CtF33cCX.js                  0.50 kB │ gzip:   0.37 kB
dist/assets/_observationId_.correct-Co55U8kK.js                    0.51 kB │ gzip:   0.37 kB
dist/assets/useCompositeItem-BGClVRCY.js                           0.54 kB │ gzip:   0.37 kB
dist/assets/_observationId_.correct-Bx80wUlh.js                    0.58 kB │ gzip:   0.31 kB
dist/assets/content-version.model-BVKgM5xI.js                      0.61 kB │ gzip:   0.43 kB
dist/assets/detail-section-Dm8gVxQG.js                             0.63 kB │ gzip:   0.34 kB
dist/assets/return-to-BzbJXkRi.js                                  0.63 kB │ gzip:   0.39 kB
dist/assets/workbench.api-Cm9VqJUK.js                              0.71 kB │ gzip:   0.46 kB
dist/assets/route-Do6Dxmmm.js                                      0.72 kB │ gzip:   0.50 kB
dist/assets/textarea-CPcbKIlY.js                                   0.83 kB │ gzip:   0.43 kB
dist/assets/table-skeleton-DhD_SVns.js                             0.94 kB │ gzip:   0.54 kB
dist/assets/timeline-BSjJ8olh.js                                   0.94 kB │ gzip:   0.49 kB
dist/assets/form-field-Dwoq3h4m.js                                 0.97 kB │ gzip:   0.54 kB
dist/assets/rowSortingFeature-BAuBpDOM.js                          1.02 kB │ gzip:   0.49 kB
dist/assets/security-sb8OyY_1.js                                   1.08 kB │ gzip:   0.58 kB
dist/assets/geo-observation-actions-C2i_qn8N.js                    1.09 kB │ gzip:   0.67 kB
dist/assets/login-DY_I1au2.js                                      1.17 kB │ gzip:   0.64 kB
dist/assets/print-CvxUZvbw.js                                      1.20 kB │ gzip:   0.67 kB
dist/assets/product-deletion-dialog-h9xgQX2q.js                    1.20 kB │ gzip:   0.76 kB
dist/assets/filter-bar-Dwlp6S7h.js                                 1.23 kB │ gzip:   0.72 kB
dist/assets/new-D6_wSFt8.js                                        1.23 kB │ gzip:   0.71 kB
dist/assets/form-layout-B0Bgsdpq.js                                1.29 kB │ gzip:   0.69 kB
dist/assets/file-transfer-bcVkqTxX.js                              1.41 kB │ gzip:   0.83 kB
dist/assets/useBaseUiId-C9V7pCeo.js                                1.42 kB │ gzip:   0.80 kB
dist/assets/table-pagination-DfLp02RR.js                           1.48 kB │ gzip:   0.81 kB
dist/assets/badge-DofVsWMx.js                                      1.57 kB │ gzip:   0.70 kB
dist/assets/audit.api-OjDiSeQ2.js                                  1.62 kB │ gzip:   0.76 kB
dist/assets/sticky-action-bar-CU3fXe4p.js                          1.62 kB │ gzip:   0.86 kB
dist/assets/versions_._versionId-BylS6l8B.js                       1.72 kB │ gzip:   0.89 kB
dist/assets/_productId_.facts_.versions_._versionId-B4j2EvKe.js    1.77 kB │ gzip:   0.89 kB
dist/assets/workspace-shell-BOHe9edC.js                            1.77 kB │ gzip:   0.83 kB
dist/assets/insights-8ikzuFS7.js                                   1.78 kB │ gzip:   0.96 kB
dist/assets/articles-DFMjVFb5.js                                   1.79 kB │ gzip:   0.95 kB
dist/assets/_productId_.facts_.versions-DTPvNxLW.js                1.92 kB │ gzip:   1.04 kB
dist/assets/new-DvFuXh1h.js                                        1.94 kB │ gzip:   1.05 kB
dist/assets/_articleId-nBYCSUKZ.js                                 1.96 kB │ gzip:   1.09 kB
dist/assets/issues-Dj0NKMfq.js                                     1.96 kB │ gzip:   1.03 kB
dist/assets/catalog-controls-BfbU-o60.js                           1.97 kB │ gzip:   0.88 kB
dist/assets/settings.platforms.types-YIGOA8HA.js                   1.98 kB │ gzip:   1.00 kB
dist/assets/_taskId-DYuac-Wl.js                                    2.00 kB │ gzip:   1.06 kB
dist/assets/work-DdcM2N2-.js                                       2.07 kB │ gzip:   1.08 kB
dist/assets/new-BuLxtFY6.js                                        2.08 kB │ gzip:   1.17 kB
dist/assets/_observationId-CtCt-tRV.js                             2.09 kB │ gzip:   1.08 kB
dist/assets/_productId-DKNNVMvC.js                                 2.14 kB │ gzip:   1.11 kB
dist/assets/platforms-BpS6deKV.js                                  2.15 kB │ gzip:   1.12 kB
dist/assets/_taskId_.review-CSsWi9rJ.js                            2.16 kB │ gzip:   1.13 kB
dist/assets/_productId_.facts_.review-yTmKFceD.js                  2.17 kB │ gzip:   1.11 kB
dist/assets/_productId_.facts-Da5vH71t.js                          2.22 kB │ gzip:   1.15 kB
dist/assets/tasks-DuRUSojt.js                                      2.23 kB │ gzip:   1.15 kB
dist/assets/observations-DKXIFqOq.js                               2.24 kB │ gzip:   1.16 kB
dist/assets/useRegisterFieldControl-BcstcGLC.js                    2.25 kB │ gzip:   1.07 kB
dist/assets/_issueId-C0nYeiL-.js                                   2.27 kB │ gzip:   1.25 kB
dist/assets/useStore-VZN0-5bO.js                                   2.27 kB │ gzip:   0.97 kB
dist/assets/_taskId_.editor-D-9uvdEF.js                            2.27 kB │ gzip:   1.16 kB
dist/assets/topics-G0pTt_sO.js                                     2.30 kB │ gzip:   1.20 kB
dist/assets/system.audit-CYU_qj4L.js                               2.31 kB │ gzip:   1.16 kB
dist/assets/dialog-jDVHB_C9.js                                     2.33 kB │ gzip:   0.91 kB
dist/assets/input-BctqO2IH.js                                      2.47 kB │ gzip:   1.25 kB
dist/assets/settings.ai-B4W1A5ST.js                                2.57 kB │ gzip:   1.31 kB
dist/assets/dirty-guard-Dwrbx6gE.js                                2.58 kB │ gzip:   1.23 kB
dist/assets/prompt.api-DzGm0lBb.js                                 2.65 kB │ gzip:   1.01 kB
dist/assets/products-DZ4cow0O.js                                   2.69 kB │ gzip:   1.39 kB
dist/assets/security-BN05eplx.js                                   3.03 kB │ gzip:   1.47 kB
dist/assets/login-DPpNvdTK.js                                      3.04 kB │ gzip:   1.48 kB
dist/assets/useCompositeListItem-u8lPl9Q5.js                       3.11 kB │ gzip:   1.41 kB
dist/assets/settings.ai_._channelId-Dy8HCZDT.js                    3.11 kB │ gzip:   1.55 kB
dist/assets/sheet-DkVA9B6X.js                                      3.73 kB │ gzip:   1.45 kB
dist/assets/audit-detail-content-nVJ51Hj-.js                       3.90 kB │ gzip:   1.61 kB
dist/assets/print-4Cc53x9Q.js                                      4.13 kB │ gzip:   1.66 kB
dist/assets/product.model-Cxc2boQD.js                              4.40 kB │ gzip:   2.01 kB
dist/assets/Match-CvdDQUn7.js                                      4.41 kB │ gzip:   1.72 kB
dist/assets/new-Dz6SAsac.js                                        4.45 kB │ gzip:   1.94 kB
dist/assets/_workId-BQe2Kkc0.js                                    4.72 kB │ gzip:   2.42 kB
dist/assets/settings.prompts-C5_M8jON.js                           4.89 kB │ gzip:   2.40 kB
dist/assets/issues-Y-4HKhFo.js                                     5.06 kB │ gzip:   2.12 kB
dist/assets/_productId_.facts_.versions-CyrPs7_l.js                5.23 kB │ gzip:   2.35 kB
dist/assets/composite-XRy2oClM.js                                  5.88 kB │ gzip:   2.28 kB
dist/assets/articles-Cm4YiWvR.js                                   5.92 kB │ gzip:   2.40 kB
dist/assets/geo-evidence-upload-wrS5stx_.js                        6.15 kB │ gzip:   2.67 kB
dist/assets/client-C6dNGmfD.js                                     6.59 kB │ gzip:   2.58 kB
dist/assets/principal-epoch-C10oPH-p.js                            6.87 kB │ gzip:   2.33 kB
dist/assets/globalFilteringFeature-B0iXttiD.js                     6.95 kB │ gzip:   1.98 kB
dist/assets/_platformId-CkCf_QNN.js                                7.70 kB │ gzip:   3.45 kB
dist/assets/_app-C3MxuYtA.js                                       7.72 kB │ gzip:   2.58 kB
dist/assets/QueryClientProvider-CWfwOWtR.js                        7.80 kB │ gzip:   3.04 kB
dist/assets/product.api-BGDuPc-q.js                                7.94 kB │ gzip:   2.59 kB
dist/assets/_productId_.facts_.versions_._versionId-C3rTL824.js    8.18 kB │ gzip:   2.62 kB
dist/assets/jsx-runtime-B-hcVAMW.js                                8.55 kB │ gzip:   3.26 kB
dist/assets/x-BTU2jgtE.js                                          8.72 kB │ gzip:   3.14 kB
dist/assets/questions-CVW85poB.js                                  8.73 kB │ gzip:   3.85 kB
dist/assets/new-DNzQFCqB.js                                        8.95 kB │ gzip:   3.78 kB
dist/assets/geo-entities-BWftEflv.js                               9.04 kB │ gzip:   3.59 kB
dist/assets/products-Bl3MHHjb.js                                   9.21 kB │ gzip:   3.69 kB
dist/assets/tasks-U8HIpE8h.js                                      9.23 kB │ gzip:   3.55 kB
dist/assets/platform.api-CX7eW_YS.js                               9.71 kB │ gzip:   3.25 kB
dist/assets/geo-insights-report-BDOSjpBo.js                       10.34 kB │ gzip:   2.88 kB
dist/assets/versions_._versionId-BLzH3zuJ.js                      12.02 kB │ gzip:   3.81 kB
dist/assets/tabs-D6jxddCt.js                                      12.50 kB │ gzip:   4.72 kB
dist/assets/system.audit-vFQygNCj.js                              12.50 kB │ gzip:   4.37 kB
dist/assets/content-task-lifecycle-BJ1WQBRK.js                    12.51 kB │ gzip:   4.65 kB
dist/assets/observations-DiY1WxVm.js                              12.51 kB │ gzip:   4.85 kB
dist/assets/system.users-DRzFxwOT.js                              12.83 kB │ gzip:   5.46 kB
dist/assets/insights-C8omoxXH.js                                  13.39 kB │ gzip:   4.90 kB
dist/assets/route-CJvVbb3h2.js                                    13.42 kB │ gzip:   5.09 kB
dist/assets/_taskId-CEw9gjHl.js                                   14.87 kB │ gzip:   4.63 kB
dist/assets/content.api-BZtJQc_2.js                               14.90 kB │ gzip:   4.32 kB
dist/assets/_productId_.facts_.review-CMZuoB5V.js                 15.83 kB │ gzip:   5.63 kB
dist/assets/work-CjolX_3J.js                                      15.88 kB │ gzip:   5.19 kB
dist/assets/publication.api-DlhRq2LI.js                           16.20 kB │ gzip:   4.80 kB
dist/assets/_articleId-c85q_pEe.js                                16.27 kB │ gzip:   5.43 kB
dist/assets/useQuery-fTBak1Kd.js                                  16.32 kB │ gzip:   5.46 kB
dist/assets/settings.platforms.types-CCGzPTpg.js                  16.38 kB │ gzip:   5.90 kB
dist/assets/new-B_PXhp0S.js                                       16.94 kB │ gzip:   6.03 kB
dist/assets/platforms-BZn45R-T.js                                 17.03 kB │ gzip:   6.17 kB
dist/assets/_productId_.facts-D-Yc_szB.js                         17.33 kB │ gzip:   5.82 kB
dist/assets/settings.ai-CZ5YfTIk.js                               17.46 kB │ gzip:   6.30 kB
dist/assets/_taskId_.review-C5OrCMTU.js                           17.48 kB │ gzip:   6.06 kB
dist/assets/_productId-Cv6uKVua.js                                17.55 kB │ gzip:   5.89 kB
dist/assets/audit.model-B0k09gP8.js                               17.75 kB │ gzip:   5.57 kB
dist/assets/row-actions-CH_hrtWf.js                               17.90 kB │ gzip:   6.59 kB
dist/assets/geo-surfaces-4ZyBv8L_.js                              17.90 kB │ gzip:   6.69 kB
dist/assets/_observationId-BBtdM0R5.js                            18.05 kB │ gzip:   5.76 kB
dist/assets/auth-provider-Fevd4FFD.js                             18.50 kB │ gzip:   6.78 kB
dist/assets/geo.api-BBnU1LmR.js                                   18.53 kB │ gzip:   5.93 kB
dist/assets/_issueId-D1vqlj5T.js                                  19.62 kB │ gzip:   6.52 kB
dist/assets/topics-aP5x-yU4.js                                    19.94 kB │ gzip:   7.02 kB
dist/assets/ai-channel-workspace.model-B4OE10cS.js                20.72 kB │ gzip:   6.32 kB
dist/assets/lazyRouteComponent-DXa5eXrl.js                        24.20 kB │ gzip:   8.98 kB
dist/assets/_observationId_.correct--O2VPpDl.js                   24.42 kB │ gzip:   8.23 kB
dist/assets/_workId-C5aByMaS.js                                   28.51 kB │ gzip:   8.89 kB
dist/assets/questions-DWsRaHIU.js                                 28.66 kB │ gzip:   9.14 kB
dist/assets/select-BYhgb853.js                                    30.10 kB │ gzip:  10.91 kB
dist/assets/settings.prompts-CZ_6oPV4.js                          30.81 kB │ gzip:   9.97 kB
dist/assets/system.users-nt47NutX.js                              30.96 kB │ gzip:   9.73 kB
dist/assets/providers-BpjUgBko.js                                 34.94 kB │ gzip:  10.43 kB
dist/assets/geo-entities-7McRWWXh.js                              35.28 kB │ gzip:  10.91 kB
dist/assets/geo-surfaces-CKcOybcY.js                              35.71 kB │ gzip:  11.02 kB
dist/assets/icon-button-1D32g-60.js                               36.26 kB │ gzip:  12.08 kB
dist/assets/column-header-CWuDcPfY.js                             36.45 kB │ gzip:  11.43 kB
dist/assets/ToolbarRootContext-mIC7anhT.js                        36.62 kB │ gzip:  14.02 kB
dist/assets/_taskId_.editor-BBiJVOHC.js                           37.91 kB │ gzip:  11.54 kB
dist/assets/_platformId-0CREdvNc.js                               38.91 kB │ gzip:  11.58 kB
dist/assets/createLucideIcon-C_AnOu6p.js                          39.80 kB │ gzip:  14.03 kB
dist/assets/button-BZhX1_Og.js                                    40.12 kB │ gzip:  13.54 kB
dist/assets/zod-CS-qYe1E.js                                       40.85 kB │ gzip:  14.09 kB
dist/assets/route-Ba4WH9vx.js                                     43.50 kB │ gzip:  15.66 kB
dist/assets/settings.ai_._channelId-BbJjHQfl.js                   49.67 kB │ gzip:  13.68 kB
dist/assets/schemas-vZr-S-IT.js                                   69.76 kB │ gzip:  18.61 kB
dist/assets/index-aXjQQ9vQ.js                                    188.52 kB │ gzip:  60.23 kB
dist/assets/markdown-editor-xrIBDG1N.js                          729.88 kB │ gzip: 245.01 kB

✓ built in 452ms
[plugin builtin:vite-reporter] 
(!) Some chunks are larger than 500 kB after minification. Consider:
- Using dynamic import() to code-split the application
- Use build.rolldownOptions.output.codeSplitting to improve chunking: https://rolldown.rs/reference/OutputOptions.codeSplitting
- Adjust chunk size limit for this warning via build.chunkSizeWarningLimit.
已创建或确认管理员和内容工程师账号。
INFO:     Started server process [54808]
INFO:     Waiting for application startup.
INFO:     Application startup complete.
INFO:     Uvicorn running on http://127.0.0.1:9001 (Press CTRL+C to quit)
INFO:     Started server process [54807]
INFO:     Waiting for application startup.
INFO:     Application startup complete.
INFO:     Uvicorn running on http://127.0.0.1:19009 (Press CTRL+C to quit)
  ➜  Local:   http://127.0.0.1:4174/
INFO:     Started server process [54806]
INFO:     Waiting for application startup.
INFO:     Application startup complete.
INFO:     Uvicorn running on http://127.0.0.1:8000 (Press CTRL+C to quit)
INFO:     127.0.0.1:51684 - "GET /api/health/ready HTTP/1.1" 200 OK
INFO:     127.0.0.1:51687 - "GET /v1/models HTTP/1.1" 200 OK

> partsignal-frontend-v2@0.1.0 e2e:raw
> playwright test tests/e2e/surfaces-real-stack.spec.ts --project=foundation-desktop


Running 1 test using 1 worker

(node:54837) Warning: The 'NO_COLOR' env is ignored due to the 'FORCE_COLOR' env being set.
(Use `node --trace-warnings ...` to show where the warning was created)
INFO:     127.0.0.1:51694 - "POST /api/v1/auth/login HTTP/1.1" 200 OK
INFO:     127.0.0.1:51701 - "GET /api/v1/auth/session HTTP/1.1" 200 OK
INFO:     127.0.0.1:51701 - "GET /api/v1/geo/engine-surfaces?page=1&page_size=20&sort=NAME_ASC HTTP/1.1" 200 OK
INFO:     127.0.0.1:51702 - "OPTIONS /api/v1/geo/engine-surfaces HTTP/1.1" 200 OK
INFO:     127.0.0.1:51701 - "POST /api/v1/geo/engine-surfaces HTTP/1.1" 201 Created
INFO:     127.0.0.1:51701 - "GET /api/v1/geo/engine-surfaces?page=1&page_size=20&sort=NAME_ASC HTTP/1.1" 200 OK
INFO:     127.0.0.1:51701 - "GET /api/v1/geo/engine-surfaces/7029d2a2-cd2b-47c6-b7ac-2d209a6a23eb HTTP/1.1" 200 OK
INFO:     127.0.0.1:51702 - "OPTIONS /api/v1/geo/engine-surfaces/7029d2a2-cd2b-47c6-b7ac-2d209a6a23eb/enable HTTP/1.1" 200 OK
INFO:     127.0.0.1:51701 - "POST /api/v1/geo/engine-surfaces/7029d2a2-cd2b-47c6-b7ac-2d209a6a23eb/enable HTTP/1.1" 200 OK
INFO:     127.0.0.1:51701 - "GET /api/v1/geo/engine-surfaces?page=1&page_size=20&sort=NAME_ASC HTTP/1.1" 200 OK
INFO:     127.0.0.1:51701 - "GET /api/v1/geo/collection-profiles?page=1&page_size=20&sort=NAME_ASC&engine_surface_id=7029d2a2-cd2b-47c6-b7ac-2d209a6a23eb HTTP/1.1" 200 OK
INFO:     127.0.0.1:51702 - "OPTIONS /api/v1/geo/collection-profiles HTTP/1.1" 200 OK
INFO:     127.0.0.1:51701 - "POST /api/v1/geo/collection-profiles HTTP/1.1" 201 Created
INFO:     127.0.0.1:51701 - "GET /api/v1/geo/collection-profiles?page=1&page_size=20&sort=NAME_ASC&engine_surface_id=7029d2a2-cd2b-47c6-b7ac-2d209a6a23eb HTTP/1.1" 200 OK
INFO:     127.0.0.1:51703 - "GET /api/v1/geo/collection-profiles/c4fe366c-92ef-44d1-8688-8baea73ff877 HTTP/1.1" 200 OK
INFO:     127.0.0.1:51702 - "OPTIONS /api/v1/geo/collection-profiles/c4fe366c-92ef-44d1-8688-8baea73ff877/enable HTTP/1.1" 200 OK
INFO:     127.0.0.1:51703 - "POST /api/v1/geo/collection-profiles/c4fe366c-92ef-44d1-8688-8baea73ff877/enable HTTP/1.1" 200 OK
INFO:     127.0.0.1:51703 - "GET /api/v1/geo/collection-profiles?page=1&page_size=20&sort=NAME_ASC&engine_surface_id=7029d2a2-cd2b-47c6-b7ac-2d209a6a23eb HTTP/1.1" 200 OK
INFO:     127.0.0.1:51703 - "GET /api/v1/geo/collection-profiles/c4fe366c-92ef-44d1-8688-8baea73ff877 HTTP/1.1" 200 OK
INFO:     127.0.0.1:51702 - "OPTIONS /api/v1/geo/collection-profiles/c4fe366c-92ef-44d1-8688-8baea73ff877 HTTP/1.1" 200 OK
INFO:     127.0.0.1:51703 - "PATCH /api/v1/geo/collection-profiles/c4fe366c-92ef-44d1-8688-8baea73ff877 HTTP/1.1" 200 OK
INFO:     127.0.0.1:51703 - "GET /api/v1/geo/collection-profiles?page=1&page_size=20&sort=NAME_ASC&engine_surface_id=7029d2a2-cd2b-47c6-b7ac-2d209a6a23eb HTTP/1.1" 200 OK
INFO:     127.0.0.1:51701 - "GET /api/v1/auth/session HTTP/1.1" 200 OK
INFO:     127.0.0.1:51705 - "GET /api/v1/geo/collection-profiles?page=1&page_size=20&sort=NAME_ASC&engine_surface_id=7029d2a2-cd2b-47c6-b7ac-2d209a6a23eb HTTP/1.1" 200 OK
INFO:     127.0.0.1:51701 - "GET /api/v1/geo/collection-profiles/c4fe366c-92ef-44d1-8688-8baea73ff877 HTTP/1.1" 200 OK
INFO:     127.0.0.1:51694 - "GET /api/v1/geo/collection-profiles/c4fe366c-92ef-44d1-8688-8baea73ff877 HTTP/1.1" 200 OK
INFO:     127.0.0.1:51694 - "POST /api/v1/auth/login HTTP/1.1" 200 OK
INFO:     127.0.0.1:51694 - "POST /api/v1/auth/change-password HTTP/1.1" 204 No Content
INFO:     127.0.0.1:51712 - "GET /api/v1/auth/session HTTP/1.1" 200 OK
INFO:     127.0.0.1:51713 - "GET /api/v1/geo/collection-profiles/c4fe366c-92ef-44d1-8688-8baea73ff877 HTTP/1.1" 200 OK
INFO:     127.0.0.1:51712 - "GET /api/v1/geo/collection-profiles?page=1&page_size=20&sort=NAME_ASC HTTP/1.1" 200 OK
INFO:     127.0.0.1:51694 - "GET /api/v1/geo/collection-profiles/c4fe366c-92ef-44d1-8688-8baea73ff877 HTTP/1.1" 200 OK
INFO:     127.0.0.1:51701 - "GET /api/v1/auth/session HTTP/1.1" 200 OK
INFO:     127.0.0.1:51705 - "GET /api/v1/geo/engine-surfaces/7029d2a2-cd2b-47c6-b7ac-2d209a6a23eb HTTP/1.1" 200 OK
INFO:     127.0.0.1:51701 - "GET /api/v1/geo/engine-surfaces?page=1&page_size=20&sort=NAME_ASC HTTP/1.1" 200 OK
INFO:     127.0.0.1:51701 - "GET /api/v1/auth/session HTTP/1.1" 200 OK
INFO:     127.0.0.1:51705 - "GET /api/v1/geo/collection-profiles/c4fe366c-92ef-44d1-8688-8baea73ff877 HTTP/1.1" 200 OK
INFO:     127.0.0.1:51701 - "GET /api/v1/geo/collection-profiles?page=1&page_size=20&sort=NAME_ASC HTTP/1.1" 200 OK
INFO:     127.0.0.1:51702 - "OPTIONS /api/v1/geo/collection-profiles/c4fe366c-92ef-44d1-8688-8baea73ff877?expected_revision=2 HTTP/1.1" 200 OK
INFO:     127.0.0.1:51701 - "DELETE /api/v1/geo/collection-profiles/c4fe366c-92ef-44d1-8688-8baea73ff877?expected_revision=2 HTTP/1.1" 204 No Content
INFO:     127.0.0.1:51701 - "GET /api/v1/geo/collection-profiles?page=1&page_size=20&sort=NAME_ASC HTTP/1.1" 200 OK
INFO:     127.0.0.1:51701 - "GET /api/v1/geo/engine-surfaces?page=1&page_size=20&sort=NAME_ASC HTTP/1.1" 200 OK
INFO:     127.0.0.1:51701 - "GET /api/v1/geo/engine-surfaces/7029d2a2-cd2b-47c6-b7ac-2d209a6a23eb HTTP/1.1" 200 OK
INFO:     127.0.0.1:51702 - "OPTIONS /api/v1/geo/engine-surfaces/7029d2a2-cd2b-47c6-b7ac-2d209a6a23eb?expected_revision=1 HTTP/1.1" 200 OK
INFO:     127.0.0.1:51701 - "DELETE /api/v1/geo/engine-surfaces/7029d2a2-cd2b-47c6-b7ac-2d209a6a23eb?expected_revision=1 HTTP/1.1" 204 No Content
  ✓  1 [foundation-desktop] › tests/e2e/surfaces-real-stack.spec.ts:33:1 › 管理员创建、启停和编辑后持久化，工程师仅看摘要，删除尊重真实子配置 (3.9s)

  1 passed (4.2s)
E2E_SECRET_SCAN status=clean
E2E_RESULT playwright=0 secret_scan=0
INFO:     Shutting down
INFO:     Waiting for application shutdown.
INFO:     Application shutdown complete.
INFO:     Finished server process [54808]

worker: Warm shutdown (MainProcess)
INFO:     Shutting down
INFO:     Waiting for application shutdown.
INFO:     Application shutdown complete.
INFO:     Finished server process [54807]
INFO:     Shutting down
INFO:     Waiting for application shutdown.
INFO:     Application shutdown complete.
INFO:     Finished server process [54806]
E2E_CLEANUP redis_db=14 keys=1 status=deleted
E2E_CLEANUP ports=8000,9001,4174,19009 status=released
E2E_CLEANUP database=partsignal_e2e_20261002_9cc7476c800f87b415fadf72670003f8 status=dropped
E2E_CLEANUP storage=/var/folders/m5/j06tv2sn1hn93d6f33j559jm0000gn/T//partsignal-e2e-storage.2Gtf7n status=removed
