 Image partsignal-geo205-backend-test Building 
#1 [internal] load local bake definitions
#1 reading from stdin 607B done
#1 DONE 0.0s

#2 [internal] load build definition from Dockerfile
#2 transferring dockerfile: 594B done
#2 DONE 0.0s

#3 [internal] load metadata for docker.io/library/python:3.12-slim
#3 ...

#4 [auth] astral-sh/uv:pull token for ghcr.io
#4 DONE 0.0s

#5 [internal] load metadata for ghcr.io/astral-sh/uv:0.7.13
#5 ...

#3 [internal] load metadata for docker.io/library/python:3.12-slim
#3 DONE 1.7s

#5 [internal] load metadata for ghcr.io/astral-sh/uv:0.7.13
#5 DONE 1.9s

#6 [internal] load .dockerignore
#6 transferring context: 152B done
#6 DONE 0.0s

#7 [runtime 1/7] FROM docker.io/library/python:3.12-slim@sha256:dddfd7e07f9d15aeeca61529320492139d21cac7f0070c00609243e51e4e0016
#7 resolve docker.io/library/python:3.12-slim@sha256:dddfd7e07f9d15aeeca61529320492139d21cac7f0070c00609243e51e4e0016 done
#7 DONE 0.0s

#8 FROM ghcr.io/astral-sh/uv:0.7.13@sha256:6c1e19020ec221986a210027040044a5df8de762eb36d5240e382bc41d7a9043
#8 resolve ghcr.io/astral-sh/uv:0.7.13@sha256:6c1e19020ec221986a210027040044a5df8de762eb36d5240e382bc41d7a9043 done
#8 DONE 0.0s

#9 [internal] load build context
#9 transferring context: 187.83kB 0.0s done
#9 DONE 0.0s

#10 [runtime 2/7] WORKDIR /app
#10 CACHED

#11 [runtime 3/7] COPY --from=ghcr.io/astral-sh/uv:0.7.13 /uv /uvx /bin/
#11 CACHED

#12 [runtime 4/7] COPY pyproject.toml uv.lock* ./
#12 CACHED

#13 [runtime 5/7] RUN uv sync --no-dev --no-install-project
#13 CACHED

#14 [runtime 6/7] COPY . .
#14 DONE 0.1s

#15 [runtime 7/7] RUN uv sync --no-dev
#15 0.200 Resolved 88 packages in 4ms
#15 0.211    Building partsignal-backend @ file:///app
#15 3.650       Built partsignal-backend @ file:///app
#15 3.650 Prepared 1 package in 3.44s
#15 3.653 Installed 1 package in 2ms
#15 3.853 Bytecode compiled 2466 files in 200ms
#15 3.854  + partsignal-backend==0.1.0 (from file:///app)
#15 DONE 3.9s

#16 [test 1/1] RUN uv sync --all-extras
#16 0.058 Resolved 88 packages in 0.27ms
#16 1.119 Downloading pygments (1.2MiB)
#16 1.239 Downloading ruff (10.5MiB)
#16 1.312 Downloading mypy (13.1MiB)
#16 1.628  Downloading pygments
#16 2.506  Downloading ruff
#16 2.760  Downloading mypy
#16 2.760 Prepared 20 packages in 2.70s
#16 2.823 Installed 20 packages in 62ms
#16 3.368 Bytecode compiled 3437 files in 544ms
#16 3.368  + attrs==26.1.0
#16 3.368  + coverage==7.15.0
#16 3.368  + httpcore2==2.9.1
#16 3.368  + httpx2==2.9.1
#16 3.368  + iniconfig==2.3.0
#16 3.368  + jsonschema==4.26.0
#16 3.368  + jsonschema-specifications==2025.9.1
#16 3.368  + librt==0.13.0
#16 3.368  + mypy==1.20.2
#16 3.368  + mypy-extensions==1.1.0
#16 3.368  + pathspec==1.1.1
#16 3.368  + pluggy==1.6.0
#16 3.368  + pygments==2.20.0
#16 3.368  + pytest==8.4.2
#16 3.368  + pytest-cov==6.3.0
#16 3.368  + referencing==0.37.0
#16 3.368  + rpds-py==2026.6.3
#16 3.368  + ruff==0.15.21
#16 3.368  + truststore==0.10.4
#16 3.368  + types-pyyaml==6.0.12.20260518
#16 DONE 3.5s

#17 exporting to image
#17 exporting layers
#17 exporting layers 2.8s done
#17 exporting manifest sha256:f29cf93749cafe995200b057685d4fb60fd9216f31962725fa8351ee70453d5e done
#17 exporting config sha256:16208c30902594b73d0abca6196ca6817df3398accc01e80835b39d8041ec9ce done
#17 exporting attestation manifest sha256:a1b24ac83d69ab0eb73010a602ac27a7e47b8de5e1cc5dfd8b6284c8d5243106 0.0s done
#17 exporting manifest list sha256:912d55c7bbd37c2ee6a17a15ecdf9c6568fb4ac93058e597b90d5f55c8e9abd0 done
#17 naming to docker.io/library/partsignal-geo205-backend-test:latest done
#17 unpacking to docker.io/library/partsignal-geo205-backend-test:latest
#17 unpacking to docker.io/library/partsignal-geo205-backend-test:latest 0.7s done
#17 DONE 3.6s

#18 resolving provenance for metadata file
#18 DONE 0.0s
 Image partsignal-geo205-backend-test Built 
 Network partsignal-geo205-validation_default Creating 
 Network partsignal-geo205-validation_default Created 
 Volume partsignal-geo205-validation_geo205-oss Creating 
 Volume partsignal-geo205-validation_geo205-oss Created 
 Volume partsignal-geo205-validation_geo205-postgres Creating 
 Volume partsignal-geo205-validation_geo205-postgres Created 
 Container partsignal-geo205-validation-postgres-1 Creating 
 Container partsignal-geo205-validation-fake-oss-1 Creating 
 Container partsignal-geo205-validation-redis-1 Creating 
 Container partsignal-geo205-validation-redis-1 Created 
 Container partsignal-geo205-validation-fake-oss-1 Created 
 Container partsignal-geo205-validation-postgres-1 Created 
 Container partsignal-geo205-validation-fake-oss-1 Starting 
 Container partsignal-geo205-validation-postgres-1 Starting 
 Container partsignal-geo205-validation-redis-1 Starting 
 Container partsignal-geo205-validation-fake-oss-1 Started 
 Container partsignal-geo205-validation-postgres-1 Started 
 Container partsignal-geo205-validation-redis-1 Started 
