
> partsignal-frontend-v2@0.1.0 test
> vitest run src/domains/geo-catalog/surfaces-refresh.test.tsx


 RUN  v4.1.10 /Users/sc/PycharmProjects/partsignal/frontend

 ❯ src/domains/geo-catalog/surfaces-refresh.test.tsx (2 tests | 2 failed) 2446ms
     × enable 完成后取消无缓存筛选的首次 GET，迟到的旧快照不能恢复旧行 1303ms
     × delete 完成后取消无缓存筛选的首次 GET，迟到的旧快照不能恢复旧行 1142ms

⎯⎯⎯⎯⎯⎯⎯ Failed Tests 2 ⎯⎯⎯⎯⎯⎯⎯

 FAIL  src/domains/geo-catalog/surfaces-refresh.test.tsx > GEO 配置提交后的关联读取 > enable 完成后取消无缓存筛选的首次 GET，迟到的旧快照不能恢复旧行
 FAIL  src/domains/geo-catalog/surfaces-refresh.test.tsx > GEO 配置提交后的关联读取 > delete 完成后取消无缓存筛选的首次 GET，迟到的旧快照不能恢复旧行
AssertionError: expected 1 to be 2 // Object.is equality

Ignored nodes: comments, script, style
[36m<html[39m
  [33mstyle[39m=[32m""[39m
[36m>[39m
  [36m<head />[39m
  [36m<body[39m
    [33mstyle[39m=[32m""[39m
  [36m>[39m
    [36m<div>[39m
      [36m<div[39m
        [33mclass[39m=[32m"min-h-screen bg-surface-app text-text-primary lg:grid lg:grid-cols-[13rem_minmax(0,1fr)]"[39m
      [36m>[39m
        [36m<a[39m
          [33mclass[39m=[32m"fixed top-2 left-2 z-[70] -translate-y-20 rounded-md bg-primary px-3 py-2 text-primary-foreground shadow-md transition-transform focus:translate-y-0 focus:outline-none focus:ring-3 focus:ring-ring/50"[39m
          [33mhref[39m=[32m"#main-content"[39m
        [36m>[39m
          [0m跳到主内容[0m
        [36m</a>[39m
        [36m<aside[39m
          [33mclass[39m=[32m"hidden min-h-screen border-r border-border-subtle bg-surface-panel lg:flex lg:flex-col"[39m
        [36m>[39m
          [36m<div[39m
            [33mclass[39m=[32m"flex h-16 items-center border-b border-border-subtle px-4"[39m
          [36m>[39m
            [36m<span[39m
              [33mclass[39m=[32m"font-heading text-base font-semibold"[39m
            [36m>[39m
              [0mPartSignal[0m
            [36m</span>[39m
          [36m</div>[39m
          [36m<nav[39m
            [33maria-label[39m=[32m"主导航"[39m
            [33mclass[39m=[32m"flex-1 space-y-5 p-3"[39m
          [36m>[39m
            [36m<section[39m
              [33maria-labelledby[39m=[32m"nav-工作区"[39m
            [36m>[39m
              [36m<h2[39m
                [33mclass[39m=[32m"mb-1 px-2 type-label text-text-muted"[39m
                [33mid[39m=[32m"nav-工作区"[39m
              [36m>[39m
                [0m工作区[0m
              [36m</h2>[39m
              [36m<ul[39m
                [33mclass[39m=[32m"space-y-1"[39m
              [36m>[39m
                [36m<li>[39m
                  [36m<a[39m
                    [33mclass[39m=[32m"flex min-h-9 items-center gap-2 rounded-lg px-2.5 py-2 text-sm font-medium outline-none transition-colors focus-visible:ring-3 focus-visible:ring-ring/50 text-text-secondary hover:bg-surface-raised hover:text-text-primary"[39m
                    [33mhref[39m=[32m"/"[39m
                  [36m>[39m
                    [36m<svg[39m
                      [33maria-hidden[39m=[32m"true"[39m
                      [33mclass[39m=[32m"lucide lucide-layout-dashboard size-4"[39m
                      [33mfill[39m=[32m"none"[39m
                      [33mheight[39m=[32m"24"[39m
                      [33mstroke[39m=[32m"currentColor"[39m
                      [33mstroke-linecap[39m=[32m"round"[39m
                      [33mstroke-linejoin[39m=[32m"round"[39m
                      [33mstroke-width[39m=[32m"2"[39m
                      [33mviewBox[39m=[32m"0 0 24 24"[39m
                      [33mwidth[39m=[32m"24"[39m
                      [33mxmlns[39m=[32m"http://www.w3.org/2000/svg"[39m
                    [36m>[39m
                      [36m<rect[39m
                        [33mheight[39m=[32m"9"[39m
                        [33mrx[39m=[32m"1"[39m
                        [33mwidth[39m=[32m"7"[39m
                        [33mx[39m=[32m"3"[39m
                        [33my[39m=[32m"3"[39m
                      [36m/>[39m
                      [36m<rect[39m
                        [33mheight[39m=[32m"5"[39m
                        [33mrx[39m=[32m"1"[39m
                        [33mwidth[39m=[32m"7"[39m
                        [33mx[39m=[32m"14"[39m
                        [33my[39m=[32m"3"[39m
                      [36m/>[39m
                      [36m<rect[39m
                        [33mheight[39m=[32m"9"[39m
                        [33mrx[39m=[32m"1"[39m
                        [33mwidth[39m=[32m"7"[39m
                        [33mx[39m=[32m"14"[39m
                        [33my[39m=[32m"12"[39m
                      [36m/>[39m
                      [36m<rect[39m
                        [33mheight[39m=[32m"5"[39m
                        [33mrx[39m=[32m"1"[39m
                        [33mwidth[39m=[32m"7"[39m
                        [33mx[39m=[32m"3"[39m
                        [33my[39m=[32m"16"[39m
                      [36m/>[39m
                    [36m</svg>[39m
                    [0m工作台[0m
                  [36m</a>[39m
                [36m</li>[39m
                [36m<li>[39m
                  [36m<a[39m
                    [33mclass[39m=[32m"flex min-h-9 items-center gap-2 rounded-lg px-2.5 py-2 text-sm font-medium outline-none transition-colors focus-visible:ring-3 focus-visible:ring-ring/50 text-text-secondary hover:bg-surface-raised hover:text-text-primary"[39m
                    [33mhref[39m=[32m"/products"[39m
                  [36m>[39m
                    [36m<svg[39m
                      [33maria-hidden[39m=[32m"true"[39m
                      [33mclass[39m=[32m"lucide lucide-boxes size-4"[39m
                      [33mfill[39m=[32m"none"[39m
                      [33mheight[39m=[32m"24"[39m
                      [33mstroke[39m=[32m"currentColor"[39m
                      [33mstroke-linecap[39m=[32m"round"[39m
                      [33mstroke-linejoin[39m=[32m"round"[39m
                      [33mstroke-width[39m=[32m"2"[39m
                      [33mviewBox[39m=[32m"0 0 24 24"[39m
                      [33mwidth[39m=[32m"24"[39m
                      [33mxmlns[39m=[32m"http://www.w3.org/2000/svg"[39m
                    [36m>[39m
                      [36m<path[39m
                        [33md[39m=[32m"M2.97 12.92A2 2 0 0 0 2 14.63v3.24a2 2 0 0 0 .97 1.71l3 1.8a2 2 0 0 0 2.06 0L12 19v-5.5l-5-3-4.03 2.42Z"[39m
                      [36m/>[39m
                      [36m<path[39m
                        [33md[39m=[32m"m7 16.5-4.74-2.85"[39m
                      [36m/>[39m
                      [36m<path[39m
                        [33md[39m=[32m"m7 16.5 5-3"[39m
                      [36m/>[39m
                      [36m<path[39m
                        [33md[39m=[32m"M7 16.5v5.17"[39m
                      [36m/>[39m
                      [36m<path[39m
                        [33md[39m=[32m"M12 13.5V19l3.97 2.38a2 2 0 0 0 2.06 0l3-1.8a2 2 0 0 0 .97-1.71v-3.24a2 2 0 0 0-.97-1.71L17 10.5l-5 3Z"[39m
                      [36m/>[39m
                      [36m<path[39m
                        [33md[39m=[32m"m17 16.5-5-3"[39m
                      [36m/>[39m
                      [36m<path[39m
                        [33md[39m=[32m"m17 16.5 4.74-2.85"[39m
                      [36m/>[39m
                      [36m<path[39m
                        [33md[39m=[32m"M17 16.5v5.17"[39m
                      [36m/>[39m
                      [36m<path[39m
     ...

- Expected
+ Received

- 2
+ 1

 ❯ src/domains/geo-catalog/surfaces-refresh.test.tsx:41:39
     39|     await waitFor(() => expect(reads).toBe(1));
     40|     await act(async () => write.resolve(command === 'delete' ? { respo…
     41|     await waitFor(() => expect(reads).toBe(2));
       |                                       ^
     42|     expect(oldSignal?.aborted).toBe(true);
     43|     await act(async () => oldRead.resolve(response({ items: [original]…
 ❯ runWithExpensiveErrorDiagnosticsDisabled node_modules/@testing-library/dom/dist/config.js:47:12
 ❯ checkCallback node_modules/@testing-library/dom/dist/wait-for.js:124:77
 ❯ Timeout.checkRealTimersCallback node_modules/@testing-library/dom/dist/wait-for.js:118:16

⎯⎯⎯⎯⎯⎯⎯⎯⎯⎯⎯⎯⎯⎯⎯⎯⎯⎯⎯⎯⎯⎯⎯⎯[1/2]⎯


 Test Files  1 failed (1)
      Tests  2 failed (2)
   Start at  10:30:59
   Duration  3.64s (transform 718ms, setup 43ms, import 892ms, tests 2.45s, environment 208ms)

