 Container partsignal-geo104-validation-postgres-1 Running 
 Container partsignal-geo104-validation-redis-1 Running 
 Container partsignal-geo104-validation-postgres-1 Waiting 
 Container partsignal-geo104-validation-redis-1 Waiting 
 Container partsignal-geo104-validation-redis-1 Healthy 
 Container partsignal-geo104-validation-postgres-1 Healthy 
 Container partsignal-geo104-validation-backend-test-run-af11a9f55a13 Creating 
 Container partsignal-geo104-validation-backend-test-run-af11a9f55a13 Created 
FFFFFFFFFFFFFFFF.                                                        [100%]
=================================== FAILURES ===================================
________________ test_subject_children_revision_noop_and_audit _________________

catalog_api = CatalogAPI(engine=Engine(postgresql+psycopg://partsignal:***@postgres:5432/partsignal_geo104_f8fa77e1e1), factory=sess...e.testclient.TestClient object at 0xfab293b2cb30>, engineer=<starlette.testclient.TestClient object at 0xfab2934665a0>)

    def test_subject_children_revision_noop_and_audit(catalog_api: CatalogAPI) -> None:
        api = catalog_api
>       row = api.create(canonical_name="  ＣＰ-104  ")
              ^^^^^^^^^^^^^^^^^^^^^^^^^^^^^^^^^^^^^^^

tests/integration/test_geo_catalog_api.py:39: 
_ _ _ _ _ _ _ _ _ _ _ _ _ _ _ _ _ _ _ _ _ _ _ _ _ _ _ _ _ _ _ _ _ _ _ _ _ _ _ _ 

self = CatalogAPI(engine=Engine(postgresql+psycopg://partsignal:***@postgres:5432/partsignal_geo104_f8fa77e1e1), factory=sess...e.testclient.TestClient object at 0xfab293b2cb30>, engineer=<starlette.testclient.TestClient object at 0xfab2934665a0>)
values = {'canonical_name': '  ＣＰ-104  '}
response = <Response [500 Internal Server Error]>

    def create(self, **values: object) -> dict:
        response = self.admin.post(
            PREFIX,
            json={
                "subject_type": "COMPETITOR_PRODUCT",
                "canonical_name": "虚构 CP-104",
                "display_name": "虚构竞品",
                **values,
            },
        )
>       assert response.status_code == 201, response.text
               ^^^^^^^^^^^^^^^^^^^^^^^^^^^
E       AssertionError: Internal Server Error

tests/integration/geo_catalog_support.py:46: AssertionError
---------------------------- Captured stderr setup -----------------------------
INFO  [alembic.runtime.migration] Context impl PostgresqlImpl.
INFO  [alembic.runtime.migration] Will assume transactional DDL.
INFO  [alembic.runtime.migration] Running upgrade  -> 0001_identity_audit, 创建身份、会话和审计表。
INFO  [alembic.runtime.migration] Running upgrade 0001_identity_audit -> 0002_product_facts, 创建规范化产品事实和不可变事实版本。
INFO  [alembic.runtime.migration] Running upgrade 0002_product_facts -> 0003_content_planning, 创建目标问题、平台规则版本和内容任务。
INFO  [alembic.runtime.migration] Running upgrade 0003_content_planning -> 0004_content_production, 创建 PostgreSQL 权威生成作业和不可变 Markdown 内容版本。
INFO  [alembic.runtime.migration] Running upgrade 0004_content_production -> 0005_content_review, 创建追加式内容审核记录。
INFO  [alembic.runtime.migration] Running upgrade 0005_content_review -> 0006_publication, 创建平台账号、人工发布记录和状态事件。
INFO  [alembic.runtime.migration] Running upgrade 0006_publication -> 0007_geo_observation, 创建追加式 GEO 观测及引用关联。
INFO  [alembic.runtime.migration] Running upgrade 0007_geo_observation -> 0008_files, 创建文件生命周期、附件关联并补加证据文件外键。
INFO  [alembic.runtime.migration] Running upgrade 0008_files -> 0009_config_center, 迁移账号类型、配置中心与真实 AI 生成字段。
INFO  [alembic.runtime.migration] Running upgrade 0009_config_center -> 0010_user_cleanup, 清理旧版职责账号并强制既有内容工程师改密。
INFO  [alembic.runtime.migration] Running upgrade 0010_user_cleanup -> 0011_generation_reliability, 增加生成作业补投递诊断字段与到期扫描索引。
INFO  [alembic.runtime.migration] Running upgrade 0011_generation_reliability -> 0012_ai_data_classification, 为生成输入增加显式数据分级与责任人记录。
INFO  [alembic.runtime.migration] Running upgrade 0012_ai_data_classification -> 0013_publication_closure, 增加发布异常待办、修复任务来源和发布平台一致性门禁。
INFO  [alembic.runtime.migration] Running upgrade 0013_publication_closure -> 0014_platform_prompt_ownership, 将当前 Prompt 所有权从平台类型迁移到具体平台。
INFO  [alembic.runtime.migration] Running upgrade 0014_platform_prompt_ownership -> 0015_platform_rule_draft_editing, 允许按修订号编辑平台规则草稿，并继续冻结已激活或退役正文。
INFO  [alembic.runtime.migration] Running upgrade 0015_platform_rule_draft_editing -> 0016_fact_review_cleanup, 允许受约束删除事实版本时清理其从属审核记录。
INFO  [alembic.runtime.migration] Running upgrade 0016_fact_review_cleanup -> 0017_content_humanization, 增加全局自然化 Prompt，并让现有 AI 作业承载自然化修订。
INFO  [alembic.runtime.migration] Running upgrade 0017_content_humanization -> 0018_manual_geo_observation, 增加产品级人工 GEO 观测，并保留旧模型观测历史。
INFO  [alembic.runtime.migration] Running upgrade 0018_manual_geo_observation -> 0019_product_driven_tasks, 允许新内容任务直接围绕产品创建，同时保留历史目标问题关联。
INFO  [alembic.runtime.migration] Running upgrade 0019_product_driven_tasks -> 0020_platform_branding_task_list, 为具体平台增加官网与单一来源 Logo。
INFO  [alembic.runtime.migration] Running upgrade 0020_platform_branding_task_list -> 0021_ai_channel_model_management, 补齐 AI 渠道身份字段与使用统计索引。
INFO  [alembic.runtime.migration] Running upgrade 0021_ai_channel_model_management -> 0022_geo_observation_insights, 补充人工 GEO 逐篇阶段事实与问题主题约束。
INFO  [alembic.runtime.migration] Running upgrade 0022_geo_observation_insights -> 0023_platform_management, 增加具体平台启停状态与管理聚合索引。
INFO  [alembic.runtime.migration] Running upgrade 0023_platform_management -> 0024_audit_outcome, 补齐审计模块、命令结果和安全结果说明。
INFO  [alembic.runtime.migration] Running upgrade 0024_audit_outcome -> 0025_markdown_facts, 将结构化产品事实收敛为 Markdown，并让内容任务直接绑定平台。
INFO  [alembic.runtime.migration] Running upgrade 0025_markdown_facts -> 0026_publication_account_dedup, 补齐发布账号修订约束，并阻止同平台规范化账号标识重复。
INFO  [alembic.runtime.migration] Running upgrade 0026_publication_account_dedup -> 0027_audit_user_delete_guard, 只允许受约束用户删除把匹配审计操作者置空。
INFO  [alembic.runtime.migration] Running upgrade 0027_audit_user_delete_guard -> 0028_platform_logo_lifecycle, 增加平台 Logo 的未引用保留、幂等删除状态与数据库门禁。
INFO  [alembic.runtime.migration] Running upgrade 0028_platform_logo_lifecycle -> 0029_geo_evidence_management, 收敛人工 GEO 独立事实，并为完整更正链删除增加事务门禁。
INFO  [alembic.runtime.migration] Running upgrade 0029_geo_evidence_management -> 0030_publication_record_delete, 为从未公开的发布聚合增加事务级受控删除门禁。
INFO  [alembic.runtime.migration] Running upgrade 0030_publication_record_delete -> 0031_reusable_platform_prompts, 把平台私有 Prompt 收敛为可复用模板和平台当前绑定。
INFO  [alembic.runtime.migration] Running upgrade 0031_reusable_platform_prompts -> 0032_content_task_idempotency, 为普通内容任务创建增加持久化请求键幂等约束。
INFO  [alembic.runtime.migration] Running upgrade 0032_content_task_idempotency -> 0033_task_owned_history_delete, 允许受控删除已取消任务自有的未批准生产历史。
INFO  [alembic.runtime.migration] Running upgrade 0033_task_owned_history_delete -> 0034_publication_redesign, 以发布工作、首次核验成果和发布后内容问题替换旧发布记录。
INFO  [alembic.runtime.migration] Running upgrade 0034_publication_redesign -> 0035_business_workflow, 建立事实提交、内容单主线、发布版本快照与 GEO 来源合同。
INFO  [alembic.runtime.migration] Running upgrade 0035_business_workflow -> 0036_remove_section_url, 删除没有稳定业务含义的发布栏目地址。
INFO  [alembic.runtime.migration] Running upgrade 0036_remove_section_url -> 0037_simplify_deletion_lifecycle, 收缩任务、配置与审计的删除生命周期。
INFO  [alembic.runtime.migration] Running upgrade 0037_simplify_deletion_lifecycle -> 0038_published_article_delete, 允许受控删除无 GEO 引用的发布成果聚合。
INFO  [alembic.runtime.migration] Running upgrade 0038_published_article_delete -> 0039_article_delete_platform, 允许归档任务在删除失效平台的发布成果后转为已取消。
INFO  [alembic.runtime.migration] Running upgrade 0039_article_delete_platform -> 0040_content_draft_management, 允许当前人工未审核草稿受控保存和彻底删除。
INFO  [alembic.runtime.migration] Running upgrade 0040_content_draft_management -> 0041_content_task_list, 补齐内容任务列表的稳定更新时间与排序索引。
INFO  [alembic.runtime.migration] Running upgrade 0041_content_task_list -> 0042_content_version_detail, 记录内容版本自身的真实更新时间。
INFO  [alembic.runtime.migration] Running upgrade 0042_content_version_detail -> 0043_geo_platform_identity, 冻结发布工作的平台 UUID，避免配置删除后 GEO 历史失去身份。
INFO  [alembic.runtime.migration] Running upgrade 0043_geo_platform_identity -> 0044_geo_catalog, 新增 GEO Catalog 三表；冻结本 revision，不读取运行时 ORM。
_____________ test_parent_references_and_current_product_identity ______________

catalog_api = CatalogAPI(engine=Engine(postgresql+psycopg://partsignal:***@postgres:5432/partsignal_geo104_f8fa77e1e1), factory=sess...e.testclient.TestClient object at 0xfab293467f50>, engineer=<starlette.testclient.TestClient object at 0xfab293498c80>)

    def test_parent_references_and_current_product_identity(catalog_api: CatalogAPI) -> None:
        api = catalog_api
>       brand = api.create(subject_type="OWN_BRAND")
                ^^^^^^^^^^^^^^^^^^^^^^^^^^^^^^^^^^^^

tests/integration/test_geo_catalog_api.py:156: 
_ _ _ _ _ _ _ _ _ _ _ _ _ _ _ _ _ _ _ _ _ _ _ _ _ _ _ _ _ _ _ _ _ _ _ _ _ _ _ _ 

self = CatalogAPI(engine=Engine(postgresql+psycopg://partsignal:***@postgres:5432/partsignal_geo104_f8fa77e1e1), factory=sess...e.testclient.TestClient object at 0xfab293467f50>, engineer=<starlette.testclient.TestClient object at 0xfab293498c80>)
values = {'subject_type': 'OWN_BRAND'}
response = <Response [500 Internal Server Error]>

    def create(self, **values: object) -> dict:
        response = self.admin.post(
            PREFIX,
            json={
                "subject_type": "COMPETITOR_PRODUCT",
                "canonical_name": "虚构 CP-104",
                "display_name": "虚构竞品",
                **values,
            },
        )
>       assert response.status_code == 201, response.text
               ^^^^^^^^^^^^^^^^^^^^^^^^^^^
E       AssertionError: Internal Server Error

tests/integration/geo_catalog_support.py:46: AssertionError
______________ test_alias_noop_cross_parent_and_parent_validation ______________

catalog_api = CatalogAPI(engine=Engine(postgresql+psycopg://partsignal:***@postgres:5432/partsignal_geo104_f8fa77e1e1), factory=sess...e.testclient.TestClient object at 0xfab293498e00>, engineer=<starlette.testclient.TestClient object at 0xfab29349a240>)

    def test_alias_noop_cross_parent_and_parent_validation(catalog_api: CatalogAPI) -> None:
        api = catalog_api
>       row = api.create()
              ^^^^^^^^^^^^

tests/integration/test_geo_catalog_api.py:234: 
_ _ _ _ _ _ _ _ _ _ _ _ _ _ _ _ _ _ _ _ _ _ _ _ _ _ _ _ _ _ _ _ _ _ _ _ _ _ _ _ 

self = CatalogAPI(engine=Engine(postgresql+psycopg://partsignal:***@postgres:5432/partsignal_geo104_f8fa77e1e1), factory=sess...e.testclient.TestClient object at 0xfab293498e00>, engineer=<starlette.testclient.TestClient object at 0xfab29349a240>)
values = {}, response = <Response [500 Internal Server Error]>

    def create(self, **values: object) -> dict:
        response = self.admin.post(
            PREFIX,
            json={
                "subject_type": "COMPETITOR_PRODUCT",
                "canonical_name": "虚构 CP-104",
                "display_name": "虚构竞品",
                **values,
            },
        )
>       assert response.status_code == 201, response.text
               ^^^^^^^^^^^^^^^^^^^^^^^^^^^
E       AssertionError: Internal Server Error

tests/integration/geo_catalog_support.py:46: AssertionError
____________ test_all_writes_require_admin_and_csrf[POST--payload0] ____________

catalog_api = CatalogAPI(engine=Engine(postgresql+psycopg://partsignal:***@postgres:5432/partsignal_geo104_f8fa77e1e1), factory=sess...e.testclient.TestClient object at 0xfab292229a60>, engineer=<starlette.testclient.TestClient object at 0xfab29226d580>)
method = 'POST', path = ''
payload = {'canonical_name': 'X', 'display_name': 'X', 'subject_type': 'REFERENCE_PART'}

    @pytest.mark.parametrize("method,path,payload", WRITE_ROUTES)
    def test_all_writes_require_admin_and_csrf(
        catalog_api: CatalogAPI,
        method: str,
        path: str,
        payload: dict | None,
    ) -> None:
        api = catalog_api
>       row = api.create()
              ^^^^^^^^^^^^

tests/integration/test_geo_catalog_api.py:330: 
_ _ _ _ _ _ _ _ _ _ _ _ _ _ _ _ _ _ _ _ _ _ _ _ _ _ _ _ _ _ _ _ _ _ _ _ _ _ _ _ 

self = CatalogAPI(engine=Engine(postgresql+psycopg://partsignal:***@postgres:5432/partsignal_geo104_f8fa77e1e1), factory=sess...e.testclient.TestClient object at 0xfab292229a60>, engineer=<starlette.testclient.TestClient object at 0xfab29226d580>)
values = {}, response = <Response [500 Internal Server Error]>

    def create(self, **values: object) -> dict:
        response = self.admin.post(
            PREFIX,
            json={
                "subject_type": "COMPETITOR_PRODUCT",
                "canonical_name": "虚构 CP-104",
                "display_name": "虚构竞品",
                **values,
            },
        )
>       assert response.status_code == 201, response.text
               ^^^^^^^^^^^^^^^^^^^^^^^^^^^
E       AssertionError: Internal Server Error

tests/integration/geo_catalog_support.py:46: AssertionError
_________ test_all_writes_require_admin_and_csrf[PATCH-/{id}-payload1] _________

catalog_api = CatalogAPI(engine=Engine(postgresql+psycopg://partsignal:***@postgres:5432/partsignal_geo104_f8fa77e1e1), factory=sess...e.testclient.TestClient object at 0xfab29222a420>, engineer=<starlette.testclient.TestClient object at 0xfab2922bd700>)
method = 'PATCH', path = '/{id}'
payload = {'description': 'X', 'expected_revision': 0, 'subject_type': 'COMPETITOR_PRODUCT'}

    @pytest.mark.parametrize("method,path,payload", WRITE_ROUTES)
    def test_all_writes_require_admin_and_csrf(
        catalog_api: CatalogAPI,
        method: str,
        path: str,
        payload: dict | None,
    ) -> None:
        api = catalog_api
>       row = api.create()
              ^^^^^^^^^^^^

tests/integration/test_geo_catalog_api.py:330: 
_ _ _ _ _ _ _ _ _ _ _ _ _ _ _ _ _ _ _ _ _ _ _ _ _ _ _ _ _ _ _ _ _ _ _ _ _ _ _ _ 

self = CatalogAPI(engine=Engine(postgresql+psycopg://partsignal:***@postgres:5432/partsignal_geo104_f8fa77e1e1), factory=sess...e.testclient.TestClient object at 0xfab29222a420>, engineer=<starlette.testclient.TestClient object at 0xfab2922bd700>)
values = {}, response = <Response [500 Internal Server Error]>

    def create(self, **values: object) -> dict:
        response = self.admin.post(
            PREFIX,
            json={
                "subject_type": "COMPETITOR_PRODUCT",
                "canonical_name": "虚构 CP-104",
                "display_name": "虚构竞品",
                **values,
            },
        )
>       assert response.status_code == 201, response.text
               ^^^^^^^^^^^^^^^^^^^^^^^^^^^
E       AssertionError: Internal Server Error

tests/integration/geo_catalog_support.py:46: AssertionError
_ test_all_writes_require_admin_and_csrf[DELETE-/{id}?expected_revision=0-None] _

catalog_api = CatalogAPI(engine=Engine(postgresql+psycopg://partsignal:***@postgres:5432/partsignal_geo104_f8fa77e1e1), factory=sess...e.testclient.TestClient object at 0xfab292299340>, engineer=<starlette.testclient.TestClient object at 0xfab292298c50>)
method = 'DELETE', path = '/{id}?expected_revision=0', payload = None

    @pytest.mark.parametrize("method,path,payload", WRITE_ROUTES)
    def test_all_writes_require_admin_and_csrf(
        catalog_api: CatalogAPI,
        method: str,
        path: str,
        payload: dict | None,
    ) -> None:
        api = catalog_api
>       row = api.create()
              ^^^^^^^^^^^^

tests/integration/test_geo_catalog_api.py:330: 
_ _ _ _ _ _ _ _ _ _ _ _ _ _ _ _ _ _ _ _ _ _ _ _ _ _ _ _ _ _ _ _ _ _ _ _ _ _ _ _ 

self = CatalogAPI(engine=Engine(postgresql+psycopg://partsignal:***@postgres:5432/partsignal_geo104_f8fa77e1e1), factory=sess...e.testclient.TestClient object at 0xfab292299340>, engineer=<starlette.testclient.TestClient object at 0xfab292298c50>)
values = {}, response = <Response [500 Internal Server Error]>

    def create(self, **values: object) -> dict:
        response = self.admin.post(
            PREFIX,
            json={
                "subject_type": "COMPETITOR_PRODUCT",
                "canonical_name": "虚构 CP-104",
                "display_name": "虚构竞品",
                **values,
            },
        )
>       assert response.status_code == 201, response.text
               ^^^^^^^^^^^^^^^^^^^^^^^^^^^
E       AssertionError: Internal Server Error

tests/integration/geo_catalog_support.py:46: AssertionError
______ test_all_writes_require_admin_and_csrf[POST-/{id}/enable-payload3] ______

catalog_api = CatalogAPI(engine=Engine(postgresql+psycopg://partsignal:***@postgres:5432/partsignal_geo104_f8fa77e1e1), factory=sess...e.testclient.TestClient object at 0xfab292299640>, engineer=<starlette.testclient.TestClient object at 0xfab2922bf080>)
method = 'POST', path = '/{id}/enable', payload = {'expected_revision': 0}

    @pytest.mark.parametrize("method,path,payload", WRITE_ROUTES)
    def test_all_writes_require_admin_and_csrf(
        catalog_api: CatalogAPI,
        method: str,
        path: str,
        payload: dict | None,
    ) -> None:
        api = catalog_api
>       row = api.create()
              ^^^^^^^^^^^^

tests/integration/test_geo_catalog_api.py:330: 
_ _ _ _ _ _ _ _ _ _ _ _ _ _ _ _ _ _ _ _ _ _ _ _ _ _ _ _ _ _ _ _ _ _ _ _ _ _ _ _ 

self = CatalogAPI(engine=Engine(postgresql+psycopg://partsignal:***@postgres:5432/partsignal_geo104_f8fa77e1e1), factory=sess...e.testclient.TestClient object at 0xfab292299640>, engineer=<starlette.testclient.TestClient object at 0xfab2922bf080>)
values = {}, response = <Response [500 Internal Server Error]>

    def create(self, **values: object) -> dict:
        response = self.admin.post(
            PREFIX,
            json={
                "subject_type": "COMPETITOR_PRODUCT",
                "canonical_name": "虚构 CP-104",
                "display_name": "虚构竞品",
                **values,
            },
        )
>       assert response.status_code == 201, response.text
               ^^^^^^^^^^^^^^^^^^^^^^^^^^^
E       AssertionError: Internal Server Error

tests/integration/geo_catalog_support.py:46: AssertionError
_____ test_all_writes_require_admin_and_csrf[POST-/{id}/disable-payload4] ______

catalog_api = CatalogAPI(engine=Engine(postgresql+psycopg://partsignal:***@postgres:5432/partsignal_geo104_f8fa77e1e1), factory=sess...e.testclient.TestClient object at 0xfab2922bf950>, engineer=<starlette.testclient.TestClient object at 0xfab29226f9b0>)
method = 'POST', path = '/{id}/disable', payload = {'expected_revision': 0}

    @pytest.mark.parametrize("method,path,payload", WRITE_ROUTES)
    def test_all_writes_require_admin_and_csrf(
        catalog_api: CatalogAPI,
        method: str,
        path: str,
        payload: dict | None,
    ) -> None:
        api = catalog_api
>       row = api.create()
              ^^^^^^^^^^^^

tests/integration/test_geo_catalog_api.py:330: 
_ _ _ _ _ _ _ _ _ _ _ _ _ _ _ _ _ _ _ _ _ _ _ _ _ _ _ _ _ _ _ _ _ _ _ _ _ _ _ _ 

self = CatalogAPI(engine=Engine(postgresql+psycopg://partsignal:***@postgres:5432/partsignal_geo104_f8fa77e1e1), factory=sess...e.testclient.TestClient object at 0xfab2922bf950>, engineer=<starlette.testclient.TestClient object at 0xfab29226f9b0>)
values = {}, response = <Response [500 Internal Server Error]>

    def create(self, **values: object) -> dict:
        response = self.admin.post(
            PREFIX,
            json={
                "subject_type": "COMPETITOR_PRODUCT",
                "canonical_name": "虚构 CP-104",
                "display_name": "虚构竞品",
                **values,
            },
        )
>       assert response.status_code == 201, response.text
               ^^^^^^^^^^^^^^^^^^^^^^^^^^^
E       AssertionError: Internal Server Error

tests/integration/geo_catalog_support.py:46: AssertionError
_____ test_all_writes_require_admin_and_csrf[POST-/{id}/aliases-payload5] ______

catalog_api = CatalogAPI(engine=Engine(postgresql+psycopg://partsignal:***@postgres:5432/partsignal_geo104_f8fa77e1e1), factory=sess...e.testclient.TestClient object at 0xfab2923bc5f0>, engineer=<starlette.testclient.TestClient object at 0xfab29226cfe0>)
method = 'POST', path = '/{id}/aliases'
payload = {'alias': 'X', 'alias_kind': 'NAME', 'expected_revision': 0}

    @pytest.mark.parametrize("method,path,payload", WRITE_ROUTES)
    def test_all_writes_require_admin_and_csrf(
        catalog_api: CatalogAPI,
        method: str,
        path: str,
        payload: dict | None,
    ) -> None:
        api = catalog_api
>       row = api.create()
              ^^^^^^^^^^^^

tests/integration/test_geo_catalog_api.py:330: 
_ _ _ _ _ _ _ _ _ _ _ _ _ _ _ _ _ _ _ _ _ _ _ _ _ _ _ _ _ _ _ _ _ _ _ _ _ _ _ _ 

self = CatalogAPI(engine=Engine(postgresql+psycopg://partsignal:***@postgres:5432/partsignal_geo104_f8fa77e1e1), factory=sess...e.testclient.TestClient object at 0xfab2923bc5f0>, engineer=<starlette.testclient.TestClient object at 0xfab29226cfe0>)
values = {}, response = <Response [500 Internal Server Error]>

    def create(self, **values: object) -> dict:
        response = self.admin.post(
            PREFIX,
            json={
                "subject_type": "COMPETITOR_PRODUCT",
                "canonical_name": "虚构 CP-104",
                "display_name": "虚构竞品",
                **values,
            },
        )
>       assert response.status_code == 201, response.text
               ^^^^^^^^^^^^^^^^^^^^^^^^^^^
E       AssertionError: Internal Server Error

tests/integration/geo_catalog_support.py:46: AssertionError
_ test_all_writes_require_admin_and_csrf[PATCH-/{id}/aliases/{child}-payload6] _

catalog_api = CatalogAPI(engine=Engine(postgresql+psycopg://partsignal:***@postgres:5432/partsignal_geo104_f8fa77e1e1), factory=sess...e.testclient.TestClient object at 0xfab29226cef0>, engineer=<starlette.testclient.TestClient object at 0xfab29226c980>)
method = 'PATCH', path = '/{id}/aliases/{child}'
payload = {'alias': 'X', 'expected_revision': 0}

    @pytest.mark.parametrize("method,path,payload", WRITE_ROUTES)
    def test_all_writes_require_admin_and_csrf(
        catalog_api: CatalogAPI,
        method: str,
        path: str,
        payload: dict | None,
    ) -> None:
        api = catalog_api
>       row = api.create()
              ^^^^^^^^^^^^

tests/integration/test_geo_catalog_api.py:330: 
_ _ _ _ _ _ _ _ _ _ _ _ _ _ _ _ _ _ _ _ _ _ _ _ _ _ _ _ _ _ _ _ _ _ _ _ _ _ _ _ 

self = CatalogAPI(engine=Engine(postgresql+psycopg://partsignal:***@postgres:5432/partsignal_geo104_f8fa77e1e1), factory=sess...e.testclient.TestClient object at 0xfab29226cef0>, engineer=<starlette.testclient.TestClient object at 0xfab29226c980>)
values = {}, response = <Response [500 Internal Server Error]>

    def create(self, **values: object) -> dict:
        response = self.admin.post(
            PREFIX,
            json={
                "subject_type": "COMPETITOR_PRODUCT",
                "canonical_name": "虚构 CP-104",
                "display_name": "虚构竞品",
                **values,
            },
        )
>       assert response.status_code == 201, response.text
               ^^^^^^^^^^^^^^^^^^^^^^^^^^^
E       AssertionError: Internal Server Error

tests/integration/geo_catalog_support.py:46: AssertionError
_ test_all_writes_require_admin_and_csrf[DELETE-/{id}/aliases/{child}?expected_revision=0-None] _

catalog_api = CatalogAPI(engine=Engine(postgresql+psycopg://partsignal:***@postgres:5432/partsignal_geo104_f8fa77e1e1), factory=sess...e.testclient.TestClient object at 0xfab29226da30>, engineer=<starlette.testclient.TestClient object at 0xfab29191a750>)
method = 'DELETE', path = '/{id}/aliases/{child}?expected_revision=0'
payload = None

    @pytest.mark.parametrize("method,path,payload", WRITE_ROUTES)
    def test_all_writes_require_admin_and_csrf(
        catalog_api: CatalogAPI,
        method: str,
        path: str,
        payload: dict | None,
    ) -> None:
        api = catalog_api
>       row = api.create()
              ^^^^^^^^^^^^

tests/integration/test_geo_catalog_api.py:330: 
_ _ _ _ _ _ _ _ _ _ _ _ _ _ _ _ _ _ _ _ _ _ _ _ _ _ _ _ _ _ _ _ _ _ _ _ _ _ _ _ 

self = CatalogAPI(engine=Engine(postgresql+psycopg://partsignal:***@postgres:5432/partsignal_geo104_f8fa77e1e1), factory=sess...e.testclient.TestClient object at 0xfab29226da30>, engineer=<starlette.testclient.TestClient object at 0xfab29191a750>)
values = {}, response = <Response [500 Internal Server Error]>

    def create(self, **values: object) -> dict:
        response = self.admin.post(
            PREFIX,
            json={
                "subject_type": "COMPETITOR_PRODUCT",
                "canonical_name": "虚构 CP-104",
                "display_name": "虚构竞品",
                **values,
            },
        )
>       assert response.status_code == 201, response.text
               ^^^^^^^^^^^^^^^^^^^^^^^^^^^
E       AssertionError: Internal Server Error

tests/integration/geo_catalog_support.py:46: AssertionError
_____ test_all_writes_require_admin_and_csrf[POST-/{id}/domains-payload8] ______

catalog_api = CatalogAPI(engine=Engine(postgresql+psycopg://partsignal:***@postgres:5432/partsignal_geo104_f8fa77e1e1), factory=sess...e.testclient.TestClient object at 0xfab2918b7a40>, engineer=<starlette.testclient.TestClient object at 0xfab2918b6d80>)
method = 'POST', path = '/{id}/domains'
payload = {'expected_revision': 0, 'hostname': 'a.example', 'relation_type': 'OWNED'}

    @pytest.mark.parametrize("method,path,payload", WRITE_ROUTES)
    def test_all_writes_require_admin_and_csrf(
        catalog_api: CatalogAPI,
        method: str,
        path: str,
        payload: dict | None,
    ) -> None:
        api = catalog_api
>       row = api.create()
              ^^^^^^^^^^^^

tests/integration/test_geo_catalog_api.py:330: 
_ _ _ _ _ _ _ _ _ _ _ _ _ _ _ _ _ _ _ _ _ _ _ _ _ _ _ _ _ _ _ _ _ _ _ _ _ _ _ _ 

self = CatalogAPI(engine=Engine(postgresql+psycopg://partsignal:***@postgres:5432/partsignal_geo104_f8fa77e1e1), factory=sess...e.testclient.TestClient object at 0xfab2918b7a40>, engineer=<starlette.testclient.TestClient object at 0xfab2918b6d80>)
values = {}, response = <Response [500 Internal Server Error]>

    def create(self, **values: object) -> dict:
        response = self.admin.post(
            PREFIX,
            json={
                "subject_type": "COMPETITOR_PRODUCT",
                "canonical_name": "虚构 CP-104",
                "display_name": "虚构竞品",
                **values,
            },
        )
>       assert response.status_code == 201, response.text
               ^^^^^^^^^^^^^^^^^^^^^^^^^^^
E       AssertionError: Internal Server Error

tests/integration/geo_catalog_support.py:46: AssertionError
_ test_all_writes_require_admin_and_csrf[DELETE-/{id}/domains/{child}?expected_revision=0-None] _

catalog_api = CatalogAPI(engine=Engine(postgresql+psycopg://partsignal:***@postgres:5432/partsignal_geo104_f8fa77e1e1), factory=sess...e.testclient.TestClient object at 0xfab2918b7dd0>, engineer=<starlette.testclient.TestClient object at 0xfab292299b50>)
method = 'DELETE', path = '/{id}/domains/{child}?expected_revision=0'
payload = None

    @pytest.mark.parametrize("method,path,payload", WRITE_ROUTES)
    def test_all_writes_require_admin_and_csrf(
        catalog_api: CatalogAPI,
        method: str,
        path: str,
        payload: dict | None,
    ) -> None:
        api = catalog_api
>       row = api.create()
              ^^^^^^^^^^^^

tests/integration/test_geo_catalog_api.py:330: 
_ _ _ _ _ _ _ _ _ _ _ _ _ _ _ _ _ _ _ _ _ _ _ _ _ _ _ _ _ _ _ _ _ _ _ _ _ _ _ _ 

self = CatalogAPI(engine=Engine(postgresql+psycopg://partsignal:***@postgres:5432/partsignal_geo104_f8fa77e1e1), factory=sess...e.testclient.TestClient object at 0xfab2918b7dd0>, engineer=<starlette.testclient.TestClient object at 0xfab292299b50>)
values = {}, response = <Response [500 Internal Server Error]>

    def create(self, **values: object) -> dict:
        response = self.admin.post(
            PREFIX,
            json={
                "subject_type": "COMPETITOR_PRODUCT",
                "canonical_name": "虚构 CP-104",
                "display_name": "虚构竞品",
                **values,
            },
        )
>       assert response.status_code == 201, response.text
               ^^^^^^^^^^^^^^^^^^^^^^^^^^^
E       AssertionError: Internal Server Error

tests/integration/geo_catalog_support.py:46: AssertionError
_________________________ test_reads_require_session[] _________________________

catalog_api = CatalogAPI(engine=Engine(postgresql+psycopg://partsignal:***@postgres:5432/partsignal_geo104_f8fa77e1e1), factory=sess...e.testclient.TestClient object at 0xfab2922be600>, engineer=<starlette.testclient.TestClient object at 0xfab2922bd970>)
path = ''

    @pytest.mark.parametrize("path", ["", "/{id}"])
    def test_reads_require_session(catalog_api: CatalogAPI, path: str) -> None:
        api = catalog_api
>       row = api.create()
              ^^^^^^^^^^^^

tests/integration/test_geo_catalog_api.py:344: 
_ _ _ _ _ _ _ _ _ _ _ _ _ _ _ _ _ _ _ _ _ _ _ _ _ _ _ _ _ _ _ _ _ _ _ _ _ _ _ _ 

self = CatalogAPI(engine=Engine(postgresql+psycopg://partsignal:***@postgres:5432/partsignal_geo104_f8fa77e1e1), factory=sess...e.testclient.TestClient object at 0xfab2922be600>, engineer=<starlette.testclient.TestClient object at 0xfab2922bd970>)
values = {}, response = <Response [500 Internal Server Error]>

    def create(self, **values: object) -> dict:
        response = self.admin.post(
            PREFIX,
            json={
                "subject_type": "COMPETITOR_PRODUCT",
                "canonical_name": "虚构 CP-104",
                "display_name": "虚构竞品",
                **values,
            },
        )
>       assert response.status_code == 201, response.text
               ^^^^^^^^^^^^^^^^^^^^^^^^^^^
E       AssertionError: Internal Server Error

tests/integration/geo_catalog_support.py:46: AssertionError
______________________ test_reads_require_session[/{id}] _______________________

catalog_api = CatalogAPI(engine=Engine(postgresql+psycopg://partsignal:***@postgres:5432/partsignal_geo104_f8fa77e1e1), factory=sess...e.testclient.TestClient object at 0xfab291952120>, engineer=<starlette.testclient.TestClient object at 0xfab291950590>)
path = '/{id}'

    @pytest.mark.parametrize("path", ["", "/{id}"])
    def test_reads_require_session(catalog_api: CatalogAPI, path: str) -> None:
        api = catalog_api
>       row = api.create()
              ^^^^^^^^^^^^

tests/integration/test_geo_catalog_api.py:344: 
_ _ _ _ _ _ _ _ _ _ _ _ _ _ _ _ _ _ _ _ _ _ _ _ _ _ _ _ _ _ _ _ _ _ _ _ _ _ _ _ 

self = CatalogAPI(engine=Engine(postgresql+psycopg://partsignal:***@postgres:5432/partsignal_geo104_f8fa77e1e1), factory=sess...e.testclient.TestClient object at 0xfab291952120>, engineer=<starlette.testclient.TestClient object at 0xfab291950590>)
values = {}, response = <Response [500 Internal Server Error]>

    def create(self, **values: object) -> dict:
        response = self.admin.post(
            PREFIX,
            json={
                "subject_type": "COMPETITOR_PRODUCT",
                "canonical_name": "虚构 CP-104",
                "display_name": "虚构竞品",
                **values,
            },
        )
>       assert response.status_code == 201, response.text
               ^^^^^^^^^^^^^^^^^^^^^^^^^^^
E       AssertionError: Internal Server Error

tests/integration/geo_catalog_support.py:46: AssertionError
_____________ test_list_filters_pagination_literal_search_and_sort _____________

catalog_api = CatalogAPI(engine=Engine(postgresql+psycopg://partsignal:***@postgres:5432/partsignal_geo104_f8fa77e1e1), factory=sess...e.testclient.TestClient object at 0xfab291952ba0>, engineer=<starlette.testclient.TestClient object at 0xfab2919523c0>)

    def test_list_filters_pagination_literal_search_and_sort(catalog_api: CatalogAPI) -> None:
        api = catalog_api
        for index in range(12):
>           api.create(canonical_name=f"CP-{index:02}", display_name=f"虚构 {index:02}")

tests/integration/test_geo_catalog_api.py:352: 
_ _ _ _ _ _ _ _ _ _ _ _ _ _ _ _ _ _ _ _ _ _ _ _ _ _ _ _ _ _ _ _ _ _ _ _ _ _ _ _ 

self = CatalogAPI(engine=Engine(postgresql+psycopg://partsignal:***@postgres:5432/partsignal_geo104_f8fa77e1e1), factory=sess...e.testclient.TestClient object at 0xfab291952ba0>, engineer=<starlette.testclient.TestClient object at 0xfab2919523c0>)
values = {'canonical_name': 'CP-00', 'display_name': '虚构 00'}
response = <Response [500 Internal Server Error]>

    def create(self, **values: object) -> dict:
        response = self.admin.post(
            PREFIX,
            json={
                "subject_type": "COMPETITOR_PRODUCT",
                "canonical_name": "虚构 CP-104",
                "display_name": "虚构竞品",
                **values,
            },
        )
>       assert response.status_code == 201, response.text
               ^^^^^^^^^^^^^^^^^^^^^^^^^^^
E       AssertionError: Internal Server Error

tests/integration/geo_catalog_support.py:46: AssertionError
=========================== short test summary info ============================
FAILED tests/integration/test_geo_catalog_api.py::test_subject_children_revision_noop_and_audit
FAILED tests/integration/test_geo_catalog_api.py::test_parent_references_and_current_product_identity
FAILED tests/integration/test_geo_catalog_api.py::test_alias_noop_cross_parent_and_parent_validation
FAILED tests/integration/test_geo_catalog_api.py::test_all_writes_require_admin_and_csrf[POST--payload0]
FAILED tests/integration/test_geo_catalog_api.py::test_all_writes_require_admin_and_csrf[PATCH-/{id}-payload1]
FAILED tests/integration/test_geo_catalog_api.py::test_all_writes_require_admin_and_csrf[DELETE-/{id}?expected_revision=0-None]
FAILED tests/integration/test_geo_catalog_api.py::test_all_writes_require_admin_and_csrf[POST-/{id}/enable-payload3]
FAILED tests/integration/test_geo_catalog_api.py::test_all_writes_require_admin_and_csrf[POST-/{id}/disable-payload4]
FAILED tests/integration/test_geo_catalog_api.py::test_all_writes_require_admin_and_csrf[POST-/{id}/aliases-payload5]
FAILED tests/integration/test_geo_catalog_api.py::test_all_writes_require_admin_and_csrf[PATCH-/{id}/aliases/{child}-payload6]
FAILED tests/integration/test_geo_catalog_api.py::test_all_writes_require_admin_and_csrf[DELETE-/{id}/aliases/{child}?expected_revision=0-None]
FAILED tests/integration/test_geo_catalog_api.py::test_all_writes_require_admin_and_csrf[POST-/{id}/domains-payload8]
FAILED tests/integration/test_geo_catalog_api.py::test_all_writes_require_admin_and_csrf[DELETE-/{id}/domains/{child}?expected_revision=0-None]
FAILED tests/integration/test_geo_catalog_api.py::test_reads_require_session[]
FAILED tests/integration/test_geo_catalog_api.py::test_reads_require_session[/{id}]
FAILED tests/integration/test_geo_catalog_api.py::test_list_filters_pagination_literal_search_and_sort
16 failed, 1 passed in 1.57s

