 Container partsignal-geo104-validation-fake-oss-1 Stopping 
 Container partsignal-geo104-validation-redis-1 Stopping 
 Container partsignal-geo104-validation-postgres-1 Stopping 
 Container partsignal-geo104-validation-postgres-1 Stopped 
 Container partsignal-geo104-validation-postgres-1 Removing 
 Container partsignal-geo104-validation-postgres-1 Removed 
 Container partsignal-geo104-validation-redis-1 Stopped 
 Container partsignal-geo104-validation-redis-1 Removing 
 Container partsignal-geo104-validation-redis-1 Removed 
 Container partsignal-geo104-validation-fake-oss-1 Stopped 
 Container partsignal-geo104-validation-fake-oss-1 Removing 
 Container partsignal-geo104-validation-fake-oss-1 Removed 
 Volume partsignal-geo104-validation_partsignal-postgres Removing 
 Volume partsignal-geo104-validation_partsignal-fake-oss Removing 
 Volume partsignal-geo104-validation_partsignal-redis Removing 
 Network partsignal-geo104-validation Removing 
 Volume partsignal-geo104-validation_partsignal-postgres Removed 
 Volume partsignal-geo104-validation_partsignal-fake-oss Removed 
 Volume partsignal-geo104-validation_partsignal-redis Removed 
 Network partsignal-geo104-validation Removed 
time="2026-10-02T01:44:28-07:00" level=info msg="stopping colima"
time="2026-10-02T01:44:29-07:00" level=info msg="stopping ..." context=docker
Stopping 'docker.service', but its triggering units are still active:
docker.socket
colima
time="2026-10-02T01:44:29-07:00" level=info msg="stopping ..." context=vm
time="2026-10-02T01:44:29-07:00" level=info msg="Sending SIGINT to hostagent process 15267"
time="2026-10-02T01:44:29-07:00" level=info msg="Waiting for the host agent and the driver processes to shut down"
time="2026-10-02T01:44:29-07:00" level=info msg="[hostagent] Received SIGINT, shutting down the host agent"
time="2026-10-02T01:44:29-07:00" level=info msg="[hostagent] Shutting down the host agent"
time="2026-10-02T01:44:29-07:00" level=info msg="[hostagent] Stopping forwarding \"/var/run/docker.sock\" (guest) to \"/Users/sc/.colima/default/docker.sock\" (host)"
time="2026-10-02T01:44:29-07:00" level=info msg="[hostagent] Stopping forwarding \"/var/run/containerd/containerd.sock\" (guest) to \"/Users/sc/.colima/default/containerd.sock\" (host)"
time="2026-10-02T01:44:29-07:00" level=info msg="[hostagent] Stopping forwarding \"/var/run/docker.sock\" (guest) to \"/Users/sc/.colima/docker.sock\" (host)"
time="2026-10-02T01:44:29-07:00" level=info msg="[hostagent] Unmounting disk \"colima\""
time="2026-10-02T01:44:29-07:00" level=info msg="[hostagent] Shutting down VZ"
time="2026-10-02T01:44:29-07:00" level=info msg="[hostagent] [VZ] - vm state change: stopped"
time="2026-10-02T01:44:29-07:00" level=info msg="Waiting for the instance to shut down"
time="2026-10-02T01:44:30-07:00" level=info msg="The instance colima has shut down"
time="2026-10-02T01:44:30-07:00" level=info msg=done
