 Container partsignal-geo104-validation-redis-1 Running 
 Container partsignal-geo104-validation-postgres-1 Running 
 Container partsignal-geo104-validation-redis-1 Waiting 
 Container partsignal-geo104-validation-postgres-1 Waiting 
 Container partsignal-geo104-validation-postgres-1 Healthy 
 Container partsignal-geo104-validation-redis-1 Healthy 
 Container partsignal-geo104-validation-backend-test-run-afbd74f53cc3 Creating 
 Container partsignal-geo104-validation-backend-test-run-afbd74f53cc3 Created 
FFFFFFF                                                                  [100%]
=================================== FAILURES ===================================
_____ test_read_snapshot_does_not_flush_session_after_same_cookie_write[] ______

self = <sqlalchemy.engine.base.Connection object at 0xeef8780a0410>
dialect = <sqlalchemy.dialects.postgresql.psycopg.PGDialect_psycopg object at 0xeef879c05550>
context = <sqlalchemy.dialects.postgresql.psycopg.PGExecutionContext_psycopg object at 0xeef8780a0a40>
statement = <sqlalchemy.dialects.postgresql.psycopg.PGCompiler_psycopg object at 0xeef878a469c0>
parameters = [{'last_seen_at': datetime.datetime(2026, 10, 2, 8, 4, 10, 704758, tzinfo=datetime.timezone.utc), 'sessions_id': UUID('0cdca463-6a83-4067-b493-49bab9b31519')}]

    def _exec_single_context(
        self,
        dialect: Dialect,
        context: ExecutionContext,
        statement: Union[str, Compiled],
        parameters: Optional[_AnyMultiExecuteParams],
    ) -> CursorResult[Any]:
        """continue the _execute_context() method for a single DBAPI
        cursor.execute() or cursor.executemany() call.
    
        """
        if dialect.bind_typing is BindTyping.SETINPUTSIZES:
            generic_setinputsizes = context._prepare_set_input_sizes()
    
            if generic_setinputsizes:
                try:
                    dialect.do_set_input_sizes(
                        context.cursor, generic_setinputsizes, context
                    )
                except BaseException as e:
                    self._handle_dbapi_exception(
                        e, str(statement), parameters, None, context
                    )
    
        cursor, str_statement, parameters = (
            context.cursor,
            context.statement,
            context.parameters,
        )
    
        effective_parameters: Optional[_AnyExecuteParams]
    
        if not context.executemany:
            effective_parameters = parameters[0]
        else:
            effective_parameters = parameters
    
        if self._has_events or self.engine._has_events:
            for fn in self.dispatch.before_cursor_execute:
                str_statement, effective_parameters = fn(
                    self,
                    cursor,
                    str_statement,
                    effective_parameters,
                    context,
                    context.executemany,
                )
    
        if self._echo:
            self._log_info(str_statement)
    
            stats = context._get_cache_stats()
    
            if not self.engine.hide_parameters:
                self._log_info(
                    "[%s] %r",
                    stats,
                    sql_util._repr_params(
                        effective_parameters,
                        batches=10,
                        ismulti=context.executemany,
                    ),
                )
            else:
                self._log_info(
                    "[%s] [SQL parameters hidden due to hide_parameters=True]",
                    stats,
                )
    
        evt_handled: bool = False
        try:
            if context.execute_style is ExecuteStyle.EXECUTEMANY:
                effective_parameters = cast(
                    "_CoreMultiExecuteParams", effective_parameters
                )
                if self.dialect._has_events:
                    for fn in self.dialect.dispatch.do_executemany:
                        if fn(
                            cursor,
                            str_statement,
                            effective_parameters,
                            context,
                        ):
                            evt_handled = True
                            break
                if not evt_handled:
                    self.dialect.do_executemany(
                        cursor,
                        str_statement,
                        effective_parameters,
                        context,
                    )
            elif not effective_parameters and context.no_parameters:
                if self.dialect._has_events:
                    for fn in self.dialect.dispatch.do_execute_no_params:
                        if fn(cursor, str_statement, context):
                            evt_handled = True
                            break
                if not evt_handled:
                    self.dialect.do_execute_no_params(
                        cursor, str_statement, context
                    )
            else:
                effective_parameters = cast(
                    "_CoreSingleExecuteParams", effective_parameters
                )
                if self.dialect._has_events:
                    for fn in self.dialect.dispatch.do_execute:
                        if fn(
                            cursor,
                            str_statement,
                            effective_parameters,
                            context,
                        ):
                            evt_handled = True
                            break
                if not evt_handled:
>                   self.dialect.do_execute(
                        cursor, str_statement, effective_parameters, context
                    )

/opt/venv/lib/python3.12/site-packages/sqlalchemy/engine/base.py:1969: 
_ _ _ _ _ _ _ _ _ _ _ _ _ _ _ _ _ _ _ _ _ _ _ _ _ _ _ _ _ _ _ _ _ _ _ _ _ _ _ _ 
/opt/venv/lib/python3.12/site-packages/sqlalchemy/engine/default.py:952: in do_execute
    cursor.execute(statement, parameters)
_ _ _ _ _ _ _ _ _ _ _ _ _ _ _ _ _ _ _ _ _ _ _ _ _ _ _ _ _ _ _ _ _ _ _ _ _ _ _ _ 

self = <psycopg.Cursor [closed] [IDLE] (host=postgres user=partsignal database=partsignal_geo104_dc070c81e2) at 0xeef878058410>
query = 'UPDATE sessions SET last_seen_at=%(last_seen_at)s::TIMESTAMP WITH TIME ZONE WHERE sessions.id = %(sessions_id)s::UUID'
params = {'last_seen_at': datetime.datetime(2026, 10, 2, 8, 4, 10, 704758, tzinfo=datetime.timezone.utc), 'sessions_id': UUID('0cdca463-6a83-4067-b493-49bab9b31519')}

    def execute(
        self,
        query: Query,
        params: Params | None = None,
        *,
        prepare: bool | None = None,
        binary: bool | None = None,
    ) -> Self:
        """
        Execute a query or command to the database.
        """
        try:
            with self._conn.lock:
                self._conn.wait(
                    self._execute_gen(query, params, prepare=prepare, binary=binary)
                )
        except e._NO_TRACEBACK as ex:
>           raise ex.with_traceback(None)
E           psycopg.errors.SerializationFailure: could not serialize access due to concurrent update

/opt/venv/lib/python3.12/site-packages/psycopg/cursor.py:117: SerializationFailure

The above exception was the direct cause of the following exception:

catalog_api = CatalogAPI(engine=Engine(postgresql+psycopg://partsignal:***@postgres:5432/partsignal_geo104_dc070c81e2), factory=sess...e.testclient.TestClient object at 0xeef879c05280>, engineer=<starlette.testclient.TestClient object at 0xeef879afe180>)
path = ''

    @pytest.mark.parametrize("path", ["", "/{id}"])
    def test_read_snapshot_does_not_flush_session_after_same_cookie_write(
        catalog_api: CatalogAPI, path: str
    ) -> None:
        api = catalog_api
        row = api.create()
        paused, release = Event(), Event()
        reader_connection = None
        reader_updates: list[str] = []
    
        def pause_reader(connection, cursor, statement, parameters, context, many):
            nonlocal reader_connection
            if "FROM sessions" in statement and not paused.is_set():
                reader_connection = connection
                paused.set()
                assert release.wait(timeout=10)
    
        def record_updates(connection, cursor, statement, parameters, context, many):
            if connection is reader_connection and statement.lstrip().startswith("UPDATE sessions"):
                reader_updates.append(statement)
    
        event.listen(api.engine, "after_cursor_execute", pause_reader)
        event.listen(api.engine, "before_cursor_execute", record_updates)
        try:
            with ThreadPoolExecutor(max_workers=1) as pool:
                result = pool.submit(api.admin.get, PREFIX + path.format(id=row["id"]))
                try:
                    assert paused.wait(timeout=5)
                    # 使用同一真实 Cookie 的命令提交 last_seen_at，而读取快照已建立。
                    api.create(canonical_name="并发的新对象")
                finally:
                    release.set()
>               response = result.result(timeout=10)
                           ^^^^^^^^^^^^^^^^^^^^^^^^^

tests/integration/test_geo_catalog_read_regressions.py:48: 
_ _ _ _ _ _ _ _ _ _ _ _ _ _ _ _ _ _ _ _ _ _ _ _ _ _ _ _ _ _ _ _ _ _ _ _ _ _ _ _ 
/usr/local/lib/python3.12/concurrent/futures/_base.py:456: in result
    return self.__get_result()
           ^^^^^^^^^^^^^^^^^^^
/usr/local/lib/python3.12/concurrent/futures/_base.py:401: in __get_result
    raise self._exception
/usr/local/lib/python3.12/concurrent/futures/thread.py:59: in run
    result = self.fn(*self.args, **self.kwargs)
             ^^^^^^^^^^^^^^^^^^^^^^^^^^^^^^^^^^
/opt/venv/lib/python3.12/site-packages/starlette/testclient.py:482: in get
    return super().get(
/opt/venv/lib/python3.12/site-packages/httpx2/_client.py:1118: in get
    return self.request(
/opt/venv/lib/python3.12/site-packages/starlette/testclient.py:454: in request
    return super().request(
/opt/venv/lib/python3.12/site-packages/httpx2/_client.py:803: in request
    return self.send(request, auth=auth, follow_redirects=follow_redirects)
           ^^^^^^^^^^^^^^^^^^^^^^^^^^^^^^^^^^^^^^^^^^^^^^^^^^^^^^^^^^^^^^^^
/opt/venv/lib/python3.12/site-packages/httpx2/_client.py:985: in send
    response = self._send_handling_auth(
/opt/venv/lib/python3.12/site-packages/httpx2/_client.py:1013: in _send_handling_auth
    response = self._send_handling_redirects(
/opt/venv/lib/python3.12/site-packages/httpx2/_client.py:1048: in _send_handling_redirects
    response = self._send_single_request(request)
               ^^^^^^^^^^^^^^^^^^^^^^^^^^^^^^^^^^
/opt/venv/lib/python3.12/site-packages/httpx2/_client.py:1081: in _send_single_request
    response = transport.handle_request(request)
               ^^^^^^^^^^^^^^^^^^^^^^^^^^^^^^^^^
/opt/venv/lib/python3.12/site-packages/starlette/testclient.py:356: in handle_request
    raise exc
/opt/venv/lib/python3.12/site-packages/starlette/testclient.py:353: in handle_request
    portal.call(self.app, scope, receive, send)
/opt/venv/lib/python3.12/site-packages/anyio/from_thread.py:338: in call
    return cast(T_Retval, self.start_task_soon(func, *args).result())
                          ^^^^^^^^^^^^^^^^^^^^^^^^^^^^^^^^^^^^^^^^^^
/usr/local/lib/python3.12/concurrent/futures/_base.py:456: in result
    return self.__get_result()
           ^^^^^^^^^^^^^^^^^^^
/usr/local/lib/python3.12/concurrent/futures/_base.py:401: in __get_result
    raise self._exception
/opt/venv/lib/python3.12/site-packages/anyio/from_thread.py:263: in _call_func
    retval = await retval_or_awaitable
             ^^^^^^^^^^^^^^^^^^^^^^^^^
/opt/venv/lib/python3.12/site-packages/fastapi/applications.py:1163: in __call__
    await super().__call__(scope, receive, send)
/opt/venv/lib/python3.12/site-packages/starlette/applications.py:90: in __call__
    await self.middleware_stack(scope, receive, send)
/opt/venv/lib/python3.12/site-packages/starlette/middleware/errors.py:186: in __call__
    raise exc
/opt/venv/lib/python3.12/site-packages/starlette/middleware/errors.py:164: in __call__
    await self.app(scope, receive, _send)
/opt/venv/lib/python3.12/site-packages/starlette/middleware/base.py:193: in __call__
    response = await self.dispatch_func(request, call_next)
               ^^^^^^^^^^^^^^^^^^^^^^^^^^^^^^^^^^^^^^^^^^^^
app/main.py:286: in request_context
    response = await call_next(request)
               ^^^^^^^^^^^^^^^^^^^^^^^^
/opt/venv/lib/python3.12/site-packages/starlette/middleware/base.py:168: in call_next
    raise app_exc from app_exc.__cause__ or app_exc.__context__
/opt/venv/lib/python3.12/site-packages/starlette/middleware/base.py:144: in coro
    await self.app(scope, receive_or_disconnect, send_no_error)
/opt/venv/lib/python3.12/site-packages/starlette/middleware/cors.py:88: in __call__
    await self.app(scope, receive, send)
/opt/venv/lib/python3.12/site-packages/starlette/middleware/exceptions.py:63: in __call__
    await wrap_app_handling_exceptions(self.app, conn)(scope, receive, send)
/opt/venv/lib/python3.12/site-packages/starlette/_exception_handler.py:53: in wrapped_app
    raise exc
/opt/venv/lib/python3.12/site-packages/starlette/_exception_handler.py:42: in wrapped_app
    await app(scope, receive, sender)
/opt/venv/lib/python3.12/site-packages/fastapi/middleware/asyncexitstack.py:18: in __call__
    await self.app(scope, receive, send)
/opt/venv/lib/python3.12/site-packages/starlette/routing.py:660: in __call__
    await self.middleware_stack(scope, receive, send)
/opt/venv/lib/python3.12/site-packages/fastapi/routing.py:2683: in app
    await route.handle(scope, receive, send)
/opt/venv/lib/python3.12/site-packages/fastapi/routing.py:1753: in handle
    await self.original_router.handle(scope, receive, send)
/opt/venv/lib/python3.12/site-packages/fastapi/routing.py:2738: in handle
    await included_router._handle_selected(scope, receive, send)
/opt/venv/lib/python3.12/site-packages/fastapi/routing.py:1773: in _handle_selected
    await original_route.handle(scope, receive, send)
/opt/venv/lib/python3.12/site-packages/fastapi/routing.py:1264: in handle
    await app(scope, receive, send)
/opt/venv/lib/python3.12/site-packages/fastapi/routing.py:150: in app
    await wrap_app_handling_exceptions(app, request)(scope, receive, send)
/opt/venv/lib/python3.12/site-packages/starlette/_exception_handler.py:53: in wrapped_app
    raise exc
/opt/venv/lib/python3.12/site-packages/starlette/_exception_handler.py:42: in wrapped_app
    await app(scope, receive, sender)
/opt/venv/lib/python3.12/site-packages/fastapi/routing.py:136: in app
    response = await f(request)
               ^^^^^^^^^^^^^^^^
/opt/venv/lib/python3.12/site-packages/fastapi/routing.py:690: in app
    raw_response = await run_endpoint_function(
/opt/venv/lib/python3.12/site-packages/fastapi/routing.py:346: in run_endpoint_function
    return await run_in_threadpool(dependant.call, **values)
           ^^^^^^^^^^^^^^^^^^^^^^^^^^^^^^^^^^^^^^^^^^^^^^^^^
/opt/venv/lib/python3.12/site-packages/starlette/concurrency.py:34: in run_in_threadpool
    return await anyio.to_thread.run_sync(func)
           ^^^^^^^^^^^^^^^^^^^^^^^^^^^^^^^^^^^^
/opt/venv/lib/python3.12/site-packages/anyio/to_thread.py:63: in run_sync
    return await get_async_backend().run_sync_in_worker_thread(
/opt/venv/lib/python3.12/site-packages/anyio/_backends/_asyncio.py:2596: in run_sync_in_worker_thread
    return await future
           ^^^^^^^^^^^^
/opt/venv/lib/python3.12/site-packages/anyio/_backends/_asyncio.py:1029: in run
    result = context.run(func, *args)
             ^^^^^^^^^^^^^^^^^^^^^^^^
app/routers/geo_catalog.py:48: in list_subjects
    return queries.list_subjects(
app/services/geo_catalog_queries.py:178: in list_subjects
    total = db.scalar(select(func.count()).select_from(query.subquery()))
            ^^^^^^^^^^^^^^^^^^^^^^^^^^^^^^^^^^^^^^^^^^^^^^^^^^^^^^^^^^^^^
/opt/venv/lib/python3.12/site-packages/sqlalchemy/orm/session.py:2421: in scalar
    return self._execute_internal(
/opt/venv/lib/python3.12/site-packages/sqlalchemy/orm/session.py:2250: in _execute_internal
    ) = compile_state_cls.orm_pre_session_exec(
/opt/venv/lib/python3.12/site-packages/sqlalchemy/orm/context.py:577: in orm_pre_session_exec
    session._autoflush()
/opt/venv/lib/python3.12/site-packages/sqlalchemy/orm/session.py:3073: in _autoflush
    raise e.with_traceback(sys.exc_info()[2])
/opt/venv/lib/python3.12/site-packages/sqlalchemy/orm/session.py:3062: in _autoflush
    self.flush()
/opt/venv/lib/python3.12/site-packages/sqlalchemy/orm/session.py:4353: in flush
    self._flush(objects)
/opt/venv/lib/python3.12/site-packages/sqlalchemy/orm/session.py:4488: in _flush
    with util.safe_reraise():
         ^^^^^^^^^^^^^^^^^^^
/opt/venv/lib/python3.12/site-packages/sqlalchemy/util/langhelpers.py:122: in __exit__
    raise exc_value.with_traceback(exc_tb)
/opt/venv/lib/python3.12/site-packages/sqlalchemy/orm/session.py:4449: in _flush
    flush_context.execute()
/opt/venv/lib/python3.12/site-packages/sqlalchemy/orm/unitofwork.py:465: in execute
    rec.execute(self)
/opt/venv/lib/python3.12/site-packages/sqlalchemy/orm/unitofwork.py:641: in execute
    util.preloaded.orm_persistence.save_obj(
/opt/venv/lib/python3.12/site-packages/sqlalchemy/orm/persistence.py:86: in save_obj
    _emit_update_statements(
/opt/venv/lib/python3.12/site-packages/sqlalchemy/orm/persistence.py:913: in _emit_update_statements
    c = connection.execute(
/opt/venv/lib/python3.12/site-packages/sqlalchemy/engine/base.py:1421: in execute
    return meth(
/opt/venv/lib/python3.12/site-packages/sqlalchemy/sql/elements.py:526: in _execute_on_connection
    return connection._execute_clauseelement(
/opt/venv/lib/python3.12/site-packages/sqlalchemy/engine/base.py:1643: in _execute_clauseelement
    ret = self._execute_context(
/opt/venv/lib/python3.12/site-packages/sqlalchemy/engine/base.py:1848: in _execute_context
    return self._exec_single_context(
/opt/venv/lib/python3.12/site-packages/sqlalchemy/engine/base.py:1988: in _exec_single_context
    self._handle_dbapi_exception(
/opt/venv/lib/python3.12/site-packages/sqlalchemy/engine/base.py:2365: in _handle_dbapi_exception
    raise sqlalchemy_exception.with_traceback(exc_info[2]) from e
/opt/venv/lib/python3.12/site-packages/sqlalchemy/engine/base.py:1969: in _exec_single_context
    self.dialect.do_execute(
/opt/venv/lib/python3.12/site-packages/sqlalchemy/engine/default.py:952: in do_execute
    cursor.execute(statement, parameters)
_ _ _ _ _ _ _ _ _ _ _ _ _ _ _ _ _ _ _ _ _ _ _ _ _ _ _ _ _ _ _ _ _ _ _ _ _ _ _ _ 

self = <psycopg.Cursor [closed] [IDLE] (host=postgres user=partsignal database=partsignal_geo104_dc070c81e2) at 0xeef878058410>
query = 'UPDATE sessions SET last_seen_at=%(last_seen_at)s::TIMESTAMP WITH TIME ZONE WHERE sessions.id = %(sessions_id)s::UUID'
params = {'last_seen_at': datetime.datetime(2026, 10, 2, 8, 4, 10, 704758, tzinfo=datetime.timezone.utc), 'sessions_id': UUID('0cdca463-6a83-4067-b493-49bab9b31519')}

    def execute(
        self,
        query: Query,
        params: Params | None = None,
        *,
        prepare: bool | None = None,
        binary: bool | None = None,
    ) -> Self:
        """
        Execute a query or command to the database.
        """
        try:
            with self._conn.lock:
                self._conn.wait(
                    self._execute_gen(query, params, prepare=prepare, binary=binary)
                )
        except e._NO_TRACEBACK as ex:
>           raise ex.with_traceback(None)
E           sqlalchemy.exc.OperationalError: (raised as a result of Query-invoked autoflush; consider using a session.no_autoflush block if this flush is occurring prematurely)
E           (psycopg.errors.SerializationFailure) could not serialize access due to concurrent update
E           [SQL: UPDATE sessions SET last_seen_at=%(last_seen_at)s::TIMESTAMP WITH TIME ZONE WHERE sessions.id = %(sessions_id)s::UUID]
E           [parameters: {'last_seen_at': datetime.datetime(2026, 10, 2, 8, 4, 10, 704758, tzinfo=datetime.timezone.utc), 'sessions_id': UUID('0cdca463-6a83-4067-b493-49bab9b31519')}]
E           (Background on this error at: https://sqlalche.me/e/20/e3q8)

/opt/venv/lib/python3.12/site-packages/psycopg/cursor.py:117: OperationalError
---------------------------- Captured stderr setup -----------------------------
INFO  [alembic.runtime.migration] Context impl PostgresqlImpl.
INFO  [alembic.runtime.migration] Will assume transactional DDL.
INFO  [alembic.runtime.migration] Running upgrade  -> 0001_identity_audit, 创建身份、会话和审计表。
INFO  [alembic.runtime.migration] Running upgrade 0001_identity_audit -> 0002_product_facts, 创建规范化产品事实和不可变事实版本。
INFO  [alembic.runtime.migration] Running upgrade 0002_product_facts -> 0003_content_planning, 创建目标问题、平台规则版本和内容任务。
INFO  [alembic.runtime.migration] Running upgrade 0003_content_planning -> 0004_content_production, 创建 PostgreSQL 权威生成作业和不可变 Markdown 内容版本。
INFO  [alembic.runtime.migration] Running upgrade 0004_content_production -> 0005_content_review, 创建追加式内容审核记录。
INFO  [alembic.runtime.migration] Running upgrade 0005_content_review -> 0006_publication, 创建平台账号、人工发布记录和状态事件。
INFO  [alembic.runtime.migration] Running upgrade 0006_publication -> 0007_geo_observation, 创建追加式 GEO 观测及引用关联。
INFO  [alembic.runtime.migration] Running upgrade 0007_geo_observation -> 0008_files, 创建文件生命周期、附件关联并补加证据文件外键。
INFO  [alembic.runtime.migration] Running upgrade 0008_files -> 0009_config_center, 迁移账号类型、配置中心与真实 AI 生成字段。
INFO  [alembic.runtime.migration] Running upgrade 0009_config_center -> 0010_user_cleanup, 清理旧版职责账号并强制既有内容工程师改密。
INFO  [alembic.runtime.migration] Running upgrade 0010_user_cleanup -> 0011_generation_reliability, 增加生成作业补投递诊断字段与到期扫描索引。
INFO  [alembic.runtime.migration] Running upgrade 0011_generation_reliability -> 0012_ai_data_classification, 为生成输入增加显式数据分级与责任人记录。
INFO  [alembic.runtime.migration] Running upgrade 0012_ai_data_classification -> 0013_publication_closure, 增加发布异常待办、修复任务来源和发布平台一致性门禁。
INFO  [alembic.runtime.migration] Running upgrade 0013_publication_closure -> 0014_platform_prompt_ownership, 将当前 Prompt 所有权从平台类型迁移到具体平台。
INFO  [alembic.runtime.migration] Running upgrade 0014_platform_prompt_ownership -> 0015_platform_rule_draft_editing, 允许按修订号编辑平台规则草稿，并继续冻结已激活或退役正文。
INFO  [alembic.runtime.migration] Running upgrade 0015_platform_rule_draft_editing -> 0016_fact_review_cleanup, 允许受约束删除事实版本时清理其从属审核记录。
INFO  [alembic.runtime.migration] Running upgrade 0016_fact_review_cleanup -> 0017_content_humanization, 增加全局自然化 Prompt，并让现有 AI 作业承载自然化修订。
INFO  [alembic.runtime.migration] Running upgrade 0017_content_humanization -> 0018_manual_geo_observation, 增加产品级人工 GEO 观测，并保留旧模型观测历史。
INFO  [alembic.runtime.migration] Running upgrade 0018_manual_geo_observation -> 0019_product_driven_tasks, 允许新内容任务直接围绕产品创建，同时保留历史目标问题关联。
INFO  [alembic.runtime.migration] Running upgrade 0019_product_driven_tasks -> 0020_platform_branding_task_list, 为具体平台增加官网与单一来源 Logo。
INFO  [alembic.runtime.migration] Running upgrade 0020_platform_branding_task_list -> 0021_ai_channel_model_management, 补齐 AI 渠道身份字段与使用统计索引。
INFO  [alembic.runtime.migration] Running upgrade 0021_ai_channel_model_management -> 0022_geo_observation_insights, 补充人工 GEO 逐篇阶段事实与问题主题约束。
INFO  [alembic.runtime.migration] Running upgrade 0022_geo_observation_insights -> 0023_platform_management, 增加具体平台启停状态与管理聚合索引。
INFO  [alembic.runtime.migration] Running upgrade 0023_platform_management -> 0024_audit_outcome, 补齐审计模块、命令结果和安全结果说明。
INFO  [alembic.runtime.migration] Running upgrade 0024_audit_outcome -> 0025_markdown_facts, 将结构化产品事实收敛为 Markdown，并让内容任务直接绑定平台。
INFO  [alembic.runtime.migration] Running upgrade 0025_markdown_facts -> 0026_publication_account_dedup, 补齐发布账号修订约束，并阻止同平台规范化账号标识重复。
INFO  [alembic.runtime.migration] Running upgrade 0026_publication_account_dedup -> 0027_audit_user_delete_guard, 只允许受约束用户删除把匹配审计操作者置空。
INFO  [alembic.runtime.migration] Running upgrade 0027_audit_user_delete_guard -> 0028_platform_logo_lifecycle, 增加平台 Logo 的未引用保留、幂等删除状态与数据库门禁。
INFO  [alembic.runtime.migration] Running upgrade 0028_platform_logo_lifecycle -> 0029_geo_evidence_management, 收敛人工 GEO 独立事实，并为完整更正链删除增加事务门禁。
INFO  [alembic.runtime.migration] Running upgrade 0029_geo_evidence_management -> 0030_publication_record_delete, 为从未公开的发布聚合增加事务级受控删除门禁。
INFO  [alembic.runtime.migration] Running upgrade 0030_publication_record_delete -> 0031_reusable_platform_prompts, 把平台私有 Prompt 收敛为可复用模板和平台当前绑定。
INFO  [alembic.runtime.migration] Running upgrade 0031_reusable_platform_prompts -> 0032_content_task_idempotency, 为普通内容任务创建增加持久化请求键幂等约束。
INFO  [alembic.runtime.migration] Running upgrade 0032_content_task_idempotency -> 0033_task_owned_history_delete, 允许受控删除已取消任务自有的未批准生产历史。
INFO  [alembic.runtime.migration] Running upgrade 0033_task_owned_history_delete -> 0034_publication_redesign, 以发布工作、首次核验成果和发布后内容问题替换旧发布记录。
INFO  [alembic.runtime.migration] Running upgrade 0034_publication_redesign -> 0035_business_workflow, 建立事实提交、内容单主线、发布版本快照与 GEO 来源合同。
INFO  [alembic.runtime.migration] Running upgrade 0035_business_workflow -> 0036_remove_section_url, 删除没有稳定业务含义的发布栏目地址。
INFO  [alembic.runtime.migration] Running upgrade 0036_remove_section_url -> 0037_simplify_deletion_lifecycle, 收缩任务、配置与审计的删除生命周期。
INFO  [alembic.runtime.migration] Running upgrade 0037_simplify_deletion_lifecycle -> 0038_published_article_delete, 允许受控删除无 GEO 引用的发布成果聚合。
INFO  [alembic.runtime.migration] Running upgrade 0038_published_article_delete -> 0039_article_delete_platform, 允许归档任务在删除失效平台的发布成果后转为已取消。
INFO  [alembic.runtime.migration] Running upgrade 0039_article_delete_platform -> 0040_content_draft_management, 允许当前人工未审核草稿受控保存和彻底删除。
INFO  [alembic.runtime.migration] Running upgrade 0040_content_draft_management -> 0041_content_task_list, 补齐内容任务列表的稳定更新时间与排序索引。
INFO  [alembic.runtime.migration] Running upgrade 0041_content_task_list -> 0042_content_version_detail, 记录内容版本自身的真实更新时间。
INFO  [alembic.runtime.migration] Running upgrade 0042_content_version_detail -> 0043_geo_platform_identity, 冻结发布工作的平台 UUID，避免配置删除后 GEO 历史失去身份。
INFO  [alembic.runtime.migration] Running upgrade 0043_geo_platform_identity -> 0044_geo_catalog, 新增 GEO Catalog 三表；冻结本 revision，不读取运行时 ORM。
___ test_read_snapshot_does_not_flush_session_after_same_cookie_write[/{id}] ___

self = <sqlalchemy.engine.base.Connection object at 0xeef86af10e00>
dialect = <sqlalchemy.dialects.postgresql.psycopg.PGDialect_psycopg object at 0xeef879c05550>
context = <sqlalchemy.dialects.postgresql.psycopg.PGExecutionContext_psycopg object at 0xeef86af115e0>
statement = <sqlalchemy.dialects.postgresql.psycopg.PGCompiler_psycopg object at 0xeef878a469c0>
parameters = [{'last_seen_at': datetime.datetime(2026, 10, 2, 8, 4, 11, 14213, tzinfo=datetime.timezone.utc), 'sessions_id': UUID('ea4ad328-5f75-42c6-8149-434c1ff21cd5')}]

    def _exec_single_context(
        self,
        dialect: Dialect,
        context: ExecutionContext,
        statement: Union[str, Compiled],
        parameters: Optional[_AnyMultiExecuteParams],
    ) -> CursorResult[Any]:
        """continue the _execute_context() method for a single DBAPI
        cursor.execute() or cursor.executemany() call.
    
        """
        if dialect.bind_typing is BindTyping.SETINPUTSIZES:
            generic_setinputsizes = context._prepare_set_input_sizes()
    
            if generic_setinputsizes:
                try:
                    dialect.do_set_input_sizes(
                        context.cursor, generic_setinputsizes, context
                    )
                except BaseException as e:
                    self._handle_dbapi_exception(
                        e, str(statement), parameters, None, context
                    )
    
        cursor, str_statement, parameters = (
            context.cursor,
            context.statement,
            context.parameters,
        )
    
        effective_parameters: Optional[_AnyExecuteParams]
    
        if not context.executemany:
            effective_parameters = parameters[0]
        else:
            effective_parameters = parameters
    
        if self._has_events or self.engine._has_events:
            for fn in self.dispatch.before_cursor_execute:
                str_statement, effective_parameters = fn(
                    self,
                    cursor,
                    str_statement,
                    effective_parameters,
                    context,
                    context.executemany,
                )
    
        if self._echo:
            self._log_info(str_statement)
    
            stats = context._get_cache_stats()
    
            if not self.engine.hide_parameters:
                self._log_info(
                    "[%s] %r",
                    stats,
                    sql_util._repr_params(
                        effective_parameters,
                        batches=10,
                        ismulti=context.executemany,
                    ),
                )
            else:
                self._log_info(
                    "[%s] [SQL parameters hidden due to hide_parameters=True]",
                    stats,
                )
    
        evt_handled: bool = False
        try:
            if context.execute_style is ExecuteStyle.EXECUTEMANY:
                effective_parameters = cast(
                    "_CoreMultiExecuteParams", effective_parameters
                )
                if self.dialect._has_events:
                    for fn in self.dialect.dispatch.do_executemany:
                        if fn(
                            cursor,
                            str_statement,
                            effective_parameters,
                            context,
                        ):
                            evt_handled = True
                            break
                if not evt_handled:
                    self.dialect.do_executemany(
                        cursor,
                        str_statement,
                        effective_parameters,
                        context,
                    )
            elif not effective_parameters and context.no_parameters:
                if self.dialect._has_events:
                    for fn in self.dialect.dispatch.do_execute_no_params:
                        if fn(cursor, str_statement, context):
                            evt_handled = True
                            break
                if not evt_handled:
                    self.dialect.do_execute_no_params(
                        cursor, str_statement, context
                    )
            else:
                effective_parameters = cast(
                    "_CoreSingleExecuteParams", effective_parameters
                )
                if self.dialect._has_events:
                    for fn in self.dialect.dispatch.do_execute:
                        if fn(
                            cursor,
                            str_statement,
                            effective_parameters,
                            context,
                        ):
                            evt_handled = True
                            break
                if not evt_handled:
>                   self.dialect.do_execute(
                        cursor, str_statement, effective_parameters, context
                    )

/opt/venv/lib/python3.12/site-packages/sqlalchemy/engine/base.py:1969: 
_ _ _ _ _ _ _ _ _ _ _ _ _ _ _ _ _ _ _ _ _ _ _ _ _ _ _ _ _ _ _ _ _ _ _ _ _ _ _ _ 
/opt/venv/lib/python3.12/site-packages/sqlalchemy/engine/default.py:952: in do_execute
    cursor.execute(statement, parameters)
_ _ _ _ _ _ _ _ _ _ _ _ _ _ _ _ _ _ _ _ _ _ _ _ _ _ _ _ _ _ _ _ _ _ _ _ _ _ _ _ 

self = <psycopg.Cursor [closed] [IDLE] (host=postgres user=partsignal database=partsignal_geo104_dc070c81e2) at 0xeef878059190>
query = 'UPDATE sessions SET last_seen_at=%(last_seen_at)s::TIMESTAMP WITH TIME ZONE WHERE sessions.id = %(sessions_id)s::UUID'
params = {'last_seen_at': datetime.datetime(2026, 10, 2, 8, 4, 11, 14213, tzinfo=datetime.timezone.utc), 'sessions_id': UUID('ea4ad328-5f75-42c6-8149-434c1ff21cd5')}

    def execute(
        self,
        query: Query,
        params: Params | None = None,
        *,
        prepare: bool | None = None,
        binary: bool | None = None,
    ) -> Self:
        """
        Execute a query or command to the database.
        """
        try:
            with self._conn.lock:
                self._conn.wait(
                    self._execute_gen(query, params, prepare=prepare, binary=binary)
                )
        except e._NO_TRACEBACK as ex:
>           raise ex.with_traceback(None)
E           psycopg.errors.SerializationFailure: could not serialize access due to concurrent update

/opt/venv/lib/python3.12/site-packages/psycopg/cursor.py:117: SerializationFailure

The above exception was the direct cause of the following exception:

catalog_api = CatalogAPI(engine=Engine(postgresql+psycopg://partsignal:***@postgres:5432/partsignal_geo104_dc070c81e2), factory=sess...e.testclient.TestClient object at 0xeef879afffb0>, engineer=<starlette.testclient.TestClient object at 0xeef879affc20>)
path = '/{id}'

    @pytest.mark.parametrize("path", ["", "/{id}"])
    def test_read_snapshot_does_not_flush_session_after_same_cookie_write(
        catalog_api: CatalogAPI, path: str
    ) -> None:
        api = catalog_api
        row = api.create()
        paused, release = Event(), Event()
        reader_connection = None
        reader_updates: list[str] = []
    
        def pause_reader(connection, cursor, statement, parameters, context, many):
            nonlocal reader_connection
            if "FROM sessions" in statement and not paused.is_set():
                reader_connection = connection
                paused.set()
                assert release.wait(timeout=10)
    
        def record_updates(connection, cursor, statement, parameters, context, many):
            if connection is reader_connection and statement.lstrip().startswith("UPDATE sessions"):
                reader_updates.append(statement)
    
        event.listen(api.engine, "after_cursor_execute", pause_reader)
        event.listen(api.engine, "before_cursor_execute", record_updates)
        try:
            with ThreadPoolExecutor(max_workers=1) as pool:
                result = pool.submit(api.admin.get, PREFIX + path.format(id=row["id"]))
                try:
                    assert paused.wait(timeout=5)
                    # 使用同一真实 Cookie 的命令提交 last_seen_at，而读取快照已建立。
                    api.create(canonical_name="并发的新对象")
                finally:
                    release.set()
>               response = result.result(timeout=10)
                           ^^^^^^^^^^^^^^^^^^^^^^^^^

tests/integration/test_geo_catalog_read_regressions.py:48: 
_ _ _ _ _ _ _ _ _ _ _ _ _ _ _ _ _ _ _ _ _ _ _ _ _ _ _ _ _ _ _ _ _ _ _ _ _ _ _ _ 
/usr/local/lib/python3.12/concurrent/futures/_base.py:456: in result
    return self.__get_result()
           ^^^^^^^^^^^^^^^^^^^
/usr/local/lib/python3.12/concurrent/futures/_base.py:401: in __get_result
    raise self._exception
/usr/local/lib/python3.12/concurrent/futures/thread.py:59: in run
    result = self.fn(*self.args, **self.kwargs)
             ^^^^^^^^^^^^^^^^^^^^^^^^^^^^^^^^^^
/opt/venv/lib/python3.12/site-packages/starlette/testclient.py:482: in get
    return super().get(
/opt/venv/lib/python3.12/site-packages/httpx2/_client.py:1118: in get
    return self.request(
/opt/venv/lib/python3.12/site-packages/starlette/testclient.py:454: in request
    return super().request(
/opt/venv/lib/python3.12/site-packages/httpx2/_client.py:803: in request
    return self.send(request, auth=auth, follow_redirects=follow_redirects)
           ^^^^^^^^^^^^^^^^^^^^^^^^^^^^^^^^^^^^^^^^^^^^^^^^^^^^^^^^^^^^^^^^
/opt/venv/lib/python3.12/site-packages/httpx2/_client.py:985: in send
    response = self._send_handling_auth(
/opt/venv/lib/python3.12/site-packages/httpx2/_client.py:1013: in _send_handling_auth
    response = self._send_handling_redirects(
/opt/venv/lib/python3.12/site-packages/httpx2/_client.py:1048: in _send_handling_redirects
    response = self._send_single_request(request)
               ^^^^^^^^^^^^^^^^^^^^^^^^^^^^^^^^^^
/opt/venv/lib/python3.12/site-packages/httpx2/_client.py:1081: in _send_single_request
    response = transport.handle_request(request)
               ^^^^^^^^^^^^^^^^^^^^^^^^^^^^^^^^^
/opt/venv/lib/python3.12/site-packages/starlette/testclient.py:356: in handle_request
    raise exc
/opt/venv/lib/python3.12/site-packages/starlette/testclient.py:353: in handle_request
    portal.call(self.app, scope, receive, send)
/opt/venv/lib/python3.12/site-packages/anyio/from_thread.py:338: in call
    return cast(T_Retval, self.start_task_soon(func, *args).result())
                          ^^^^^^^^^^^^^^^^^^^^^^^^^^^^^^^^^^^^^^^^^^
/usr/local/lib/python3.12/concurrent/futures/_base.py:456: in result
    return self.__get_result()
           ^^^^^^^^^^^^^^^^^^^
/usr/local/lib/python3.12/concurrent/futures/_base.py:401: in __get_result
    raise self._exception
/opt/venv/lib/python3.12/site-packages/anyio/from_thread.py:263: in _call_func
    retval = await retval_or_awaitable
             ^^^^^^^^^^^^^^^^^^^^^^^^^
/opt/venv/lib/python3.12/site-packages/fastapi/applications.py:1163: in __call__
    await super().__call__(scope, receive, send)
/opt/venv/lib/python3.12/site-packages/starlette/applications.py:90: in __call__
    await self.middleware_stack(scope, receive, send)
/opt/venv/lib/python3.12/site-packages/starlette/middleware/errors.py:186: in __call__
    raise exc
/opt/venv/lib/python3.12/site-packages/starlette/middleware/errors.py:164: in __call__
    await self.app(scope, receive, _send)
/opt/venv/lib/python3.12/site-packages/starlette/middleware/base.py:193: in __call__
    response = await self.dispatch_func(request, call_next)
               ^^^^^^^^^^^^^^^^^^^^^^^^^^^^^^^^^^^^^^^^^^^^
app/main.py:286: in request_context
    response = await call_next(request)
               ^^^^^^^^^^^^^^^^^^^^^^^^
/opt/venv/lib/python3.12/site-packages/starlette/middleware/base.py:168: in call_next
    raise app_exc from app_exc.__cause__ or app_exc.__context__
/opt/venv/lib/python3.12/site-packages/starlette/middleware/base.py:144: in coro
    await self.app(scope, receive_or_disconnect, send_no_error)
/opt/venv/lib/python3.12/site-packages/starlette/middleware/cors.py:88: in __call__
    await self.app(scope, receive, send)
/opt/venv/lib/python3.12/site-packages/starlette/middleware/exceptions.py:63: in __call__
    await wrap_app_handling_exceptions(self.app, conn)(scope, receive, send)
/opt/venv/lib/python3.12/site-packages/starlette/_exception_handler.py:53: in wrapped_app
    raise exc
/opt/venv/lib/python3.12/site-packages/starlette/_exception_handler.py:42: in wrapped_app
    await app(scope, receive, sender)
/opt/venv/lib/python3.12/site-packages/fastapi/middleware/asyncexitstack.py:18: in __call__
    await self.app(scope, receive, send)
/opt/venv/lib/python3.12/site-packages/starlette/routing.py:660: in __call__
    await self.middleware_stack(scope, receive, send)
/opt/venv/lib/python3.12/site-packages/fastapi/routing.py:2683: in app
    await route.handle(scope, receive, send)
/opt/venv/lib/python3.12/site-packages/fastapi/routing.py:1753: in handle
    await self.original_router.handle(scope, receive, send)
/opt/venv/lib/python3.12/site-packages/fastapi/routing.py:2738: in handle
    await included_router._handle_selected(scope, receive, send)
/opt/venv/lib/python3.12/site-packages/fastapi/routing.py:1773: in _handle_selected
    await original_route.handle(scope, receive, send)
/opt/venv/lib/python3.12/site-packages/fastapi/routing.py:1264: in handle
    await app(scope, receive, send)
/opt/venv/lib/python3.12/site-packages/fastapi/routing.py:150: in app
    await wrap_app_handling_exceptions(app, request)(scope, receive, send)
/opt/venv/lib/python3.12/site-packages/starlette/_exception_handler.py:53: in wrapped_app
    raise exc
/opt/venv/lib/python3.12/site-packages/starlette/_exception_handler.py:42: in wrapped_app
    await app(scope, receive, sender)
/opt/venv/lib/python3.12/site-packages/fastapi/routing.py:136: in app
    response = await f(request)
               ^^^^^^^^^^^^^^^^
/opt/venv/lib/python3.12/site-packages/fastapi/routing.py:690: in app
    raw_response = await run_endpoint_function(
/opt/venv/lib/python3.12/site-packages/fastapi/routing.py:346: in run_endpoint_function
    return await run_in_threadpool(dependant.call, **values)
           ^^^^^^^^^^^^^^^^^^^^^^^^^^^^^^^^^^^^^^^^^^^^^^^^^
/opt/venv/lib/python3.12/site-packages/starlette/concurrency.py:34: in run_in_threadpool
    return await anyio.to_thread.run_sync(func)
           ^^^^^^^^^^^^^^^^^^^^^^^^^^^^^^^^^^^^
/opt/venv/lib/python3.12/site-packages/anyio/to_thread.py:63: in run_sync
    return await get_async_backend().run_sync_in_worker_thread(
/opt/venv/lib/python3.12/site-packages/anyio/_backends/_asyncio.py:2596: in run_sync_in_worker_thread
    return await future
           ^^^^^^^^^^^^
/opt/venv/lib/python3.12/site-packages/anyio/_backends/_asyncio.py:1029: in run
    result = context.run(func, *args)
             ^^^^^^^^^^^^^^^^^^^^^^^^
app/routers/geo_catalog.py:92: in get_subject
    return queries.get_subject(db, subject_id, actor_type=AccountType(user.account_type))
           ^^^^^^^^^^^^^^^^^^^^^^^^^^^^^^^^^^^^^^^^^^^^^^^^^^^^^^^^^^^^^^^^^^^^^^^^^^^^^^
app/services/geo_catalog_queries.py:128: in get_subject
    subject = db.get(GeoSubject, subject_id, populate_existing=True)
              ^^^^^^^^^^^^^^^^^^^^^^^^^^^^^^^^^^^^^^^^^^^^^^^^^^^^^^
/opt/venv/lib/python3.12/site-packages/sqlalchemy/orm/session.py:3702: in get
    return self._get_impl(
/opt/venv/lib/python3.12/site-packages/sqlalchemy/orm/session.py:3881: in _get_impl
    return db_load_fn(
/opt/venv/lib/python3.12/site-packages/sqlalchemy/orm/loading.py:695: in load_on_pk_identity
    session.execute(
/opt/venv/lib/python3.12/site-packages/sqlalchemy/orm/session.py:2373: in execute
    return self._execute_internal(
/opt/venv/lib/python3.12/site-packages/sqlalchemy/orm/session.py:2250: in _execute_internal
    ) = compile_state_cls.orm_pre_session_exec(
/opt/venv/lib/python3.12/site-packages/sqlalchemy/orm/context.py:577: in orm_pre_session_exec
    session._autoflush()
/opt/venv/lib/python3.12/site-packages/sqlalchemy/orm/session.py:3073: in _autoflush
    raise e.with_traceback(sys.exc_info()[2])
/opt/venv/lib/python3.12/site-packages/sqlalchemy/orm/session.py:3062: in _autoflush
    self.flush()
/opt/venv/lib/python3.12/site-packages/sqlalchemy/orm/session.py:4353: in flush
    self._flush(objects)
/opt/venv/lib/python3.12/site-packages/sqlalchemy/orm/session.py:4488: in _flush
    with util.safe_reraise():
         ^^^^^^^^^^^^^^^^^^^
/opt/venv/lib/python3.12/site-packages/sqlalchemy/util/langhelpers.py:122: in __exit__
    raise exc_value.with_traceback(exc_tb)
/opt/venv/lib/python3.12/site-packages/sqlalchemy/orm/session.py:4449: in _flush
    flush_context.execute()
/opt/venv/lib/python3.12/site-packages/sqlalchemy/orm/unitofwork.py:465: in execute
    rec.execute(self)
/opt/venv/lib/python3.12/site-packages/sqlalchemy/orm/unitofwork.py:641: in execute
    util.preloaded.orm_persistence.save_obj(
/opt/venv/lib/python3.12/site-packages/sqlalchemy/orm/persistence.py:86: in save_obj
    _emit_update_statements(
/opt/venv/lib/python3.12/site-packages/sqlalchemy/orm/persistence.py:913: in _emit_update_statements
    c = connection.execute(
/opt/venv/lib/python3.12/site-packages/sqlalchemy/engine/base.py:1421: in execute
    return meth(
/opt/venv/lib/python3.12/site-packages/sqlalchemy/sql/elements.py:526: in _execute_on_connection
    return connection._execute_clauseelement(
/opt/venv/lib/python3.12/site-packages/sqlalchemy/engine/base.py:1643: in _execute_clauseelement
    ret = self._execute_context(
/opt/venv/lib/python3.12/site-packages/sqlalchemy/engine/base.py:1848: in _execute_context
    return self._exec_single_context(
/opt/venv/lib/python3.12/site-packages/sqlalchemy/engine/base.py:1988: in _exec_single_context
    self._handle_dbapi_exception(
/opt/venv/lib/python3.12/site-packages/sqlalchemy/engine/base.py:2365: in _handle_dbapi_exception
    raise sqlalchemy_exception.with_traceback(exc_info[2]) from e
/opt/venv/lib/python3.12/site-packages/sqlalchemy/engine/base.py:1969: in _exec_single_context
    self.dialect.do_execute(
/opt/venv/lib/python3.12/site-packages/sqlalchemy/engine/default.py:952: in do_execute
    cursor.execute(statement, parameters)
_ _ _ _ _ _ _ _ _ _ _ _ _ _ _ _ _ _ _ _ _ _ _ _ _ _ _ _ _ _ _ _ _ _ _ _ _ _ _ _ 

self = <psycopg.Cursor [closed] [IDLE] (host=postgres user=partsignal database=partsignal_geo104_dc070c81e2) at 0xeef878059190>
query = 'UPDATE sessions SET last_seen_at=%(last_seen_at)s::TIMESTAMP WITH TIME ZONE WHERE sessions.id = %(sessions_id)s::UUID'
params = {'last_seen_at': datetime.datetime(2026, 10, 2, 8, 4, 11, 14213, tzinfo=datetime.timezone.utc), 'sessions_id': UUID('ea4ad328-5f75-42c6-8149-434c1ff21cd5')}

    def execute(
        self,
        query: Query,
        params: Params | None = None,
        *,
        prepare: bool | None = None,
        binary: bool | None = None,
    ) -> Self:
        """
        Execute a query or command to the database.
        """
        try:
            with self._conn.lock:
                self._conn.wait(
                    self._execute_gen(query, params, prepare=prepare, binary=binary)
                )
        except e._NO_TRACEBACK as ex:
>           raise ex.with_traceback(None)
E           sqlalchemy.exc.OperationalError: (raised as a result of Query-invoked autoflush; consider using a session.no_autoflush block if this flush is occurring prematurely)
E           (psycopg.errors.SerializationFailure) could not serialize access due to concurrent update
E           [SQL: UPDATE sessions SET last_seen_at=%(last_seen_at)s::TIMESTAMP WITH TIME ZONE WHERE sessions.id = %(sessions_id)s::UUID]
E           [parameters: {'last_seen_at': datetime.datetime(2026, 10, 2, 8, 4, 11, 14213, tzinfo=datetime.timezone.utc), 'sessions_id': UUID('ea4ad328-5f75-42c6-8149-434c1ff21cd5')}]
E           (Background on this error at: https://sqlalche.me/e/20/e3q8)

/opt/venv/lib/python3.12/site-packages/psycopg/cursor.py:117: OperationalError
_ test_own_product_search_uses_current_unicode_identity[part_number-\uff30\uff33-104-A-\uff30\uff33-104-A] _

catalog_api = CatalogAPI(engine=Engine(postgresql+psycopg://partsignal:***@postgres:5432/partsignal_geo104_dc070c81e2), factory=sess...e.testclient.TestClient object at 0xeef879b20800>, engineer=<starlette.testclient.TestClient object at 0xeef8780a1670>)
field = 'part_number', stored = 'ＰＳ-104-A', search = 'ＰＳ-104-A'

    @pytest.mark.parametrize(
        ("field", "stored", "search"),
        [
            ("part_number", "ＰＳ-104-A", "ＰＳ-104-A"),
            ("part_number", "ＰＳ-104-A", "ps-104-a"),
            ("part_number", "Straße-104-A", "strasse-104-a"),
            ("brand", "虚构 Straße", "STRASSE"),
        ],
    )
    def test_own_product_search_uses_current_unicode_identity(
        catalog_api: CatalogAPI, field: str, stored: str, search: str
    ) -> None:
        api = catalog_api
        with api.factory() as db:
            # 列名来自封闭测试参数，值始终绑定；Product 可合法保留全角或展开字符。
            db.execute(
                text(f"UPDATE products SET {field}=:value WHERE id=:id"),
                {"value": stored, "id": api.product_id},
            )
            db.commit()
        response = api.admin.post(
            PREFIX, json={"subject_type": "OWN_PRODUCT", "product_id": str(api.product_id)}
        )
        assert response.status_code == 201
        sid = response.json()["id"]
        result = api.admin.get(PREFIX, params={"q": search}).json()
>       assert result["total"] == 1 and result["items"][0]["id"] == sid
E       assert (0 == 1)

tests/integration/test_geo_catalog_read_regressions.py:87: AssertionError
_ test_own_product_search_uses_current_unicode_identity[part_number-\uff30\uff33-104-A-ps-104-a] _

catalog_api = CatalogAPI(engine=Engine(postgresql+psycopg://partsignal:***@postgres:5432/partsignal_geo104_dc070c81e2), factory=sess...e.testclient.TestClient object at 0xeef86adbef00>, engineer=<starlette.testclient.TestClient object at 0xeef86adbfa70>)
field = 'part_number', stored = 'ＰＳ-104-A', search = 'ps-104-a'

    @pytest.mark.parametrize(
        ("field", "stored", "search"),
        [
            ("part_number", "ＰＳ-104-A", "ＰＳ-104-A"),
            ("part_number", "ＰＳ-104-A", "ps-104-a"),
            ("part_number", "Straße-104-A", "strasse-104-a"),
            ("brand", "虚构 Straße", "STRASSE"),
        ],
    )
    def test_own_product_search_uses_current_unicode_identity(
        catalog_api: CatalogAPI, field: str, stored: str, search: str
    ) -> None:
        api = catalog_api
        with api.factory() as db:
            # 列名来自封闭测试参数，值始终绑定；Product 可合法保留全角或展开字符。
            db.execute(
                text(f"UPDATE products SET {field}=:value WHERE id=:id"),
                {"value": stored, "id": api.product_id},
            )
            db.commit()
        response = api.admin.post(
            PREFIX, json={"subject_type": "OWN_PRODUCT", "product_id": str(api.product_id)}
        )
        assert response.status_code == 201
        sid = response.json()["id"]
        result = api.admin.get(PREFIX, params={"q": search}).json()
>       assert result["total"] == 1 and result["items"][0]["id"] == sid
E       assert (0 == 1)

tests/integration/test_geo_catalog_read_regressions.py:87: AssertionError
_ test_own_product_search_uses_current_unicode_identity[part_number-Stra\xdfe-104-A-strasse-104-a] _

catalog_api = CatalogAPI(engine=Engine(postgresql+psycopg://partsignal:***@postgres:5432/partsignal_geo104_dc070c81e2), factory=sess...e.testclient.TestClient object at 0xeef87813e2d0>, engineer=<starlette.testclient.TestClient object at 0xeef86af11c10>)
field = 'part_number', stored = 'Straße-104-A', search = 'strasse-104-a'

    @pytest.mark.parametrize(
        ("field", "stored", "search"),
        [
            ("part_number", "ＰＳ-104-A", "ＰＳ-104-A"),
            ("part_number", "ＰＳ-104-A", "ps-104-a"),
            ("part_number", "Straße-104-A", "strasse-104-a"),
            ("brand", "虚构 Straße", "STRASSE"),
        ],
    )
    def test_own_product_search_uses_current_unicode_identity(
        catalog_api: CatalogAPI, field: str, stored: str, search: str
    ) -> None:
        api = catalog_api
        with api.factory() as db:
            # 列名来自封闭测试参数，值始终绑定；Product 可合法保留全角或展开字符。
            db.execute(
                text(f"UPDATE products SET {field}=:value WHERE id=:id"),
                {"value": stored, "id": api.product_id},
            )
            db.commit()
        response = api.admin.post(
            PREFIX, json={"subject_type": "OWN_PRODUCT", "product_id": str(api.product_id)}
        )
        assert response.status_code == 201
        sid = response.json()["id"]
        result = api.admin.get(PREFIX, params={"q": search}).json()
>       assert result["total"] == 1 and result["items"][0]["id"] == sid
E       assert (0 == 1)

tests/integration/test_geo_catalog_read_regressions.py:87: AssertionError
_ test_own_product_search_uses_current_unicode_identity[brand-\u865a\u6784 Stra\xdfe-STRASSE] _

catalog_api = CatalogAPI(engine=Engine(postgresql+psycopg://partsignal:***@postgres:5432/partsignal_geo104_dc070c81e2), factory=sess...e.testclient.TestClient object at 0xeef86af11400>, engineer=<starlette.testclient.TestClient object at 0xeef8780fc4d0>)
field = 'brand', stored = '虚构 Straße', search = 'STRASSE'

    @pytest.mark.parametrize(
        ("field", "stored", "search"),
        [
            ("part_number", "ＰＳ-104-A", "ＰＳ-104-A"),
            ("part_number", "ＰＳ-104-A", "ps-104-a"),
            ("part_number", "Straße-104-A", "strasse-104-a"),
            ("brand", "虚构 Straße", "STRASSE"),
        ],
    )
    def test_own_product_search_uses_current_unicode_identity(
        catalog_api: CatalogAPI, field: str, stored: str, search: str
    ) -> None:
        api = catalog_api
        with api.factory() as db:
            # 列名来自封闭测试参数，值始终绑定；Product 可合法保留全角或展开字符。
            db.execute(
                text(f"UPDATE products SET {field}=:value WHERE id=:id"),
                {"value": stored, "id": api.product_id},
            )
            db.commit()
        response = api.admin.post(
            PREFIX, json={"subject_type": "OWN_PRODUCT", "product_id": str(api.product_id)}
        )
        assert response.status_code == 201
        sid = response.json()["id"]
        result = api.admin.get(PREFIX, params={"q": search}).json()
>       assert result["total"] == 1 and result["items"][0]["id"] == sid
E       assert (0 == 1)

tests/integration/test_geo_catalog_read_regressions.py:87: AssertionError
________________ test_display_name_search_uses_same_unicode_key ________________

catalog_api = CatalogAPI(engine=Engine(postgresql+psycopg://partsignal:***@postgres:5432/partsignal_geo104_dc070c81e2), factory=sess...e.testclient.TestClient object at 0xeef8780fdaf0>, engineer=<starlette.testclient.TestClient object at 0xeef879b221e0>)

    def test_display_name_search_uses_same_unicode_key(catalog_api: CatalogAPI) -> None:
        api = catalog_api
        row = api.create(canonical_name="一个不同型号", display_name="虚构 Straße-104")
        result = api.admin.get(PREFIX, params={"q": "ＳＴＲＡＳＳＥ-104"}).json()
>       assert result["total"] == 1 and result["items"][0]["id"] == row["id"]
E       assert (0 == 1)

tests/integration/test_geo_catalog_read_regressions.py:103: AssertionError
=========================== short test summary info ============================
FAILED tests/integration/test_geo_catalog_read_regressions.py::test_read_snapshot_does_not_flush_session_after_same_cookie_write[]
FAILED tests/integration/test_geo_catalog_read_regressions.py::test_read_snapshot_does_not_flush_session_after_same_cookie_write[/{id}]
FAILED tests/integration/test_geo_catalog_read_regressions.py::test_own_product_search_uses_current_unicode_identity[part_number-\uff30\uff33-104-A-\uff30\uff33-104-A]
FAILED tests/integration/test_geo_catalog_read_regressions.py::test_own_product_search_uses_current_unicode_identity[part_number-\uff30\uff33-104-A-ps-104-a]
FAILED tests/integration/test_geo_catalog_read_regressions.py::test_own_product_search_uses_current_unicode_identity[part_number-Stra\xdfe-104-A-strasse-104-a]
FAILED tests/integration/test_geo_catalog_read_regressions.py::test_own_product_search_uses_current_unicode_identity[brand-\u865a\u6784 Stra\xdfe-STRASSE]
FAILED tests/integration/test_geo_catalog_read_regressions.py::test_display_name_search_uses_same_unicode_key
7 failed in 2.12s

