 Image partsignal-geo407-backend-test Building 
#1 [internal] load local bake definitions
#1 reading from stdin 596B done
#1 DONE 0.0s

#2 [internal] load build definition from Dockerfile
#2 transferring dockerfile: 594B done
#2 DONE 0.0s

#3 [internal] load metadata for docker.io/library/python:3.12-slim
#3 ...

#4 [auth] astral-sh/uv:pull token for ghcr.io
#4 DONE 0.0s

#5 [internal] load metadata for ghcr.io/astral-sh/uv:0.7.13
#5 ...

#3 [internal] load metadata for docker.io/library/python:3.12-slim
#3 DONE 1.7s

#5 [internal] load metadata for ghcr.io/astral-sh/uv:0.7.13
#5 DONE 1.8s

#6 [internal] load .dockerignore
#6 transferring context: 152B done
#6 DONE 0.0s

#7 [internal] load build context
#7 DONE 0.0s

#8 FROM ghcr.io/astral-sh/uv:0.7.13@sha256:6c1e19020ec221986a210027040044a5df8de762eb36d5240e382bc41d7a9043
#8 resolve ghcr.io/astral-sh/uv:0.7.13@sha256:6c1e19020ec221986a210027040044a5df8de762eb36d5240e382bc41d7a9043 done
#8 DONE 0.0s

#9 [runtime 1/7] FROM docker.io/library/python:3.12-slim@sha256:dddfd7e07f9d15aeeca61529320492139d21cac7f0070c00609243e51e4e0016
#9 resolve docker.io/library/python:3.12-slim@sha256:dddfd7e07f9d15aeeca61529320492139d21cac7f0070c00609243e51e4e0016
#9 resolve docker.io/library/python:3.12-slim@sha256:dddfd7e07f9d15aeeca61529320492139d21cac7f0070c00609243e51e4e0016 done
#9 DONE 0.0s

#7 [internal] load build context
#7 transferring context: 784.19kB 0.0s done
#7 DONE 0.0s

#10 [runtime 2/7] WORKDIR /app
#10 CACHED

#11 [runtime 3/7] COPY --from=ghcr.io/astral-sh/uv:0.7.13 /uv /uvx /bin/
#11 CACHED

#12 [runtime 4/7] COPY pyproject.toml uv.lock* ./
#12 CACHED

#13 [runtime 5/7] RUN uv sync --no-dev --no-install-project
#13 CACHED

#14 [runtime 6/7] COPY . .
#14 DONE 0.0s

#15 [runtime 7/7] RUN uv sync --no-dev
#15 0.152 Resolved 88 packages in 0.66ms
#15 0.153    Building partsignal-backend @ file:///app
#15 3.428       Built partsignal-backend @ file:///app
#15 3.429 Prepared 1 package in 3.27s
#15 3.431 Installed 1 package in 2ms
#15 3.579 Bytecode compiled 2466 files in 148ms
#15 3.579  + partsignal-backend==0.1.0 (from file:///app)
#15 DONE 3.6s

#16 [test 1/1] RUN uv sync --all-extras
#16 0.063 Resolved 88 packages in 0.35ms
#16 1.047 Downloading pygments (1.2MiB)
#16 1.264 Downloading ruff (10.5MiB)
#16 1.264 Downloading mypy (13.1MiB)
#16 1.604  Downloading pygments
#16 2.531  Downloading ruff
#16 2.800  Downloading mypy
#16 2.801 Prepared 20 packages in 2.73s
#16 2.849 Installed 20 packages in 48ms
#16 3.365 Bytecode compiled 3437 files in 516ms
#16 3.365  + attrs==26.1.0
#16 3.365  + coverage==7.15.0
#16 3.365  + httpcore2==2.9.1
#16 3.365  + httpx2==2.9.1
#16 3.365  + iniconfig==2.3.0
#16 3.365  + jsonschema==4.26.0
#16 3.365  + jsonschema-specifications==2025.9.1
#16 3.365  + librt==0.13.0
#16 3.365  + mypy==1.20.2
#16 3.365  + mypy-extensions==1.1.0
#16 3.365  + pathspec==1.1.1
#16 3.365  + pluggy==1.6.0
#16 3.365  + pygments==2.20.0
#16 3.365  + pytest==8.4.2
#16 3.365  + pytest-cov==6.3.0
#16 3.365  + referencing==0.37.0
#16 3.365  + rpds-py==2026.6.3
#16 3.365  + ruff==0.15.21
#16 3.365  + truststore==0.10.4
#16 3.365  + types-pyyaml==6.0.12.20260518
#16 DONE 3.5s

#17 exporting to image
#17 exporting layers
#17 exporting layers 2.8s done
#17 exporting manifest sha256:ab01e8809cf9bc200e0f1ba1d6fa934f9a56184b6c0d0eb52191c7c0f8cc55c0 done
#17 exporting config sha256:f3835e6655d71eae4bc02b9d81aa030fae69bf38438151b66bdbe274abee8b9c done
#17 exporting attestation manifest sha256:60f2fa6a25a7914b2e20d15f30ad002abe9801516cc102de47923ee24b2734e6 done
#17 exporting manifest list sha256:73f47da810ba690b3961922184d8a4aa8ed2bb9ab73a34e50600a1338cb8fa8b done
#17 naming to docker.io/library/partsignal-geo407-backend-test:latest done
#17 unpacking to docker.io/library/partsignal-geo407-backend-test:latest
#17 unpacking to docker.io/library/partsignal-geo407-backend-test:latest 0.7s done
#17 DONE 3.5s

#18 resolving provenance for metadata file
#18 DONE 0.0s
 Image partsignal-geo407-backend-test Built 
 Network partsignal-geo407_default Creating 
 Network partsignal-geo407_default Created 
 Volume partsignal-geo407_geo407-oss Creating 
 Volume partsignal-geo407_geo407-oss Created 
 Volume partsignal-geo407_geo407-postgres Creating 
 Volume partsignal-geo407_geo407-postgres Created 
 Container partsignal-geo407-fake-oss-1 Creating 
 Container partsignal-geo407-postgres-1 Creating 
 Container partsignal-geo407-redis-1 Creating 
 Container partsignal-geo407-postgres-1 Created 
 Container partsignal-geo407-fake-oss-1 Created 
 Container partsignal-geo407-redis-1 Created 
 Container partsignal-geo407-postgres-1 Starting 
 Container partsignal-geo407-redis-1 Starting 
 Container partsignal-geo407-fake-oss-1 Starting 
 Container partsignal-geo407-fake-oss-1 Started 
 Container partsignal-geo407-postgres-1 Started 
 Container partsignal-geo407-redis-1 Started 
