UV_CACHE_DIR=/Users/sc/PycharmProjects/partsignal/.cache/uv uv run --project backend pytest backend/tests/unit
........................................................................ [  2%]
........................................................................ [  4%]
........................................................................ [  7%]
........................................................................ [  9%]
........................................................................ [ 12%]
........................................................................ [ 14%]
........................................................................ [ 16%]
........................................................................ [ 19%]
........................................................................ [ 21%]
........................................................................ [ 24%]
........................................................................ [ 26%]
........................................................................ [ 28%]
........................................................................ [ 31%]
........................................................................ [ 33%]
........................................................................ [ 36%]
........................................................................ [ 38%]
........................................................................ [ 40%]
........................................................................ [ 43%]
........................................................................ [ 45%]
........................................................................ [ 48%]
........................................................................ [ 50%]
........................................................................ [ 52%]
........................................................................ [ 55%]
........................................................................ [ 57%]
........................................................................ [ 60%]
.........FF..........F.................................................. [ 62%]
........................................................................ [ 64%]
........................................................................ [ 67%]
........................................................................ [ 69%]
........................................................................ [ 72%]
........................................................................ [ 74%]
........................................................................ [ 76%]
........................................................................ [ 79%]
........................................................................ [ 81%]
........................................................................ [ 84%]
........................................................................ [ 86%]
........................................................................ [ 88%]
........................................................................ [ 91%]
........................................................................ [ 93%]
........................................................................ [ 96%]
........................................................................ [ 98%]
...............................................                          [100%]
=================================== FAILURES ===================================
_____________ test_read_components_match_authority[GeoRunListPage] _____________

contract = {'components': {'headers': {'RequestIdResponseHeader': {'required': True, 'schema': {'maxLength': 100, 'minLength': 1,.../components/responses/ErrorResponse'}, '403': {'$ref': '#/components/responses/ErrorResponse'}, ...}, ...}}, ...}, ...}
model = <class 'app.schemas.geo_read_models.GeoRunListPage'>

    @pytest.mark.parametrize(
        "model",
        [read.GeoBatchListPage, read.GeoBatchDetail, read.GeoRunListPage, read.GeoRunDetail],
    )
    def test_read_components_match_authority(contract, model):
        schema = TypeAdapter(model).json_schema(
            ref_template="#/components/schemas/{model}", mode="serialization"
        )
        definitions = schema.pop("$defs", {})
        assert contract["components"]["schemas"][model.__name__] == schema
        for name, value in definitions.items():
>           assert annotations_removed(contract["components"]["schemas"][name]) == annotations_removed(
                value
            )
E           AssertionError: assert {'additionalP...pe': 'object'} == {'additionalP...pe': 'object'}
E             
E             Omitting 3 identical items, use -vv to show
E             Differing items:
E             {'properties': {'answer_snapshot_id': {'anyOf': [{'format': 'uuid', 'type': 'string'}, {'type': 'null'}]}, 'attempt_no...'$ref': '#/components/schemas/GeoRunAction'}, 'type': 'array'}, 'batch_id': {'format': 'uuid', 'type': 'string'}, ...}} != {'properties': {'answer_snapshot_id': {'anyOf': [{'format': 'uuid', 'type': 'string'}, {'type': 'null'}]}, 'attempt_no...'$ref': '#/components/schemas/GeoRunAction'}, 'type': 'array'}, 'batch_id': {'format': 'uuid', 'type': 'string'}, ...}}
E             Use -v to get more diff

backend/tests/unit/test_geo_read_contract.py:25: AssertionError
______________ test_read_components_match_authority[GeoRunDetail] ______________

contract = {'components': {'headers': {'RequestIdResponseHeader': {'required': True, 'schema': {'maxLength': 100, 'minLength': 1,.../components/responses/ErrorResponse'}, '403': {'$ref': '#/components/responses/ErrorResponse'}, ...}, ...}}, ...}, ...}
model = <class 'app.schemas.geo_read_models.GeoRunDetail'>

    @pytest.mark.parametrize(
        "model",
        [read.GeoBatchListPage, read.GeoBatchDetail, read.GeoRunListPage, read.GeoRunDetail],
    )
    def test_read_components_match_authority(contract, model):
        schema = TypeAdapter(model).json_schema(
            ref_template="#/components/schemas/{model}", mode="serialization"
        )
        definitions = schema.pop("$defs", {})
        assert contract["components"]["schemas"][model.__name__] == schema
        for name, value in definitions.items():
>           assert annotations_removed(contract["components"]["schemas"][name]) == annotations_removed(
                value
            )
E           AssertionError: assert {'additionalP...pe': 'object'} == {'additionalP...pe': 'object'}
E             
E             Omitting 3 identical items, use -vv to show
E             Differing items:
E             {'properties': {'answer_snapshot_id': {'anyOf': [{'format': 'uuid', 'type': 'string'}, {'type': 'null'}]}, 'attempt_no...'$ref': '#/components/schemas/GeoRunAction'}, 'type': 'array'}, 'batch_id': {'format': 'uuid', 'type': 'string'}, ...}} != {'properties': {'answer_snapshot_id': {'anyOf': [{'format': 'uuid', 'type': 'string'}, {'type': 'null'}]}, 'attempt_no...'$ref': '#/components/schemas/GeoRunAction'}, 'type': 'array'}, 'batch_id': {'format': 'uuid', 'type': 'string'}, ...}}
E             Use -v to get more diff

backend/tests/unit/test_geo_read_contract.py:25: AssertionError
_________ test_public_components_match_pydantic[GeoObservationRunOut] __________

contract = {'components': {'headers': {'RequestIdResponseHeader': {'required': True, 'schema': {'maxLength': 100, 'minLength': 1,.../components/responses/ErrorResponse'}, '403': {'$ref': '#/components/responses/ErrorResponse'}, ...}, ...}}, ...}, ...}
model = <class 'app.schemas.geo_runs.GeoObservationRunOut'>

    @pytest.mark.parametrize(
        "model",
        [
            schemas.GeoObservationBatchOut,
            schemas.GeoObservationRunOut,
            schemas.GeoRunInputSnapshot,
            schemas.GeoRunCommandErrorCode,
        ],
    )
    def test_public_components_match_pydantic(contract: dict[str, Any], model: type) -> None:
        component = TypeAdapter(model).json_schema(ref_template="#/components/schemas/{model}")
        definitions = component.pop("$defs", {})
>       assert contract["components"]["schemas"][model.__name__] == component
E       AssertionError: assert {'additionalP...x', ...], ...} == {'additionalP...x', ...], ...}
E         
E         Omitting 5 identical items, use -vv to show
E         Differing items:
E         {'properties': {'attempt_no': {'minimum': 1, 'title': 'Attempt No', 'type': 'integer'}, 'batch_id': {'format': 'uuid',...'Collected At'}, 'collection_profile_id': {'format': 'uuid', 'title': 'Collection Profile Id', 'type': 'string'}, ...}} != {'properties': {'attempt_no': {'minimum': 1, 'title': 'Attempt No', 'type': 'integer'}, 'batch_id': {'format': 'uuid',...'Collected At'}, 'collection_profile_id': {'format': 'uuid', 'title': 'Collection Profile Id', 'type': 'string'}, ...}}
E         Use -v to get more diff

backend/tests/unit/test_geo_run_contract.py:121: AssertionError
=========================== short test summary info ============================
FAILED backend/tests/unit/test_geo_read_contract.py::test_read_components_match_authority[GeoRunListPage]
FAILED backend/tests/unit/test_geo_read_contract.py::test_read_components_match_authority[GeoRunDetail]
FAILED backend/tests/unit/test_geo_run_contract.py::test_public_components_match_pydantic[GeoObservationRunOut]
3 failed, 2996 passed in 41.52s
make: *** [test-unit] Error 1
