 Image partsignal-geo508-backend-test Building 
#1 [internal] load local bake definitions
#1 reading from stdin 607B done
#1 DONE 0.0s

#2 [internal] load build definition from Dockerfile
#2 transferring dockerfile: 594B done
#2 DONE 0.0s

#3 [internal] load metadata for ghcr.io/astral-sh/uv:0.7.13
#3 ...

#4 [auth] astral-sh/uv:pull token for ghcr.io
#4 DONE 0.0s

#5 [internal] load metadata for docker.io/library/python:3.12-slim
#5 DONE 1.7s

#3 [internal] load metadata for ghcr.io/astral-sh/uv:0.7.13
#3 DONE 2.0s

#6 [internal] load .dockerignore
#6 transferring context: 152B done
#6 DONE 0.0s

#7 FROM ghcr.io/astral-sh/uv:0.7.13@sha256:6c1e19020ec221986a210027040044a5df8de762eb36d5240e382bc41d7a9043
#7 resolve ghcr.io/astral-sh/uv:0.7.13@sha256:6c1e19020ec221986a210027040044a5df8de762eb36d5240e382bc41d7a9043 0.0s done
#7 DONE 0.0s

#8 [runtime 1/7] FROM docker.io/library/python:3.12-slim@sha256:dddfd7e07f9d15aeeca61529320492139d21cac7f0070c00609243e51e4e0016
#8 resolve docker.io/library/python:3.12-slim@sha256:dddfd7e07f9d15aeeca61529320492139d21cac7f0070c00609243e51e4e0016 0.0s done
#8 DONE 0.0s

#9 [internal] load build context
#9 transferring context: 1.91MB 0.0s done
#9 DONE 0.0s

#10 [runtime 3/7] COPY --from=ghcr.io/astral-sh/uv:0.7.13 /uv /uvx /bin/
#10 CACHED

#11 [runtime 4/7] COPY pyproject.toml uv.lock* ./
#11 CACHED

#12 [runtime 2/7] WORKDIR /app
#12 CACHED

#13 [runtime 5/7] RUN uv sync --no-dev --no-install-project
#13 CACHED

#14 [runtime 6/7] COPY . .
#14 DONE 0.1s

#15 [runtime 7/7] RUN uv sync --no-dev
#15 0.142 Resolved 88 packages in 0.78ms
#15 0.143    Building partsignal-backend @ file:///app
#15 3.387       Built partsignal-backend @ file:///app
#15 3.387 Prepared 1 package in 3.24s
#15 3.391 Installed 1 package in 3ms
#15 3.548 Bytecode compiled 2466 files in 157ms
#15 3.549  + partsignal-backend==0.1.0 (from file:///app)
#15 DONE 3.6s

#16 [test 1/1] RUN uv sync --all-extras
#16 0.073 Resolved 88 packages in 0.47ms
#16 1.245 Downloading pygments (1.2MiB)
#16 1.327 Downloading mypy (13.1MiB)
#16 1.350 Downloading ruff (10.5MiB)
#16 1.637  Downloading pygments
#16 2.514  Downloading ruff
#16 2.832  Downloading mypy
#16 2.832 Prepared 20 packages in 2.75s
#16 2.895 Installed 20 packages in 63ms
#16 3.427 Bytecode compiled 3437 files in 531ms
#16 3.427  + attrs==26.1.0
#16 3.427  + coverage==7.15.0
#16 3.427  + httpcore2==2.9.1
#16 3.427  + httpx2==2.9.1
#16 3.427  + iniconfig==2.3.0
#16 3.427  + jsonschema==4.26.0
#16 3.427  + jsonschema-specifications==2025.9.1
#16 3.427  + librt==0.13.0
#16 3.427  + mypy==1.20.2
#16 3.427  + mypy-extensions==1.1.0
#16 3.427  + pathspec==1.1.1
#16 3.427  + pluggy==1.6.0
#16 3.427  + pygments==2.20.0
#16 3.427  + pytest==8.4.2
#16 3.427  + pytest-cov==6.3.0
#16 3.427  + referencing==0.37.0
#16 3.427  + rpds-py==2026.6.3
#16 3.427  + ruff==0.15.21
#16 3.427  + truststore==0.10.4
#16 3.427  + types-pyyaml==6.0.12.20260518
#16 DONE 3.5s

#17 exporting to image
#17 exporting layers
#17 exporting layers 2.8s done
#17 exporting manifest sha256:7bac253c98a4ba3d506ae40da6008a0da43fc81f41f7ef182513e6ee1bedf84e done
#17 exporting config sha256:14652cf86a9def80db54f2efea092f68a5ade4128dbfddde0f5fb17e1ffb3c1b done
#17 exporting attestation manifest sha256:a031b960a692d1fe7f3ec23f6a0dfbda63a13f43ae3db61d936ed20bda4a9fa4 done
#17 exporting manifest list sha256:81677baa619d0728b8b2cdfbdbe2b01f9381cac64cab66ba79b28b98c12f4d39 done
#17 naming to docker.io/library/partsignal-geo508-backend-test:latest done
#17 unpacking to docker.io/library/partsignal-geo508-backend-test:latest
#17 unpacking to docker.io/library/partsignal-geo508-backend-test:latest 0.7s done
#17 DONE 3.5s

#18 resolving provenance for metadata file
#18 DONE 0.0s
 Image partsignal-geo508-backend-test Built 
 Network partsignal-geo508-validation_default Creating 
 Network partsignal-geo508-validation_default Created 
 Volume partsignal-geo508-validation_geo508-oss Creating 
 Volume partsignal-geo508-validation_geo508-oss Created 
 Volume partsignal-geo508-validation_geo508-postgres Creating 
 Volume partsignal-geo508-validation_geo508-postgres Created 
 Container partsignal-geo508-validation-redis-1 Creating 
 Container partsignal-geo508-validation-fake-oss-1 Creating 
 Container partsignal-geo508-validation-postgres-1 Creating 
 Container partsignal-geo508-validation-postgres-1 Created 
 Container partsignal-geo508-validation-fake-oss-1 Created 
 Container partsignal-geo508-validation-redis-1 Created 
 Container partsignal-geo508-validation-redis-1 Starting 
 Container partsignal-geo508-validation-postgres-1 Starting 
 Container partsignal-geo508-validation-fake-oss-1 Starting 
 Container partsignal-geo508-validation-postgres-1 Started 
 Container partsignal-geo508-validation-redis-1 Started 
 Container partsignal-geo508-validation-fake-oss-1 Started 
