UV_CACHE_DIR=/Users/sc/PycharmProjects/partsignal/.cache/uv uv run --project backend ruff check backend
All checks passed!
npm --prefix frontend run lint

> partsignal-frontend-v2@0.1.0 lint
> eslint . --max-warnings 0

UV_CACHE_DIR=/Users/sc/PycharmProjects/partsignal/.cache/uv uv run --project backend mypy --config-file backend/pyproject.toml backend/app
Success: no issues found in 177 source files
npm --prefix frontend run typecheck

> partsignal-frontend-v2@0.1.0 typecheck
> tsc -b --pretty false

UV_CACHE_DIR=/Users/sc/PycharmProjects/partsignal/.cache/uv uv run --project backend pytest backend/tests/unit
........................................................................ [  2%]
........................................................................ [  4%]
........................................................................ [  6%]
........................................................................ [  8%]
........................................................................ [ 10%]
........................................................................ [ 12%]
........................................................................ [ 15%]
........................................................................ [ 17%]
........................................................................ [ 19%]
........................................................................ [ 21%]
........................................................................ [ 23%]
........................................................................ [ 25%]
........................................................................ [ 28%]
........................................................................ [ 30%]
........................................................................ [ 32%]
........................................................................ [ 34%]
........................................................................ [ 36%]
........................................................................ [ 38%]
........................................................................ [ 40%]
........................................................................ [ 43%]
........................................................................ [ 45%]
........................................................................ [ 47%]
........................................................................ [ 49%]
........................................................................ [ 51%]
........................................................................ [ 53%]
........................................................................ [ 56%]
........................................................................ [ 58%]
........................................................................ [ 60%]
........................................................................ [ 62%]
........................................................................ [ 64%]
........................................................................ [ 66%]
........................................................................ [ 68%]
........................................................................ [ 71%]
........................................................................ [ 73%]
........................................................................ [ 75%]
........................................................................ [ 77%]
........................................................................ [ 79%]
........................................................................ [ 81%]
........................................................................ [ 84%]
........................................................................ [ 86%]
........................................................................ [ 88%]
........................................................................ [ 90%]
........................................................................ [ 92%]
........................................................................ [ 94%]
........................................................................ [ 96%]
........................................................................ [ 99%]
.............................                                            [100%]
3341 passed in 47.44s
npm --prefix frontend run test

> partsignal-frontend-v2@0.1.0 test
> vitest run


 RUN  v4.1.10 /Users/sc/PycharmProjects/partsignal/frontend


 Test Files  124 passed (124)
      Tests  1170 passed (1170)
   Start at  22:11:04
   Duration  25.99s (transform 10.16s, setup 9.41s, import 39.58s, tests 125.84s, environment 45.88s)

docker build -f backend/Dockerfile -t partsignal-backend:test backend
#0 building with "colima" instance using docker driver

#1 [internal] load build definition from Dockerfile
#1 transferring dockerfile: 594B done
#1 DONE 0.0s

#2 [internal] load metadata for docker.io/library/python:3.12-slim
#2 ...

#3 [auth] astral-sh/uv:pull token for ghcr.io
#3 DONE 0.0s

#4 [internal] load metadata for ghcr.io/astral-sh/uv:0.7.13
#4 ...

#2 [internal] load metadata for docker.io/library/python:3.12-slim
#2 DONE 1.7s

#4 [internal] load metadata for ghcr.io/astral-sh/uv:0.7.13
#4 DONE 1.9s

#5 [internal] load .dockerignore
#5 transferring context: 152B done
#5 DONE 0.0s

#6 [runtime 1/7] FROM docker.io/library/python:3.12-slim@sha256:dddfd7e07f9d15aeeca61529320492139d21cac7f0070c00609243e51e4e0016
#6 resolve docker.io/library/python:3.12-slim@sha256:dddfd7e07f9d15aeeca61529320492139d21cac7f0070c00609243e51e4e0016 0.0s done
#6 DONE 0.0s

#7 FROM ghcr.io/astral-sh/uv:0.7.13@sha256:6c1e19020ec221986a210027040044a5df8de762eb36d5240e382bc41d7a9043
#7 resolve ghcr.io/astral-sh/uv:0.7.13@sha256:6c1e19020ec221986a210027040044a5df8de762eb36d5240e382bc41d7a9043 0.0s done
#7 DONE 0.0s

#8 [internal] load build context
#8 transferring context: 102.12kB 0.0s done
#8 DONE 0.0s

#9 [runtime 2/7] WORKDIR /app
#9 CACHED

#10 [runtime 4/7] COPY pyproject.toml uv.lock* ./
#10 CACHED

#11 [runtime 3/7] COPY --from=ghcr.io/astral-sh/uv:0.7.13 /uv /uvx /bin/
#11 CACHED

#12 [runtime 5/7] RUN uv sync --no-dev --no-install-project
#12 CACHED

#13 [runtime 6/7] COPY . .
#13 DONE 0.1s

#14 [runtime 7/7] RUN uv sync --no-dev
#14 0.143 Resolved 88 packages in 0.78ms
#14 0.144    Building partsignal-backend @ file:///app
#14 3.414       Built partsignal-backend @ file:///app
#14 3.414 Prepared 1 package in 3.27s
#14 3.417 Installed 1 package in 2ms
#14 3.538 Bytecode compiled 2466 files in 121ms
#14 3.538  + partsignal-backend==0.1.0 (from file:///app)
#14 DONE 3.6s

#15 exporting to image
#15 exporting layers
#15 exporting layers 0.3s done
#15 exporting manifest sha256:4b0a5844898cbc51f4b47335bc135632cd141d0271cd70a049b2f90a60bb0738 done
#15 exporting config sha256:815bbbfca87e9a15c9bb42140a38bc0378285698073715c51153841717dec559 done
#15 exporting attestation manifest sha256:53a89f03761b2f71d33b8f99c442227552a52cebfe3c1f7a84e5dbbe6e6fed57 done
#15 exporting manifest list sha256:49e1229ceebbe0cffa415be0dac6fdcc90ffea558272d61625045fc343ce7206 done
#15 naming to docker.io/library/partsignal-backend:test done
#15 unpacking to docker.io/library/partsignal-backend:test 0.1s done
#15 DONE 0.3s
deploy/scripts/test-frontend-container.sh
canonical Frontend 容器 fallback、缓存和 source map 自检通过
UV_CACHE_DIR=/Users/sc/PycharmProjects/partsignal/.cache/uv uv run --project backend python deploy/scripts/test-geo-collector-contract.py
........................................................................ [ 37%]
........................................................................ [ 74%]
..................................................                       [100%]
194 passed in 10.33s
GEO_CONTRACT_RESULT tests=0 secret_scan=0 external_network=blocked
UV_CACHE_DIR=/Users/sc/PycharmProjects/partsignal/.cache/uv uv run --project backend python deploy/scripts/check-geo-fixtures.py
GEO fixture v1 校验通过：{'products': 2, 'questions': 4, 'answers': 13, 'citations': 4}；金标=13；外部调用=0
GEO-502 提及金标 v1 校验通过：场景=28；外部调用=0
GEO-503 推荐金标 v1 校验通过：场景=63；外部调用=0
GEO-505 声明金标 v1 校验通过：场景=47；外部调用=0
UV_CACHE_DIR=/Users/sc/PycharmProjects/partsignal/.cache/uv uv run --project backend python deploy/scripts/test-geo-configuration.py
GEO Compose/Settings/API/Worker/Beat：18 组配置一致，启动外部调用为 0
deploy/scripts/test-e2e-run-lifecycle.sh
E2E_LIFECYCLE_CASE name=int-scan-fails status=begin
E2E_LIFECYCLE_CASE name=int-scan-fails status=passed
E2E_LIFECYCLE_CASE name=term-clean status=begin
E2E_LIFECYCLE_CASE name=term-clean status=passed
E2E_LIFECYCLE_CASE name=playwright-wins status=begin
E2E_LIFECYCLE_CASE name=playwright-wins status=passed
E2E_LIFECYCLE_CASE name=scan-wins status=begin
E2E_LIFECYCLE_CASE name=scan-wins status=passed
E2E_LIFECYCLE_CASE name=cleanup-wins status=begin
E2E_LIFECYCLE_CASE name=cleanup-wins status=passed
E2E_LIFECYCLE_CASE name=stubborn-escalates status=begin
E2E_LIFECYCLE_CASE name=stubborn-escalates status=passed
E2E_LIFECYCLE_TEST status=passed
deploy/scripts/test-e2e-database-lifecycle.sh
E2E_DATABASE_LIFECYCLE_TEST scenarios=5 status=passed
frontend/tests/helpers/test-secret-artifact-post-run.sh
E2E_POST_RUN_SECRET_TEST status=passed
deploy/scripts/test-deploy-staging.sh
canonical Frontend Nginx 安全头、Markdown、HTML 与 DOM sink 校验通过
Preview env preparation: 2 positive / 6 negative; automatic secrets, no overwrite/output, staging boundary passed
Staging archive env allowlist: 3 public templates allowed / 6 private-or-unknown entries rejected
预发布 full/fast 与 Production canonical Frontend 边界自检通过
deploy/scripts/test-deploy-production-cleanup.sh
Production harness canonical TMPDIR 与 cleanup 生命周期回归检查通过
deploy/scripts/test-deploy-production.sh
canonical Frontend Nginx 安全头、Markdown、HTML 与 DOM sink 校验通过
Production network identity static: 3 networks / 7 services passed
Engine existing-label reuse: api passed
Engine existing-label reuse: migrate passed
Engine existing-label reuse: postgres passed
Engine existing-label reuse: redis passed
Engine existing-label reuse: worker passed
Engine existing-label reuse: scheduler passed
Engine existing-label reuse: frontend passed
Engine old-label rejection: partsignal-staging-internal passed
Engine old-label rejection: partsignal-staging-egress passed
Engine old-label rejection: partsignal-staging-edge passed
Production Engine network compatibility: 7 positive / 3 negative; containers=0 networks=0
Production input readiness: 2 positive / 37 negative; substitution rejected before deployment; secrets not echoed
deploy/activate/rollback identity: 3 paths / 8 local operations / manifest-first passed
Production V2 编排、两阶段激活、可续跑数据状态机与候选清单合同自检通过
docker compose -p partsignal-geo508-validation -f .trellis/tasks/10-03-geo-508-analysis-review-ui/evidence/validation-compose.yaml config --quiet
PARTSIGNAL_BACKEND_IMAGE=partsignal-backend PARTSIGNAL_FRONTEND_IMAGE=partsignal-frontend-v2 PARTSIGNAL_VERSION=test PARTSIGNAL_RUNTIME_ENV_FILE=/Users/sc/PycharmProjects/partsignal/.env PARTSIGNAL_DATA_ROOT=/Users/sc/PycharmProjects/partsignal/data docker compose --env-file .env -f deploy/compose.prod.yaml config --quiet
