E2E_SECRET_REGISTRATION status=ready
INFO  [alembic.runtime.migration] Context impl PostgresqlImpl.
INFO  [alembic.runtime.migration] Will assume transactional DDL.
INFO  [alembic.runtime.migration] Running upgrade  -> 0001_identity_audit, 创建身份、会话和审计表。
INFO  [alembic.runtime.migration] Running upgrade 0001_identity_audit -> 0002_product_facts, 创建规范化产品事实和不可变事实版本。
INFO  [alembic.runtime.migration] Running upgrade 0002_product_facts -> 0003_content_planning, 创建目标问题、平台规则版本和内容任务。
INFO  [alembic.runtime.migration] Running upgrade 0003_content_planning -> 0004_content_production, 创建 PostgreSQL 权威生成作业和不可变 Markdown 内容版本。
INFO  [alembic.runtime.migration] Running upgrade 0004_content_production -> 0005_content_review, 创建追加式内容审核记录。
INFO  [alembic.runtime.migration] Running upgrade 0005_content_review -> 0006_publication, 创建平台账号、人工发布记录和状态事件。
INFO  [alembic.runtime.migration] Running upgrade 0006_publication -> 0007_geo_observation, 创建追加式 GEO 观测及引用关联。
INFO  [alembic.runtime.migration] Running upgrade 0007_geo_observation -> 0008_files, 创建文件生命周期、附件关联并补加证据文件外键。
INFO  [alembic.runtime.migration] Running upgrade 0008_files -> 0009_config_center, 迁移账号类型、配置中心与真实 AI 生成字段。
INFO  [alembic.runtime.migration] Running upgrade 0009_config_center -> 0010_user_cleanup, 清理旧版职责账号并强制既有内容工程师改密。
INFO  [alembic.runtime.migration] Running upgrade 0010_user_cleanup -> 0011_generation_reliability, 增加生成作业补投递诊断字段与到期扫描索引。
INFO  [alembic.runtime.migration] Running upgrade 0011_generation_reliability -> 0012_ai_data_classification, 为生成输入增加显式数据分级与责任人记录。
INFO  [alembic.runtime.migration] Running upgrade 0012_ai_data_classification -> 0013_publication_closure, 增加发布异常待办、修复任务来源和发布平台一致性门禁。
INFO  [alembic.runtime.migration] Running upgrade 0013_publication_closure -> 0014_platform_prompt_ownership, 将当前 Prompt 所有权从平台类型迁移到具体平台。
INFO  [alembic.runtime.migration] Running upgrade 0014_platform_prompt_ownership -> 0015_platform_rule_draft_editing, 允许按修订号编辑平台规则草稿，并继续冻结已激活或退役正文。
INFO  [alembic.runtime.migration] Running upgrade 0015_platform_rule_draft_editing -> 0016_fact_review_cleanup, 允许受约束删除事实版本时清理其从属审核记录。
INFO  [alembic.runtime.migration] Running upgrade 0016_fact_review_cleanup -> 0017_content_humanization, 增加全局自然化 Prompt，并让现有 AI 作业承载自然化修订。
INFO  [alembic.runtime.migration] Running upgrade 0017_content_humanization -> 0018_manual_geo_observation, 增加产品级人工 GEO 观测，并保留旧模型观测历史。
INFO  [alembic.runtime.migration] Running upgrade 0018_manual_geo_observation -> 0019_product_driven_tasks, 允许新内容任务直接围绕产品创建，同时保留历史目标问题关联。
INFO  [alembic.runtime.migration] Running upgrade 0019_product_driven_tasks -> 0020_platform_branding_task_list, 为具体平台增加官网与单一来源 Logo。
INFO  [alembic.runtime.migration] Running upgrade 0020_platform_branding_task_list -> 0021_ai_channel_model_management, 补齐 AI 渠道身份字段与使用统计索引。
INFO  [alembic.runtime.migration] Running upgrade 0021_ai_channel_model_management -> 0022_geo_observation_insights, 补充人工 GEO 逐篇阶段事实与问题主题约束。
INFO  [alembic.runtime.migration] Running upgrade 0022_geo_observation_insights -> 0023_platform_management, 增加具体平台启停状态与管理聚合索引。
INFO  [alembic.runtime.migration] Running upgrade 0023_platform_management -> 0024_audit_outcome, 补齐审计模块、命令结果和安全结果说明。
INFO  [alembic.runtime.migration] Running upgrade 0024_audit_outcome -> 0025_markdown_facts, 将结构化产品事实收敛为 Markdown，并让内容任务直接绑定平台。
INFO  [alembic.runtime.migration] Running upgrade 0025_markdown_facts -> 0026_publication_account_dedup, 补齐发布账号修订约束，并阻止同平台规范化账号标识重复。
INFO  [alembic.runtime.migration] Running upgrade 0026_publication_account_dedup -> 0027_audit_user_delete_guard, 只允许受约束用户删除把匹配审计操作者置空。
INFO  [alembic.runtime.migration] Running upgrade 0027_audit_user_delete_guard -> 0028_platform_logo_lifecycle, 增加平台 Logo 的未引用保留、幂等删除状态与数据库门禁。
INFO  [alembic.runtime.migration] Running upgrade 0028_platform_logo_lifecycle -> 0029_geo_evidence_management, 收敛人工 GEO 独立事实，并为完整更正链删除增加事务门禁。
INFO  [alembic.runtime.migration] Running upgrade 0029_geo_evidence_management -> 0030_publication_record_delete, 为从未公开的发布聚合增加事务级受控删除门禁。
INFO  [alembic.runtime.migration] Running upgrade 0030_publication_record_delete -> 0031_reusable_platform_prompts, 把平台私有 Prompt 收敛为可复用模板和平台当前绑定。
INFO  [alembic.runtime.migration] Running upgrade 0031_reusable_platform_prompts -> 0032_content_task_idempotency, 为普通内容任务创建增加持久化请求键幂等约束。
INFO  [alembic.runtime.migration] Running upgrade 0032_content_task_idempotency -> 0033_task_owned_history_delete, 允许受控删除已取消任务自有的未批准生产历史。
INFO  [alembic.runtime.migration] Running upgrade 0033_task_owned_history_delete -> 0034_publication_redesign, 以发布工作、首次核验成果和发布后内容问题替换旧发布记录。
INFO  [alembic.runtime.migration] Running upgrade 0034_publication_redesign -> 0035_business_workflow, 建立事实提交、内容单主线、发布版本快照与 GEO 来源合同。
INFO  [alembic.runtime.migration] Running upgrade 0035_business_workflow -> 0036_remove_section_url, 删除没有稳定业务含义的发布栏目地址。
INFO  [alembic.runtime.migration] Running upgrade 0036_remove_section_url -> 0037_simplify_deletion_lifecycle, 收缩任务、配置与审计的删除生命周期。
INFO  [alembic.runtime.migration] Running upgrade 0037_simplify_deletion_lifecycle -> 0038_published_article_delete, 允许受控删除无 GEO 引用的发布成果聚合。
INFO  [alembic.runtime.migration] Running upgrade 0038_published_article_delete -> 0039_article_delete_platform, 允许归档任务在删除失效平台的发布成果后转为已取消。
INFO  [alembic.runtime.migration] Running upgrade 0039_article_delete_platform -> 0040_content_draft_management, 允许当前人工未审核草稿受控保存和彻底删除。
INFO  [alembic.runtime.migration] Running upgrade 0040_content_draft_management -> 0041_content_task_list, 补齐内容任务列表的稳定更新时间与排序索引。
INFO  [alembic.runtime.migration] Running upgrade 0041_content_task_list -> 0042_content_version_detail, 记录内容版本自身的真实更新时间。
INFO  [alembic.runtime.migration] Running upgrade 0042_content_version_detail -> 0043_geo_platform_identity, 冻结发布工作的平台 UUID，避免配置删除后 GEO 历史失去身份。
INFO  [alembic.runtime.migration] Running upgrade 0043_geo_platform_identity -> 0044_geo_catalog, 新增 GEO Catalog 三表；冻结本 revision，不读取运行时 ORM。
INFO  [alembic.runtime.migration] Running upgrade 0044_geo_catalog -> 0045_geo_prompt_variants, 仅新增问题变体，冻结规范化及历史锁存，不回填旧问题数组。
INFO  [alembic.runtime.migration] Running upgrade 0045_geo_prompt_variants -> 0046_geo_surfaces_profiles, 新增观测配置与闭合JSON合同；不回填旧GEO或实现运行资格。
INFO  [alembic.runtime.migration] Running upgrade 0046_geo_surfaces_profiles -> 0047_geo_monitoring_plans, 仅增加计划配置聚合；不创建批次、运行或改写历史观测。
INFO  [alembic.runtime.migration] Running upgrade 0047_geo_monitoring_plans -> 0048_geo_batches_runs, 新增独立回答级 Batch/Run，冻结 DDL 与快照/写入守卫，不迁移旧 GEO。
INFO  [alembic.runtime.migration] Running upgrade 0048_geo_batches_runs -> 0049_geo_batch_creation, 创建幂等与批次主体引用；不修改已冻结的 Batch/Run 输入。
INFO  [alembic.runtime.migration] Running upgrade 0049_geo_batch_creation -> 0050_geo_answer_evidence, 新增不可变原始回答、引用和受控文件关系；不实现采集命令。
INFO  [alembic.runtime.migration] Running upgrade 0050_geo_answer_evidence -> 0051_geo_manual_collection, 人工草稿和不可变提交身份；不回填或修改已提交证据。
INFO  [alembic.runtime.migration] Running upgrade 0051_geo_manual_collection -> 0052_geo_profile_tests, API Profile 当前诊断资格与依赖失效；不修改业务历史。
INFO  [alembic.runtime.migration] Running upgrade 0052_geo_profile_tests -> 0053_geo_collection_admission, 加法保存预算预留与发送限速事实，历史 Run 和原始证据保持不变。
INFO  [alembic.runtime.migration] Running upgrade 0053_geo_collection_admission -> 0054_geo_analysis_contract, 分析输入/结果、追加复核与限定 current pointer；不回填历史证据。
INFO  [alembic.runtime.migration] Running upgrade 0054_geo_analysis_contract -> 0055_geo_analysis_worker, 分析执行租约与引用结果；不回填或重写已有 revision。
INFO  [alembic.runtime.migration] Running upgrade 0055_geo_analysis_worker -> 0056_geo_run_review, 受控人工复核发布；历史机器结果与Review不回填、不改写。

> partsignal-frontend-v2@0.1.0 build
> tsc -b && vite build --config vite.config.ts

vite v8.2.1 building client environment for production...
[2Ktransforming...✓ 2958 modules transformed.
rendering chunks...
computing gzip size...
dist/index.html                                                    0.57 kB │ gzip:   0.34 kB
dist/assets/index-DxJyKdCd.css                                    81.61 kB │ gzip:  14.14 kB
dist/assets/queryOptions-Dfvzj6n2.js                               0.03 kB │ gzip:   0.05 kB
dist/assets/route-3YAM3tuL.js                                      0.07 kB │ gzip:   0.08 kB
dist/assets/route-B2aZ3QBi.js                                      0.07 kB │ gzip:   0.08 kB
dist/assets/route-B41ZhOLB.js                                      0.07 kB │ gzip:   0.08 kB
dist/assets/route-BQmWoCus.js                                      0.07 kB │ gzip:   0.08 kB
dist/assets/route-C5cBrTK3.js                                      0.07 kB │ gzip:   0.08 kB
dist/assets/route-COvhN9v6.js                                      0.07 kB │ gzip:   0.08 kB
dist/assets/route-CW62_yWg.js                                      0.07 kB │ gzip:   0.08 kB
dist/assets/route-DEzmN659.js                                      0.07 kB │ gzip:   0.08 kB
dist/assets/route-DQwB-ZOv.js                                      0.07 kB │ gzip:   0.08 kB
dist/assets/route-DYSd7FA3.js                                      0.07 kB │ gzip:   0.08 kB
dist/assets/route-DoTyqfYj.js                                      0.07 kB │ gzip:   0.08 kB
dist/assets/route-DrPtIM3S.js                                      0.07 kB │ gzip:   0.08 kB
dist/assets/route-DsXtGSAg.js                                      0.07 kB │ gzip:   0.08 kB
dist/assets/route-TEQwWL7Y.js                                      0.07 kB │ gzip:   0.08 kB
dist/assets/coerce-kNW1VEY4.js                                     0.08 kB │ gzip:   0.10 kB
dist/assets/isElementDisabled-KSuuBj8D.js                          0.11 kB │ gzip:   0.11 kB
dist/assets/chevron-right-MXS3Mb1L.js                              0.13 kB │ gzip:   0.14 kB
dist/assets/canonical-uuid-Jf4e0G5f.js                             0.13 kB │ gzip:   0.13 kB
dist/assets/settings.ai-CipVaq6G.js                                0.21 kB │ gzip:   0.20 kB
dist/assets/_taskId_.editor-_qjLAkbp.js                            0.22 kB │ gzip:   0.20 kB
dist/assets/_taskId_.review-zeX8OAEE.js                            0.22 kB │ gzip:   0.20 kB
dist/assets/route-DFljbmbX.js                                      0.22 kB │ gzip:   0.20 kB
dist/assets/system.audit-qBeF2bb1.js                               0.22 kB │ gzip:   0.20 kB
dist/assets/system.users-0TM8kiXu.js                               0.22 kB │ gzip:   0.20 kB
dist/assets/settings.prompts-9jQdIs2s.js                           0.22 kB │ gzip:   0.20 kB
dist/assets/_taskId-Vsd3-0WC.js                                    0.22 kB │ gzip:   0.21 kB
dist/assets/settings.platforms.types-C4NjYBws.js                   0.22 kB │ gzip:   0.21 kB
dist/assets/versions_._versionId-BW6wP3pa.js                       0.22 kB │ gzip:   0.21 kB
dist/assets/_platformId-BeKfjBVf.js                                0.22 kB │ gzip:   0.20 kB
dist/assets/settings.ai_._channelId-Z_MUrH5D.js                    0.22 kB │ gzip:   0.20 kB
dist/assets/_observationId-B3QjNhkV.js                             0.23 kB │ gzip:   0.21 kB
dist/assets/useControlled-DMK4Pb-8.js                              0.24 kB │ gzip:   0.21 kB
dist/assets/skeleton-Ged3Zc9T.js                                   0.24 kB │ gzip:   0.20 kB
dist/assets/table-shell-BGuXgMNH.js                                0.33 kB │ gzip:   0.24 kB
dist/assets/usePopupHandleStore-D9Ys5NRI.js                        0.35 kB │ gzip:   0.25 kB
dist/assets/table-toolbar-JNNhOzlg.js                              0.42 kB │ gzip:   0.27 kB
dist/assets/table-skeleton-G-FjuOli.js                             0.45 kB │ gzip:   0.35 kB
dist/assets/route-error-Bl0menBv.js                                0.46 kB │ gzip:   0.31 kB
dist/assets/_productId-Cu3oT6KN.js                                 0.49 kB │ gzip:   0.35 kB
dist/assets/_productId_.facts-C-S7KVKf.js                          0.50 kB │ gzip:   0.36 kB
dist/assets/_productId_.facts_.versions_._versionId-996oc21h.js    0.50 kB │ gzip:   0.36 kB
dist/assets/_productId_.facts_.review-CtF33cCX.js                  0.50 kB │ gzip:   0.37 kB
dist/assets/_observationId_.correct-BjF8Ldmo.js                    0.51 kB │ gzip:   0.37 kB
dist/assets/useCompositeItem-BGClVRCY.js                           0.54 kB │ gzip:   0.37 kB
dist/assets/empty-table-DARB4g0g.js                                0.55 kB │ gzip:   0.33 kB
dist/assets/_observationId_.correct-C_4flMgr.js                    0.58 kB │ gzip:   0.32 kB
dist/assets/content-version.model-BVKgM5xI.js                      0.61 kB │ gzip:   0.43 kB
dist/assets/detail-section-Dm8gVxQG.js                             0.63 kB │ gzip:   0.34 kB
dist/assets/return-to-BzbJXkRi.js                                  0.63 kB │ gzip:   0.39 kB
dist/assets/workbench.api-Cm9VqJUK.js                              0.71 kB │ gzip:   0.46 kB
dist/assets/route-Do6Dxmmm.js                                      0.72 kB │ gzip:   0.50 kB
dist/assets/textarea-CPcbKIlY.js                                   0.83 kB │ gzip:   0.43 kB
dist/assets/timeline-BSjJ8olh.js                                   0.94 kB │ gzip:   0.49 kB
dist/assets/form-field-Dwoq3h4m.js                                 0.97 kB │ gzip:   0.54 kB
dist/assets/rowSortingFeature-CzqwUmR1.js                          1.02 kB │ gzip:   0.49 kB
dist/assets/security-DxID8DHR.js                                   1.08 kB │ gzip:   0.59 kB
dist/assets/geo-observation-actions-C2i_qn8N.js                    1.09 kB │ gzip:   0.67 kB
dist/assets/login-DSHuk6Ke.js                                      1.17 kB │ gzip:   0.64 kB
dist/assets/print-rlKpIMz8.js                                      1.20 kB │ gzip:   0.67 kB
dist/assets/product-deletion-dialog-CETD_JfM.js                    1.20 kB │ gzip:   0.76 kB
dist/assets/filter-bar-DFhpU2uV.js                                 1.23 kB │ gzip:   0.72 kB
dist/assets/new-BN41Es3_.js                                        1.23 kB │ gzip:   0.72 kB
dist/assets/form-layout-B0Bgsdpq.js                                1.29 kB │ gzip:   0.69 kB
dist/assets/file-transfer-bcVkqTxX.js                              1.41 kB │ gzip:   0.83 kB
dist/assets/useBaseUiId-C9V7pCeo.js                                1.42 kB │ gzip:   0.80 kB
dist/assets/table-pagination-BHUF1oZ-.js                           1.48 kB │ gzip:   0.81 kB
dist/assets/badge-DofVsWMx.js                                      1.57 kB │ gzip:   0.70 kB
dist/assets/audit.api-De1nbR2B.js                                  1.62 kB │ gzip:   0.76 kB
dist/assets/sticky-action-bar-BVwRFSlp.js                          1.62 kB │ gzip:   0.86 kB
dist/assets/versions_._versionId-C7EmwteB.js                       1.72 kB │ gzip:   0.89 kB
dist/assets/_productId_.facts_.versions_._versionId-DwJCLZPX.js    1.77 kB │ gzip:   0.89 kB
dist/assets/workspace-shell-0Xxdheut.js                            1.77 kB │ gzip:   0.83 kB
dist/assets/insights-wO52fhHC.js                                   1.78 kB │ gzip:   0.96 kB
dist/assets/articles-qNBtJHTE.js                                   1.82 kB │ gzip:   0.97 kB
dist/assets/new-H16p_M78.js                                        1.94 kB │ gzip:   1.07 kB
dist/assets/_articleId-DuRR6SBw.js                                 1.96 kB │ gzip:   1.09 kB
dist/assets/_productId_.facts_.versions-hqyYddfj.js                1.96 kB │ gzip:   1.06 kB
dist/assets/catalog-controls-pyP1l-Ae.js                           1.97 kB │ gzip:   0.89 kB
dist/assets/issues-Dj-sSF7B.js                                     2.00 kB │ gzip:   1.05 kB
dist/assets/_taskId-CtX4nJ3h.js                                    2.00 kB │ gzip:   1.06 kB
dist/assets/settings.platforms.types-BZH9F6zl.js                   2.01 kB │ gzip:   1.03 kB
dist/assets/new-B8Wvp2Zi.js                                        2.08 kB │ gzip:   1.18 kB
dist/assets/_observationId-D3yJoZEM.js                             2.09 kB │ gzip:   1.09 kB
dist/assets/work-CWrEh8zL.js                                       2.11 kB │ gzip:   1.10 kB
dist/assets/_productId-By8RFjNe.js                                 2.14 kB │ gzip:   1.11 kB
dist/assets/_taskId_.review-CtqO0iyp.js                            2.16 kB │ gzip:   1.13 kB
dist/assets/_productId_.facts_.review-B-9ZLg5u.js                  2.17 kB │ gzip:   1.12 kB
dist/assets/platforms-DBHKgyQk.js                                  2.18 kB │ gzip:   1.14 kB
dist/assets/_productId_.facts-BhMR7nK8.js                          2.22 kB │ gzip:   1.16 kB
dist/assets/useRegisterFieldControl-BcstcGLC.js                    2.25 kB │ gzip:   1.07 kB
dist/assets/tasks-Ujx2apAC.js                                      2.26 kB │ gzip:   1.17 kB
dist/assets/_issueId-m1OA-D-M.js                                   2.27 kB │ gzip:   1.25 kB
dist/assets/useStore-VZN0-5bO.js                                   2.27 kB │ gzip:   0.97 kB
dist/assets/_taskId_.editor-BHjV8WHV.js                            2.27 kB │ gzip:   1.17 kB
dist/assets/observations-CqUaTw42.js                               2.28 kB │ gzip:   1.18 kB
dist/assets/plans-C9TI-MVS.js                                      2.32 kB │ gzip:   1.23 kB
dist/assets/dialog-PIRZlh0b.js                                     2.33 kB │ gzip:   0.91 kB
dist/assets/topics-DC_PEfx-.js                                     2.34 kB │ gzip:   1.22 kB
dist/assets/system.audit-DSAtOjWy.js                               2.35 kB │ gzip:   1.18 kB
dist/assets/input-BctqO2IH.js                                      2.47 kB │ gzip:   1.25 kB
dist/assets/dirty-guard-AAPY3uJY.js                                2.58 kB │ gzip:   1.23 kB
dist/assets/settings.ai-CIL_hyUm.js                                2.60 kB │ gzip:   1.33 kB
dist/assets/prompt.api-DzGm0lBb.js                                 2.65 kB │ gzip:   1.01 kB
dist/assets/products-BAMB4vbX.js                                   2.73 kB │ gzip:   1.41 kB
dist/assets/security-BwAo14Jg.js                                   3.03 kB │ gzip:   1.48 kB
dist/assets/login-BCImfqv8.js                                      3.04 kB │ gzip:   1.48 kB
dist/assets/useCompositeListItem-u8lPl9Q5.js                       3.11 kB │ gzip:   1.41 kB
dist/assets/settings.ai_._channelId-Bz_o9E8L.js                    3.11 kB │ gzip:   1.56 kB
dist/assets/sheet-CURwgQ_h.js                                      3.73 kB │ gzip:   1.45 kB
dist/assets/audit-detail-content-DQUSRHqw.js                       3.90 kB │ gzip:   1.61 kB
dist/assets/print-sdih94m9.js                                      4.13 kB │ gzip:   1.66 kB
dist/assets/product.model-FYa70ajI.js                              4.40 kB │ gzip:   2.01 kB
dist/assets/Match-CvdDQUn7.js                                      4.41 kB │ gzip:   1.72 kB
dist/assets/new-CL-5WeOc.js                                        4.45 kB │ gzip:   1.95 kB
dist/assets/_workId-BSySvfNB.js                                    4.72 kB │ gzip:   2.43 kB
dist/assets/settings.prompts-Dvc7gbBh.js                           4.89 kB │ gzip:   2.41 kB
dist/assets/issues-BOQCgo_L.js                                     5.10 kB │ gzip:   2.13 kB
dist/assets/_productId_.facts_.versions-U4_oazi6.js                5.26 kB │ gzip:   2.36 kB
dist/assets/composite-B_66S-Tj.js                                  5.88 kB │ gzip:   2.28 kB
dist/assets/articles-BplVPbH4.js                                   5.96 kB │ gzip:   2.41 kB
dist/assets/geo-evidence-upload-VHBHXREd.js                        6.15 kB │ gzip:   2.67 kB
dist/assets/client-C6dNGmfD.js                                     6.59 kB │ gzip:   2.58 kB
dist/assets/principal-epoch-C10oPH-p.js                            6.87 kB │ gzip:   2.33 kB
dist/assets/globalFilteringFeature-DgFUcJRi.js                     6.95 kB │ gzip:   1.98 kB
dist/assets/plans.api-C7n_SN3v.js                                  7.47 kB │ gzip:   3.16 kB
dist/assets/_platformId-ZT3-ECYY.js                                7.70 kB │ gzip:   3.46 kB
dist/assets/_app-C3MxuYtA.js                                       7.72 kB │ gzip:   2.58 kB
dist/assets/QueryClientProvider-CWfwOWtR.js                        7.80 kB │ gzip:   3.04 kB
dist/assets/product.api-DdU2HDed.js                                7.94 kB │ gzip:   2.60 kB
dist/assets/_productId_.facts_.versions_._versionId-BMvirqzt.js    8.18 kB │ gzip:   2.62 kB
dist/assets/jsx-runtime-B-hcVAMW.js                                8.55 kB │ gzip:   3.26 kB
dist/assets/x-DTBJe2Y5.js                                          8.72 kB │ gzip:   3.14 kB
dist/assets/questions-DjIMB_bt.js                                  8.77 kB │ gzip:   3.88 kB
dist/assets/new-DOktfGEf.js                                        8.95 kB │ gzip:   3.78 kB
dist/assets/geo-entities-a6WGiORH.js                               9.07 kB │ gzip:   3.61 kB
dist/assets/products-B7kEeulG.js                                   9.25 kB │ gzip:   3.71 kB
dist/assets/tasks-BkY_DCEl.js                                      9.27 kB │ gzip:   3.57 kB
dist/assets/platform.api-C7Q2zxhV.js                               9.71 kB │ gzip:   3.25 kB
dist/assets/geo-insights-report-PaCDZA0v.js                       10.34 kB │ gzip:   2.88 kB
dist/assets/versions_._versionId-g_jbd_US.js                      12.02 kB │ gzip:   3.81 kB
dist/assets/tabs-CWWU2puB.js                                      12.50 kB │ gzip:   4.72 kB
dist/assets/content-task-lifecycle-CRMYVv-d.js                    12.54 kB │ gzip:   4.67 kB
dist/assets/system.audit-CezgisCM.js                              12.54 kB │ gzip:   4.38 kB
dist/assets/observations-idGq83P6.js                              12.54 kB │ gzip:   4.87 kB
dist/assets/system.users-fjXdwC0b.js                              12.87 kB │ gzip:   5.49 kB
dist/assets/runs-gpgmohTx.js                                      13.35 kB │ gzip:   5.03 kB
dist/assets/insights-COC8j_Dl.js                                  13.39 kB │ gzip:   4.90 kB
dist/assets/route-OK8YJvL42.js                                    13.54 kB │ gzip:   5.13 kB
dist/assets/_taskId-mITvywv1.js                                   14.87 kB │ gzip:   4.63 kB
dist/assets/content.api-D3lDyLqY.js                               14.90 kB │ gzip:   4.32 kB
dist/assets/_productId_.facts_.review-D4NuW64Y.js                 15.83 kB │ gzip:   5.63 kB
dist/assets/work-t2BYyJDy.js                                      15.92 kB │ gzip:   5.20 kB
dist/assets/publication.api-MftxBW9e.js                           16.20 kB │ gzip:   4.80 kB
dist/assets/_articleId-ZQBy9cnM.js                                16.27 kB │ gzip:   5.43 kB
dist/assets/useQuery-fTBak1Kd.js                                  16.32 kB │ gzip:   5.46 kB
dist/assets/settings.platforms.types-BcTsWToi.js                  16.42 kB │ gzip:   5.92 kB
dist/assets/new-CAaMH63r.js                                       16.94 kB │ gzip:   6.04 kB
dist/assets/platforms-BYGxuK2b.js                                 17.07 kB │ gzip:   6.18 kB
dist/assets/_productId_.facts-CQpP1766.js                         17.33 kB │ gzip:   5.82 kB
dist/assets/_taskId_.review-CRYVR44F.js                           17.48 kB │ gzip:   6.06 kB
dist/assets/settings.ai-CRg2pzBr.js                               17.50 kB │ gzip:   6.31 kB
dist/assets/_productId-Bn1jbsZ7.js                                17.55 kB │ gzip:   5.89 kB
dist/assets/audit.model-_TgXf3M7.js                               17.82 kB │ gzip:   5.59 kB
dist/assets/row-actions-DNTbzP6N.js                               17.90 kB │ gzip:   6.59 kB
dist/assets/_observationId-B03-Npi-.js                            18.05 kB │ gzip:   5.76 kB
dist/assets/auth-provider-DNhRASyY.js                             18.52 kB │ gzip:   6.79 kB
dist/assets/geo.api-Cc1cQ2CV.js                                   18.53 kB │ gzip:   5.93 kB
dist/assets/geo-surfaces-CfiNdr1R.js                              18.79 kB │ gzip:   6.96 kB
dist/assets/_issueId-BeTyGYYh.js                                  19.62 kB │ gzip:   6.52 kB
dist/assets/topics-Yu0Gb9lq.js                                    19.98 kB │ gzip:   7.04 kB
dist/assets/ai-channel-workspace.model-DqN9n_m6.js                20.72 kB │ gzip:   6.32 kB
dist/assets/lazyRouteComponent-DACN5qez.js                        24.20 kB │ gzip:   8.98 kB
dist/assets/_observationId_.correct-L03771HE.js                   24.42 kB │ gzip:   8.24 kB
dist/assets/_workId-D60kqQxq.js                                   28.51 kB │ gzip:   8.89 kB
dist/assets/questions-BYmbogu0.js                                 28.82 kB │ gzip:   9.22 kB
dist/assets/select-PMlTxV7V.js                                    30.10 kB │ gzip:  10.91 kB
dist/assets/settings.prompts-c1t3wQ9j.js                          30.81 kB │ gzip:   9.97 kB
dist/assets/system.users-DMk3Z0Bf.js                              31.00 kB │ gzip:   9.75 kB
dist/assets/providers-DIUWbtP9.js                                 35.19 kB │ gzip:  10.51 kB
dist/assets/geo-entities-Befi5EX3.js                              35.31 kB │ gzip:  10.93 kB
dist/assets/icon-button-DHYPLDPa.js                               36.26 kB │ gzip:  12.08 kB
dist/assets/column-header-BH-aAKb3.js                             36.45 kB │ gzip:  11.43 kB
dist/assets/ToolbarRootContext-By6BBC6o.js                        36.62 kB │ gzip:  14.02 kB
dist/assets/geo-surfaces-HKHdBOP3.js                              37.42 kB │ gzip:  11.52 kB
dist/assets/_taskId_.editor-trhizE-k.js                           37.91 kB │ gzip:  11.54 kB
dist/assets/_platformId-6S0DItcQ.js                               38.91 kB │ gzip:  11.58 kB
dist/assets/createLucideIcon-CiN0042e.js                          39.80 kB │ gzip:  14.03 kB
dist/assets/button-BZhX1_Og.js                                    40.12 kB │ gzip:  13.54 kB
dist/assets/zod-CS-qYe1E.js                                       40.85 kB │ gzip:  14.09 kB
dist/assets/route-UdboLonb.js                                     43.50 kB │ gzip:  15.67 kB
dist/assets/settings.ai_._channelId-DzeSn1uL.js                   49.67 kB │ gzip:  13.69 kB
dist/assets/plans-DMd-v82c.js                                     50.92 kB │ gzip:  15.78 kB
dist/assets/schemas-DhKd3S9c.js                                   69.76 kB │ gzip:  18.62 kB
dist/assets/runs-Dgh-bft8.js                                      95.02 kB │ gzip:  27.26 kB
dist/assets/index-CW8vMIhQ.js                                    188.61 kB │ gzip:  60.29 kB
dist/assets/markdown-editor-jju9s4cy.js                          729.88 kB │ gzip: 245.01 kB

✓ built in 485ms
[plugin builtin:vite-reporter] 
(!) Some chunks are larger than 500 kB after minification. Consider:
- Using dynamic import() to code-split the application
- Use build.rolldownOptions.output.codeSplitting to improve chunking: https://rolldown.rs/reference/OutputOptions.codeSplitting
- Adjust chunk size limit for this warning via build.chunkSizeWarningLimit.
已创建或确认管理员和内容工程师账号。
INFO:     Started server process [90577]
INFO:     Waiting for application startup.
INFO:     Application startup complete.
INFO:     Uvicorn running on http://127.0.0.1:9001 (Press CTRL+C to quit)
INFO:     Started server process [90576]
INFO:     Waiting for application startup.
INFO:     Application startup complete.
INFO:     Uvicorn running on http://127.0.0.1:19009 (Press CTRL+C to quit)
  ➜  Local:   http://127.0.0.1:4174/
INFO:     Started server process [90575]
INFO:     Waiting for application startup.
INFO:     Application startup complete.
INFO:     Uvicorn running on http://127.0.0.1:8000 (Press CTRL+C to quit)
INFO:     127.0.0.1:56238 - "GET /api/health/ready HTTP/1.1" 200 OK
INFO:     127.0.0.1:56241 - "GET /v1/models HTTP/1.1" 200 OK

> partsignal-frontend-v2@0.1.0 e2e:raw
> playwright test tests/e2e/geo-review-real-stack.spec.ts --project=foundation-desktop


Running 1 test using 1 worker

(node:90614) Warning: The 'NO_COLOR' env is ignored due to the 'FORCE_COLOR' env being set.
(Use `node --trace-warnings ...` to show where the warning was created)
INFO:     127.0.0.1:56248 - "POST /api/v1/auth/login HTTP/1.1" 200 OK
INFO:     127.0.0.1:56248 - "POST /api/v1/products HTTP/1.1" 201 Created
INFO:     127.0.0.1:56248 - "GET /api/v1/products/8c17e6b7-a8bb-49d6-a5f1-c0491be79ce9/facts HTTP/1.1" 200 OK
INFO:     127.0.0.1:56248 - "PUT /api/v1/products/8c17e6b7-a8bb-49d6-a5f1-c0491be79ce9/facts HTTP/1.1" 200 OK
INFO:     127.0.0.1:56248 - "POST /api/v1/products/8c17e6b7-a8bb-49d6-a5f1-c0491be79ce9/fact-review-submissions HTTP/1.1" 201 Created
INFO:     127.0.0.1:56248 - "POST /api/v1/fact-versions/2dd6e075-d418-4f5a-931b-1666a71a5b39/approve HTTP/1.1" 200 OK
INFO:     127.0.0.1:56248 - "POST /api/v1/geo/subjects HTTP/1.1" 201 Created
INFO:     127.0.0.1:56248 - "POST /api/v1/geo/engine-surfaces HTTP/1.1" 201 Created
INFO:     127.0.0.1:56248 - "POST /api/v1/geo/engine-surfaces/0ec64d95-0a76-4814-b8f6-03b38a06bc18/enable HTTP/1.1" 200 OK
INFO:     127.0.0.1:56248 - "POST /api/v1/geo/collection-profiles HTTP/1.1" 201 Created
INFO:     127.0.0.1:56248 - "POST /api/v1/geo/collection-profiles/fa03b4d9-18a3-4007-8bdd-06376fc4422d/enable HTTP/1.1" 200 OK
INFO:     127.0.0.1:56248 - "POST /api/v1/query-topics HTTP/1.1" 201 Created
INFO:     127.0.0.1:56248 - "POST /api/v1/geo/query-topics/5e9bc014-d06d-4e80-bab5-90a1da30f1ff/prompt-variants HTTP/1.1" 201 Created
INFO:     127.0.0.1:56248 - "POST /api/v1/geo/monitoring-plans HTTP/1.1" 201 Created
INFO:     127.0.0.1:56255 - "GET /api/v1/auth/session HTTP/1.1" 200 OK
INFO:     127.0.0.1:56255 - "GET /api/v1/geo/observation-batches?sort=CREATED_DESC&page=1&page_size=20 HTTP/1.1" 200 OK
INFO:     127.0.0.1:56255 - "GET /api/v1/geo/monitoring-plans?page=1&page_size=20&sort=UPDATED_DESC HTTP/1.1" 200 OK
INFO:     127.0.0.1:56255 - "GET /api/v1/geo/monitoring-plans?q=GEO508%20%E5%A4%8D%E6%A0%B8%206dd40a5e&page=1&page_size=20&sort=UPDATED_DESC HTTP/1.1" 200 OK
INFO:     127.0.0.1:56256 - "OPTIONS /api/v1/geo/monitoring-plans/b3a99cab-6c6e-4887-aa18-c260bb6b3326/run HTTP/1.1" 200 OK
INFO:     127.0.0.1:56255 - "POST /api/v1/geo/monitoring-plans/b3a99cab-6c6e-4887-aa18-c260bb6b3326/run HTTP/1.1" 201 Created
INFO:     127.0.0.1:56255 - "GET /api/v1/geo/observation-batches?sort=CREATED_DESC&page=1&page_size=20 HTTP/1.1" 200 OK
INFO:     127.0.0.1:56259 - "GET /api/v1/geo/observation-batches/a3b58d80-559c-4fa2-8b44-2c4ff5a5a417 HTTP/1.1" 200 OK
INFO:     127.0.0.1:56257 - "GET /api/v1/geo/observation-runs?sort=CREATED_DESC&page=1&page_size=20&batch_id=a3b58d80-559c-4fa2-8b44-2c4ff5a5a417&latest_only=true HTTP/1.1" 200 OK
INFO:     127.0.0.1:56257 - "GET /api/v1/geo/observation-runs/4ce9af66-535b-4417-baa7-8674b7cfea59 HTTP/1.1" 200 OK
INFO:     127.0.0.1:56257 - "GET /api/v1/geo/observation-runs/4ce9af66-535b-4417-baa7-8674b7cfea59/manual-entry HTTP/1.1" 200 OK
INFO:     127.0.0.1:56256 - "OPTIONS /api/v1/files/upload-intents HTTP/1.1" 200 OK
INFO:     127.0.0.1:56257 - "POST /api/v1/files/upload-intents HTTP/1.1" 201 Created
INFO:     127.0.0.1:56256 - "OPTIONS /api/v1/files/46fb191d-4ad3-41c2-b722-9a6f4dda3e80/content HTTP/1.1" 200 OK
INFO:     127.0.0.1:56257 - "PUT /api/v1/files/46fb191d-4ad3-41c2-b722-9a6f4dda3e80/content HTTP/1.1" 204 No Content
INFO:     127.0.0.1:56256 - "OPTIONS /api/v1/files/46fb191d-4ad3-41c2-b722-9a6f4dda3e80/complete HTTP/1.1" 200 OK
INFO:     127.0.0.1:56257 - "POST /api/v1/files/46fb191d-4ad3-41c2-b722-9a6f4dda3e80/complete HTTP/1.1" 200 OK
INFO:     127.0.0.1:56256 - "OPTIONS /api/v1/geo/observation-runs/4ce9af66-535b-4417-baa7-8674b7cfea59/manual-draft HTTP/1.1" 200 OK
INFO:     127.0.0.1:56257 - "PUT /api/v1/geo/observation-runs/4ce9af66-535b-4417-baa7-8674b7cfea59/manual-draft HTTP/1.1" 200 OK
INFO:     127.0.0.1:56256 - "OPTIONS /api/v1/geo/observation-runs/4ce9af66-535b-4417-baa7-8674b7cfea59/manual-submit HTTP/1.1" 200 OK
INFO:     127.0.0.1:56257 - "POST /api/v1/geo/observation-runs/4ce9af66-535b-4417-baa7-8674b7cfea59/manual-submit HTTP/1.1" 201 Created
INFO:     127.0.0.1:56257 - "GET /api/v1/geo/observation-runs?sort=CREATED_DESC&page=1&page_size=20&batch_id=a3b58d80-559c-4fa2-8b44-2c4ff5a5a417&latest_only=true HTTP/1.1" 200 OK
INFO:     127.0.0.1:56259 - "GET /api/v1/geo/observation-batches/a3b58d80-559c-4fa2-8b44-2c4ff5a5a417 HTTP/1.1" 200 OK
INFO:     127.0.0.1:56248 - "GET /api/v1/geo/observation-runs/4ce9af66-535b-4417-baa7-8674b7cfea59 HTTP/1.1" 200 OK
INFO:     127.0.0.1:56255 - "GET /api/v1/geo/observation-runs/4ce9af66-535b-4417-baa7-8674b7cfea59 HTTP/1.1" 200 OK
INFO:     127.0.0.1:56248 - "GET /api/v1/geo/observation-runs/4ce9af66-535b-4417-baa7-8674b7cfea59 HTTP/1.1" 200 OK
INFO:     127.0.0.1:56248 - "GET /api/v1/geo/observation-runs/4ce9af66-535b-4417-baa7-8674b7cfea59 HTTP/1.1" 200 OK
INFO:     127.0.0.1:56248 - "GET /api/v1/geo/observation-runs/4ce9af66-535b-4417-baa7-8674b7cfea59 HTTP/1.1" 200 OK
INFO:     127.0.0.1:56248 - "GET /api/v1/geo/observation-runs/4ce9af66-535b-4417-baa7-8674b7cfea59 HTTP/1.1" 200 OK
INFO:     127.0.0.1:56248 - "GET /api/v1/geo/observation-runs/4ce9af66-535b-4417-baa7-8674b7cfea59 HTTP/1.1" 200 OK
INFO:     127.0.0.1:56255 - "GET /api/v1/geo/observation-runs?sort=CREATED_DESC&page=1&page_size=20&batch_id=a3b58d80-559c-4fa2-8b44-2c4ff5a5a417&latest_only=true HTTP/1.1" 200 OK
INFO:     127.0.0.1:56272 - "GET /api/v1/geo/observation-batches/a3b58d80-559c-4fa2-8b44-2c4ff5a5a417 HTTP/1.1" 200 OK
INFO:     127.0.0.1:56272 - "GET /api/v1/geo/observation-runs/4ce9af66-535b-4417-baa7-8674b7cfea59 HTTP/1.1" 200 OK
INFO:     127.0.0.1:56248 - "GET /api/v1/geo/observation-runs/4ce9af66-535b-4417-baa7-8674b7cfea59 HTTP/1.1" 200 OK
INFO:     127.0.0.1:56274 - "OPTIONS /api/v1/geo/observation-runs/4ce9af66-535b-4417-baa7-8674b7cfea59/review HTTP/1.1" 200 OK
INFO:     127.0.0.1:56272 - "POST /api/v1/geo/observation-runs/4ce9af66-535b-4417-baa7-8674b7cfea59/review HTTP/1.1" 201 Created
INFO:     127.0.0.1:56275 - "GET /api/v1/geo/observation-batches/a3b58d80-559c-4fa2-8b44-2c4ff5a5a417 HTTP/1.1" 200 OK
INFO:     127.0.0.1:56272 - "GET /api/v1/geo/observation-runs?sort=CREATED_DESC&page=1&page_size=20&batch_id=a3b58d80-559c-4fa2-8b44-2c4ff5a5a417&latest_only=true HTTP/1.1" 200 OK
INFO:     127.0.0.1:56255 - "GET /api/v1/geo/observation-runs/4ce9af66-535b-4417-baa7-8674b7cfea59 HTTP/1.1" 200 OK
INFO:     127.0.0.1:56248 - "GET /api/v1/geo/observation-runs/4ce9af66-535b-4417-baa7-8674b7cfea59 HTTP/1.1" 200 OK
INFO:     127.0.0.1:56248 - "GET /api/v1/geo/observation-runs/4ce9af66-535b-4417-baa7-8674b7cfea59 HTTP/1.1" 200 OK
INFO:     127.0.0.1:56255 - "POST /api/v1/geo/observation-runs/4ce9af66-535b-4417-baa7-8674b7cfea59/review HTTP/1.1" 201 Created
INFO:     127.0.0.1:56275 - "GET /api/v1/geo/observation-batches/a3b58d80-559c-4fa2-8b44-2c4ff5a5a417 HTTP/1.1" 200 OK
INFO:     127.0.0.1:56255 - "GET /api/v1/geo/observation-runs?sort=CREATED_DESC&page=1&page_size=20&batch_id=a3b58d80-559c-4fa2-8b44-2c4ff5a5a417&latest_only=true HTTP/1.1" 200 OK
INFO:     127.0.0.1:56272 - "GET /api/v1/geo/observation-runs/4ce9af66-535b-4417-baa7-8674b7cfea59 HTTP/1.1" 200 OK
INFO:     127.0.0.1:56248 - "GET /api/v1/geo/observation-runs/4ce9af66-535b-4417-baa7-8674b7cfea59 HTTP/1.1" 200 OK
INFO:     127.0.0.1:56248 - "GET /api/v1/geo/observation-runs/4ce9af66-535b-4417-baa7-8674b7cfea59 HTTP/1.1" 200 OK
INFO:     127.0.0.1:56272 - "GET /api/v1/auth/session HTTP/1.1" 200 OK
INFO:     127.0.0.1:56272 - "GET /api/v1/geo/observation-runs?sort=CREATED_DESC&page=1&page_size=20&batch_id=a3b58d80-559c-4fa2-8b44-2c4ff5a5a417&latest_only=true HTTP/1.1" 200 OK
INFO:     127.0.0.1:56272 - "GET /api/v1/geo/observation-batches/a3b58d80-559c-4fa2-8b44-2c4ff5a5a417 HTTP/1.1" 200 OK
INFO:     127.0.0.1:56255 - "GET /api/v1/geo/observation-runs/4ce9af66-535b-4417-baa7-8674b7cfea59 HTTP/1.1" 200 OK
  ✓  1 [foundation-desktop] › tests/e2e/geo-review-real-stack.spec.ts:20:1 › 严重声明禁止默认确认；人工确认与修正追加且原文、机器结果和历史可追溯 (8.7s)

  1 passed (9.1s)
E2E_SECRET_SCAN status=clean
E2E_RESULT playwright=0 secret_scan=0
INFO:     Shutting down
INFO:     Waiting for application shutdown.
INFO:     Application shutdown complete.
INFO:     Finished server process [90577]

worker: Warm shutdown (MainProcess)
INFO:     Shutting down
INFO:     Waiting for application shutdown.
INFO:     Application shutdown complete.
INFO:     Finished server process [90576]
INFO:     Shutting down
INFO:     Waiting for application shutdown.
INFO:     Application shutdown complete.
INFO:     Finished server process [90575]
E2E_CLEANUP redis_db=14 keys=1 status=deleted
E2E_CLEANUP ports=8000,9001,4174,19009 status=released
E2E_CLEANUP database=partsignal_e2e_20261003_76db905ad643b35c094fcfbab5b7283d status=dropped
E2E_CLEANUP storage=/var/folders/m5/j06tv2sn1hn93d6f33j559jm0000gn/T//partsignal-e2e-storage.Em8SoU status=removed
